2026-09-24T00:34:35.271Z mw:driver-mobilecli listing devices
2026-09-24T00:34:35.317Z mw:driver-mobilecli found 1 device(s)
2026/09/24 00:34:35.328588 [VERBOSE] no remote token: failed to get token from keyring: The name org.freedesktop.secrets was not provided by any .service files
2026/09/24 00:34:35.328880 [INFO] Starting server on http://localhost:12000...
2026-09-24T00:34:35.829Z mw:driver-mobilecli connecting to ws://localhost:12000/ws
2026/09/24 00:34:35.829358 [VERBOSE] WebSocket connection closed: websocket: close 1005 (no status)
2026-09-24T00:34:35.831Z mw:driver-mobilecli websocket connected
2026-09-24T00:34:35.832Z mw:driver-mobilecli listing devices
2026-09-24T00:34:35.877Z mw:driver-mobilecli found 1 device(s)
2026-09-24T00:34:35.877Z mw:driver-mobilecli resolved device eus-qualification-pixel7-api35 (platform=android, type=emulator)
2026-09-24T00:34:35.877Z mw:driver-mobilecli running: <host-path>/qualification/mobilewright/harness/node_modules/@mobilenext/mobilecli-linux-amd64/mobilecli-linux-amd64 agent status --device eus-qualification-pixel7-api35
2026-09-24T00:34:35.885Z mw:driver-mobilecli agent status output: {
  "status": "ok",
  "data": {
    "message": "no agent needed for android devices"
  }
}
2026/09/24 00:34:35.886001 [INFO] WebSocket Request ID: 1, Method: device.apps.list, Params: {"deviceId":"eus-qualification-pixel7-api35"}
2026/09/24 00:34:35.926825 [INFO] WebSocket Request ID: 2, Method: device.apps.uninstall, Params: {"deviceId":"eus-qualification-pixel7-api35","bundleId":"com.omnipizza.app"}
2026/09/24 00:34:36.006736 [INFO] WebSocket Request ID: 3, Method: device.apps.list, Params: {"deviceId":"eus-qualification-pixel7-api35"}
2026-09-24T00:34:36.346Z mw:driver-mobilecli installing <host-path>/omnipizza-release.apk
2026/09/24 00:34:36.346514 [INFO] WebSocket Request ID: 4, Method: device.apps.install, Params: {"deviceId":"eus-qualification-pixel7-api35","path":"<host-path>/omnipizza-release.apk"}
2026-09-24T00:34:39.188Z mw:driver-mobilecli installed <host-path>/omnipizza-release.apk
2026/09/24 00:34:39.189279 [INFO] WebSocket Request ID: 5, Method: device.apps.list, Params: {"deviceId":"eus-qualification-pixel7-api35"}
2026-09-24T00:34:39.257Z mw:driver-mobilecli launching com.omnipizza.app
2026/09/24 00:34:39.258120 [INFO] WebSocket Request ID: 6, Method: device.apps.launch, Params: {"deviceId":"eus-qualification-pixel7-api35","bundleId":"com.omnipizza.app"}
2026-09-24T00:34:39.582Z mw:driver-mobilecli launched com.omnipizza.app
2026-09-24T00:34:39.582Z mw:device waiting for com.omnipizza.app to reach foreground
2026/09/24 00:34:39.585889 [INFO] WebSocket Request ID: 7, Method: device.apps.foreground, Params: {"deviceId":"eus-qualification-pixel7-api35"}
2026/09/24 00:34:40.848714 [INFO] WebSocket Request ID: 8, Method: device.apps.foreground, Params: {"deviceId":"eus-qualification-pixel7-api35"}
2026-09-24T00:34:41.141Z mw:device com.omnipizza.app is in foreground
2026/09/24 00:34:41.142981 [INFO] WebSocket Request ID: 9, Method: device.dump.ui, Params: {"deviceId":"eus-qualification-pixel7-api35"}
2026/09/24 00:34:42.723073 [INFO] WebSocket Request ID: 10, Method: device.dump.ui, Params: {"deviceId":"eus-qualification-pixel7-api35"}
2026/09/24 00:34:42.928332 [INFO] WebSocket Request ID: 11, Method: device.dump.ui, Params: {"deviceId":"eus-qualification-pixel7-api35"}
2026/09/24 00:34:43.050023 [INFO] WebSocket Request ID: 12, Method: device.io.tap, Params: {"deviceId":"eus-qualification-pixel7-api35","x":247,"y":1568}
2026/09/24 00:34:43.056266 [INFO] WebSocket Request ID: 13, Method: device.dump.ui, Params: {"deviceId":"eus-qualification-pixel7-api35"}
2026/09/24 00:34:43.634179 [INFO] WebSocket Request ID: 14, Method: device.dump.ui, Params: {"deviceId":"eus-qualification-pixel7-api35"}
2026/09/24 00:34:43.732682 [INFO] WebSocket Request ID: 15, Method: device.io.tap, Params: {"deviceId":"eus-qualification-pixel7-api35","x":540,"y":1344}
2026/09/24 00:34:43.741619 [INFO] WebSocket Request ID: 16, Method: device.io.keys, Params: {"deviceId":"eus-qualification-pixel7-api35","keys":["ctrl+a","backspace"]}
2026/09/24 00:34:44.169990 [INFO] WebSocket Request ID: 17, Method: device.dump.ui, Params: {"deviceId":"eus-qualification-pixel7-api35"}
2026/09/24 00:34:44.864265 [INFO] WebSocket Request ID: 18, Method: device.io.text, Params: {"deviceId":"eus-qualification-pixel7-api35","text":"pizza123"}
2026/09/24 00:34:45.606875 [INFO] WebSocket Request ID: 19, Method: device.dump.ui, Params: {"deviceId":"eus-qualification-pixel7-api35"}
2026/09/24 00:34:46.263663 [INFO] WebSocket Request ID: 20, Method: device.dump.ui, Params: {"deviceId":"eus-qualification-pixel7-api35"}
2026/09/24 00:34:46.385559 [INFO] WebSocket Request ID: 21, Method: device.io.tap, Params: {"deviceId":"eus-qualification-pixel7-api35","x":540,"y":1107}
2026/09/24 00:34:46.394649 [INFO] WebSocket Request ID: 22, Method: device.io.keys, Params: {"deviceId":"eus-qualification-pixel7-api35","keys":["ctrl+a","backspace"]}
2026/09/24 00:34:47.150065 [INFO] WebSocket Request ID: 23, Method: device.dump.ui, Params: {"deviceId":"eus-qualification-pixel7-api35"}
2026/09/24 00:34:47.833269 [INFO] WebSocket Request ID: 24, Method: device.io.text, Params: {"deviceId":"eus-qualification-pixel7-api35","text":"standard_user"}
2026/09/24 00:34:49.354219 [INFO] WebSocket Request ID: 25, Method: device.dump.ui, Params: {"deviceId":"eus-qualification-pixel7-api35"}
2026/09/24 00:34:49.998162 [INFO] WebSocket Request ID: 26, Method: device.dump.ui, Params: {"deviceId":"eus-qualification-pixel7-api35"}
2026/09/24 00:34:50.096206 [INFO] WebSocket Request ID: 27, Method: device.dump.ui, Params: {"deviceId":"eus-qualification-pixel7-api35"}
2026/09/24 00:34:50.215556 [INFO] WebSocket Request ID: 28, Method: device.dump.ui, Params: {"deviceId":"eus-qualification-pixel7-api35"}
2026/09/24 00:34:50.344464 [INFO] WebSocket Request ID: 29, Method: device.dump.ui, Params: {"deviceId":"eus-qualification-pixel7-api35"}
2026/09/24 00:34:50.514863 [INFO] WebSocket Request ID: 30, Method: device.dump.ui, Params: {"deviceId":"eus-qualification-pixel7-api35"}
2026/09/24 00:34:50.636312 [INFO] WebSocket Request ID: 31, Method: device.io.tap, Params: {"deviceId":"eus-qualification-pixel7-api35","x":540,"y":766}
2026/09/24 00:34:50.643050 [INFO] WebSocket Request ID: 32, Method: device.info, Params: {"deviceId":"eus-qualification-pixel7-api35"}
2026/09/24 00:34:50.662665 [INFO] WebSocket Request ID: 33, Method: device.dump.ui, Params: {"deviceId":"eus-qualification-pixel7-api35"}
2026/09/24 00:34:51.281036 [INFO] WebSocket Request ID: 34, Method: device.dump.ui, Params: {"deviceId":"eus-qualification-pixel7-api35"}
2026/09/24 00:34:51.442958 [INFO] WebSocket Request ID: 35, Method: device.dump.ui, Params: {"deviceId":"eus-qualification-pixel7-api35"}
2026/09/24 00:34:51.568024 [INFO] WebSocket Request ID: 36, Method: device.io.tap, Params: {"deviceId":"eus-qualification-pixel7-api35","x":540,"y":1752}
2026/09/24 00:34:51.574155 [INFO] WebSocket Request ID: 37, Method: device.dump.ui, Params: {"deviceId":"eus-qualification-pixel7-api35"}
2026/09/24 00:34:53.134292 [INFO] WebSocket Request ID: 38, Method: device.dump.ui, Params: {"deviceId":"eus-qualification-pixel7-api35"}
2026/09/24 00:34:53.451112 [INFO] WebSocket Request ID: 39, Method: device.dump.ui, Params: {"deviceId":"eus-qualification-pixel7-api35"}
2026/09/24 00:34:54.599062 [INFO] WebSocket Request ID: 40, Method: device.dump.ui, Params: {"deviceId":"eus-qualification-pixel7-api35"}
2026/09/24 00:34:54.725741 [INFO] WebSocket Request ID: 41, Method: device.info, Params: {"deviceId":"eus-qualification-pixel7-api35"}
2026/09/24 00:34:54.745922 [INFO] WebSocket Request ID: 42, Method: device.io.swipe, Params: {"deviceId":"eus-qualification-pixel7-api35","x1":540,"y1":1200,"x2":540,"y2":0}
2026/09/24 00:34:55.798592 [INFO] WebSocket Request ID: 43, Method: device.info, Params: {"deviceId":"eus-qualification-pixel7-api35"}
2026/09/24 00:34:55.899405 [INFO] WebSocket Request ID: 44, Method: device.dump.ui, Params: {"deviceId":"eus-qualification-pixel7-api35"}
2026/09/24 00:34:56.748121 [INFO] WebSocket Request ID: 45, Method: device.info, Params: {"deviceId":"eus-qualification-pixel7-api35"}
2026/09/24 00:34:56.768198 [INFO] WebSocket Request ID: 46, Method: device.io.swipe, Params: {"deviceId":"eus-qualification-pixel7-api35","x1":540,"y1":1200,"x2":540,"y2":0}
2026/09/24 00:34:58.042916 [INFO] WebSocket Request ID: 47, Method: device.dump.ui, Params: {"deviceId":"eus-qualification-pixel7-api35"}
2026/09/24 00:34:58.785727 [INFO] WebSocket Request ID: 48, Method: device.info, Params: {"deviceId":"eus-qualification-pixel7-api35"}
2026/09/24 00:34:58.806415 [INFO] WebSocket Request ID: 49, Method: device.io.swipe, Params: {"deviceId":"eus-qualification-pixel7-api35","x1":540,"y1":1200,"x2":540,"y2":0}
2026/09/24 00:35:00.091818 [INFO] WebSocket Request ID: 50, Method: device.dump.ui, Params: {"deviceId":"eus-qualification-pixel7-api35"}
2026/09/24 00:35:00.981728 [INFO] WebSocket Request ID: 51, Method: device.dump.ui, Params: {"deviceId":"eus-qualification-pixel7-api35"}
2026/09/24 00:35:01.227968 [INFO] WebSocket Request ID: 52, Method: device.dump.ui, Params: {"deviceId":"eus-qualification-pixel7-api35"}
2026/09/24 00:35:01.395483 [INFO] WebSocket Request ID: 53, Method: device.io.tap, Params: {"deviceId":"eus-qualification-pixel7-api35","x":941,"y":1867}
2026/09/24 00:35:01.401953 [INFO] WebSocket Request ID: 54, Method: device.dump.ui, Params: {"deviceId":"eus-qualification-pixel7-api35"}
2026/09/24 00:35:02.742168 [INFO] WebSocket Request ID: 55, Method: device.dump.ui, Params: {"deviceId":"eus-qualification-pixel7-api35"}
2026/09/24 00:35:03.616085 [INFO] WebSocket Request ID: 56, Method: device.dump.ui, Params: {"deviceId":"eus-qualification-pixel7-api35"}
2026/09/24 00:35:03.805164 [INFO] WebSocket Request ID: 57, Method: device.dump.ui, Params: {"deviceId":"eus-qualification-pixel7-api35"}
2026/09/24 00:35:03.939807 [INFO] WebSocket Request ID: 58, Method: device.io.tap, Params: {"deviceId":"eus-qualification-pixel7-api35","x":657,"y":1233}
2026/09/24 00:35:03.945480 [INFO] WebSocket Request ID: 59, Method: device.dump.ui, Params: {"deviceId":"eus-qualification-pixel7-api35"}
2026/09/24 00:35:04.632057 [INFO] WebSocket Request ID: 60, Method: device.screenshot, Params: {"deviceId":"eus-qualification-pixel7-api35"}
2026/09/24 00:35:04.865258 [INFO] WebSocket Request ID: 61, Method: device.dump.ui, Params: {"deviceId":"eus-qualification-pixel7-api35"}
2026/09/24 00:35:05.020182 [VERBOSE] WebSocket connection closed: websocket: close 1005 (no status)
2026/09/24 00:35:05.020400 [INFO] Received signal terminated, shutting down gracefully...
2026/09/24 00:35:05.020481 [INFO] Server stopped
