2026-09-24T00:26:26.717Z mw:driver-mobilecli listing devices
2026-09-24T00:26:26.912Z mw:driver-mobilecli found 1 device(s)
2026/09/24 00:26:26.940285 [VERBOSE] no remote token: failed to get token from keyring: The name org.freedesktop.secrets was not provided by any .service files
2026/09/24 00:26:26.940733 [INFO] Starting server on http://localhost:12000...
2026-09-24T00:26:26.947Z mw:driver-mobilecli connecting to ws://localhost:12000/ws
2026/09/24 00:26:26.947906 [VERBOSE] WebSocket connection closed: websocket: close 1005 (no status)
2026-09-24T00:26:26.950Z mw:driver-mobilecli websocket connected
2026-09-24T00:26:26.951Z mw:driver-mobilecli listing devices
2026-09-24T00:26:27.070Z mw:driver-mobilecli found 1 device(s)
2026-09-24T00:26:27.070Z mw:driver-mobilecli resolved device eus-qualification-pixel7-api35 (platform=android, type=emulator)
2026-09-24T00:26:27.072Z mw:driver-mobilecli running: <host-path>/qualification/mobilewright/harness/node_modules/@mobilenext/mobilecli-linux-amd64/mobilecli-linux-amd64 agent status --device eus-qualification-pixel7-api35
2026-09-24T00:26:27.176Z mw:driver-mobilecli agent status output: {
  "status": "ok",
  "data": {
    "message": "no agent needed for android devices"
  }
}
2026/09/24 00:26:27.177665 [INFO] WebSocket Request ID: 1, Method: device.apps.list, Params: {"deviceId":"eus-qualification-pixel7-api35"}
2026-09-24T00:26:29.856Z mw:driver-mobilecli listing devices
2026-09-24T00:26:29.929Z mw:driver-mobilecli found 1 device(s)
2026/09/24 00:26:29.930316 [INFO] WebSocket Request ID: 2, Method: device.info, Params: {"deviceId":"eus-qualification-pixel7-api35"}
2026/09/24 00:26:29.957424 [INFO] WebSocket Request ID: 3, Method: device.apps.list, Params: {"deviceId":"eus-qualification-pixel7-api35"}
2026/09/24 00:26:30.083130 [INFO] WebSocket Request ID: 4, Method: device.screenshot, Params: {"deviceId":"eus-qualification-pixel7-api35"}
2026/09/24 00:26:31.939710 [VERBOSE] WebSocket connection closed: websocket: close 1005 (no status)
2026/09/24 00:26:31.940033 [INFO] Received signal terminated, shutting down gracefully...
2026/09/24 00:26:31.940109 [INFO] Server stopped
