2026-09-24T00:58:04.887Z mw:driver-mobilecli listing devices
2026-09-24T00:58:05.439Z mw:driver-mobilecli found 1 device(s)
2026/09/24 00:58:05.497656 [VERBOSE] no remote token: not logged in, run 'mobilecli auth login' first
2026/09/24 00:58:05.501091 [INFO] Starting server on http://localhost:12000...
2026-09-24T00:58:05.974Z mw:driver-mobilecli connecting to ws://localhost:12000/ws
2026/09/24 00:58:05.974741 [VERBOSE] WebSocket connection closed: websocket: close 1005 (no status)
2026-09-24T00:58:05.978Z mw:driver-mobilecli websocket connected
2026-09-24T00:58:05.978Z mw:driver-mobilecli listing devices
2026-09-24T00:58:06.067Z mw:driver-mobilecli found 1 device(s)
2026-09-24T00:58:06.067Z mw:driver-mobilecli resolved device F0E646EF-4792-4F36-B48B-EC89B3A6B73B (platform=ios, type=simulator)
2026-09-24T00:58:06.068Z mw:driver-mobilecli running: <host-path>/qualification/mobilewright/harness/node_modules/@mobilenext/mobilecli-darwin-arm64/mobilecli-darwin-arm64 agent status --device F0E646EF-4792-4F36-B48B-EC89B3A6B73B
2026-09-24T00:58:07.190Z mw:driver-mobilecli agent status output: {
  "status": "ok",
  "data": {
    "message": "Agent version 0.0.27 is installed on device",
    "agent": {
      "version": "0.0.27",
      "bundleId": "com.mobilenext.devicekit-iosUITests.xctrunner"
    }
  }
}
2026/09/24 00:58:07.191173 [INFO] WebSocket Request ID: 1, Method: device.apps.list, Params: {"deviceId":"F0E646EF-4792-4F36-B48B-EC89B3A6B73B"}
2026-09-24T00:58:08.149Z mw:driver-mobilecli listing devices
2026-09-24T00:58:08.320Z mw:driver-mobilecli found 1 device(s)
2026/09/24 00:58:08.320519 [INFO] WebSocket Request ID: 2, Method: device.info, Params: {"deviceId":"F0E646EF-4792-4F36-B48B-EC89B3A6B73B"}
2026/09/24 00:58:22.806366 [INFO] WebSocket Request ID: 3, Method: device.apps.list, Params: {"deviceId":"F0E646EF-4792-4F36-B48B-EC89B3A6B73B"}
2026/09/24 00:58:24.063547 [INFO] WebSocket Request ID: 4, Method: device.screenshot, Params: {"deviceId":"F0E646EF-4792-4F36-B48B-EC89B3A6B73B"}
2026/09/24 00:58:25.379524 [VERBOSE] WebSocket connection closed: websocket: close 1005 (no status)
2026/09/24 00:58:25.384615 [INFO] Received signal terminated, shutting down gracefully...
2026/09/24 00:58:25.385454 [INFO] Server stopped
