2026-09-22T17:50:47.537Z mw:driver-mobilecli listing devices
2026-09-22T17:50:47.683Z mw:driver-mobilecli found 1 device(s)
2026/09/22 17:50:47.695864 [VERBOSE] no remote token: failed to get token from keyring: The name org.freedesktop.secrets was not provided by any .service files
2026/09/22 17:50:47.696328 [INFO] Starting server on http://localhost:12000...
2026-09-22T17:50:48.199Z mw:driver-mobilecli connecting to ws://localhost:12000/ws
2026/09/22 17:50:48.199480 [VERBOSE] WebSocket connection closed: websocket: close 1005 (no status)
2026-09-22T17:50:48.203Z mw:driver-mobilecli websocket connected
2026-09-22T17:50:48.203Z mw:driver-mobilecli listing devices
2026-09-22T17:50:48.286Z mw:driver-mobilecli found 1 device(s)
2026-09-22T17:50:48.286Z mw:driver-mobilecli resolved device eus-qualification-pixel7-api35 (platform=android, type=emulator)
2026-09-22T17:50:48.287Z mw:driver-mobilecli running: <host-path>/qualification/mobilewright/harness/node_modules/@mobilenext/mobilecli-linux-amd64/mobilecli-linux-amd64 agent status --device eus-qualification-pixel7-api35
2026-09-22T17:50:48.295Z mw:driver-mobilecli agent status output: {
  "status": "ok",
  "data": {
    "message": "no agent needed for android devices"
  }
}
2026/09/22 17:50:48.296694 [INFO] WebSocket Request ID: 1, Method: device.apps.list, Params: {"deviceId":"eus-qualification-pixel7-api35"}
2026-09-22T17:50:48.678Z mw:driver-mobilecli installing <host-path>/omnipizza-release.apk
2026/09/22 17:50:48.678509 [INFO] WebSocket Request ID: 2, Method: device.apps.install, Params: {"deviceId":"eus-qualification-pixel7-api35","path":"<host-path>/omnipizza-release.apk"}
2026-09-22T17:50:55.522Z mw:driver-mobilecli installed <host-path>/omnipizza-release.apk
2026/09/22 17:50:55.522892 [INFO] WebSocket Request ID: 3, Method: device.apps.list, Params: {"deviceId":"eus-qualification-pixel7-api35"}
2026-09-22T17:50:55.851Z mw:driver-mobilecli launching com.omnipizza.app
2026/09/22 17:50:55.852182 [INFO] WebSocket Request ID: 4, Method: device.apps.launch, Params: {"deviceId":"eus-qualification-pixel7-api35","bundleId":"com.omnipizza.app"}
2026-09-22T17:50:56.146Z mw:driver-mobilecli launched com.omnipizza.app
2026-09-22T17:50:56.148Z mw:device waiting for com.omnipizza.app to reach foreground
2026/09/22 17:50:56.150857 [INFO] WebSocket Request ID: 5, Method: device.apps.foreground, Params: {"deviceId":"eus-qualification-pixel7-api35"}
2026/09/22 17:50:57.776253 [INFO] WebSocket Request ID: 6, Method: device.apps.foreground, Params: {"deviceId":"eus-qualification-pixel7-api35"}
2026-09-22T17:50:58.341Z mw:device com.omnipizza.app is in foreground
2026/09/22 17:50:58.342022 [INFO] WebSocket Request ID: 7, Method: device.dump.ui, Params: {"deviceId":"eus-qualification-pixel7-api35"}
2026/09/22 17:51:01.680455 [INFO] WebSocket Request ID: 8, Method: device.dump.ui, Params: {"deviceId":"eus-qualification-pixel7-api35"}
2026/09/22 17:51:02.302116 [INFO] WebSocket Request ID: 9, Method: device.dump.ui, Params: {"deviceId":"eus-qualification-pixel7-api35"}
2026/09/22 17:51:03.044987 [INFO] WebSocket Request ID: 10, Method: device.io.tap, Params: {"deviceId":"eus-qualification-pixel7-api35","x":247,"y":1568}
2026/09/22 17:51:03.112043 [INFO] WebSocket Request ID: 11, Method: device.dump.ui, Params: {"deviceId":"eus-qualification-pixel7-api35"}
2026/09/22 17:51:04.144249 [INFO] WebSocket Request ID: 12, Method: device.dump.ui, Params: {"deviceId":"eus-qualification-pixel7-api35"}
2026/09/22 17:51:04.582211 [INFO] WebSocket Request ID: 13, Method: device.io.tap, Params: {"deviceId":"eus-qualification-pixel7-api35","x":540,"y":1344}
2026/09/22 17:51:04.631157 [INFO] WebSocket Request ID: 14, Method: device.io.keys, Params: {"deviceId":"eus-qualification-pixel7-api35","keys":["ctrl+a","backspace"]}
2026/09/22 17:51:05.559715 [INFO] WebSocket Request ID: 15, Method: device.dump.ui, Params: {"deviceId":"eus-qualification-pixel7-api35"}
2026/09/22 17:51:07.104407 [INFO] WebSocket Request ID: 16, Method: device.io.text, Params: {"deviceId":"eus-qualification-pixel7-api35","text":"pizza123"}
2026/09/22 17:51:08.265123 [INFO] WebSocket Request ID: 17, Method: device.dump.ui, Params: {"deviceId":"eus-qualification-pixel7-api35"}
2026/09/22 17:51:09.150160 [INFO] WebSocket Request ID: 18, Method: device.dump.ui, Params: {"deviceId":"eus-qualification-pixel7-api35"}
2026/09/22 17:51:09.741118 [INFO] WebSocket Request ID: 19, Method: device.io.tap, Params: {"deviceId":"eus-qualification-pixel7-api35","x":540,"y":1107}
2026/09/22 17:51:09.766503 [INFO] WebSocket Request ID: 20, Method: device.io.keys, Params: {"deviceId":"eus-qualification-pixel7-api35","keys":["ctrl+a","backspace"]}
2026/09/22 17:51:10.908348 [INFO] WebSocket Request ID: 21, Method: device.dump.ui, Params: {"deviceId":"eus-qualification-pixel7-api35"}
2026/09/22 17:51:12.498995 [INFO] WebSocket Request ID: 22, Method: device.io.text, Params: {"deviceId":"eus-qualification-pixel7-api35","text":"standard_user"}
2026/09/22 17:51:14.114626 [INFO] WebSocket Request ID: 23, Method: device.dump.ui, Params: {"deviceId":"eus-qualification-pixel7-api35"}
2026/09/22 17:51:14.933425 [INFO] WebSocket Request ID: 24, Method: device.dump.ui, Params: {"deviceId":"eus-qualification-pixel7-api35"}
2026/09/22 17:51:15.469885 [INFO] WebSocket Request ID: 25, Method: device.dump.ui, Params: {"deviceId":"eus-qualification-pixel7-api35"}
2026/09/22 17:51:15.689300 [INFO] WebSocket Request ID: 26, Method: device.dump.ui, Params: {"deviceId":"eus-qualification-pixel7-api35"}
2026/09/22 17:51:15.967368 [INFO] WebSocket Request ID: 27, Method: device.dump.ui, Params: {"deviceId":"eus-qualification-pixel7-api35"}
2026/09/22 17:51:16.362259 [INFO] WebSocket Request ID: 28, Method: device.dump.ui, Params: {"deviceId":"eus-qualification-pixel7-api35"}
2026/09/22 17:51:16.808896 [INFO] WebSocket Request ID: 29, Method: device.io.tap, Params: {"deviceId":"eus-qualification-pixel7-api35","x":540,"y":766}
2026/09/22 17:51:16.819857 [INFO] WebSocket Request ID: 30, Method: device.info, Params: {"deviceId":"eus-qualification-pixel7-api35"}
2026/09/22 17:51:16.866169 [INFO] WebSocket Request ID: 31, Method: device.dump.ui, Params: {"deviceId":"eus-qualification-pixel7-api35"}
2026/09/22 17:51:17.630972 [INFO] WebSocket Request ID: 32, Method: device.dump.ui, Params: {"deviceId":"eus-qualification-pixel7-api35"}
2026/09/22 17:51:17.995939 [INFO] WebSocket Request ID: 33, Method: device.dump.ui, Params: {"deviceId":"eus-qualification-pixel7-api35"}
2026/09/22 17:51:18.293854 [INFO] WebSocket Request ID: 34, Method: device.io.tap, Params: {"deviceId":"eus-qualification-pixel7-api35","x":540,"y":1752}
2026/09/22 17:51:18.305578 [INFO] WebSocket Request ID: 35, Method: device.dump.ui, Params: {"deviceId":"eus-qualification-pixel7-api35"}
2026/09/22 17:51:19.109206 [INFO] WebSocket Request ID: 36, Method: device.dump.ui, Params: {"deviceId":"eus-qualification-pixel7-api35"}
2026/09/22 17:51:20.451700 [INFO] WebSocket Request ID: 37, Method: device.dump.ui, Params: {"deviceId":"eus-qualification-pixel7-api35"}
2026/09/22 17:51:21.984110 [INFO] WebSocket Request ID: 38, Method: device.screenshot, Params: {"deviceId":"eus-qualification-pixel7-api35"}
2026/09/22 17:51:22.425818 [INFO] WebSocket Request ID: 39, Method: device.dump.ui, Params: {"deviceId":"eus-qualification-pixel7-api35"}
2026/09/22 17:51:22.779870 [VERBOSE] WebSocket connection closed: websocket: close 1005 (no status)
2026/09/22 17:51:22.780913 [INFO] Received signal terminated, shutting down gracefully...
2026/09/22 17:51:22.780992 [INFO] Server stopped
