2026-09-22T19:05:04.464Z mw:driver-mobilecli listing devices
2026-09-22T19:05:05.541Z mw:driver-mobilecli found 1 device(s)
2026/09/22 19:05:05.605586 [VERBOSE] no remote token: not logged in, run 'mobilecli auth login' first
2026/09/22 19:05:05.607933 [INFO] Starting server on http://localhost:12000...
2026-09-22T19:05:06.074Z mw:driver-mobilecli connecting to ws://localhost:12000/ws
2026/09/22 19:05:06.073743 [VERBOSE] WebSocket connection closed: websocket: close 1005 (no status)
2026-09-22T19:05:06.076Z mw:driver-mobilecli websocket connected
2026-09-22T19:05:06.076Z mw:driver-mobilecli listing devices
2026-09-22T19:05:06.156Z mw:driver-mobilecli found 1 device(s)
2026-09-22T19:05:06.156Z mw:driver-mobilecli resolved device F0E646EF-4792-4F36-B48B-EC89B3A6B73B (platform=ios, type=simulator)
2026-09-22T19:05:06.157Z mw:driver-mobilecli running: <host-path>/qualification/mobilewright/harness/node_modules/@mobilenext/mobilecli-darwin-arm64/mobilecli-darwin-arm64 agent status --device F0E646EF-4792-4F36-B48B-EC89B3A6B73B
2026-09-22T19:05:07.543Z mw:driver-mobilecli agent status output: {
  "status": "ok",
  "data": {
    "message": "Agent version 0.0.27 is installed on device",
    "agent": {
      "version": "0.0.27",
      "bundleId": "com.mobilenext.devicekit-iosUITests.xctrunner"
    }
  }
}
2026/09/22 19:05:07.544605 [INFO] WebSocket Request ID: 1, Method: device.apps.list, Params: {"deviceId":"F0E646EF-4792-4F36-B48B-EC89B3A6B73B"}
2026/09/22 19:05:08.272152 [INFO] WebSocket Request ID: 2, Method: device.apps.uninstall, Params: {"deviceId":"F0E646EF-4792-4F36-B48B-EC89B3A6B73B","bundleId":"com.omnipizza.app"}
2026/09/22 19:05:11.310075 [INFO] WebSocket Request ID: 3, Method: device.apps.list, Params: {"deviceId":"F0E646EF-4792-4F36-B48B-EC89B3A6B73B"}
2026-09-22T19:05:12.591Z mw:driver-mobilecli installing <host-path>/OmniPizza-Simulator.zip
2026/09/22 19:05:12.592558 [INFO] WebSocket Request ID: 4, Method: device.apps.install, Params: {"deviceId":"F0E646EF-4792-4F36-B48B-EC89B3A6B73B","path":"<host-path>/OmniPizza-Simulator.zip"}
2026-09-22T19:05:16.051Z mw:driver-mobilecli installed <host-path>/OmniPizza-Simulator.zip
2026/09/22 19:05:16.080910 [INFO] WebSocket Request ID: 5, Method: device.apps.list, Params: {"deviceId":"F0E646EF-4792-4F36-B48B-EC89B3A6B73B"}
2026/09/22 19:05:17.177071 [INFO] WebSocket Request ID: 6, Method: device.url, Params: {"deviceId":"F0E646EF-4792-4F36-B48B-EC89B3A6B73B","url":"omnipizza://checkout?market=US&hydrateCart=true&accessToken=eyJhbGciOiJIUzI1NiIsInR5cCI6IkpXVCJ9.eyJzdWIiOiJzdGFuZGFyZF91c2VyIiwiYmVoYXZpb3IiOiJzdGFuZGFyZCIsInNpZCI6ImI5ZTVlZmVlYzhjNDQzOGZhMTU4NWFkN…(339 bytes total)
2026/09/22 19:05:17.936317 [INFO] WebSocket Request ID: 7, Method: device.dump.ui, Params: {"deviceId":"F0E646EF-4792-4F36-B48B-EC89B3A6B73B"}
2026/09/22 19:05:19.537692 [INFO] WebSocket Request ID: 8, Method: device.dump.ui, Params: {"deviceId":"F0E646EF-4792-4F36-B48B-EC89B3A6B73B"}
2026/09/22 19:05:20.873161 [INFO] WebSocket Request ID: 9, Method: device.dump.ui, Params: {"deviceId":"F0E646EF-4792-4F36-B48B-EC89B3A6B73B"}
2026/09/22 19:05:22.471074 [INFO] WebSocket Request ID: 10, Method: device.io.tap, Params: {"deviceId":"F0E646EF-4792-4F36-B48B-EC89B3A6B73B","x":264,"y":468}
2026/09/22 19:05:23.267140 [INFO] WebSocket Request ID: 11, Method: device.dump.ui, Params: {"deviceId":"F0E646EF-4792-4F36-B48B-EC89B3A6B73B"}
2026/09/22 19:05:30.241840 [INFO] WebSocket Request ID: 12, Method: device.dump.ui, Params: {"deviceId":"F0E646EF-4792-4F36-B48B-EC89B3A6B73B"}
2026/09/22 19:05:32.773434 [INFO] WebSocket Request ID: 13, Method: device.dump.ui, Params: {"deviceId":"F0E646EF-4792-4F36-B48B-EC89B3A6B73B"}
2026/09/22 19:05:34.999279 [INFO] WebSocket Request ID: 14, Method: device.screenshot, Params: {"deviceId":"F0E646EF-4792-4F36-B48B-EC89B3A6B73B"}
2026/09/22 19:05:35.491896 [INFO] WebSocket Request ID: 15, Method: device.dump.ui, Params: {"deviceId":"F0E646EF-4792-4F36-B48B-EC89B3A6B73B"}
2026/09/22 19:05:38.848248 [VERBOSE] WebSocket connection closed: websocket: close 1005 (no status)
2026/09/22 19:05:38.853739 [INFO] Received signal terminated, shutting down gracefully...
2026/09/22 19:05:38.858659 [INFO] Server stopped
