2026-09-24T01:15:34.034Z mw:driver-mobilecli listing devices
2026-09-24T01:15:35.594Z mw:driver-mobilecli found 1 device(s)
2026/09/24 01:15:35.680793 [VERBOSE] no remote token: not logged in, run 'mobilecli auth login' first
2026/09/24 01:15:35.683023 [INFO] Starting server on http://localhost:12000...
2026-09-24T01:15:36.144Z mw:driver-mobilecli connecting to ws://localhost:12000/ws
2026/09/24 01:15:36.144284 [VERBOSE] WebSocket connection closed: websocket: close 1005 (no status)
2026-09-24T01:15:36.147Z mw:driver-mobilecli websocket connected
2026-09-24T01:15:36.147Z mw:driver-mobilecli listing devices
2026-09-24T01:15:36.245Z mw:driver-mobilecli found 1 device(s)
2026-09-24T01:15:36.245Z mw:driver-mobilecli resolved device F0E646EF-4792-4F36-B48B-EC89B3A6B73B (platform=ios, type=simulator)
2026-09-24T01:15:36.246Z mw:driver-mobilecli running: <host-path>/qualification/mobilewright/harness/node_modules/@mobilenext/mobilecli-darwin-arm64/mobilecli-darwin-arm64 agent status --device F0E646EF-4792-4F36-B48B-EC89B3A6B73B
2026-09-24T01:15:38.175Z mw:driver-mobilecli agent status output: {
  "status": "ok",
  "data": {
    "message": "Agent version 0.0.27 is installed on device",
    "agent": {
      "version": "0.0.27",
      "bundleId": "com.mobilenext.devicekit-iosUITests.xctrunner"
    }
  }
}
2026/09/24 01:15:38.177673 [INFO] WebSocket Request ID: 1, Method: device.apps.list, Params: {"deviceId":"F0E646EF-4792-4F36-B48B-EC89B3A6B73B"}
2026/09/24 01:15:39.011202 [INFO] WebSocket Request ID: 2, Method: device.apps.uninstall, Params: {"deviceId":"F0E646EF-4792-4F36-B48B-EC89B3A6B73B","bundleId":"com.omnipizza.app"}
2026/09/24 01:15:41.537597 [INFO] WebSocket Request ID: 3, Method: device.apps.list, Params: {"deviceId":"F0E646EF-4792-4F36-B48B-EC89B3A6B73B"}
2026-09-24T01:15:42.734Z mw:driver-mobilecli installing <host-path>/OmniPizza-Simulator.zip
2026/09/24 01:15:42.735380 [INFO] WebSocket Request ID: 4, Method: device.apps.install, Params: {"deviceId":"F0E646EF-4792-4F36-B48B-EC89B3A6B73B","path":"<host-path>/OmniPizza-Simulator.zip"}
2026-09-24T01:15:45.747Z mw:driver-mobilecli installed <host-path>/OmniPizza-Simulator.zip
2026/09/24 01:15:45.754128 [INFO] WebSocket Request ID: 5, Method: device.apps.list, Params: {"deviceId":"F0E646EF-4792-4F36-B48B-EC89B3A6B73B"}
2026-09-24T01:15:46.764Z mw:driver-mobilecli launching com.omnipizza.app
2026/09/24 01:15:46.765495 [INFO] WebSocket Request ID: 6, Method: device.apps.foreground, Params: {"deviceId":"F0E646EF-4792-4F36-B48B-EC89B3A6B73B"}
2026/09/24 01:15:48.979433 [INFO] WebSocket Request ID: 7, Method: device.apps.launch, Params: {"deviceId":"F0E646EF-4792-4F36-B48B-EC89B3A6B73B","bundleId":"com.omnipizza.app"}
2026-09-24T01:15:50.807Z mw:driver-mobilecli launched com.omnipizza.app
2026-09-24T01:15:50.808Z mw:device waiting for com.omnipizza.app to reach foreground
2026/09/24 01:15:50.809243 [INFO] WebSocket Request ID: 8, Method: device.apps.foreground, Params: {"deviceId":"F0E646EF-4792-4F36-B48B-EC89B3A6B73B"}
2026-09-24T01:15:55.913Z mw:device com.omnipizza.app is in foreground
2026/09/24 01:15:55.917404 [INFO] WebSocket Request ID: 9, Method: device.dump.ui, Params: {"deviceId":"F0E646EF-4792-4F36-B48B-EC89B3A6B73B"}
2026/09/24 01:15:57.636695 [INFO] WebSocket Request ID: 10, Method: device.dump.ui, Params: {"deviceId":"F0E646EF-4792-4F36-B48B-EC89B3A6B73B"}
2026/09/24 01:15:59.489871 [INFO] WebSocket Request ID: 11, Method: device.dump.ui, Params: {"deviceId":"F0E646EF-4792-4F36-B48B-EC89B3A6B73B"}
2026/09/24 01:16:02.308874 [INFO] WebSocket Request ID: 12, Method: device.io.tap, Params: {"deviceId":"F0E646EF-4792-4F36-B48B-EC89B3A6B73B","x":84,"y":584}
2026/09/24 01:16:03.003629 [INFO] WebSocket Request ID: 13, Method: device.dump.ui, Params: {"deviceId":"F0E646EF-4792-4F36-B48B-EC89B3A6B73B"}
2026/09/24 01:16:05.351583 [INFO] WebSocket Request ID: 14, Method: device.dump.ui, Params: {"deviceId":"F0E646EF-4792-4F36-B48B-EC89B3A6B73B"}
2026/09/24 01:16:07.534335 [INFO] WebSocket Request ID: 15, Method: device.io.tap, Params: {"deviceId":"F0E646EF-4792-4F36-B48B-EC89B3A6B73B","x":197,"y":499}
2026/09/24 01:16:08.113459 [INFO] WebSocket Request ID: 16, Method: device.io.keys, Params: {"deviceId":"F0E646EF-4792-4F36-B48B-EC89B3A6B73B","keys":["cmd+a","backspace"]}
2026/09/24 01:16:10.339252 [INFO] WebSocket Request ID: 17, Method: device.dump.ui, Params: {"deviceId":"F0E646EF-4792-4F36-B48B-EC89B3A6B73B"}
2026/09/24 01:16:13.435418 [INFO] WebSocket Request ID: 18, Method: device.io.text, Params: {"deviceId":"F0E646EF-4792-4F36-B48B-EC89B3A6B73B","text":"pizza123"}
2026/09/24 01:16:15.089187 [INFO] WebSocket Request ID: 19, Method: device.dump.ui, Params: {"deviceId":"F0E646EF-4792-4F36-B48B-EC89B3A6B73B"}
2026/09/24 01:16:18.514885 [INFO] WebSocket Request ID: 20, Method: device.dump.ui, Params: {"deviceId":"F0E646EF-4792-4F36-B48B-EC89B3A6B73B"}
2026/09/24 01:16:21.775189 [INFO] WebSocket Request ID: 21, Method: device.io.tap, Params: {"deviceId":"F0E646EF-4792-4F36-B48B-EC89B3A6B73B","x":197,"y":411}
2026/09/24 01:16:22.408356 [INFO] WebSocket Request ID: 22, Method: device.io.keys, Params: {"deviceId":"F0E646EF-4792-4F36-B48B-EC89B3A6B73B","keys":["cmd+a","backspace"]}
2026/09/24 01:16:24.776101 [INFO] WebSocket Request ID: 23, Method: device.dump.ui, Params: {"deviceId":"F0E646EF-4792-4F36-B48B-EC89B3A6B73B"}
2026/09/24 01:16:33.429666 [INFO] WebSocket Request ID: 24, Method: device.io.text, Params: {"deviceId":"F0E646EF-4792-4F36-B48B-EC89B3A6B73B","text":"standard_user"}
2026/09/24 01:16:35.239865 [INFO] WebSocket Request ID: 25, Method: device.dump.ui, Params: {"deviceId":"F0E646EF-4792-4F36-B48B-EC89B3A6B73B"}
2026/09/24 01:16:37.621640 [INFO] WebSocket Request ID: 26, Method: device.dump.ui, Params: {"deviceId":"F0E646EF-4792-4F36-B48B-EC89B3A6B73B"}
2026/09/24 01:16:39.551177 [INFO] WebSocket Request ID: 27, Method: device.dump.ui, Params: {"deviceId":"F0E646EF-4792-4F36-B48B-EC89B3A6B73B"}
2026/09/24 01:16:41.442088 [INFO] WebSocket Request ID: 28, Method: device.dump.ui, Params: {"deviceId":"F0E646EF-4792-4F36-B48B-EC89B3A6B73B"}
2026/09/24 01:16:43.565578 [INFO] WebSocket Request ID: 29, Method: device.dump.ui, Params: {"deviceId":"F0E646EF-4792-4F36-B48B-EC89B3A6B73B"}
2026/09/24 01:16:45.853372 [INFO] WebSocket Request ID: 30, Method: device.dump.ui, Params: {"deviceId":"F0E646EF-4792-4F36-B48B-EC89B3A6B73B"}
2026/09/24 01:16:48.317438 [INFO] WebSocket Request ID: 31, Method: device.io.tap, Params: {"deviceId":"F0E646EF-4792-4F36-B48B-EC89B3A6B73B","x":196,"y":288}
2026/09/24 01:16:49.565318 [INFO] WebSocket Request ID: 32, Method: device.info, Params: {"deviceId":"F0E646EF-4792-4F36-B48B-EC89B3A6B73B"}
2026/09/24 01:16:50.194763 [INFO] WebSocket Request ID: 33, Method: device.dump.ui, Params: {"deviceId":"F0E646EF-4792-4F36-B48B-EC89B3A6B73B"}
2026/09/24 01:16:52.893756 [INFO] WebSocket Request ID: 34, Method: device.dump.ui, Params: {"deviceId":"F0E646EF-4792-4F36-B48B-EC89B3A6B73B"}
2026/09/24 01:16:55.303067 [INFO] WebSocket Request ID: 35, Method: device.dump.ui, Params: {"deviceId":"F0E646EF-4792-4F36-B48B-EC89B3A6B73B"}
2026/09/24 01:16:57.669926 [INFO] WebSocket Request ID: 36, Method: device.io.tap, Params: {"deviceId":"F0E646EF-4792-4F36-B48B-EC89B3A6B73B","x":197,"y":654}
2026/09/24 01:16:58.365257 [INFO] WebSocket Request ID: 37, Method: device.dump.ui, Params: {"deviceId":"F0E646EF-4792-4F36-B48B-EC89B3A6B73B"}
2026/09/24 01:17:02.040904 [INFO] WebSocket Request ID: 38, Method: device.dump.ui, Params: {"deviceId":"F0E646EF-4792-4F36-B48B-EC89B3A6B73B"}
2026/09/24 01:17:04.878482 [INFO] WebSocket Request ID: 39, Method: device.dump.ui, Params: {"deviceId":"F0E646EF-4792-4F36-B48B-EC89B3A6B73B"}
2026/09/24 01:17:07.057519 [INFO] WebSocket Request ID: 40, Method: device.info, Params: {"deviceId":"F0E646EF-4792-4F36-B48B-EC89B3A6B73B"}
2026/09/24 01:17:07.456952 [INFO] WebSocket Request ID: 41, Method: device.io.swipe, Params: {"deviceId":"F0E646EF-4792-4F36-B48B-EC89B3A6B73B","x1":197,"y1":426,"x2":197,"y2":0}
2026/09/24 01:17:08.002877 [INFO] WebSocket Request ID: 42, Method: device.info, Params: {"deviceId":"F0E646EF-4792-4F36-B48B-EC89B3A6B73B"}
2026/09/24 01:17:08.508482 [INFO] WebSocket Request ID: 43, Method: device.dump.ui, Params: {"deviceId":"F0E646EF-4792-4F36-B48B-EC89B3A6B73B"}
2026/09/24 01:17:11.710723 [INFO] WebSocket Request ID: 44, Method: device.info, Params: {"deviceId":"F0E646EF-4792-4F36-B48B-EC89B3A6B73B"}
2026/09/24 01:17:12.203125 [INFO] WebSocket Request ID: 45, Method: device.io.swipe, Params: {"deviceId":"F0E646EF-4792-4F36-B48B-EC89B3A6B73B","x1":197,"y1":426,"x2":197,"y2":0}
2026/09/24 01:17:12.990837 [INFO] WebSocket Request ID: 46, Method: device.dump.ui, Params: {"deviceId":"F0E646EF-4792-4F36-B48B-EC89B3A6B73B"}
2026/09/24 01:17:16.052825 [INFO] WebSocket Request ID: 47, Method: device.dump.ui, Params: {"deviceId":"F0E646EF-4792-4F36-B48B-EC89B3A6B73B"}
2026/09/24 01:17:18.838697 [INFO] WebSocket Request ID: 48, Method: device.dump.ui, Params: {"deviceId":"F0E646EF-4792-4F36-B48B-EC89B3A6B73B"}
2026/09/24 01:17:20.832134 [INFO] WebSocket Request ID: 49, Method: device.io.tap, Params: {"deviceId":"F0E646EF-4792-4F36-B48B-EC89B3A6B73B","x":340,"y":634}
2026/09/24 01:17:21.418837 [INFO] WebSocket Request ID: 50, Method: device.dump.ui, Params: {"deviceId":"F0E646EF-4792-4F36-B48B-EC89B3A6B73B"}
2026/09/24 01:17:23.597633 [INFO] WebSocket Request ID: 51, Method: device.dump.ui, Params: {"deviceId":"F0E646EF-4792-4F36-B48B-EC89B3A6B73B"}
2026/09/24 01:17:25.197592 [INFO] WebSocket Request ID: 52, Method: device.dump.ui, Params: {"deviceId":"F0E646EF-4792-4F36-B48B-EC89B3A6B73B"}
2026/09/24 01:17:27.301469 [INFO] WebSocket Request ID: 53, Method: device.dump.ui, Params: {"deviceId":"F0E646EF-4792-4F36-B48B-EC89B3A6B73B"}
2026/09/24 01:17:29.461673 [INFO] WebSocket Request ID: 54, Method: device.io.tap, Params: {"deviceId":"F0E646EF-4792-4F36-B48B-EC89B3A6B73B","x":238,"y":464}
2026/09/24 01:17:30.090431 [INFO] WebSocket Request ID: 55, Method: device.dump.ui, Params: {"deviceId":"F0E646EF-4792-4F36-B48B-EC89B3A6B73B"}
2026/09/24 01:17:32.239343 [INFO] WebSocket Request ID: 56, Method: device.screenshot, Params: {"deviceId":"F0E646EF-4792-4F36-B48B-EC89B3A6B73B"}
2026/09/24 01:17:32.713927 [INFO] WebSocket Request ID: 57, Method: device.dump.ui, Params: {"deviceId":"F0E646EF-4792-4F36-B48B-EC89B3A6B73B"}
2026/09/24 01:17:35.134052 [VERBOSE] WebSocket connection closed: websocket: close 1005 (no status)
2026/09/24 01:17:35.141488 [INFO] Received signal terminated, shutting down gracefully...
2026/09/24 01:17:35.146101 [INFO] Server stopped
