2026-09-24T01:31:39.995Z mw:driver-mobilecli listing devices
2026-09-24T01:31:40.101Z mw:driver-mobilecli found 1 device(s)
2026/09/24 01:31:40.165113 [VERBOSE] no remote token: not logged in, run 'mobilecli auth login' first
2026/09/24 01:31:40.165732 [INFO] Starting server on http://localhost:12000...
2026-09-24T01:31:40.615Z mw:driver-mobilecli connecting to ws://localhost:12000/ws
2026/09/24 01:31:40.615144 [VERBOSE] WebSocket connection closed: websocket: close 1005 (no status)
2026-09-24T01:31:40.618Z mw:driver-mobilecli websocket connected
2026-09-24T01:31:40.618Z mw:driver-mobilecli listing devices
2026-09-24T01:31:40.710Z mw:driver-mobilecli found 1 device(s)
2026-09-24T01:31:40.710Z mw:driver-mobilecli resolved device F0E646EF-4792-4F36-B48B-EC89B3A6B73B (platform=ios, type=simulator)
2026-09-24T01:31:40.711Z mw:driver-mobilecli running: <host-path>/qualification/mobilewright/harness/node_modules/@mobilenext/mobilecli-darwin-arm64/mobilecli-darwin-arm64 agent status --device F0E646EF-4792-4F36-B48B-EC89B3A6B73B
2026-09-24T01:31:41.521Z mw:driver-mobilecli agent status output: {
  "status": "ok",
  "data": {
    "message": "Agent version 0.0.27 is installed on device",
    "agent": {
      "version": "0.0.27",
      "bundleId": "com.mobilenext.devicekit-iosUITests.xctrunner"
    }
  }
}
2026/09/24 01:31:41.522796 [INFO] WebSocket Request ID: 1, Method: device.apps.list, Params: {"deviceId":"F0E646EF-4792-4F36-B48B-EC89B3A6B73B"}
2026/09/24 01:31:41.971948 [INFO] WebSocket Request ID: 2, Method: device.apps.uninstall, Params: {"deviceId":"F0E646EF-4792-4F36-B48B-EC89B3A6B73B","bundleId":"com.omnipizza.app"}
2026/09/24 01:31:43.146729 [INFO] WebSocket Request ID: 3, Method: device.apps.list, Params: {"deviceId":"F0E646EF-4792-4F36-B48B-EC89B3A6B73B"}
2026-09-24T01:31:43.642Z mw:driver-mobilecli installing <host-path>/OmniPizza-Simulator.zip
2026/09/24 01:31:43.642803 [INFO] WebSocket Request ID: 4, Method: device.apps.install, Params: {"deviceId":"F0E646EF-4792-4F36-B48B-EC89B3A6B73B","path":"<host-path>/OmniPizza-Simulator.zip"}
2026-09-24T01:31:45.323Z mw:driver-mobilecli installed <host-path>/OmniPizza-Simulator.zip
2026/09/24 01:31:45.324097 [INFO] WebSocket Request ID: 5, Method: device.apps.list, Params: {"deviceId":"F0E646EF-4792-4F36-B48B-EC89B3A6B73B"}
2026/09/24 01:31:45.849995 [INFO] WebSocket Request ID: 6, Method: device.url, Params: {"deviceId":"F0E646EF-4792-4F36-B48B-EC89B3A6B73B","url":"omnipizza://checkout?market=US&hydrateCart=true&accessToken=<redacted-token-fragment>…(339 bytes total)
2026/09/24 01:31:46.880659 [INFO] WebSocket Request ID: 7, Method: device.dump.ui, Params: {"deviceId":"F0E646EF-4792-4F36-B48B-EC89B3A6B73B"}
2026/09/24 01:31:49.575079 [INFO] WebSocket Request ID: 8, Method: device.dump.ui, Params: {"deviceId":"F0E646EF-4792-4F36-B48B-EC89B3A6B73B"}
2026/09/24 01:31:51.287814 [INFO] WebSocket Request ID: 9, Method: device.dump.ui, Params: {"deviceId":"F0E646EF-4792-4F36-B48B-EC89B3A6B73B"}
2026/09/24 01:31:52.718261 [INFO] WebSocket Request ID: 10, Method: device.dump.ui, Params: {"deviceId":"F0E646EF-4792-4F36-B48B-EC89B3A6B73B"}
2026/09/24 01:31:54.171989 [INFO] WebSocket Request ID: 11, Method: device.dump.ui, Params: {"deviceId":"F0E646EF-4792-4F36-B48B-EC89B3A6B73B"}
2026/09/24 01:31:55.780607 [INFO] WebSocket Request ID: 12, Method: device.dump.ui, Params: {"deviceId":"F0E646EF-4792-4F36-B48B-EC89B3A6B73B"}
2026/09/24 01:31:57.660470 [INFO] WebSocket Request ID: 13, Method: device.dump.ui, Params: {"deviceId":"F0E646EF-4792-4F36-B48B-EC89B3A6B73B"}
2026/09/24 01:31:59.293067 [INFO] WebSocket Request ID: 14, Method: device.dump.ui, Params: {"deviceId":"F0E646EF-4792-4F36-B48B-EC89B3A6B73B"}
2026/09/24 01:32:01.132615 [INFO] WebSocket Request ID: 15, Method: device.dump.ui, Params: {"deviceId":"F0E646EF-4792-4F36-B48B-EC89B3A6B73B"}
2026/09/24 01:32:02.610165 [INFO] WebSocket Request ID: 16, Method: device.dump.ui, Params: {"deviceId":"F0E646EF-4792-4F36-B48B-EC89B3A6B73B"}
2026/09/24 01:32:03.880349 [INFO] WebSocket Request ID: 17, Method: device.dump.ui, Params: {"deviceId":"F0E646EF-4792-4F36-B48B-EC89B3A6B73B"}
2026/09/24 01:32:05.095152 [INFO] WebSocket Request ID: 18, Method: device.dump.ui, Params: {"deviceId":"F0E646EF-4792-4F36-B48B-EC89B3A6B73B"}
2026/09/24 01:32:06.333700 [INFO] WebSocket Request ID: 19, Method: device.screenshot, Params: {"deviceId":"F0E646EF-4792-4F36-B48B-EC89B3A6B73B"}
2026/09/24 01:32:06.553583 [INFO] WebSocket Request ID: 20, Method: device.dump.ui, Params: {"deviceId":"F0E646EF-4792-4F36-B48B-EC89B3A6B73B"}
2026/09/24 01:32:07.850929 [VERBOSE] WebSocket connection closed: websocket: close 1005 (no status)
2026/09/24 01:32:07.851184 [INFO] Received signal terminated, shutting down gracefully...
2026/09/24 01:32:07.851283 [INFO] Server stopped
