2026-09-23T01:59:17.614Z mw:driver-mobilecli listing devices
2026-09-23T01:59:19.529Z mw:driver-mobilecli found 1 device(s)
2026/09/22 19:59:19.806484 [VERBOSE] no remote token: not logged in, run 'mobilecli auth login' first
2026/09/22 19:59:19.809846 [INFO] Starting server on http://localhost:12000...
2026-09-23T01:59:20.122Z mw:driver-mobilecli connecting to ws://localhost:12000/ws
2026/09/22 19:59:20.121269 [VERBOSE] WebSocket connection closed: websocket: close 1005 (no status)
2026-09-23T01:59:20.168Z mw:driver-mobilecli websocket connected
2026-09-23T01:59:20.170Z mw:driver-mobilecli listing devices
2026-09-23T01:59:22.486Z mw:driver-mobilecli found 2 device(s)
2026-09-23T01:59:22.487Z mw:driver-mobilecli resolved device <android-serial-redacted> (platform=android, type=real)
2026-09-23T01:59:22.488Z mw:driver-mobilecli running: <host-path>/qualification/mobilewright/harness/node_modules/@mobilenext/mobilecli-darwin-amd64/mobilecli-darwin-amd64 agent status --device <android-serial-redacted>
2026-09-23T01:59:22.810Z mw:driver-mobilecli agent status output: {
  "status": "ok",
  "data": {
    "message": "no agent needed for android devices"
  }
}
2026/09/22 19:59:22.816840 [INFO] WebSocket Request ID: 1, Method: device.apps.list, Params: {"deviceId":"<android-serial-redacted>"}
2026/09/22 19:59:23.404956 [INFO] WebSocket Request ID: 2, Method: device.apps.uninstall, Params: {"deviceId":"<android-serial-redacted>","bundleId":"com.omnipizza.app"}
2026/09/22 19:59:23.989117 [INFO] WebSocket Request ID: 3, Method: device.apps.list, Params: {"deviceId":"<android-serial-redacted>"}
2026-09-23T01:59:24.523Z mw:driver-mobilecli installing <host-path>/omnipizza-release.apk
2026/09/22 19:59:24.525394 [INFO] WebSocket Request ID: 4, Method: device.apps.install, Params: {"deviceId":"<android-serial-redacted>","path":"<host-path>/omnipizza-release.apk"}
2026-09-23T01:59:30.016Z mw:driver-mobilecli installed <host-path>/omnipizza-release.apk
2026/09/22 19:59:30.018252 [INFO] WebSocket Request ID: 5, Method: device.apps.list, Params: {"deviceId":"<android-serial-redacted>"}
2026-09-23T01:59:30.933Z mw:driver-mobilecli launching com.omnipizza.app
2026/09/22 19:59:30.941437 [INFO] WebSocket Request ID: 6, Method: device.apps.launch, Params: {"deviceId":"<android-serial-redacted>","bundleId":"com.omnipizza.app"}
2026-09-23T01:59:32.578Z mw:driver-mobilecli launched com.omnipizza.app
2026-09-23T01:59:32.578Z mw:device waiting for com.omnipizza.app to reach foreground
2026/09/22 19:59:32.581075 [INFO] WebSocket Request ID: 7, Method: device.apps.foreground, Params: {"deviceId":"<android-serial-redacted>"}
2026-09-23T01:59:34.081Z mw:device com.omnipizza.app is in foreground
2026/09/22 19:59:34.086535 [INFO] WebSocket Request ID: 8, Method: device.dump.ui, Params: {"deviceId":"<android-serial-redacted>"}
2026/09/22 19:59:38.543443 [INFO] WebSocket Request ID: 9, Method: device.dump.ui, Params: {"deviceId":"<android-serial-redacted>"}
2026/09/22 19:59:43.912858 [INFO] WebSocket Request ID: 10, Method: device.dump.ui, Params: {"deviceId":"<android-serial-redacted>"}
2026/09/22 19:59:46.998770 [INFO] WebSocket Request ID: 11, Method: device.io.tap, Params: {"deviceId":"<android-serial-redacted>","x":204,"y":1745}
2026/09/22 19:59:47.040787 [INFO] WebSocket Request ID: 12, Method: device.dump.ui, Params: {"deviceId":"<android-serial-redacted>"}
2026/09/22 19:59:49.108260 [INFO] WebSocket Request ID: 13, Method: device.dump.ui, Params: {"deviceId":"<android-serial-redacted>"}
2026/09/22 19:59:51.043438 [INFO] WebSocket Request ID: 14, Method: device.io.tap, Params: {"deviceId":"<android-serial-redacted>","x":540,"y":1490}
2026/09/22 19:59:51.082745 [INFO] WebSocket Request ID: 15, Method: device.io.keys, Params: {"deviceId":"<android-serial-redacted>","keys":["ctrl+a","backspace"]}
2026/09/22 19:59:51.192350 [INFO] WebSocket Request ID: 16, Method: device.dump.ui, Params: {"deviceId":"<android-serial-redacted>"}
2026/09/22 19:59:54.213610 [INFO] WebSocket Request ID: 17, Method: device.io.text, Params: {"deviceId":"<android-serial-redacted>","text":"pizza123"}
2026/09/22 19:59:54.384378 [INFO] WebSocket Request ID: 18, Method: device.dump.ui, Params: {"deviceId":"<android-serial-redacted>"}
2026/09/22 19:59:56.882592 [INFO] WebSocket Request ID: 19, Method: device.dump.ui, Params: {"deviceId":"<android-serial-redacted>"}
2026/09/22 19:59:58.422180 [INFO] WebSocket Request ID: 20, Method: device.io.tap, Params: {"deviceId":"<android-serial-redacted>","x":540,"y":1211}
2026/09/22 19:59:58.467929 [INFO] WebSocket Request ID: 21, Method: device.io.keys, Params: {"deviceId":"<android-serial-redacted>","keys":["ctrl+a","backspace"]}
2026/09/22 19:59:58.558499 [INFO] WebSocket Request ID: 22, Method: device.dump.ui, Params: {"deviceId":"<android-serial-redacted>"}
2026/09/22 20:00:00.787175 [INFO] WebSocket Request ID: 23, Method: device.io.text, Params: {"deviceId":"<android-serial-redacted>","text":"standard_user"}
2026/09/22 20:00:00.955526 [INFO] WebSocket Request ID: 24, Method: device.dump.ui, Params: {"deviceId":"<android-serial-redacted>"}
2026/09/22 20:00:02.295454 [INFO] WebSocket Request ID: 25, Method: device.dump.ui, Params: {"deviceId":"<android-serial-redacted>"}
2026/09/22 20:00:03.696043 [INFO] WebSocket Request ID: 26, Method: device.dump.ui, Params: {"deviceId":"<android-serial-redacted>"}
2026/09/22 20:00:04.886187 [INFO] WebSocket Request ID: 27, Method: device.dump.ui, Params: {"deviceId":"<android-serial-redacted>"}
2026/09/22 20:00:06.121806 [INFO] WebSocket Request ID: 28, Method: device.dump.ui, Params: {"deviceId":"<android-serial-redacted>"}
2026/09/22 20:00:07.727349 [INFO] WebSocket Request ID: 29, Method: device.dump.ui, Params: {"deviceId":"<android-serial-redacted>"}
2026/09/22 20:00:09.039039 [INFO] WebSocket Request ID: 30, Method: device.io.tap, Params: {"deviceId":"<android-serial-redacted>","x":540,"y":804}
2026/09/22 20:00:09.078342 [INFO] WebSocket Request ID: 31, Method: device.info, Params: {"deviceId":"<android-serial-redacted>"}
2026/09/22 20:00:09.408205 [INFO] WebSocket Request ID: 32, Method: device.dump.ui, Params: {"deviceId":"<android-serial-redacted>"}
2026/09/22 20:00:11.179633 [INFO] WebSocket Request ID: 33, Method: device.dump.ui, Params: {"deviceId":"<android-serial-redacted>"}
2026/09/22 20:00:13.466905 [INFO] WebSocket Request ID: 34, Method: device.dump.ui, Params: {"deviceId":"<android-serial-redacted>"}
2026/09/22 20:00:15.777626 [INFO] WebSocket Request ID: 35, Method: device.io.tap, Params: {"deviceId":"<android-serial-redacted>","x":540,"y":1955}
2026/09/22 20:00:15.831259 [INFO] WebSocket Request ID: 36, Method: device.dump.ui, Params: {"deviceId":"<android-serial-redacted>"}
2026/09/22 20:00:18.720290 [INFO] WebSocket Request ID: 37, Method: device.dump.ui, Params: {"deviceId":"<android-serial-redacted>"}
2026/09/22 20:00:22.764475 [INFO] WebSocket Request ID: 38, Method: device.dump.ui, Params: {"deviceId":"<android-serial-redacted>"}
2026/09/22 20:00:27.260784 [INFO] WebSocket Request ID: 39, Method: device.info, Params: {"deviceId":"<android-serial-redacted>"}
2026/09/22 20:00:28.187708 [INFO] WebSocket Request ID: 40, Method: device.io.swipe, Params: {"deviceId":"<android-serial-redacted>","x1":540,"y1":1320,"x2":540,"y2":0}
2026/09/22 20:00:29.227865 [INFO] WebSocket Request ID: 41, Method: device.info, Params: {"deviceId":"<android-serial-redacted>"}
2026/09/22 20:00:30.238008 [INFO] WebSocket Request ID: 42, Method: device.dump.ui, Params: {"deviceId":"<android-serial-redacted>"}
2026/09/22 20:00:34.221461 [INFO] WebSocket Request ID: 43, Method: device.info, Params: {"deviceId":"<android-serial-redacted>"}
2026/09/22 20:00:35.070303 [INFO] WebSocket Request ID: 44, Method: device.io.swipe, Params: {"deviceId":"<android-serial-redacted>","x1":540,"y1":1320,"x2":540,"y2":0}
2026/09/22 20:00:36.299076 [INFO] WebSocket Request ID: 45, Method: device.dump.ui, Params: {"deviceId":"<android-serial-redacted>"}
2026/09/22 20:00:39.194857 [INFO] WebSocket Request ID: 46, Method: device.info, Params: {"deviceId":"<android-serial-redacted>"}
2026/09/22 20:00:39.931400 [INFO] WebSocket Request ID: 47, Method: device.io.swipe, Params: {"deviceId":"<android-serial-redacted>","x1":540,"y1":1320,"x2":540,"y2":0}
2026/09/22 20:00:41.159214 [INFO] WebSocket Request ID: 48, Method: device.dump.ui, Params: {"deviceId":"<android-serial-redacted>"}
2026/09/22 20:00:43.587095 [INFO] WebSocket Request ID: 49, Method: device.dump.ui, Params: {"deviceId":"<android-serial-redacted>"}
2026/09/22 20:00:45.669115 [INFO] WebSocket Request ID: 50, Method: device.dump.ui, Params: {"deviceId":"<android-serial-redacted>"}
2026/09/22 20:00:47.604695 [INFO] WebSocket Request ID: 51, Method: device.io.tap, Params: {"deviceId":"<android-serial-redacted>","x":921,"y":1975}
2026/09/22 20:00:47.637882 [INFO] WebSocket Request ID: 52, Method: device.dump.ui, Params: {"deviceId":"<android-serial-redacted>"}
2026/09/22 20:00:49.081035 [INFO] WebSocket Request ID: 53, Method: device.dump.ui, Params: {"deviceId":"<android-serial-redacted>"}
2026/09/22 20:00:50.199396 [INFO] WebSocket Request ID: 54, Method: device.dump.ui, Params: {"deviceId":"<android-serial-redacted>"}
2026/09/22 20:00:51.637878 [INFO] WebSocket Request ID: 55, Method: device.dump.ui, Params: {"deviceId":"<android-serial-redacted>"}
2026/09/22 20:00:52.968317 [INFO] WebSocket Request ID: 56, Method: device.io.tap, Params: {"deviceId":"<android-serial-redacted>","x":654,"y":1423}
2026/09/22 20:00:53.002572 [INFO] WebSocket Request ID: 57, Method: device.dump.ui, Params: {"deviceId":"<android-serial-redacted>"}
2026/09/22 20:00:54.510008 [INFO] WebSocket Request ID: 58, Method: device.screenshot, Params: {"deviceId":"<android-serial-redacted>"}
2026/09/22 20:00:55.034017 [INFO] WebSocket Request ID: 59, Method: device.dump.ui, Params: {"deviceId":"<android-serial-redacted>"}
2026/09/22 20:00:56.248511 [VERBOSE] WebSocket connection closed: websocket: close 1005 (no status)
2026/09/22 20:00:56.248872 [INFO] Received signal terminated, shutting down gracefully...
2026/09/22 20:00:56.249167 [INFO] Server stopped
