2026-09-22T17:56:24.963Z mw:driver-mobilecli listing devices
2026-09-22T17:56:24.999Z mw:driver-mobilecli found 1 device(s)
2026/09/22 17:56:25.010718 [VERBOSE] no remote token: failed to get token from keyring: The name org.freedesktop.secrets was not provided by any .service files
2026/09/22 17:56:25.011084 [INFO] Starting server on http://localhost:12000...
2026-09-22T17:56:25.513Z mw:driver-mobilecli connecting to ws://localhost:12000/ws
2026/09/22 17:56:25.513263 [VERBOSE] WebSocket connection closed: websocket: close 1005 (no status)
2026-09-22T17:56:25.515Z mw:driver-mobilecli websocket connected
2026-09-22T17:56:25.515Z mw:driver-mobilecli listing devices
2026-09-22T17:56:25.551Z mw:driver-mobilecli found 1 device(s)
2026-09-22T17:56:25.551Z mw:driver-mobilecli resolved device eus-qualification-pixel7-api35 (platform=android, type=emulator)
2026-09-22T17:56:25.552Z mw:driver-mobilecli running: <host-path>/qualification/mobilewright/harness/node_modules/@mobilenext/mobilecli-linux-amd64/mobilecli-linux-amd64 agent status --device eus-qualification-pixel7-api35
2026-09-22T17:56:25.558Z mw:driver-mobilecli agent status output: {
  "status": "ok",
  "data": {
    "message": "no agent needed for android devices"
  }
}
2026/09/22 17:56:25.559170 [INFO] WebSocket Request ID: 1, Method: device.apps.list, Params: {"deviceId":"eus-qualification-pixel7-api35"}
2026/09/22 17:56:25.621473 [INFO] WebSocket Request ID: 2, Method: device.apps.uninstall, Params: {"deviceId":"eus-qualification-pixel7-api35","bundleId":"com.omnipizza.app"}
2026/09/22 17:56:25.736391 [INFO] WebSocket Request ID: 3, Method: device.apps.list, Params: {"deviceId":"eus-qualification-pixel7-api35"}
2026-09-22T17:56:26.321Z mw:driver-mobilecli installing <host-path>/omnipizza-release.apk
2026/09/22 17:56:26.323184 [INFO] WebSocket Request ID: 4, Method: device.apps.install, Params: {"deviceId":"eus-qualification-pixel7-api35","path":"<host-path>/omnipizza-release.apk"}
2026-09-22T17:56:28.770Z mw:driver-mobilecli installed <host-path>/omnipizza-release.apk
2026/09/22 17:56:28.770951 [INFO] WebSocket Request ID: 5, Method: device.apps.list, Params: {"deviceId":"eus-qualification-pixel7-api35"}
2026-09-22T17:56:28.838Z mw:driver-mobilecli launching com.omnipizza.app
2026/09/22 17:56:28.838778 [INFO] WebSocket Request ID: 6, Method: device.apps.launch, Params: {"deviceId":"eus-qualification-pixel7-api35","bundleId":"com.omnipizza.app"}
2026-09-22T17:56:29.000Z mw:driver-mobilecli launched com.omnipizza.app
2026-09-22T17:56:29.000Z mw:device waiting for com.omnipizza.app to reach foreground
2026/09/22 17:56:29.000597 [INFO] WebSocket Request ID: 7, Method: device.apps.foreground, Params: {"deviceId":"eus-qualification-pixel7-api35"}
2026/09/22 17:56:30.204493 [INFO] WebSocket Request ID: 8, Method: device.apps.foreground, Params: {"deviceId":"eus-qualification-pixel7-api35"}
2026-09-22T17:56:30.699Z mw:device com.omnipizza.app is in foreground
2026/09/22 17:56:30.700122 [INFO] WebSocket Request ID: 9, Method: device.dump.ui, Params: {"deviceId":"eus-qualification-pixel7-api35"}
2026/09/22 17:56:31.662629 [INFO] WebSocket Request ID: 10, Method: device.dump.ui, Params: {"deviceId":"eus-qualification-pixel7-api35"}
2026/09/22 17:56:32.436507 [INFO] WebSocket Request ID: 11, Method: device.dump.ui, Params: {"deviceId":"eus-qualification-pixel7-api35"}
2026/09/22 17:56:32.925812 [INFO] WebSocket Request ID: 12, Method: device.io.tap, Params: {"deviceId":"eus-qualification-pixel7-api35","x":247,"y":1568}
2026/09/22 17:56:32.930214 [INFO] WebSocket Request ID: 13, Method: device.dump.ui, Params: {"deviceId":"eus-qualification-pixel7-api35"}
2026/09/22 17:56:33.096282 [INFO] WebSocket Request ID: 14, Method: device.dump.ui, Params: {"deviceId":"eus-qualification-pixel7-api35"}
2026/09/22 17:56:33.197665 [INFO] WebSocket Request ID: 15, Method: device.io.tap, Params: {"deviceId":"eus-qualification-pixel7-api35","x":540,"y":1344}
2026/09/22 17:56:33.207945 [INFO] WebSocket Request ID: 16, Method: device.io.keys, Params: {"deviceId":"eus-qualification-pixel7-api35","keys":["ctrl+a","backspace"]}
2026/09/22 17:56:33.824506 [INFO] WebSocket Request ID: 17, Method: device.dump.ui, Params: {"deviceId":"eus-qualification-pixel7-api35"}
2026/09/22 17:56:34.546832 [INFO] WebSocket Request ID: 18, Method: device.io.text, Params: {"deviceId":"eus-qualification-pixel7-api35","text":"pizza123"}
2026/09/22 17:56:35.055336 [INFO] WebSocket Request ID: 19, Method: device.dump.ui, Params: {"deviceId":"eus-qualification-pixel7-api35"}
2026/09/22 17:56:35.765144 [INFO] WebSocket Request ID: 20, Method: device.dump.ui, Params: {"deviceId":"eus-qualification-pixel7-api35"}
2026/09/22 17:56:35.880237 [INFO] WebSocket Request ID: 21, Method: device.io.tap, Params: {"deviceId":"eus-qualification-pixel7-api35","x":540,"y":1107}
2026/09/22 17:56:35.888124 [INFO] WebSocket Request ID: 22, Method: device.io.keys, Params: {"deviceId":"eus-qualification-pixel7-api35","keys":["ctrl+a","backspace"]}
2026/09/22 17:56:36.207381 [INFO] WebSocket Request ID: 23, Method: device.dump.ui, Params: {"deviceId":"eus-qualification-pixel7-api35"}
2026/09/22 17:56:37.132946 [INFO] WebSocket Request ID: 24, Method: device.io.text, Params: {"deviceId":"eus-qualification-pixel7-api35","text":"standard_user"}
2026/09/22 17:56:38.131510 [INFO] WebSocket Request ID: 25, Method: device.dump.ui, Params: {"deviceId":"eus-qualification-pixel7-api35"}
2026/09/22 17:56:38.584478 [INFO] WebSocket Request ID: 26, Method: device.dump.ui, Params: {"deviceId":"eus-qualification-pixel7-api35"}
2026/09/22 17:56:38.701660 [INFO] WebSocket Request ID: 27, Method: device.dump.ui, Params: {"deviceId":"eus-qualification-pixel7-api35"}
2026/09/22 17:56:38.815772 [INFO] WebSocket Request ID: 28, Method: device.dump.ui, Params: {"deviceId":"eus-qualification-pixel7-api35"}
2026/09/22 17:56:38.935997 [INFO] WebSocket Request ID: 29, Method: device.dump.ui, Params: {"deviceId":"eus-qualification-pixel7-api35"}
2026/09/22 17:56:39.142337 [INFO] WebSocket Request ID: 30, Method: device.dump.ui, Params: {"deviceId":"eus-qualification-pixel7-api35"}
2026/09/22 17:56:39.258152 [INFO] WebSocket Request ID: 31, Method: device.io.tap, Params: {"deviceId":"eus-qualification-pixel7-api35","x":540,"y":766}
2026/09/22 17:56:39.265085 [INFO] WebSocket Request ID: 32, Method: device.info, Params: {"deviceId":"eus-qualification-pixel7-api35"}
2026/09/22 17:56:39.285397 [INFO] WebSocket Request ID: 33, Method: device.dump.ui, Params: {"deviceId":"eus-qualification-pixel7-api35"}
2026/09/22 17:56:39.878079 [INFO] WebSocket Request ID: 34, Method: device.dump.ui, Params: {"deviceId":"eus-qualification-pixel7-api35"}
2026/09/22 17:56:40.037020 [INFO] WebSocket Request ID: 35, Method: device.dump.ui, Params: {"deviceId":"eus-qualification-pixel7-api35"}
2026/09/22 17:56:40.122684 [INFO] WebSocket Request ID: 36, Method: device.io.tap, Params: {"deviceId":"eus-qualification-pixel7-api35","x":540,"y":1752}
2026/09/22 17:56:40.128204 [INFO] WebSocket Request ID: 37, Method: device.dump.ui, Params: {"deviceId":"eus-qualification-pixel7-api35"}
2026/09/22 17:56:41.049227 [INFO] WebSocket Request ID: 38, Method: device.dump.ui, Params: {"deviceId":"eus-qualification-pixel7-api35"}
2026/09/22 17:56:43.034013 [INFO] WebSocket Request ID: 39, Method: device.dump.ui, Params: {"deviceId":"eus-qualification-pixel7-api35"}
2026/09/22 17:56:43.173473 [INFO] WebSocket Request ID: 40, Method: device.dump.ui, Params: {"deviceId":"eus-qualification-pixel7-api35"}
2026/09/22 17:56:43.299583 [INFO] WebSocket Request ID: 41, Method: device.info, Params: {"deviceId":"eus-qualification-pixel7-api35"}
2026/09/22 17:56:43.316133 [INFO] WebSocket Request ID: 42, Method: device.io.swipe, Params: {"deviceId":"eus-qualification-pixel7-api35","x1":540,"y1":1200,"x2":540,"y2":0}
2026/09/22 17:56:44.348322 [INFO] WebSocket Request ID: 43, Method: device.info, Params: {"deviceId":"eus-qualification-pixel7-api35"}
2026/09/22 17:56:44.394851 [INFO] WebSocket Request ID: 44, Method: device.dump.ui, Params: {"deviceId":"eus-qualification-pixel7-api35"}
2026/09/22 17:56:45.217047 [INFO] WebSocket Request ID: 45, Method: device.info, Params: {"deviceId":"eus-qualification-pixel7-api35"}
2026/09/22 17:56:45.232856 [INFO] WebSocket Request ID: 46, Method: device.io.swipe, Params: {"deviceId":"eus-qualification-pixel7-api35","x1":540,"y1":1200,"x2":540,"y2":0}
2026/09/22 17:56:46.475486 [INFO] WebSocket Request ID: 47, Method: device.dump.ui, Params: {"deviceId":"eus-qualification-pixel7-api35"}
2026/09/22 17:56:46.852099 [INFO] WebSocket Request ID: 48, Method: device.info, Params: {"deviceId":"eus-qualification-pixel7-api35"}
2026/09/22 17:56:46.868644 [INFO] WebSocket Request ID: 49, Method: device.io.swipe, Params: {"deviceId":"eus-qualification-pixel7-api35","x1":540,"y1":1200,"x2":540,"y2":0}
2026/09/22 17:56:48.092219 [INFO] WebSocket Request ID: 50, Method: device.dump.ui, Params: {"deviceId":"eus-qualification-pixel7-api35"}
2026/09/22 17:56:48.881005 [INFO] WebSocket Request ID: 51, Method: device.info, Params: {"deviceId":"eus-qualification-pixel7-api35"}
2026/09/22 17:56:48.896718 [INFO] WebSocket Request ID: 52, Method: device.io.swipe, Params: {"deviceId":"eus-qualification-pixel7-api35","x1":540,"y1":1200,"x2":540,"y2":0}
2026/09/22 17:56:50.108258 [INFO] WebSocket Request ID: 53, Method: device.dump.ui, Params: {"deviceId":"eus-qualification-pixel7-api35"}
2026/09/22 17:56:50.821358 [INFO] WebSocket Request ID: 54, Method: device.info, Params: {"deviceId":"eus-qualification-pixel7-api35"}
2026/09/22 17:56:50.837343 [INFO] WebSocket Request ID: 55, Method: device.io.swipe, Params: {"deviceId":"eus-qualification-pixel7-api35","x1":540,"y1":1200,"x2":540,"y2":0}
2026/09/22 17:56:52.064876 [INFO] WebSocket Request ID: 56, Method: device.dump.ui, Params: {"deviceId":"eus-qualification-pixel7-api35"}
2026/09/22 17:56:52.762363 [INFO] WebSocket Request ID: 57, Method: device.info, Params: {"deviceId":"eus-qualification-pixel7-api35"}
2026/09/22 17:56:52.778071 [INFO] WebSocket Request ID: 58, Method: device.io.swipe, Params: {"deviceId":"eus-qualification-pixel7-api35","x1":540,"y1":1200,"x2":540,"y2":0}
2026/09/22 17:56:54.051842 [INFO] WebSocket Request ID: 59, Method: device.dump.ui, Params: {"deviceId":"eus-qualification-pixel7-api35"}
2026/09/22 17:56:54.417885 [INFO] WebSocket Request ID: 60, Method: device.dump.ui, Params: {"deviceId":"eus-qualification-pixel7-api35"}
2026/09/22 17:56:54.606430 [INFO] WebSocket Request ID: 61, Method: device.dump.ui, Params: {"deviceId":"eus-qualification-pixel7-api35"}
2026/09/22 17:56:54.733029 [INFO] WebSocket Request ID: 62, Method: device.io.tap, Params: {"deviceId":"eus-qualification-pixel7-api35","x":941,"y":1867}
2026/09/22 17:56:54.737472 [INFO] WebSocket Request ID: 63, Method: device.dump.ui, Params: {"deviceId":"eus-qualification-pixel7-api35"}
2026/09/22 17:56:55.975496 [INFO] WebSocket Request ID: 64, Method: device.dump.ui, Params: {"deviceId":"eus-qualification-pixel7-api35"}
2026/09/22 17:56:56.408389 [INFO] WebSocket Request ID: 65, Method: device.dump.ui, Params: {"deviceId":"eus-qualification-pixel7-api35"}
2026/09/22 17:56:56.960440 [INFO] WebSocket Request ID: 66, Method: device.dump.ui, Params: {"deviceId":"eus-qualification-pixel7-api35"}
2026/09/22 17:56:57.087615 [INFO] WebSocket Request ID: 67, Method: device.io.tap, Params: {"deviceId":"eus-qualification-pixel7-api35","x":657,"y":1233}
2026/09/22 17:56:57.092160 [INFO] WebSocket Request ID: 68, Method: device.dump.ui, Params: {"deviceId":"eus-qualification-pixel7-api35"}
2026/09/22 17:56:57.786085 [INFO] WebSocket Request ID: 69, Method: device.screenshot, Params: {"deviceId":"eus-qualification-pixel7-api35"}
2026/09/22 17:56:58.012167 [INFO] WebSocket Request ID: 70, Method: device.dump.ui, Params: {"deviceId":"eus-qualification-pixel7-api35"}
2026/09/22 17:56:58.140147 [VERBOSE] WebSocket connection closed: websocket: close 1005 (no status)
2026/09/22 17:56:58.140308 [INFO] Received signal terminated, shutting down gracefully...
2026/09/22 17:56:58.140377 [INFO] Server stopped
