2026-09-24T00:45:44.193Z mw:driver-mobilecli listing devices
2026-09-24T00:45:44.239Z mw:driver-mobilecli found 1 device(s)
2026/09/24 00:45:44.250338 [VERBOSE] no remote token: failed to get token from keyring: The name org.freedesktop.secrets was not provided by any .service files
2026/09/24 00:45:44.250643 [INFO] Starting server on http://localhost:12000...
2026-09-24T00:45:44.752Z mw:driver-mobilecli connecting to ws://localhost:12000/ws
2026/09/24 00:45:44.751986 [VERBOSE] WebSocket connection closed: websocket: close 1005 (no status)
2026-09-24T00:45:44.754Z mw:driver-mobilecli websocket connected
2026-09-24T00:45:44.754Z mw:driver-mobilecli listing devices
2026-09-24T00:45:44.798Z mw:driver-mobilecli found 1 device(s)
2026-09-24T00:45:44.798Z mw:driver-mobilecli resolved device eus-qualification-pixel7-api35 (platform=android, type=emulator)
2026-09-24T00:45:44.798Z mw:driver-mobilecli running: <host-path>/qualification/mobilewright/harness/node_modules/@mobilenext/mobilecli-linux-amd64/mobilecli-linux-amd64 agent status --device eus-qualification-pixel7-api35
2026-09-24T00:45:44.805Z mw:driver-mobilecli agent status output: {
  "status": "ok",
  "data": {
    "message": "no agent needed for android devices"
  }
}
2026/09/24 00:45:44.806498 [INFO] WebSocket Request ID: 1, Method: device.apps.list, Params: {"deviceId":"eus-qualification-pixel7-api35"}
2026/09/24 00:45:44.847016 [INFO] WebSocket Request ID: 2, Method: device.apps.uninstall, Params: {"deviceId":"eus-qualification-pixel7-api35","bundleId":"com.omnipizza.app"}
2026/09/24 00:45:45.009061 [INFO] WebSocket Request ID: 3, Method: device.apps.list, Params: {"deviceId":"eus-qualification-pixel7-api35"}
2026-09-24T00:45:45.155Z mw:driver-mobilecli installing <host-path>/omnipizza-release.apk
2026/09/24 00:45:45.157987 [INFO] WebSocket Request ID: 4, Method: device.apps.install, Params: {"deviceId":"eus-qualification-pixel7-api35","path":"<host-path>/omnipizza-release.apk"}
2026-09-24T00:45:48.268Z mw:driver-mobilecli installed <host-path>/omnipizza-release.apk
2026/09/24 00:45:48.268672 [INFO] WebSocket Request ID: 5, Method: device.apps.list, Params: {"deviceId":"eus-qualification-pixel7-api35"}
2026/09/24 00:45:48.450334 [INFO] WebSocket Request ID: 6, Method: device.url, Params: {"deviceId":"eus-qualification-pixel7-api35","url":"omnipizza://checkout?market=US&hydrateCart=true&accessToken=<redacted-token-fragment>…(333 bytes total)
2026/09/24 00:45:48.776078 [INFO] WebSocket Request ID: 7, Method: device.dump.ui, Params: {"deviceId":"eus-qualification-pixel7-api35"}
2026/09/24 00:45:51.302044 [INFO] WebSocket Request ID: 8, Method: device.dump.ui, Params: {"deviceId":"eus-qualification-pixel7-api35"}
2026/09/24 00:45:51.483631 [INFO] WebSocket Request ID: 9, Method: device.dump.ui, Params: {"deviceId":"eus-qualification-pixel7-api35"}
2026/09/24 00:45:51.666563 [INFO] WebSocket Request ID: 10, Method: device.dump.ui, Params: {"deviceId":"eus-qualification-pixel7-api35"}
2026/09/24 00:45:51.846335 [INFO] WebSocket Request ID: 11, Method: device.dump.ui, Params: {"deviceId":"eus-qualification-pixel7-api35"}
2026/09/24 00:45:52.036010 [INFO] WebSocket Request ID: 12, Method: device.dump.ui, Params: {"deviceId":"eus-qualification-pixel7-api35"}
2026/09/24 00:45:52.260690 [INFO] WebSocket Request ID: 13, Method: device.dump.ui, Params: {"deviceId":"eus-qualification-pixel7-api35"}
2026/09/24 00:45:52.436992 [INFO] WebSocket Request ID: 14, Method: device.dump.ui, Params: {"deviceId":"eus-qualification-pixel7-api35"}
2026/09/24 00:45:52.612622 [INFO] WebSocket Request ID: 15, Method: device.dump.ui, Params: {"deviceId":"eus-qualification-pixel7-api35"}
2026/09/24 00:45:52.789508 [INFO] WebSocket Request ID: 16, Method: device.dump.ui, Params: {"deviceId":"eus-qualification-pixel7-api35"}
2026/09/24 00:45:52.972790 [INFO] WebSocket Request ID: 17, Method: device.dump.ui, Params: {"deviceId":"eus-qualification-pixel7-api35"}
2026/09/24 00:45:53.147494 [INFO] WebSocket Request ID: 18, Method: device.dump.ui, Params: {"deviceId":"eus-qualification-pixel7-api35"}
2026/09/24 00:45:53.324426 [INFO] WebSocket Request ID: 19, Method: device.dump.ui, Params: {"deviceId":"eus-qualification-pixel7-api35"}
2026/09/24 00:45:53.506814 [INFO] WebSocket Request ID: 20, Method: device.dump.ui, Params: {"deviceId":"eus-qualification-pixel7-api35"}
2026/09/24 00:45:53.717713 [INFO] WebSocket Request ID: 21, Method: device.dump.ui, Params: {"deviceId":"eus-qualification-pixel7-api35"}
2026/09/24 00:45:53.889057 [INFO] WebSocket Request ID: 22, Method: device.dump.ui, Params: {"deviceId":"eus-qualification-pixel7-api35"}
2026/09/24 00:45:54.067983 [INFO] WebSocket Request ID: 23, Method: device.dump.ui, Params: {"deviceId":"eus-qualification-pixel7-api35"}
2026/09/24 00:45:54.246676 [INFO] WebSocket Request ID: 24, Method: device.dump.ui, Params: {"deviceId":"eus-qualification-pixel7-api35"}
2026/09/24 00:45:54.422462 [INFO] WebSocket Request ID: 25, Method: device.dump.ui, Params: {"deviceId":"eus-qualification-pixel7-api35"}
2026/09/24 00:45:54.598847 [INFO] WebSocket Request ID: 26, Method: device.dump.ui, Params: {"deviceId":"eus-qualification-pixel7-api35"}
2026/09/24 00:45:54.772794 [INFO] WebSocket Request ID: 27, Method: device.dump.ui, Params: {"deviceId":"eus-qualification-pixel7-api35"}
2026/09/24 00:45:54.960250 [INFO] WebSocket Request ID: 28, Method: device.dump.ui, Params: {"deviceId":"eus-qualification-pixel7-api35"}
2026/09/24 00:45:55.165076 [INFO] WebSocket Request ID: 29, Method: device.dump.ui, Params: {"deviceId":"eus-qualification-pixel7-api35"}
2026/09/24 00:45:55.340187 [INFO] WebSocket Request ID: 30, Method: device.dump.ui, Params: {"deviceId":"eus-qualification-pixel7-api35"}
2026/09/24 00:45:55.520643 [INFO] WebSocket Request ID: 31, Method: device.dump.ui, Params: {"deviceId":"eus-qualification-pixel7-api35"}
2026/09/24 00:45:55.696696 [INFO] WebSocket Request ID: 32, Method: device.dump.ui, Params: {"deviceId":"eus-qualification-pixel7-api35"}
2026/09/24 00:45:55.893484 [INFO] WebSocket Request ID: 33, Method: device.dump.ui, Params: {"deviceId":"eus-qualification-pixel7-api35"}
2026/09/24 00:45:56.071432 [INFO] WebSocket Request ID: 34, Method: device.dump.ui, Params: {"deviceId":"eus-qualification-pixel7-api35"}
2026/09/24 00:45:56.265031 [INFO] WebSocket Request ID: 35, Method: device.dump.ui, Params: {"deviceId":"eus-qualification-pixel7-api35"}
2026/09/24 00:45:56.443528 [INFO] WebSocket Request ID: 36, Method: device.dump.ui, Params: {"deviceId":"eus-qualification-pixel7-api35"}
2026/09/24 00:45:56.632605 [INFO] WebSocket Request ID: 37, Method: device.dump.ui, Params: {"deviceId":"eus-qualification-pixel7-api35"}
2026/09/24 00:45:56.837880 [INFO] WebSocket Request ID: 38, Method: device.dump.ui, Params: {"deviceId":"eus-qualification-pixel7-api35"}
2026/09/24 00:45:57.012541 [INFO] WebSocket Request ID: 39, Method: device.dump.ui, Params: {"deviceId":"eus-qualification-pixel7-api35"}
2026/09/24 00:45:57.183378 [INFO] WebSocket Request ID: 40, Method: device.dump.ui, Params: {"deviceId":"eus-qualification-pixel7-api35"}
2026/09/24 00:45:57.367917 [INFO] WebSocket Request ID: 41, Method: device.dump.ui, Params: {"deviceId":"eus-qualification-pixel7-api35"}
2026/09/24 00:45:57.544444 [INFO] WebSocket Request ID: 42, Method: device.dump.ui, Params: {"deviceId":"eus-qualification-pixel7-api35"}
2026/09/24 00:45:57.720749 [INFO] WebSocket Request ID: 43, Method: device.dump.ui, Params: {"deviceId":"eus-qualification-pixel7-api35"}
2026/09/24 00:45:57.908763 [INFO] WebSocket Request ID: 44, Method: device.dump.ui, Params: {"deviceId":"eus-qualification-pixel7-api35"}
2026/09/24 00:45:58.082130 [INFO] WebSocket Request ID: 45, Method: device.dump.ui, Params: {"deviceId":"eus-qualification-pixel7-api35"}
2026/09/24 00:45:58.268502 [INFO] WebSocket Request ID: 46, Method: device.dump.ui, Params: {"deviceId":"eus-qualification-pixel7-api35"}
2026/09/24 00:45:58.474628 [INFO] WebSocket Request ID: 47, Method: device.dump.ui, Params: {"deviceId":"eus-qualification-pixel7-api35"}
2026/09/24 00:45:58.648066 [INFO] WebSocket Request ID: 48, Method: device.dump.ui, Params: {"deviceId":"eus-qualification-pixel7-api35"}
2026/09/24 00:45:58.821824 [INFO] WebSocket Request ID: 49, Method: device.dump.ui, Params: {"deviceId":"eus-qualification-pixel7-api35"}
2026/09/24 00:45:58.998929 [INFO] WebSocket Request ID: 50, Method: device.dump.ui, Params: {"deviceId":"eus-qualification-pixel7-api35"}
2026/09/24 00:45:59.175650 [INFO] WebSocket Request ID: 51, Method: device.dump.ui, Params: {"deviceId":"eus-qualification-pixel7-api35"}
2026/09/24 00:45:59.351100 [INFO] WebSocket Request ID: 52, Method: device.dump.ui, Params: {"deviceId":"eus-qualification-pixel7-api35"}
2026/09/24 00:45:59.525407 [INFO] WebSocket Request ID: 53, Method: device.dump.ui, Params: {"deviceId":"eus-qualification-pixel7-api35"}
2026/09/24 00:45:59.698456 [INFO] WebSocket Request ID: 54, Method: device.dump.ui, Params: {"deviceId":"eus-qualification-pixel7-api35"}
2026/09/24 00:45:59.878403 [INFO] WebSocket Request ID: 55, Method: device.dump.ui, Params: {"deviceId":"eus-qualification-pixel7-api35"}
2026/09/24 00:46:00.083924 [INFO] WebSocket Request ID: 56, Method: device.dump.ui, Params: {"deviceId":"eus-qualification-pixel7-api35"}
2026/09/24 00:46:00.263866 [INFO] WebSocket Request ID: 57, Method: device.dump.ui, Params: {"deviceId":"eus-qualification-pixel7-api35"}
2026/09/24 00:46:00.959124 [INFO] WebSocket Request ID: 58, Method: device.dump.ui, Params: {"deviceId":"eus-qualification-pixel7-api35"}
2026/09/24 00:46:01.131605 [INFO] WebSocket Request ID: 59, Method: device.dump.ui, Params: {"deviceId":"eus-qualification-pixel7-api35"}
2026/09/24 00:46:01.303305 [INFO] WebSocket Request ID: 60, Method: device.dump.ui, Params: {"deviceId":"eus-qualification-pixel7-api35"}
2026/09/24 00:46:01.479914 [INFO] WebSocket Request ID: 61, Method: device.dump.ui, Params: {"deviceId":"eus-qualification-pixel7-api35"}
2026/09/24 00:46:01.657468 [INFO] WebSocket Request ID: 62, Method: device.dump.ui, Params: {"deviceId":"eus-qualification-pixel7-api35"}
2026/09/24 00:46:01.835890 [INFO] WebSocket Request ID: 63, Method: device.dump.ui, Params: {"deviceId":"eus-qualification-pixel7-api35"}
2026/09/24 00:46:02.044637 [INFO] WebSocket Request ID: 64, Method: device.dump.ui, Params: {"deviceId":"eus-qualification-pixel7-api35"}
2026/09/24 00:46:02.221151 [INFO] WebSocket Request ID: 65, Method: device.dump.ui, Params: {"deviceId":"eus-qualification-pixel7-api35"}
2026/09/24 00:46:02.396510 [INFO] WebSocket Request ID: 66, Method: device.dump.ui, Params: {"deviceId":"eus-qualification-pixel7-api35"}
2026/09/24 00:46:02.572423 [INFO] WebSocket Request ID: 67, Method: device.dump.ui, Params: {"deviceId":"eus-qualification-pixel7-api35"}
2026/09/24 00:46:02.748570 [INFO] WebSocket Request ID: 68, Method: device.dump.ui, Params: {"deviceId":"eus-qualification-pixel7-api35"}
2026/09/24 00:46:02.929222 [INFO] WebSocket Request ID: 69, Method: device.dump.ui, Params: {"deviceId":"eus-qualification-pixel7-api35"}
2026/09/24 00:46:03.108838 [INFO] WebSocket Request ID: 70, Method: device.dump.ui, Params: {"deviceId":"eus-qualification-pixel7-api35"}
2026/09/24 00:46:03.313295 [INFO] WebSocket Request ID: 71, Method: device.dump.ui, Params: {"deviceId":"eus-qualification-pixel7-api35"}
2026/09/24 00:46:03.523822 [INFO] WebSocket Request ID: 72, Method: device.dump.ui, Params: {"deviceId":"eus-qualification-pixel7-api35"}
2026/09/24 00:46:03.702426 [INFO] WebSocket Request ID: 73, Method: device.dump.ui, Params: {"deviceId":"eus-qualification-pixel7-api35"}
2026/09/24 00:46:03.880240 [INFO] WebSocket Request ID: 74, Method: device.dump.ui, Params: {"deviceId":"eus-qualification-pixel7-api35"}
2026/09/24 00:46:04.056932 [INFO] WebSocket Request ID: 75, Method: device.dump.ui, Params: {"deviceId":"eus-qualification-pixel7-api35"}
2026/09/24 00:46:04.234090 [INFO] WebSocket Request ID: 76, Method: device.dump.ui, Params: {"deviceId":"eus-qualification-pixel7-api35"}
2026/09/24 00:46:04.409447 [INFO] WebSocket Request ID: 77, Method: device.dump.ui, Params: {"deviceId":"eus-qualification-pixel7-api35"}
2026/09/24 00:46:04.587883 [INFO] WebSocket Request ID: 78, Method: device.dump.ui, Params: {"deviceId":"eus-qualification-pixel7-api35"}
2026/09/24 00:46:04.764285 [INFO] WebSocket Request ID: 79, Method: device.dump.ui, Params: {"deviceId":"eus-qualification-pixel7-api35"}
2026/09/24 00:46:04.973544 [INFO] WebSocket Request ID: 80, Method: device.dump.ui, Params: {"deviceId":"eus-qualification-pixel7-api35"}
2026/09/24 00:46:05.152094 [INFO] WebSocket Request ID: 81, Method: device.dump.ui, Params: {"deviceId":"eus-qualification-pixel7-api35"}
2026/09/24 00:46:05.329136 [INFO] WebSocket Request ID: 82, Method: device.dump.ui, Params: {"deviceId":"eus-qualification-pixel7-api35"}
2026/09/24 00:46:05.508097 [INFO] WebSocket Request ID: 83, Method: device.dump.ui, Params: {"deviceId":"eus-qualification-pixel7-api35"}
2026/09/24 00:46:05.687177 [INFO] WebSocket Request ID: 84, Method: device.dump.ui, Params: {"deviceId":"eus-qualification-pixel7-api35"}
2026/09/24 00:46:05.862894 [INFO] WebSocket Request ID: 85, Method: device.dump.ui, Params: {"deviceId":"eus-qualification-pixel7-api35"}
2026/09/24 00:46:06.041011 [INFO] WebSocket Request ID: 86, Method: device.dump.ui, Params: {"deviceId":"eus-qualification-pixel7-api35"}
2026/09/24 00:46:06.224741 [INFO] WebSocket Request ID: 87, Method: device.dump.ui, Params: {"deviceId":"eus-qualification-pixel7-api35"}
2026/09/24 00:46:06.430166 [INFO] WebSocket Request ID: 88, Method: device.dump.ui, Params: {"deviceId":"eus-qualification-pixel7-api35"}
2026/09/24 00:46:06.604190 [INFO] WebSocket Request ID: 89, Method: device.dump.ui, Params: {"deviceId":"eus-qualification-pixel7-api35"}
2026/09/24 00:46:06.782289 [INFO] WebSocket Request ID: 90, Method: device.dump.ui, Params: {"deviceId":"eus-qualification-pixel7-api35"}
2026/09/24 00:46:06.960469 [INFO] WebSocket Request ID: 91, Method: device.dump.ui, Params: {"deviceId":"eus-qualification-pixel7-api35"}
2026/09/24 00:46:07.136478 [INFO] WebSocket Request ID: 92, Method: device.dump.ui, Params: {"deviceId":"eus-qualification-pixel7-api35"}
2026/09/24 00:46:07.315212 [INFO] WebSocket Request ID: 93, Method: device.dump.ui, Params: {"deviceId":"eus-qualification-pixel7-api35"}
2026/09/24 00:46:07.493749 [INFO] WebSocket Request ID: 94, Method: device.dump.ui, Params: {"deviceId":"eus-qualification-pixel7-api35"}
2026/09/24 00:46:07.676560 [INFO] WebSocket Request ID: 95, Method: device.dump.ui, Params: {"deviceId":"eus-qualification-pixel7-api35"}
2026/09/24 00:46:07.890360 [INFO] WebSocket Request ID: 96, Method: device.dump.ui, Params: {"deviceId":"eus-qualification-pixel7-api35"}
2026/09/24 00:46:08.069703 [INFO] WebSocket Request ID: 97, Method: device.dump.ui, Params: {"deviceId":"eus-qualification-pixel7-api35"}
2026/09/24 00:46:08.248284 [INFO] WebSocket Request ID: 98, Method: device.dump.ui, Params: {"deviceId":"eus-qualification-pixel7-api35"}
2026/09/24 00:46:08.426726 [INFO] WebSocket Request ID: 99, Method: device.dump.ui, Params: {"deviceId":"eus-qualification-pixel7-api35"}
2026/09/24 00:46:08.605862 [INFO] WebSocket Request ID: 100, Method: device.dump.ui, Params: {"deviceId":"eus-qualification-pixel7-api35"}
2026/09/24 00:46:08.785306 [INFO] WebSocket Request ID: 101, Method: device.dump.ui, Params: {"deviceId":"eus-qualification-pixel7-api35"}
2026/09/24 00:46:08.962916 [INFO] WebSocket Request ID: 102, Method: device.dump.ui, Params: {"deviceId":"eus-qualification-pixel7-api35"}
2026/09/24 00:46:09.145275 [INFO] WebSocket Request ID: 103, Method: device.dump.ui, Params: {"deviceId":"eus-qualification-pixel7-api35"}
2026/09/24 00:46:09.349709 [INFO] WebSocket Request ID: 104, Method: device.dump.ui, Params: {"deviceId":"eus-qualification-pixel7-api35"}
2026/09/24 00:46:09.524446 [INFO] WebSocket Request ID: 105, Method: device.dump.ui, Params: {"deviceId":"eus-qualification-pixel7-api35"}
2026/09/24 00:46:09.697718 [INFO] WebSocket Request ID: 106, Method: device.dump.ui, Params: {"deviceId":"eus-qualification-pixel7-api35"}
2026/09/24 00:46:09.872064 [INFO] WebSocket Request ID: 107, Method: device.dump.ui, Params: {"deviceId":"eus-qualification-pixel7-api35"}
2026/09/24 00:46:10.048098 [INFO] WebSocket Request ID: 108, Method: device.dump.ui, Params: {"deviceId":"eus-qualification-pixel7-api35"}
2026/09/24 00:46:10.227021 [INFO] WebSocket Request ID: 109, Method: device.dump.ui, Params: {"deviceId":"eus-qualification-pixel7-api35"}
2026/09/24 00:46:10.401447 [INFO] WebSocket Request ID: 110, Method: device.dump.ui, Params: {"deviceId":"eus-qualification-pixel7-api35"}
2026/09/24 00:46:10.596596 [INFO] WebSocket Request ID: 111, Method: device.dump.ui, Params: {"deviceId":"eus-qualification-pixel7-api35"}
2026/09/24 00:46:10.804412 [INFO] WebSocket Request ID: 112, Method: device.dump.ui, Params: {"deviceId":"eus-qualification-pixel7-api35"}
2026/09/24 00:46:10.981304 [INFO] WebSocket Request ID: 113, Method: device.dump.ui, Params: {"deviceId":"eus-qualification-pixel7-api35"}
2026/09/24 00:46:11.155665 [INFO] WebSocket Request ID: 114, Method: device.dump.ui, Params: {"deviceId":"eus-qualification-pixel7-api35"}
2026/09/24 00:46:11.327577 [INFO] WebSocket Request ID: 115, Method: device.dump.ui, Params: {"deviceId":"eus-qualification-pixel7-api35"}
2026/09/24 00:46:11.505125 [INFO] WebSocket Request ID: 116, Method: device.dump.ui, Params: {"deviceId":"eus-qualification-pixel7-api35"}
2026/09/24 00:46:11.679141 [INFO] WebSocket Request ID: 117, Method: device.dump.ui, Params: {"deviceId":"eus-qualification-pixel7-api35"}
2026/09/24 00:46:11.853828 [INFO] WebSocket Request ID: 118, Method: device.dump.ui, Params: {"deviceId":"eus-qualification-pixel7-api35"}
2026/09/24 00:46:12.033788 [INFO] WebSocket Request ID: 119, Method: device.dump.ui, Params: {"deviceId":"eus-qualification-pixel7-api35"}
2026/09/24 00:46:12.247445 [INFO] WebSocket Request ID: 120, Method: device.dump.ui, Params: {"deviceId":"eus-qualification-pixel7-api35"}
2026/09/24 00:46:12.422716 [INFO] WebSocket Request ID: 121, Method: device.dump.ui, Params: {"deviceId":"eus-qualification-pixel7-api35"}
2026/09/24 00:46:12.600134 [INFO] WebSocket Request ID: 122, Method: device.dump.ui, Params: {"deviceId":"eus-qualification-pixel7-api35"}
2026/09/24 00:46:12.780887 [INFO] WebSocket Request ID: 123, Method: device.dump.ui, Params: {"deviceId":"eus-qualification-pixel7-api35"}
2026/09/24 00:46:12.960243 [INFO] WebSocket Request ID: 124, Method: device.dump.ui, Params: {"deviceId":"eus-qualification-pixel7-api35"}
2026/09/24 00:46:13.133902 [INFO] WebSocket Request ID: 125, Method: device.dump.ui, Params: {"deviceId":"eus-qualification-pixel7-api35"}
2026/09/24 00:46:13.310566 [INFO] WebSocket Request ID: 126, Method: device.dump.ui, Params: {"deviceId":"eus-qualification-pixel7-api35"}
2026/09/24 00:46:13.486604 [INFO] WebSocket Request ID: 127, Method: device.dump.ui, Params: {"deviceId":"eus-qualification-pixel7-api35"}
2026/09/24 00:46:13.699802 [INFO] WebSocket Request ID: 128, Method: device.dump.ui, Params: {"deviceId":"eus-qualification-pixel7-api35"}
2026/09/24 00:46:13.875916 [INFO] WebSocket Request ID: 129, Method: device.dump.ui, Params: {"deviceId":"eus-qualification-pixel7-api35"}
2026/09/24 00:46:14.050783 [INFO] WebSocket Request ID: 130, Method: device.dump.ui, Params: {"deviceId":"eus-qualification-pixel7-api35"}
2026/09/24 00:46:14.226292 [INFO] WebSocket Request ID: 131, Method: device.dump.ui, Params: {"deviceId":"eus-qualification-pixel7-api35"}
2026/09/24 00:46:14.400080 [INFO] WebSocket Request ID: 132, Method: device.dump.ui, Params: {"deviceId":"eus-qualification-pixel7-api35"}
2026/09/24 00:46:14.575246 [INFO] WebSocket Request ID: 133, Method: device.dump.ui, Params: {"deviceId":"eus-qualification-pixel7-api35"}
2026/09/24 00:46:14.749786 [INFO] WebSocket Request ID: 134, Method: device.dump.ui, Params: {"deviceId":"eus-qualification-pixel7-api35"}
2026/09/24 00:46:14.931853 [INFO] WebSocket Request ID: 135, Method: device.dump.ui, Params: {"deviceId":"eus-qualification-pixel7-api35"}
2026/09/24 00:46:15.135435 [INFO] WebSocket Request ID: 136, Method: device.dump.ui, Params: {"deviceId":"eus-qualification-pixel7-api35"}
2026/09/24 00:46:15.309710 [INFO] WebSocket Request ID: 137, Method: device.dump.ui, Params: {"deviceId":"eus-qualification-pixel7-api35"}
2026/09/24 00:46:15.487954 [INFO] WebSocket Request ID: 138, Method: device.dump.ui, Params: {"deviceId":"eus-qualification-pixel7-api35"}
2026/09/24 00:46:15.665731 [INFO] WebSocket Request ID: 139, Method: device.dump.ui, Params: {"deviceId":"eus-qualification-pixel7-api35"}
2026/09/24 00:46:15.843765 [INFO] WebSocket Request ID: 140, Method: device.dump.ui, Params: {"deviceId":"eus-qualification-pixel7-api35"}
2026/09/24 00:46:16.023875 [INFO] WebSocket Request ID: 141, Method: device.dump.ui, Params: {"deviceId":"eus-qualification-pixel7-api35"}
2026/09/24 00:46:16.204355 [INFO] WebSocket Request ID: 142, Method: device.dump.ui, Params: {"deviceId":"eus-qualification-pixel7-api35"}
2026/09/24 00:46:16.379412 [INFO] WebSocket Request ID: 143, Method: device.dump.ui, Params: {"deviceId":"eus-qualification-pixel7-api35"}
2026/09/24 00:46:16.590852 [INFO] WebSocket Request ID: 144, Method: device.dump.ui, Params: {"deviceId":"eus-qualification-pixel7-api35"}
2026/09/24 00:46:16.768292 [INFO] WebSocket Request ID: 145, Method: device.dump.ui, Params: {"deviceId":"eus-qualification-pixel7-api35"}
2026/09/24 00:46:16.947522 [INFO] WebSocket Request ID: 146, Method: device.dump.ui, Params: {"deviceId":"eus-qualification-pixel7-api35"}
2026/09/24 00:46:17.130738 [INFO] WebSocket Request ID: 147, Method: device.dump.ui, Params: {"deviceId":"eus-qualification-pixel7-api35"}
2026/09/24 00:46:17.305536 [INFO] WebSocket Request ID: 148, Method: device.dump.ui, Params: {"deviceId":"eus-qualification-pixel7-api35"}
2026/09/24 00:46:17.484296 [INFO] WebSocket Request ID: 149, Method: device.dump.ui, Params: {"deviceId":"eus-qualification-pixel7-api35"}
2026/09/24 00:46:17.661181 [INFO] WebSocket Request ID: 150, Method: device.dump.ui, Params: {"deviceId":"eus-qualification-pixel7-api35"}
2026/09/24 00:46:17.855645 [INFO] WebSocket Request ID: 151, Method: device.dump.ui, Params: {"deviceId":"eus-qualification-pixel7-api35"}
2026/09/24 00:46:18.061931 [INFO] WebSocket Request ID: 152, Method: device.dump.ui, Params: {"deviceId":"eus-qualification-pixel7-api35"}
2026/09/24 00:46:18.238318 [INFO] WebSocket Request ID: 153, Method: device.dump.ui, Params: {"deviceId":"eus-qualification-pixel7-api35"}
2026/09/24 00:46:18.415658 [INFO] WebSocket Request ID: 154, Method: device.dump.ui, Params: {"deviceId":"eus-qualification-pixel7-api35"}
2026/09/24 00:46:18.591579 [INFO] WebSocket Request ID: 155, Method: device.dump.ui, Params: {"deviceId":"eus-qualification-pixel7-api35"}
2026/09/24 00:46:18.767200 [INFO] WebSocket Request ID: 156, Method: device.dump.ui, Params: {"deviceId":"eus-qualification-pixel7-api35"}
2026/09/24 00:46:18.943659 [INFO] WebSocket Request ID: 157, Method: device.dump.ui, Params: {"deviceId":"eus-qualification-pixel7-api35"}
2026/09/24 00:46:19.118720 [INFO] WebSocket Request ID: 158, Method: device.dump.ui, Params: {"deviceId":"eus-qualification-pixel7-api35"}
2026/09/24 00:46:19.296144 [INFO] WebSocket Request ID: 159, Method: device.dump.ui, Params: {"deviceId":"eus-qualification-pixel7-api35"}
2026/09/24 00:46:19.502068 [INFO] WebSocket Request ID: 160, Method: device.dump.ui, Params: {"deviceId":"eus-qualification-pixel7-api35"}
2026/09/24 00:46:19.677208 [INFO] WebSocket Request ID: 161, Method: device.dump.ui, Params: {"deviceId":"eus-qualification-pixel7-api35"}
2026/09/24 00:46:19.853810 [INFO] WebSocket Request ID: 162, Method: device.dump.ui, Params: {"deviceId":"eus-qualification-pixel7-api35"}
2026/09/24 00:46:20.031133 [INFO] WebSocket Request ID: 163, Method: device.dump.ui, Params: {"deviceId":"eus-qualification-pixel7-api35"}
2026/09/24 00:46:20.202131 [INFO] WebSocket Request ID: 164, Method: device.dump.ui, Params: {"deviceId":"eus-qualification-pixel7-api35"}
2026/09/24 00:46:20.378968 [INFO] WebSocket Request ID: 165, Method: device.dump.ui, Params: {"deviceId":"eus-qualification-pixel7-api35"}
2026/09/24 00:46:20.555654 [INFO] WebSocket Request ID: 166, Method: device.dump.ui, Params: {"deviceId":"eus-qualification-pixel7-api35"}
2026/09/24 00:46:20.741555 [INFO] WebSocket Request ID: 167, Method: device.dump.ui, Params: {"deviceId":"eus-qualification-pixel7-api35"}
2026/09/24 00:46:20.951656 [INFO] WebSocket Request ID: 168, Method: device.dump.ui, Params: {"deviceId":"eus-qualification-pixel7-api35"}
2026/09/24 00:46:21.127056 [INFO] WebSocket Request ID: 169, Method: device.dump.ui, Params: {"deviceId":"eus-qualification-pixel7-api35"}
2026/09/24 00:46:21.306123 [INFO] WebSocket Request ID: 170, Method: device.dump.ui, Params: {"deviceId":"eus-qualification-pixel7-api35"}
2026/09/24 00:46:21.482092 [INFO] WebSocket Request ID: 171, Method: device.dump.ui, Params: {"deviceId":"eus-qualification-pixel7-api35"}
2026/09/24 00:46:21.661047 [INFO] WebSocket Request ID: 172, Method: device.dump.ui, Params: {"deviceId":"eus-qualification-pixel7-api35"}
2026/09/24 00:46:21.840304 [INFO] WebSocket Request ID: 173, Method: device.dump.ui, Params: {"deviceId":"eus-qualification-pixel7-api35"}
2026/09/24 00:46:22.017663 [INFO] WebSocket Request ID: 174, Method: device.dump.ui, Params: {"deviceId":"eus-qualification-pixel7-api35"}
2026/09/24 00:46:22.189439 [INFO] WebSocket Request ID: 175, Method: device.dump.ui, Params: {"deviceId":"eus-qualification-pixel7-api35"}
2026/09/24 00:46:22.394365 [INFO] WebSocket Request ID: 176, Method: device.dump.ui, Params: {"deviceId":"eus-qualification-pixel7-api35"}
2026/09/24 00:46:22.564044 [INFO] WebSocket Request ID: 177, Method: device.dump.ui, Params: {"deviceId":"eus-qualification-pixel7-api35"}
2026/09/24 00:46:22.736653 [INFO] WebSocket Request ID: 178, Method: device.dump.ui, Params: {"deviceId":"eus-qualification-pixel7-api35"}
2026/09/24 00:46:22.912906 [INFO] WebSocket Request ID: 179, Method: device.dump.ui, Params: {"deviceId":"eus-qualification-pixel7-api35"}
2026/09/24 00:46:23.578560 [INFO] WebSocket Request ID: 180, Method: device.dump.ui, Params: {"deviceId":"eus-qualification-pixel7-api35"}
2026/09/24 00:46:23.755511 [INFO] WebSocket Request ID: 181, Method: device.dump.ui, Params: {"deviceId":"eus-qualification-pixel7-api35"}
2026/09/24 00:46:23.930314 [INFO] WebSocket Request ID: 182, Method: device.dump.ui, Params: {"deviceId":"eus-qualification-pixel7-api35"}
2026/09/24 00:46:24.110499 [INFO] WebSocket Request ID: 183, Method: device.dump.ui, Params: {"deviceId":"eus-qualification-pixel7-api35"}
2026/09/24 00:46:24.319951 [INFO] WebSocket Request ID: 184, Method: device.dump.ui, Params: {"deviceId":"eus-qualification-pixel7-api35"}
2026/09/24 00:46:24.496390 [INFO] WebSocket Request ID: 185, Method: device.dump.ui, Params: {"deviceId":"eus-qualification-pixel7-api35"}
2026/09/24 00:46:24.672976 [INFO] WebSocket Request ID: 186, Method: device.dump.ui, Params: {"deviceId":"eus-qualification-pixel7-api35"}
2026/09/24 00:46:24.850273 [INFO] WebSocket Request ID: 187, Method: device.dump.ui, Params: {"deviceId":"eus-qualification-pixel7-api35"}
2026/09/24 00:46:25.026019 [INFO] WebSocket Request ID: 188, Method: device.dump.ui, Params: {"deviceId":"eus-qualification-pixel7-api35"}
2026/09/24 00:46:25.203653 [INFO] WebSocket Request ID: 189, Method: device.dump.ui, Params: {"deviceId":"eus-qualification-pixel7-api35"}
2026/09/24 00:46:25.379775 [INFO] WebSocket Request ID: 190, Method: device.dump.ui, Params: {"deviceId":"eus-qualification-pixel7-api35"}
2026/09/24 00:46:25.558486 [INFO] WebSocket Request ID: 191, Method: device.dump.ui, Params: {"deviceId":"eus-qualification-pixel7-api35"}
2026/09/24 00:46:25.766984 [INFO] WebSocket Request ID: 192, Method: device.dump.ui, Params: {"deviceId":"eus-qualification-pixel7-api35"}
2026/09/24 00:46:25.943189 [INFO] WebSocket Request ID: 193, Method: device.dump.ui, Params: {"deviceId":"eus-qualification-pixel7-api35"}
2026/09/24 00:46:26.120912 [INFO] WebSocket Request ID: 194, Method: device.dump.ui, Params: {"deviceId":"eus-qualification-pixel7-api35"}
2026/09/24 00:46:26.295517 [INFO] WebSocket Request ID: 195, Method: device.dump.ui, Params: {"deviceId":"eus-qualification-pixel7-api35"}
2026/09/24 00:46:26.472038 [INFO] WebSocket Request ID: 196, Method: device.dump.ui, Params: {"deviceId":"eus-qualification-pixel7-api35"}
2026/09/24 00:46:26.647035 [INFO] WebSocket Request ID: 197, Method: device.dump.ui, Params: {"deviceId":"eus-qualification-pixel7-api35"}
2026/09/24 00:46:26.819712 [INFO] WebSocket Request ID: 198, Method: device.dump.ui, Params: {"deviceId":"eus-qualification-pixel7-api35"}
2026/09/24 00:46:26.997460 [INFO] WebSocket Request ID: 199, Method: device.dump.ui, Params: {"deviceId":"eus-qualification-pixel7-api35"}
2026/09/24 00:46:27.203092 [INFO] WebSocket Request ID: 200, Method: device.dump.ui, Params: {"deviceId":"eus-qualification-pixel7-api35"}
2026/09/24 00:46:27.379627 [INFO] WebSocket Request ID: 201, Method: device.dump.ui, Params: {"deviceId":"eus-qualification-pixel7-api35"}
2026/09/24 00:46:27.555904 [INFO] WebSocket Request ID: 202, Method: device.dump.ui, Params: {"deviceId":"eus-qualification-pixel7-api35"}
2026/09/24 00:46:27.730462 [INFO] WebSocket Request ID: 203, Method: device.dump.ui, Params: {"deviceId":"eus-qualification-pixel7-api35"}
2026/09/24 00:46:27.902046 [INFO] WebSocket Request ID: 204, Method: device.dump.ui, Params: {"deviceId":"eus-qualification-pixel7-api35"}
2026/09/24 00:46:28.079610 [INFO] WebSocket Request ID: 205, Method: device.dump.ui, Params: {"deviceId":"eus-qualification-pixel7-api35"}
2026/09/24 00:46:28.257860 [INFO] WebSocket Request ID: 206, Method: device.dump.ui, Params: {"deviceId":"eus-qualification-pixel7-api35"}
2026/09/24 00:46:28.438787 [INFO] WebSocket Request ID: 207, Method: device.dump.ui, Params: {"deviceId":"eus-qualification-pixel7-api35"}
2026/09/24 00:46:28.649413 [INFO] WebSocket Request ID: 208, Method: device.dump.ui, Params: {"deviceId":"eus-qualification-pixel7-api35"}
2026/09/24 00:46:28.823242 [INFO] WebSocket Request ID: 209, Method: device.dump.ui, Params: {"deviceId":"eus-qualification-pixel7-api35"}
2026/09/24 00:46:28.997779 [INFO] WebSocket Request ID: 210, Method: device.dump.ui, Params: {"deviceId":"eus-qualification-pixel7-api35"}
2026/09/24 00:46:29.177129 [INFO] WebSocket Request ID: 211, Method: device.dump.ui, Params: {"deviceId":"eus-qualification-pixel7-api35"}
2026/09/24 00:46:29.352524 [INFO] WebSocket Request ID: 212, Method: device.dump.ui, Params: {"deviceId":"eus-qualification-pixel7-api35"}
2026/09/24 00:46:29.524840 [INFO] WebSocket Request ID: 213, Method: device.dump.ui, Params: {"deviceId":"eus-qualification-pixel7-api35"}
2026/09/24 00:46:29.702813 [INFO] WebSocket Request ID: 214, Method: device.dump.ui, Params: {"deviceId":"eus-qualification-pixel7-api35"}
2026/09/24 00:46:29.877909 [INFO] WebSocket Request ID: 215, Method: device.dump.ui, Params: {"deviceId":"eus-qualification-pixel7-api35"}
2026/09/24 00:46:30.068345 [INFO] WebSocket Request ID: 216, Method: device.dump.ui, Params: {"deviceId":"eus-qualification-pixel7-api35"}
2026/09/24 00:46:30.277716 [INFO] WebSocket Request ID: 217, Method: device.dump.ui, Params: {"deviceId":"eus-qualification-pixel7-api35"}
2026/09/24 00:46:30.451721 [INFO] WebSocket Request ID: 218, Method: device.dump.ui, Params: {"deviceId":"eus-qualification-pixel7-api35"}
2026/09/24 00:46:30.627736 [INFO] WebSocket Request ID: 219, Method: device.dump.ui, Params: {"deviceId":"eus-qualification-pixel7-api35"}
2026/09/24 00:46:30.804254 [INFO] WebSocket Request ID: 220, Method: device.dump.ui, Params: {"deviceId":"eus-qualification-pixel7-api35"}
2026/09/24 00:46:30.979247 [INFO] WebSocket Request ID: 221, Method: device.dump.ui, Params: {"deviceId":"eus-qualification-pixel7-api35"}
2026/09/24 00:46:31.160216 [INFO] WebSocket Request ID: 222, Method: device.dump.ui, Params: {"deviceId":"eus-qualification-pixel7-api35"}
2026/09/24 00:46:31.335096 [INFO] WebSocket Request ID: 223, Method: device.dump.ui, Params: {"deviceId":"eus-qualification-pixel7-api35"}
2026/09/24 00:46:31.506745 [INFO] WebSocket Request ID: 224, Method: device.dump.ui, Params: {"deviceId":"eus-qualification-pixel7-api35"}
2026/09/24 00:46:31.689749 [INFO] WebSocket Request ID: 225, Method: device.dump.ui, Params: {"deviceId":"eus-qualification-pixel7-api35"}
2026/09/24 00:46:31.899276 [INFO] WebSocket Request ID: 226, Method: device.dump.ui, Params: {"deviceId":"eus-qualification-pixel7-api35"}
2026/09/24 00:46:32.077049 [INFO] WebSocket Request ID: 227, Method: device.dump.ui, Params: {"deviceId":"eus-qualification-pixel7-api35"}
2026/09/24 00:46:32.263931 [INFO] WebSocket Request ID: 228, Method: device.dump.ui, Params: {"deviceId":"eus-qualification-pixel7-api35"}
2026/09/24 00:46:32.439652 [INFO] WebSocket Request ID: 229, Method: device.dump.ui, Params: {"deviceId":"eus-qualification-pixel7-api35"}
2026/09/24 00:46:32.614248 [INFO] WebSocket Request ID: 230, Method: device.dump.ui, Params: {"deviceId":"eus-qualification-pixel7-api35"}
2026/09/24 00:46:32.790770 [INFO] WebSocket Request ID: 231, Method: device.dump.ui, Params: {"deviceId":"eus-qualification-pixel7-api35"}
2026/09/24 00:46:32.980324 [INFO] WebSocket Request ID: 232, Method: device.dump.ui, Params: {"deviceId":"eus-qualification-pixel7-api35"}
2026/09/24 00:46:33.156105 [INFO] WebSocket Request ID: 233, Method: device.dump.ui, Params: {"deviceId":"eus-qualification-pixel7-api35"}
2026/09/24 00:46:33.337013 [INFO] WebSocket Request ID: 234, Method: device.dump.ui, Params: {"deviceId":"eus-qualification-pixel7-api35"}
2026/09/24 00:46:33.546229 [INFO] WebSocket Request ID: 235, Method: device.dump.ui, Params: {"deviceId":"eus-qualification-pixel7-api35"}
2026/09/24 00:46:33.728174 [INFO] WebSocket Request ID: 236, Method: device.dump.ui, Params: {"deviceId":"eus-qualification-pixel7-api35"}
2026/09/24 00:46:33.905166 [INFO] WebSocket Request ID: 237, Method: device.dump.ui, Params: {"deviceId":"eus-qualification-pixel7-api35"}
2026/09/24 00:46:34.080881 [INFO] WebSocket Request ID: 238, Method: device.dump.ui, Params: {"deviceId":"eus-qualification-pixel7-api35"}
2026/09/24 00:46:34.254474 [INFO] WebSocket Request ID: 239, Method: device.dump.ui, Params: {"deviceId":"eus-qualification-pixel7-api35"}
2026/09/24 00:46:34.429924 [INFO] WebSocket Request ID: 240, Method: device.dump.ui, Params: {"deviceId":"eus-qualification-pixel7-api35"}
2026/09/24 00:46:34.607331 [INFO] WebSocket Request ID: 241, Method: device.dump.ui, Params: {"deviceId":"eus-qualification-pixel7-api35"}
2026/09/24 00:46:34.782602 [INFO] WebSocket Request ID: 242, Method: device.dump.ui, Params: {"deviceId":"eus-qualification-pixel7-api35"}
2026/09/24 00:46:34.965895 [INFO] WebSocket Request ID: 243, Method: device.dump.ui, Params: {"deviceId":"eus-qualification-pixel7-api35"}
2026/09/24 00:46:35.173801 [INFO] WebSocket Request ID: 244, Method: device.dump.ui, Params: {"deviceId":"eus-qualification-pixel7-api35"}
2026/09/24 00:46:35.348501 [INFO] WebSocket Request ID: 245, Method: device.dump.ui, Params: {"deviceId":"eus-qualification-pixel7-api35"}
2026/09/24 00:46:35.523322 [INFO] WebSocket Request ID: 246, Method: device.dump.ui, Params: {"deviceId":"eus-qualification-pixel7-api35"}
2026/09/24 00:46:35.700169 [INFO] WebSocket Request ID: 247, Method: device.dump.ui, Params: {"deviceId":"eus-qualification-pixel7-api35"}
2026/09/24 00:46:35.879273 [INFO] WebSocket Request ID: 248, Method: device.dump.ui, Params: {"deviceId":"eus-qualification-pixel7-api35"}
2026/09/24 00:46:36.056796 [INFO] WebSocket Request ID: 249, Method: device.dump.ui, Params: {"deviceId":"eus-qualification-pixel7-api35"}
2026/09/24 00:46:36.235048 [INFO] WebSocket Request ID: 250, Method: device.dump.ui, Params: {"deviceId":"eus-qualification-pixel7-api35"}
2026/09/24 00:46:36.414482 [INFO] WebSocket Request ID: 251, Method: device.dump.ui, Params: {"deviceId":"eus-qualification-pixel7-api35"}
2026/09/24 00:46:36.598012 [INFO] WebSocket Request ID: 252, Method: device.dump.ui, Params: {"deviceId":"eus-qualification-pixel7-api35"}
2026/09/24 00:46:36.815289 [INFO] WebSocket Request ID: 253, Method: device.dump.ui, Params: {"deviceId":"eus-qualification-pixel7-api35"}
2026/09/24 00:46:36.991104 [INFO] WebSocket Request ID: 254, Method: device.dump.ui, Params: {"deviceId":"eus-qualification-pixel7-api35"}
2026/09/24 00:46:37.169156 [INFO] WebSocket Request ID: 255, Method: device.dump.ui, Params: {"deviceId":"eus-qualification-pixel7-api35"}
2026/09/24 00:46:37.343240 [INFO] WebSocket Request ID: 256, Method: device.dump.ui, Params: {"deviceId":"eus-qualification-pixel7-api35"}
2026/09/24 00:46:37.526033 [INFO] WebSocket Request ID: 257, Method: device.dump.ui, Params: {"deviceId":"eus-qualification-pixel7-api35"}
2026/09/24 00:46:37.707049 [INFO] WebSocket Request ID: 258, Method: device.dump.ui, Params: {"deviceId":"eus-qualification-pixel7-api35"}
2026/09/24 00:46:37.883621 [INFO] WebSocket Request ID: 259, Method: device.dump.ui, Params: {"deviceId":"eus-qualification-pixel7-api35"}
2026/09/24 00:46:38.061731 [INFO] WebSocket Request ID: 260, Method: device.dump.ui, Params: {"deviceId":"eus-qualification-pixel7-api35"}
2026/09/24 00:46:38.248288 [INFO] WebSocket Request ID: 261, Method: device.dump.ui, Params: {"deviceId":"eus-qualification-pixel7-api35"}
2026/09/24 00:46:38.461285 [INFO] WebSocket Request ID: 262, Method: device.dump.ui, Params: {"deviceId":"eus-qualification-pixel7-api35"}
2026/09/24 00:46:38.638878 [INFO] WebSocket Request ID: 263, Method: device.dump.ui, Params: {"deviceId":"eus-qualification-pixel7-api35"}
2026/09/24 00:46:38.818696 [INFO] WebSocket Request ID: 264, Method: device.dump.ui, Params: {"deviceId":"eus-qualification-pixel7-api35"}
2026/09/24 00:46:38.994915 [INFO] WebSocket Request ID: 265, Method: device.dump.ui, Params: {"deviceId":"eus-qualification-pixel7-api35"}
2026/09/24 00:46:39.173171 [INFO] WebSocket Request ID: 266, Method: device.dump.ui, Params: {"deviceId":"eus-qualification-pixel7-api35"}
2026/09/24 00:46:39.349631 [INFO] WebSocket Request ID: 267, Method: device.dump.ui, Params: {"deviceId":"eus-qualification-pixel7-api35"}
2026/09/24 00:46:39.526209 [INFO] WebSocket Request ID: 268, Method: device.dump.ui, Params: {"deviceId":"eus-qualification-pixel7-api35"}
2026/09/24 00:46:39.707156 [INFO] WebSocket Request ID: 269, Method: device.dump.ui, Params: {"deviceId":"eus-qualification-pixel7-api35"}
2026/09/24 00:46:39.894238 [INFO] WebSocket Request ID: 270, Method: device.dump.ui, Params: {"deviceId":"eus-qualification-pixel7-api35"}
2026/09/24 00:46:40.103206 [INFO] WebSocket Request ID: 271, Method: device.dump.ui, Params: {"deviceId":"eus-qualification-pixel7-api35"}
2026/09/24 00:46:40.282385 [INFO] WebSocket Request ID: 272, Method: device.dump.ui, Params: {"deviceId":"eus-qualification-pixel7-api35"}
2026/09/24 00:46:40.458351 [INFO] WebSocket Request ID: 273, Method: device.dump.ui, Params: {"deviceId":"eus-qualification-pixel7-api35"}
2026/09/24 00:46:40.634714 [INFO] WebSocket Request ID: 274, Method: device.dump.ui, Params: {"deviceId":"eus-qualification-pixel7-api35"}
2026/09/24 00:46:40.814097 [INFO] WebSocket Request ID: 275, Method: device.dump.ui, Params: {"deviceId":"eus-qualification-pixel7-api35"}
2026/09/24 00:46:40.990260 [INFO] WebSocket Request ID: 276, Method: device.dump.ui, Params: {"deviceId":"eus-qualification-pixel7-api35"}
2026/09/24 00:46:41.164450 [INFO] WebSocket Request ID: 277, Method: device.dump.ui, Params: {"deviceId":"eus-qualification-pixel7-api35"}
2026/09/24 00:46:41.341073 [INFO] WebSocket Request ID: 278, Method: device.dump.ui, Params: {"deviceId":"eus-qualification-pixel7-api35"}
2026/09/24 00:46:41.522860 [INFO] WebSocket Request ID: 279, Method: device.dump.ui, Params: {"deviceId":"eus-qualification-pixel7-api35"}
2026/09/24 00:46:41.732458 [INFO] WebSocket Request ID: 280, Method: device.dump.ui, Params: {"deviceId":"eus-qualification-pixel7-api35"}
2026/09/24 00:46:41.909788 [INFO] WebSocket Request ID: 281, Method: device.dump.ui, Params: {"deviceId":"eus-qualification-pixel7-api35"}
2026/09/24 00:46:42.086805 [INFO] WebSocket Request ID: 282, Method: device.dump.ui, Params: {"deviceId":"eus-qualification-pixel7-api35"}
2026/09/24 00:46:42.263857 [INFO] WebSocket Request ID: 283, Method: device.dump.ui, Params: {"deviceId":"eus-qualification-pixel7-api35"}
2026/09/24 00:46:42.443084 [INFO] WebSocket Request ID: 284, Method: device.dump.ui, Params: {"deviceId":"eus-qualification-pixel7-api35"}
2026/09/24 00:46:42.622678 [INFO] WebSocket Request ID: 285, Method: device.dump.ui, Params: {"deviceId":"eus-qualification-pixel7-api35"}
2026/09/24 00:46:42.798615 [INFO] WebSocket Request ID: 286, Method: device.dump.ui, Params: {"deviceId":"eus-qualification-pixel7-api35"}
2026/09/24 00:46:42.976727 [INFO] WebSocket Request ID: 287, Method: device.dump.ui, Params: {"deviceId":"eus-qualification-pixel7-api35"}
2026/09/24 00:46:43.160861 [INFO] WebSocket Request ID: 288, Method: device.dump.ui, Params: {"deviceId":"eus-qualification-pixel7-api35"}
2026/09/24 00:46:43.367755 [INFO] WebSocket Request ID: 289, Method: device.dump.ui, Params: {"deviceId":"eus-qualification-pixel7-api35"}
2026/09/24 00:46:43.542207 [INFO] WebSocket Request ID: 290, Method: device.dump.ui, Params: {"deviceId":"eus-qualification-pixel7-api35"}
2026/09/24 00:46:43.718638 [INFO] WebSocket Request ID: 291, Method: device.dump.ui, Params: {"deviceId":"eus-qualification-pixel7-api35"}
2026/09/24 00:46:43.895317 [INFO] WebSocket Request ID: 292, Method: device.dump.ui, Params: {"deviceId":"eus-qualification-pixel7-api35"}
2026/09/24 00:46:44.076858 [INFO] WebSocket Request ID: 293, Method: device.dump.ui, Params: {"deviceId":"eus-qualification-pixel7-api35"}
2026/09/24 00:46:44.254713 [INFO] WebSocket Request ID: 294, Method: device.dump.ui, Params: {"deviceId":"eus-qualification-pixel7-api35"}
2026/09/24 00:46:44.431843 [INFO] WebSocket Request ID: 295, Method: device.dump.ui, Params: {"deviceId":"eus-qualification-pixel7-api35"}
2026/09/24 00:46:44.607775 [INFO] WebSocket Request ID: 296, Method: device.dump.ui, Params: {"deviceId":"eus-qualification-pixel7-api35"}
2026/09/24 00:46:44.801895 [INFO] WebSocket Request ID: 297, Method: device.dump.ui, Params: {"deviceId":"eus-qualification-pixel7-api35"}
2026/09/24 00:46:45.011227 [INFO] WebSocket Request ID: 298, Method: device.dump.ui, Params: {"deviceId":"eus-qualification-pixel7-api35"}
2026/09/24 00:46:45.187766 [INFO] WebSocket Request ID: 299, Method: device.dump.ui, Params: {"deviceId":"eus-qualification-pixel7-api35"}
2026/09/24 00:46:45.366339 [INFO] WebSocket Request ID: 300, Method: device.dump.ui, Params: {"deviceId":"eus-qualification-pixel7-api35"}
2026/09/24 00:46:45.543690 [INFO] WebSocket Request ID: 301, Method: device.dump.ui, Params: {"deviceId":"eus-qualification-pixel7-api35"}
2026/09/24 00:46:45.720316 [INFO] WebSocket Request ID: 302, Method: device.dump.ui, Params: {"deviceId":"eus-qualification-pixel7-api35"}
2026/09/24 00:46:45.893351 [INFO] WebSocket Request ID: 303, Method: device.dump.ui, Params: {"deviceId":"eus-qualification-pixel7-api35"}
2026/09/24 00:46:46.070891 [INFO] WebSocket Request ID: 304, Method: device.dump.ui, Params: {"deviceId":"eus-qualification-pixel7-api35"}
2026/09/24 00:46:46.248193 [INFO] WebSocket Request ID: 305, Method: device.dump.ui, Params: {"deviceId":"eus-qualification-pixel7-api35"}
2026/09/24 00:46:46.434795 [INFO] WebSocket Request ID: 306, Method: device.dump.ui, Params: {"deviceId":"eus-qualification-pixel7-api35"}
2026/09/24 00:46:46.646725 [INFO] WebSocket Request ID: 307, Method: device.dump.ui, Params: {"deviceId":"eus-qualification-pixel7-api35"}
2026/09/24 00:46:46.827253 [INFO] WebSocket Request ID: 308, Method: device.dump.ui, Params: {"deviceId":"eus-qualification-pixel7-api35"}
2026/09/24 00:46:47.005891 [INFO] WebSocket Request ID: 309, Method: device.dump.ui, Params: {"deviceId":"eus-qualification-pixel7-api35"}
2026/09/24 00:46:47.185269 [INFO] WebSocket Request ID: 310, Method: device.dump.ui, Params: {"deviceId":"eus-qualification-pixel7-api35"}
2026/09/24 00:46:47.363520 [INFO] WebSocket Request ID: 311, Method: device.dump.ui, Params: {"deviceId":"eus-qualification-pixel7-api35"}
2026/09/24 00:46:47.546270 [INFO] WebSocket Request ID: 312, Method: device.dump.ui, Params: {"deviceId":"eus-qualification-pixel7-api35"}
2026/09/24 00:46:47.722143 [INFO] WebSocket Request ID: 313, Method: device.dump.ui, Params: {"deviceId":"eus-qualification-pixel7-api35"}
2026/09/24 00:46:47.897180 [INFO] WebSocket Request ID: 314, Method: device.dump.ui, Params: {"deviceId":"eus-qualification-pixel7-api35"}
2026/09/24 00:46:48.073511 [INFO] WebSocket Request ID: 315, Method: device.dump.ui, Params: {"deviceId":"eus-qualification-pixel7-api35"}
2026/09/24 00:46:48.278786 [INFO] WebSocket Request ID: 316, Method: device.dump.ui, Params: {"deviceId":"eus-qualification-pixel7-api35"}
2026/09/24 00:46:48.459549 [INFO] WebSocket Request ID: 317, Method: device.dump.ui, Params: {"deviceId":"eus-qualification-pixel7-api35"}
2026/09/24 00:46:48.634570 [INFO] WebSocket Request ID: 318, Method: device.dump.ui, Params: {"deviceId":"eus-qualification-pixel7-api35"}
2026/09/24 00:46:48.811309 [INFO] WebSocket Request ID: 319, Method: device.dump.ui, Params: {"deviceId":"eus-qualification-pixel7-api35"}
2026/09/24 00:46:48.990775 [INFO] WebSocket Request ID: 320, Method: device.dump.ui, Params: {"deviceId":"eus-qualification-pixel7-api35"}
2026/09/24 00:46:49.168715 [INFO] WebSocket Request ID: 321, Method: device.dump.ui, Params: {"deviceId":"eus-qualification-pixel7-api35"}
2026/09/24 00:46:49.343875 [INFO] WebSocket Request ID: 322, Method: device.dump.ui, Params: {"deviceId":"eus-qualification-pixel7-api35"}
2026/09/24 00:46:49.519672 [INFO] WebSocket Request ID: 323, Method: device.dump.ui, Params: {"deviceId":"eus-qualification-pixel7-api35"}
2026/09/24 00:46:49.702618 [INFO] WebSocket Request ID: 324, Method: device.dump.ui, Params: {"deviceId":"eus-qualification-pixel7-api35"}
2026/09/24 00:46:49.911239 [INFO] WebSocket Request ID: 325, Method: device.dump.ui, Params: {"deviceId":"eus-qualification-pixel7-api35"}
2026/09/24 00:46:50.092761 [INFO] WebSocket Request ID: 326, Method: device.dump.ui, Params: {"deviceId":"eus-qualification-pixel7-api35"}
2026/09/24 00:46:50.271324 [INFO] WebSocket Request ID: 327, Method: device.dump.ui, Params: {"deviceId":"eus-qualification-pixel7-api35"}
2026/09/24 00:46:50.446630 [INFO] WebSocket Request ID: 328, Method: device.dump.ui, Params: {"deviceId":"eus-qualification-pixel7-api35"}
2026/09/24 00:46:50.621468 [INFO] WebSocket Request ID: 329, Method: device.dump.ui, Params: {"deviceId":"eus-qualification-pixel7-api35"}
2026/09/24 00:46:50.796252 [INFO] WebSocket Request ID: 330, Method: device.dump.ui, Params: {"deviceId":"eus-qualification-pixel7-api35"}
2026/09/24 00:46:50.971413 [INFO] WebSocket Request ID: 331, Method: device.dump.ui, Params: {"deviceId":"eus-qualification-pixel7-api35"}
2026/09/24 00:46:51.146971 [INFO] WebSocket Request ID: 332, Method: device.dump.ui, Params: {"deviceId":"eus-qualification-pixel7-api35"}
2026/09/24 00:46:51.350321 [INFO] WebSocket Request ID: 333, Method: device.dump.ui, Params: {"deviceId":"eus-qualification-pixel7-api35"}
2026/09/24 00:46:51.523886 [INFO] WebSocket Request ID: 334, Method: device.dump.ui, Params: {"deviceId":"eus-qualification-pixel7-api35"}
2026/09/24 00:46:51.699518 [INFO] WebSocket Request ID: 335, Method: device.dump.ui, Params: {"deviceId":"eus-qualification-pixel7-api35"}
2026/09/24 00:46:51.877693 [INFO] WebSocket Request ID: 336, Method: device.dump.ui, Params: {"deviceId":"eus-qualification-pixel7-api35"}
2026/09/24 00:46:52.051359 [INFO] WebSocket Request ID: 337, Method: device.dump.ui, Params: {"deviceId":"eus-qualification-pixel7-api35"}
2026/09/24 00:46:52.226429 [INFO] WebSocket Request ID: 338, Method: device.dump.ui, Params: {"deviceId":"eus-qualification-pixel7-api35"}
2026/09/24 00:46:52.402629 [INFO] WebSocket Request ID: 339, Method: device.dump.ui, Params: {"deviceId":"eus-qualification-pixel7-api35"}
2026/09/24 00:46:52.577608 [INFO] WebSocket Request ID: 340, Method: device.dump.ui, Params: {"deviceId":"eus-qualification-pixel7-api35"}
2026/09/24 00:46:52.773330 [INFO] WebSocket Request ID: 341, Method: device.dump.ui, Params: {"deviceId":"eus-qualification-pixel7-api35"}
2026/09/24 00:46:52.981747 [INFO] WebSocket Request ID: 342, Method: device.dump.ui, Params: {"deviceId":"eus-qualification-pixel7-api35"}
2026/09/24 00:46:53.579003 [INFO] WebSocket Request ID: 343, Method: device.dump.ui, Params: {"deviceId":"eus-qualification-pixel7-api35"}
2026/09/24 00:46:53.756903 [INFO] WebSocket Request ID: 344, Method: device.dump.ui, Params: {"deviceId":"eus-qualification-pixel7-api35"}
2026/09/24 00:46:53.930841 [INFO] WebSocket Request ID: 345, Method: device.dump.ui, Params: {"deviceId":"eus-qualification-pixel7-api35"}
2026/09/24 00:46:54.107335 [INFO] WebSocket Request ID: 346, Method: device.dump.ui, Params: {"deviceId":"eus-qualification-pixel7-api35"}
2026/09/24 00:46:54.281370 [INFO] WebSocket Request ID: 347, Method: device.dump.ui, Params: {"deviceId":"eus-qualification-pixel7-api35"}
2026/09/24 00:46:54.456672 [INFO] WebSocket Request ID: 348, Method: device.dump.ui, Params: {"deviceId":"eus-qualification-pixel7-api35"}
2026/09/24 00:46:54.627383 [INFO] WebSocket Request ID: 349, Method: device.dump.ui, Params: {"deviceId":"eus-qualification-pixel7-api35"}
2026/09/24 00:46:54.835446 [INFO] WebSocket Request ID: 350, Method: device.dump.ui, Params: {"deviceId":"eus-qualification-pixel7-api35"}
2026/09/24 00:46:55.009648 [INFO] WebSocket Request ID: 351, Method: device.dump.ui, Params: {"deviceId":"eus-qualification-pixel7-api35"}
2026/09/24 00:46:55.198566 [INFO] WebSocket Request ID: 352, Method: device.dump.ui, Params: {"deviceId":"eus-qualification-pixel7-api35"}
2026/09/24 00:46:55.371637 [INFO] WebSocket Request ID: 353, Method: device.dump.ui, Params: {"deviceId":"eus-qualification-pixel7-api35"}
2026/09/24 00:46:55.546004 [INFO] WebSocket Request ID: 354, Method: device.dump.ui, Params: {"deviceId":"eus-qualification-pixel7-api35"}
2026/09/24 00:46:55.719615 [INFO] WebSocket Request ID: 355, Method: device.dump.ui, Params: {"deviceId":"eus-qualification-pixel7-api35"}
2026/09/24 00:46:55.896697 [INFO] WebSocket Request ID: 356, Method: device.dump.ui, Params: {"deviceId":"eus-qualification-pixel7-api35"}
2026/09/24 00:46:56.069458 [INFO] WebSocket Request ID: 357, Method: device.dump.ui, Params: {"deviceId":"eus-qualification-pixel7-api35"}
2026/09/24 00:46:56.250076 [INFO] WebSocket Request ID: 358, Method: device.dump.ui, Params: {"deviceId":"eus-qualification-pixel7-api35"}
2026/09/24 00:46:56.459502 [INFO] WebSocket Request ID: 359, Method: device.dump.ui, Params: {"deviceId":"eus-qualification-pixel7-api35"}
2026/09/24 00:46:56.634258 [INFO] WebSocket Request ID: 360, Method: device.dump.ui, Params: {"deviceId":"eus-qualification-pixel7-api35"}
2026/09/24 00:46:56.810637 [INFO] WebSocket Request ID: 361, Method: device.dump.ui, Params: {"deviceId":"eus-qualification-pixel7-api35"}
2026/09/24 00:46:56.990256 [INFO] WebSocket Request ID: 362, Method: device.dump.ui, Params: {"deviceId":"eus-qualification-pixel7-api35"}
2026/09/24 00:46:57.165559 [INFO] WebSocket Request ID: 363, Method: device.dump.ui, Params: {"deviceId":"eus-qualification-pixel7-api35"}
2026/09/24 00:46:57.343279 [INFO] WebSocket Request ID: 364, Method: device.dump.ui, Params: {"deviceId":"eus-qualification-pixel7-api35"}
2026/09/24 00:46:57.518822 [INFO] WebSocket Request ID: 365, Method: device.dump.ui, Params: {"deviceId":"eus-qualification-pixel7-api35"}
2026/09/24 00:46:57.691647 [INFO] WebSocket Request ID: 366, Method: device.dump.ui, Params: {"deviceId":"eus-qualification-pixel7-api35"}
2026/09/24 00:46:57.883716 [INFO] WebSocket Request ID: 367, Method: device.dump.ui, Params: {"deviceId":"eus-qualification-pixel7-api35"}
2026/09/24 00:46:58.095200 [INFO] WebSocket Request ID: 368, Method: device.dump.ui, Params: {"deviceId":"eus-qualification-pixel7-api35"}
2026/09/24 00:46:58.269369 [INFO] WebSocket Request ID: 369, Method: device.dump.ui, Params: {"deviceId":"eus-qualification-pixel7-api35"}
2026/09/24 00:46:58.445250 [INFO] WebSocket Request ID: 370, Method: device.dump.ui, Params: {"deviceId":"eus-qualification-pixel7-api35"}
2026/09/24 00:46:58.622194 [INFO] WebSocket Request ID: 371, Method: device.dump.ui, Params: {"deviceId":"eus-qualification-pixel7-api35"}
2026/09/24 00:46:58.797072 [INFO] WebSocket Request ID: 372, Method: device.dump.ui, Params: {"deviceId":"eus-qualification-pixel7-api35"}
2026/09/24 00:46:58.970802 [INFO] WebSocket Request ID: 373, Method: device.dump.ui, Params: {"deviceId":"eus-qualification-pixel7-api35"}
2026/09/24 00:46:59.146323 [INFO] WebSocket Request ID: 374, Method: device.dump.ui, Params: {"deviceId":"eus-qualification-pixel7-api35"}
2026/09/24 00:46:59.321982 [INFO] WebSocket Request ID: 375, Method: device.dump.ui, Params: {"deviceId":"eus-qualification-pixel7-api35"}
2026/09/24 00:46:59.498816 [INFO] WebSocket Request ID: 376, Method: device.dump.ui, Params: {"deviceId":"eus-qualification-pixel7-api35"}
2026/09/24 00:46:59.709575 [INFO] WebSocket Request ID: 377, Method: device.dump.ui, Params: {"deviceId":"eus-qualification-pixel7-api35"}
2026/09/24 00:46:59.883653 [INFO] WebSocket Request ID: 378, Method: device.dump.ui, Params: {"deviceId":"eus-qualification-pixel7-api35"}
2026/09/24 00:47:00.066326 [INFO] WebSocket Request ID: 379, Method: device.dump.ui, Params: {"deviceId":"eus-qualification-pixel7-api35"}
2026/09/24 00:47:00.250516 [INFO] WebSocket Request ID: 380, Method: device.dump.ui, Params: {"deviceId":"eus-qualification-pixel7-api35"}
2026/09/24 00:47:00.969167 [INFO] WebSocket Request ID: 381, Method: device.dump.ui, Params: {"deviceId":"eus-qualification-pixel7-api35"}
2026/09/24 00:47:01.145186 [INFO] WebSocket Request ID: 382, Method: device.dump.ui, Params: {"deviceId":"eus-qualification-pixel7-api35"}
2026/09/24 00:47:01.323204 [INFO] WebSocket Request ID: 383, Method: device.dump.ui, Params: {"deviceId":"eus-qualification-pixel7-api35"}
2026/09/24 00:47:01.502104 [INFO] WebSocket Request ID: 384, Method: device.dump.ui, Params: {"deviceId":"eus-qualification-pixel7-api35"}
2026/09/24 00:47:01.688637 [INFO] WebSocket Request ID: 385, Method: device.dump.ui, Params: {"deviceId":"eus-qualification-pixel7-api35"}
2026/09/24 00:47:01.899183 [INFO] WebSocket Request ID: 386, Method: device.dump.ui, Params: {"deviceId":"eus-qualification-pixel7-api35"}
2026/09/24 00:47:02.073859 [INFO] WebSocket Request ID: 387, Method: device.dump.ui, Params: {"deviceId":"eus-qualification-pixel7-api35"}
2026/09/24 00:47:02.250059 [INFO] WebSocket Request ID: 388, Method: device.dump.ui, Params: {"deviceId":"eus-qualification-pixel7-api35"}
2026/09/24 00:47:02.426992 [INFO] WebSocket Request ID: 389, Method: device.dump.ui, Params: {"deviceId":"eus-qualification-pixel7-api35"}
2026/09/24 00:47:02.601234 [INFO] WebSocket Request ID: 390, Method: device.dump.ui, Params: {"deviceId":"eus-qualification-pixel7-api35"}
2026/09/24 00:47:02.777496 [INFO] WebSocket Request ID: 391, Method: device.dump.ui, Params: {"deviceId":"eus-qualification-pixel7-api35"}
2026/09/24 00:47:02.956696 [INFO] WebSocket Request ID: 392, Method: device.dump.ui, Params: {"deviceId":"eus-qualification-pixel7-api35"}
2026/09/24 00:47:03.131723 [INFO] WebSocket Request ID: 393, Method: device.dump.ui, Params: {"deviceId":"eus-qualification-pixel7-api35"}
2026/09/24 00:47:03.316623 [INFO] WebSocket Request ID: 394, Method: device.dump.ui, Params: {"deviceId":"eus-qualification-pixel7-api35"}
2026/09/24 00:47:03.525480 [INFO] WebSocket Request ID: 395, Method: device.dump.ui, Params: {"deviceId":"eus-qualification-pixel7-api35"}
2026/09/24 00:47:03.699308 [INFO] WebSocket Request ID: 396, Method: device.dump.ui, Params: {"deviceId":"eus-qualification-pixel7-api35"}
2026/09/24 00:47:03.874531 [INFO] WebSocket Request ID: 397, Method: device.dump.ui, Params: {"deviceId":"eus-qualification-pixel7-api35"}
2026/09/24 00:47:04.050120 [INFO] WebSocket Request ID: 398, Method: device.dump.ui, Params: {"deviceId":"eus-qualification-pixel7-api35"}
2026/09/24 00:47:04.226414 [INFO] WebSocket Request ID: 399, Method: device.dump.ui, Params: {"deviceId":"eus-qualification-pixel7-api35"}
2026/09/24 00:47:04.401502 [INFO] WebSocket Request ID: 400, Method: device.dump.ui, Params: {"deviceId":"eus-qualification-pixel7-api35"}
2026/09/24 00:47:04.579724 [INFO] WebSocket Request ID: 401, Method: device.dump.ui, Params: {"deviceId":"eus-qualification-pixel7-api35"}
2026/09/24 00:47:04.754473 [INFO] WebSocket Request ID: 402, Method: device.dump.ui, Params: {"deviceId":"eus-qualification-pixel7-api35"}
2026/09/24 00:47:04.930209 [INFO] WebSocket Request ID: 403, Method: device.dump.ui, Params: {"deviceId":"eus-qualification-pixel7-api35"}
2026/09/24 00:47:05.144950 [INFO] WebSocket Request ID: 404, Method: device.dump.ui, Params: {"deviceId":"eus-qualification-pixel7-api35"}
2026/09/24 00:47:05.323217 [INFO] WebSocket Request ID: 405, Method: device.dump.ui, Params: {"deviceId":"eus-qualification-pixel7-api35"}
2026/09/24 00:47:05.497883 [INFO] WebSocket Request ID: 406, Method: device.dump.ui, Params: {"deviceId":"eus-qualification-pixel7-api35"}
2026/09/24 00:47:05.676803 [INFO] WebSocket Request ID: 407, Method: device.dump.ui, Params: {"deviceId":"eus-qualification-pixel7-api35"}
2026/09/24 00:47:05.852300 [INFO] WebSocket Request ID: 408, Method: device.dump.ui, Params: {"deviceId":"eus-qualification-pixel7-api35"}
2026/09/24 00:47:06.027419 [INFO] WebSocket Request ID: 409, Method: device.dump.ui, Params: {"deviceId":"eus-qualification-pixel7-api35"}
2026/09/24 00:47:06.206102 [INFO] WebSocket Request ID: 410, Method: device.dump.ui, Params: {"deviceId":"eus-qualification-pixel7-api35"}
2026/09/24 00:47:06.382972 [INFO] WebSocket Request ID: 411, Method: device.dump.ui, Params: {"deviceId":"eus-qualification-pixel7-api35"}
2026/09/24 00:47:06.567627 [INFO] WebSocket Request ID: 412, Method: device.dump.ui, Params: {"deviceId":"eus-qualification-pixel7-api35"}
2026/09/24 00:47:06.774201 [INFO] WebSocket Request ID: 413, Method: device.dump.ui, Params: {"deviceId":"eus-qualification-pixel7-api35"}
2026/09/24 00:47:06.951038 [INFO] WebSocket Request ID: 414, Method: device.dump.ui, Params: {"deviceId":"eus-qualification-pixel7-api35"}
2026/09/24 00:47:07.129261 [INFO] WebSocket Request ID: 415, Method: device.dump.ui, Params: {"deviceId":"eus-qualification-pixel7-api35"}
2026/09/24 00:47:07.304024 [INFO] WebSocket Request ID: 416, Method: device.dump.ui, Params: {"deviceId":"eus-qualification-pixel7-api35"}
2026/09/24 00:47:07.485415 [INFO] WebSocket Request ID: 417, Method: device.dump.ui, Params: {"deviceId":"eus-qualification-pixel7-api35"}
2026/09/24 00:47:07.660009 [INFO] WebSocket Request ID: 418, Method: device.dump.ui, Params: {"deviceId":"eus-qualification-pixel7-api35"}
2026/09/24 00:47:07.834903 [INFO] WebSocket Request ID: 419, Method: device.dump.ui, Params: {"deviceId":"eus-qualification-pixel7-api35"}
2026/09/24 00:47:08.014835 [INFO] WebSocket Request ID: 420, Method: device.dump.ui, Params: {"deviceId":"eus-qualification-pixel7-api35"}
2026/09/24 00:47:08.190491 [INFO] WebSocket Request ID: 421, Method: device.dump.ui, Params: {"deviceId":"eus-qualification-pixel7-api35"}
2026/09/24 00:47:08.403967 [INFO] WebSocket Request ID: 422, Method: device.dump.ui, Params: {"deviceId":"eus-qualification-pixel7-api35"}
2026/09/24 00:47:08.582732 [INFO] WebSocket Request ID: 423, Method: device.dump.ui, Params: {"deviceId":"eus-qualification-pixel7-api35"}
2026/09/24 00:47:08.758281 [INFO] WebSocket Request ID: 424, Method: device.dump.ui, Params: {"deviceId":"eus-qualification-pixel7-api35"}
2026/09/24 00:47:08.931150 [INFO] WebSocket Request ID: 425, Method: device.dump.ui, Params: {"deviceId":"eus-qualification-pixel7-api35"}
2026/09/24 00:47:09.105258 [INFO] WebSocket Request ID: 426, Method: device.dump.ui, Params: {"deviceId":"eus-qualification-pixel7-api35"}
2026/09/24 00:47:09.279805 [INFO] WebSocket Request ID: 427, Method: device.dump.ui, Params: {"deviceId":"eus-qualification-pixel7-api35"}
2026/09/24 00:47:09.457890 [INFO] WebSocket Request ID: 428, Method: device.dump.ui, Params: {"deviceId":"eus-qualification-pixel7-api35"}
2026/09/24 00:47:09.633209 [INFO] WebSocket Request ID: 429, Method: device.dump.ui, Params: {"deviceId":"eus-qualification-pixel7-api35"}
2026/09/24 00:47:09.826585 [INFO] WebSocket Request ID: 430, Method: device.dump.ui, Params: {"deviceId":"eus-qualification-pixel7-api35"}
2026/09/24 00:47:10.035317 [INFO] WebSocket Request ID: 431, Method: device.dump.ui, Params: {"deviceId":"eus-qualification-pixel7-api35"}
2026/09/24 00:47:10.213142 [INFO] WebSocket Request ID: 432, Method: device.dump.ui, Params: {"deviceId":"eus-qualification-pixel7-api35"}
2026/09/24 00:47:10.393345 [INFO] WebSocket Request ID: 433, Method: device.dump.ui, Params: {"deviceId":"eus-qualification-pixel7-api35"}
2026/09/24 00:47:10.567449 [INFO] WebSocket Request ID: 434, Method: device.dump.ui, Params: {"deviceId":"eus-qualification-pixel7-api35"}
2026/09/24 00:47:10.743636 [INFO] WebSocket Request ID: 435, Method: device.dump.ui, Params: {"deviceId":"eus-qualification-pixel7-api35"}
2026/09/24 00:47:10.922980 [INFO] WebSocket Request ID: 436, Method: device.dump.ui, Params: {"deviceId":"eus-qualification-pixel7-api35"}
2026/09/24 00:47:11.098066 [INFO] WebSocket Request ID: 437, Method: device.dump.ui, Params: {"deviceId":"eus-qualification-pixel7-api35"}
2026/09/24 00:47:11.276474 [INFO] WebSocket Request ID: 438, Method: device.dump.ui, Params: {"deviceId":"eus-qualification-pixel7-api35"}
2026/09/24 00:47:11.450621 [INFO] WebSocket Request ID: 439, Method: device.dump.ui, Params: {"deviceId":"eus-qualification-pixel7-api35"}
2026/09/24 00:47:11.659500 [INFO] WebSocket Request ID: 440, Method: device.dump.ui, Params: {"deviceId":"eus-qualification-pixel7-api35"}
2026/09/24 00:47:11.835498 [INFO] WebSocket Request ID: 441, Method: device.dump.ui, Params: {"deviceId":"eus-qualification-pixel7-api35"}
2026/09/24 00:47:12.011221 [INFO] WebSocket Request ID: 442, Method: device.dump.ui, Params: {"deviceId":"eus-qualification-pixel7-api35"}
2026/09/24 00:47:12.186747 [INFO] WebSocket Request ID: 443, Method: device.dump.ui, Params: {"deviceId":"eus-qualification-pixel7-api35"}
2026/09/24 00:47:12.367250 [INFO] WebSocket Request ID: 444, Method: device.dump.ui, Params: {"deviceId":"eus-qualification-pixel7-api35"}
2026/09/24 00:47:12.542917 [INFO] WebSocket Request ID: 445, Method: device.dump.ui, Params: {"deviceId":"eus-qualification-pixel7-api35"}
2026/09/24 00:47:12.717383 [INFO] WebSocket Request ID: 446, Method: device.dump.ui, Params: {"deviceId":"eus-qualification-pixel7-api35"}
2026/09/24 00:47:12.891117 [INFO] WebSocket Request ID: 447, Method: device.dump.ui, Params: {"deviceId":"eus-qualification-pixel7-api35"}
2026/09/24 00:47:13.074100 [INFO] WebSocket Request ID: 448, Method: device.dump.ui, Params: {"deviceId":"eus-qualification-pixel7-api35"}
2026/09/24 00:47:13.284054 [INFO] WebSocket Request ID: 449, Method: device.dump.ui, Params: {"deviceId":"eus-qualification-pixel7-api35"}
2026/09/24 00:47:13.459845 [INFO] WebSocket Request ID: 450, Method: device.dump.ui, Params: {"deviceId":"eus-qualification-pixel7-api35"}
2026/09/24 00:47:13.635827 [INFO] WebSocket Request ID: 451, Method: device.dump.ui, Params: {"deviceId":"eus-qualification-pixel7-api35"}
2026/09/24 00:47:13.810036 [INFO] WebSocket Request ID: 452, Method: device.dump.ui, Params: {"deviceId":"eus-qualification-pixel7-api35"}
2026/09/24 00:47:13.986698 [INFO] WebSocket Request ID: 453, Method: device.dump.ui, Params: {"deviceId":"eus-qualification-pixel7-api35"}
2026/09/24 00:47:14.161564 [INFO] WebSocket Request ID: 454, Method: device.dump.ui, Params: {"deviceId":"eus-qualification-pixel7-api35"}
2026/09/24 00:47:14.337204 [INFO] WebSocket Request ID: 455, Method: device.dump.ui, Params: {"deviceId":"eus-qualification-pixel7-api35"}
2026/09/24 00:47:14.514765 [INFO] WebSocket Request ID: 456, Method: device.dump.ui, Params: {"deviceId":"eus-qualification-pixel7-api35"}
2026/09/24 00:47:14.689870 [INFO] WebSocket Request ID: 457, Method: device.dump.ui, Params: {"deviceId":"eus-qualification-pixel7-api35"}
2026/09/24 00:47:14.895436 [INFO] WebSocket Request ID: 458, Method: device.dump.ui, Params: {"deviceId":"eus-qualification-pixel7-api35"}
2026/09/24 00:47:15.070486 [INFO] WebSocket Request ID: 459, Method: device.dump.ui, Params: {"deviceId":"eus-qualification-pixel7-api35"}
2026/09/24 00:47:15.245703 [INFO] WebSocket Request ID: 460, Method: device.dump.ui, Params: {"deviceId":"eus-qualification-pixel7-api35"}
2026/09/24 00:47:15.423510 [INFO] WebSocket Request ID: 461, Method: device.dump.ui, Params: {"deviceId":"eus-qualification-pixel7-api35"}
2026/09/24 00:47:15.598174 [INFO] WebSocket Request ID: 462, Method: device.dump.ui, Params: {"deviceId":"eus-qualification-pixel7-api35"}
2026/09/24 00:47:15.770406 [INFO] WebSocket Request ID: 463, Method: device.dump.ui, Params: {"deviceId":"eus-qualification-pixel7-api35"}
2026/09/24 00:47:15.947075 [INFO] WebSocket Request ID: 464, Method: device.dump.ui, Params: {"deviceId":"eus-qualification-pixel7-api35"}
2026/09/24 00:47:16.119282 [INFO] WebSocket Request ID: 465, Method: device.dump.ui, Params: {"deviceId":"eus-qualification-pixel7-api35"}
2026/09/24 00:47:16.301074 [INFO] WebSocket Request ID: 466, Method: device.dump.ui, Params: {"deviceId":"eus-qualification-pixel7-api35"}
2026/09/24 00:47:16.509624 [INFO] WebSocket Request ID: 467, Method: device.dump.ui, Params: {"deviceId":"eus-qualification-pixel7-api35"}
2026/09/24 00:47:16.682421 [INFO] WebSocket Request ID: 468, Method: device.dump.ui, Params: {"deviceId":"eus-qualification-pixel7-api35"}
2026/09/24 00:47:16.858294 [INFO] WebSocket Request ID: 469, Method: device.dump.ui, Params: {"deviceId":"eus-qualification-pixel7-api35"}
2026/09/24 00:47:17.032138 [INFO] WebSocket Request ID: 470, Method: device.dump.ui, Params: {"deviceId":"eus-qualification-pixel7-api35"}
2026/09/24 00:47:17.207209 [INFO] WebSocket Request ID: 471, Method: device.dump.ui, Params: {"deviceId":"eus-qualification-pixel7-api35"}
2026/09/24 00:47:17.387251 [INFO] WebSocket Request ID: 472, Method: device.dump.ui, Params: {"deviceId":"eus-qualification-pixel7-api35"}
2026/09/24 00:47:17.564557 [INFO] WebSocket Request ID: 473, Method: device.dump.ui, Params: {"deviceId":"eus-qualification-pixel7-api35"}
2026/09/24 00:47:17.743421 [INFO] WebSocket Request ID: 474, Method: device.dump.ui, Params: {"deviceId":"eus-qualification-pixel7-api35"}
2026/09/24 00:47:17.922646 [INFO] WebSocket Request ID: 475, Method: device.dump.ui, Params: {"deviceId":"eus-qualification-pixel7-api35"}
2026/09/24 00:47:18.132565 [INFO] WebSocket Request ID: 476, Method: device.dump.ui, Params: {"deviceId":"eus-qualification-pixel7-api35"}
2026/09/24 00:47:18.311447 [INFO] WebSocket Request ID: 477, Method: device.dump.ui, Params: {"deviceId":"eus-qualification-pixel7-api35"}
2026/09/24 00:47:18.492513 [INFO] WebSocket Request ID: 478, Method: device.dump.ui, Params: {"deviceId":"eus-qualification-pixel7-api35"}
2026/09/24 00:47:18.669357 [INFO] WebSocket Request ID: 479, Method: device.dump.ui, Params: {"deviceId":"eus-qualification-pixel7-api35"}
2026/09/24 00:47:18.846335 [INFO] WebSocket Request ID: 480, Method: device.dump.ui, Params: {"deviceId":"eus-qualification-pixel7-api35"}
2026/09/24 00:47:18.927392 [INFO] WebSocket Request ID: 481, Method: device.screenshot, Params: {"deviceId":"eus-qualification-pixel7-api35"}
2026/09/24 00:47:19.044771 [INFO] WebSocket Request ID: 482, Method: device.dump.ui, Params: {"deviceId":"eus-qualification-pixel7-api35"}
2026/09/24 00:47:19.767715 [VERBOSE] WebSocket connection closed: websocket: close 1005 (no status)
2026/09/24 00:47:19.767815 [INFO] Received signal terminated, shutting down gracefully...
2026/09/24 00:47:19.767923 [INFO] Server stopped
