npm warn deprecated @npmcli/move-file@1.1.2: This functionality has been moved to @npmcli/fs
npm warn deprecated npmlog@6.0.2: This package is no longer supported.
npm warn deprecated inflight@1.0.6: This module is not supported, and leaks memory. Do not use it. Check out lru-cache if you want a good and tested way to coalesce async requests by a key value, which is much more comprehensive and powerful.
npm warn deprecated are-we-there-yet@3.0.1: This package is no longer supported.
npm warn deprecated gauge@4.0.4: This package is no longer supported.
npm warn deprecated dottie@2.0.7: Package no longer supported. Contact Support at https://www.npmjs.com/support for more info.
npm warn deprecated rimraf@3.0.2: Rimraf versions prior to v4 are no longer supported
npm warn deprecated crypto-js@3.3.0: Active development of CryptoJS has been discontinued. This library is no longer maintained.
npm warn deprecated prebuild-install@7.1.3: No longer maintained. Please contact the author of the relevant native addon; alternatives are available.
npm warn deprecated jws@0.2.6: Security update: Versions below 3.0.0 are deprecated.
npm warn deprecated messageformat@2.3.0: Package renamed as '@messageformat/core', see messageformat.github.io for more details. 'messageformat@4' will eventually provide a polyfill for Intl.MessageFormat, once it's been defined by Unicode & ECMA.
npm warn deprecated jsonwebtoken@0.4.0: Critical vulnerability fix in v5.0.0. See https://auth0.com/blog/2015/03/31/critical-vulnerabilities-in-json-web-token-libraries/
npm warn deprecated multer@1.4.5-lts.2: Multer 1.x is impacted by a number of vulnerabilities, which have been patched in 2.x. You should upgrade to the latest 2.x version.
npm warn deprecated notevil@1.3.3: Package no longer supported. Contact Support at https://www.npmjs.com/support for more info.
npm warn deprecated uuid@8.3.2: uuid@10 and below is no longer supported.  For ESM codebases, update to uuid@latest.  For CommonJS codebases, use uuid@11 (but be aware this version will likely be deprecated in 2028).
npm warn deprecated glob@7.2.3: Old versions of glob are not supported, and contain widely publicized security vulnerabilities, which have been fixed in the current version. Please update. Support for old versions may be purchased (at exorbitant rates) by contacting i@izs.me
npm warn deprecated glob@7.2.3: Old versions of glob are not supported, and contain widely publicized security vulnerabilities, which have been fixed in the current version. Please update. Support for old versions may be purchased (at exorbitant rates) by contacting i@izs.me
npm warn deprecated glob@7.2.3: Old versions of glob are not supported, and contain widely publicized security vulnerabilities, which have been fixed in the current version. Please update. Support for old versions may be purchased (at exorbitant rates) by contacting i@izs.me
npm warn deprecated prom-client@15.1.3: prom-client has been replaced by @prometheus-io/client
npm warn deprecated jsonwebtoken@0.1.0: Critical vulnerability fix in v5.0.0. See https://auth0.com/blog/2015/03/31/critical-vulnerabilities-in-json-web-token-libraries/
npm warn deprecated glob@7.2.3: Old versions of glob are not supported, and contain widely publicized security vulnerabilities, which have been fixed in the current version. Please update. Support for old versions may be purchased (at exorbitant rates) by contacting i@izs.me
npm warn deprecated tar@6.2.1: Old versions of tar are not supported, and contain widely publicized security vulnerabilities, which have been fixed in the current version. Please update. Support for old versions may be purchased (at exorbitant rates) by contacting i@izs.me
npm warn deprecated glob@10.5.0: Old versions of glob are not supported, and contain widely publicized security vulnerabilities, which have been fixed in the current version. Please update. Support for old versions may be purchased (at exorbitant rates) by contacting i@izs.me
npm warn deprecated eslint@9.39.5: This version is no longer supported. Please see https://eslint.org/version-support for other options.

> juice-shop@20.2.0 postinstall
> cd frontend && npm install && cd .. && npm run build:frontend && (npm run --silent build:server || cd .)

npm warn deprecated @angular/animations@22.2.1: @angular/animations is deprecated. Use `animate.enter` and `animate.leave` instead. For more information see: https://v22.angular.dev/guide/animations.
npm warn deprecated eslint@9.39.5: This version is no longer supported. Please see https://eslint.org/version-support for other options.

added 696 packages, and audited 697 packages in 30s

184 packages are looking for funding
  run `npm fund` for details

27 vulnerabilities (12 low, 3 moderate, 12 high)

To address issues that do not require attention, run:
  npm audit fix

To address all issues (including breaking changes), run:
  npm audit fix --force

Run `npm audit` for details.
npm warn install-scripts 3 packages have install scripts not yet covered by allowScripts:
npm warn install-scripts   @parcel/watcher@2.6.0 (install: node scripts/build-from-source.js)
npm warn install-scripts   esbuild@0.28.2 (postinstall: node install.js)
npm warn install-scripts   lmdb@3.5.6 (install: node-gyp-build-optional-packages)
npm warn install-scripts
npm warn install-scripts Run `npm install-scripts ls` to review, or `npm install-scripts approve <pkg>` to allow.

> juice-shop@20.2.0 build:frontend
> cd frontend && npm run build


> frontend@20.2.0 build
> ng build --configuration production && npm run sbom

❯ Building...
✔ Building...
Initial chunk files                         | Names                           |  Raw size | Estimated transfer size
main.js                                     | main                            |   1.21 MB |               228.55 kB
chunk-BuYR23IU.js                           | -                               | 367.42 kB |                92.81 kB
styles.css                                  | styles                          | 154.15 kB |                17.09 kB
chunk-BsuJpzq0.js                           | -                               | 148.43 kB |                34.50 kB
polyfills.js                                | polyfills                       |  34.59 kB |                11.33 kB
scripts.js                                  | scripts                         |  20.70 kB |                 6.09 kB
chunk-DBPdFzgj.js                           | -                               |   2.46 kB |                 1.09 kB
rolldown-runtime-BoHGiXSq.js                | -                               | 250 bytes |               250 bytes

                                            | Initial total                   |   1.94 MB |               391.71 kB

Lazy chunk files                            | Names                           |  Raw size | Estimated transfer size
chunk-Cn5-vpHp.js                           | -                               | 521.09 kB |               149.52 kB
chunk-efcD3uPo.js                           | -                               | 481.05 kB |               133.20 kB
recycle.component-DuDOPCTF.js               | recycle-component               | 100.28 kB |                19.35 kB
about.component-DmmlS7n0.js                 | about-component                 |  90.73 kB |                19.32 kB
coding-challenge-page.component-BOuSBYeg.js | coding-challenge-page-component |  45.18 kB |                13.40 kB
hacking-instructor-Dj9tjwgl.js              | index                           |  36.68 kB |                 9.26 kB
web3-sandbox.module-DrjMW0fz.js             | web3-sandbox-module             |  17.65 kB |                 5.56 kB
faucet.module-dbsvztzY.js                   | faucet-module                   |  12.52 kB |                 3.92 kB
confetti-CBIxuiwe.js                        | index                           |  11.21 kB |                 4.09 kB
chunk-LgKEbQmx.js                           | -                               |   9.28 kB |               870 bytes
wallet-web3.module-D7JAznLF.js              | wallet-web3-module              |   7.50 kB |                 2.78 kB

Application bundle generation complete. [10.343 seconds] - 2026-10-04T13:39:27.733Z

Output location: <host-path>/sut/frontend/dist/frontend


> frontend@20.2.0 sbom
> cyclonedx-esbuild --output-reproducible --output-file dist/bom/bom.json dist/frontend/stats.json


Error: Missing metafile: dist/frontend/stats.json
npm error code 254
npm error path <host-path>/sut
npm error command failed
npm error command sh -c cd frontend && npm install && cd .. && npm run build:frontend && (npm run --silent build:server || cd .)
npm error A complete log of this run can be found in: <host-path>/.npm/_logs/2026-10-04T13_38_00_561Z-debug-0.log
