2026-09-22T19:09:31.822Z mw:driver-mobilecli listing devices
2026-09-22T19:09:31.900Z mw:driver-mobilecli found 1 device(s)
2026/09/22 19:09:31.927837 [VERBOSE] no remote token: not logged in, run 'mobilecli auth login' first
2026/09/22 19:09:31.928333 [INFO] Starting server on http://localhost:12000...
2026-09-22T19:09:32.411Z mw:driver-mobilecli connecting to ws://localhost:12000/ws
2026/09/22 19:09:32.411047 [VERBOSE] WebSocket connection closed: websocket: close 1005 (no status)
2026-09-22T19:09:32.412Z mw:driver-mobilecli websocket connected
2026-09-22T19:09:32.412Z mw:driver-mobilecli listing devices
2026-09-22T19:09:32.474Z mw:driver-mobilecli found 1 device(s)
2026-09-22T19:09:32.474Z mw:driver-mobilecli resolved device F0E646EF-4792-4F36-B48B-EC89B3A6B73B (platform=ios, type=simulator)
2026-09-22T19:09:32.474Z mw:driver-mobilecli running: <host-path>/qualification/mobilewright/harness/node_modules/@mobilenext/mobilecli-darwin-arm64/mobilecli-darwin-arm64 agent status --device F0E646EF-4792-4F36-B48B-EC89B3A6B73B
2026-09-22T19:09:33.075Z mw:driver-mobilecli agent status output: {
  "status": "ok",
  "data": {
    "message": "Agent version 0.0.27 is installed on device",
    "agent": {
      "version": "0.0.27",
      "bundleId": "com.mobilenext.devicekit-iosUITests.xctrunner"
    }
  }
}
2026/09/22 19:09:33.076930 [INFO] WebSocket Request ID: 1, Method: device.apps.list, Params: {"deviceId":"F0E646EF-4792-4F36-B48B-EC89B3A6B73B"}
2026/09/22 19:09:33.435092 [INFO] WebSocket Request ID: 2, Method: device.apps.uninstall, Params: {"deviceId":"F0E646EF-4792-4F36-B48B-EC89B3A6B73B","bundleId":"com.omnipizza.app"}
2026/09/22 19:09:34.572970 [INFO] WebSocket Request ID: 3, Method: device.apps.list, Params: {"deviceId":"F0E646EF-4792-4F36-B48B-EC89B3A6B73B"}
2026-09-22T19:09:35.160Z mw:driver-mobilecli installing <host-path>/OmniPizza-Simulator.zip
2026/09/22 19:09:35.161213 [INFO] WebSocket Request ID: 4, Method: device.apps.install, Params: {"deviceId":"F0E646EF-4792-4F36-B48B-EC89B3A6B73B","path":"<host-path>/OmniPizza-Simulator.zip"}
2026-09-22T19:09:36.944Z mw:driver-mobilecli installed <host-path>/OmniPizza-Simulator.zip
2026/09/22 19:09:36.945155 [INFO] WebSocket Request ID: 5, Method: device.apps.list, Params: {"deviceId":"F0E646EF-4792-4F36-B48B-EC89B3A6B73B"}
2026/09/22 19:09:37.511915 [INFO] WebSocket Request ID: 6, Method: device.url, Params: {"deviceId":"F0E646EF-4792-4F36-B48B-EC89B3A6B73B","url":"omnipizza://checkout?market=US&hydrateCart=true&accessToken=eyJhbGciOiJIUzI1NiIsInR5cCI6IkpXVCJ9.eyJzdWIiOiJzdGFuZGFyZF91c2VyIiwiYmVoYXZpb3IiOiJzdGFuZGFyZCIsInNpZCI6IjJkMjc5ZDllMTgyNzRmY2M4Njc3MjQ1Z…(339 bytes total)
2026/09/22 19:09:38.298346 [INFO] WebSocket Request ID: 7, Method: device.dump.ui, Params: {"deviceId":"F0E646EF-4792-4F36-B48B-EC89B3A6B73B"}
2026/09/22 19:09:41.343457 [INFO] WebSocket Request ID: 8, Method: device.dump.ui, Params: {"deviceId":"F0E646EF-4792-4F36-B48B-EC89B3A6B73B"}
2026/09/22 19:09:42.790321 [INFO] WebSocket Request ID: 9, Method: device.dump.ui, Params: {"deviceId":"F0E646EF-4792-4F36-B48B-EC89B3A6B73B"}
2026/09/22 19:09:44.495019 [INFO] WebSocket Request ID: 10, Method: device.dump.ui, Params: {"deviceId":"F0E646EF-4792-4F36-B48B-EC89B3A6B73B"}
2026/09/22 19:09:45.992488 [INFO] WebSocket Request ID: 11, Method: device.dump.ui, Params: {"deviceId":"F0E646EF-4792-4F36-B48B-EC89B3A6B73B"}
2026/09/22 19:09:47.831003 [INFO] WebSocket Request ID: 12, Method: device.dump.ui, Params: {"deviceId":"F0E646EF-4792-4F36-B48B-EC89B3A6B73B"}
2026/09/22 19:09:49.415525 [INFO] WebSocket Request ID: 13, Method: device.dump.ui, Params: {"deviceId":"F0E646EF-4792-4F36-B48B-EC89B3A6B73B"}
2026/09/22 19:09:51.051846 [INFO] WebSocket Request ID: 14, Method: device.dump.ui, Params: {"deviceId":"F0E646EF-4792-4F36-B48B-EC89B3A6B73B"}
2026/09/22 19:09:52.494547 [INFO] WebSocket Request ID: 15, Method: device.dump.ui, Params: {"deviceId":"F0E646EF-4792-4F36-B48B-EC89B3A6B73B"}
2026/09/22 19:09:53.666026 [INFO] WebSocket Request ID: 16, Method: device.dump.ui, Params: {"deviceId":"F0E646EF-4792-4F36-B48B-EC89B3A6B73B"}
2026/09/22 19:09:54.827142 [INFO] WebSocket Request ID: 17, Method: device.dump.ui, Params: {"deviceId":"F0E646EF-4792-4F36-B48B-EC89B3A6B73B"}
2026/09/22 19:09:55.978688 [INFO] WebSocket Request ID: 18, Method: device.dump.ui, Params: {"deviceId":"F0E646EF-4792-4F36-B48B-EC89B3A6B73B"}
2026/09/22 19:09:57.284598 [INFO] WebSocket Request ID: 19, Method: device.screenshot, Params: {"deviceId":"F0E646EF-4792-4F36-B48B-EC89B3A6B73B"}
2026/09/22 19:09:57.554099 [INFO] WebSocket Request ID: 20, Method: device.dump.ui, Params: {"deviceId":"F0E646EF-4792-4F36-B48B-EC89B3A6B73B"}
2026/09/22 19:09:58.848051 [VERBOSE] WebSocket connection closed: websocket: close 1005 (no status)
2026/09/22 19:09:58.848276 [INFO] Received signal terminated, shutting down gracefully...
2026/09/22 19:09:58.848389 [INFO] Server stopped
