2026-09-24T01:05:54.939Z mw:driver-mobilecli listing devices
2026-09-24T01:05:55.149Z mw:driver-mobilecli found 1 device(s)
2026/09/24 01:05:55.206756 [VERBOSE] no remote token: not logged in, run 'mobilecli auth login' first
2026/09/24 01:05:55.207373 [INFO] Starting server on http://localhost:12000...
2026-09-24T01:05:55.669Z mw:driver-mobilecli connecting to ws://localhost:12000/ws
2026/09/24 01:05:55.669445 [VERBOSE] WebSocket connection closed: websocket: close 1005 (no status)
2026-09-24T01:05:55.671Z mw:driver-mobilecli websocket connected
2026-09-24T01:05:55.672Z mw:driver-mobilecli listing devices
2026-09-24T01:05:55.729Z mw:driver-mobilecli found 1 device(s)
2026-09-24T01:05:55.729Z mw:driver-mobilecli resolved device F0E646EF-4792-4F36-B48B-EC89B3A6B73B (platform=ios, type=simulator)
2026-09-24T01:05:55.729Z mw:driver-mobilecli running: <host-path>/qualification/mobilewright/harness/node_modules/@mobilenext/mobilecli-darwin-arm64/mobilecli-darwin-arm64 agent status --device F0E646EF-4792-4F36-B48B-EC89B3A6B73B
2026-09-24T01:05:56.591Z mw:driver-mobilecli agent status output: {
  "status": "ok",
  "data": {
    "message": "Agent version 0.0.27 is installed on device",
    "agent": {
      "version": "0.0.27",
      "bundleId": "com.mobilenext.devicekit-iosUITests.xctrunner"
    }
  }
}
2026/09/24 01:05:56.593877 [INFO] WebSocket Request ID: 1, Method: device.apps.list, Params: {"deviceId":"F0E646EF-4792-4F36-B48B-EC89B3A6B73B"}
2026/09/24 01:05:57.006840 [INFO] WebSocket Request ID: 2, Method: device.apps.uninstall, Params: {"deviceId":"F0E646EF-4792-4F36-B48B-EC89B3A6B73B","bundleId":"com.omnipizza.app"}
2026/09/24 01:05:58.416195 [INFO] WebSocket Request ID: 3, Method: device.apps.list, Params: {"deviceId":"F0E646EF-4792-4F36-B48B-EC89B3A6B73B"}
2026-09-24T01:05:58.955Z mw:driver-mobilecli installing <host-path>/OmniPizza-Simulator.zip
2026/09/24 01:05:58.956308 [INFO] WebSocket Request ID: 4, Method: device.apps.install, Params: {"deviceId":"F0E646EF-4792-4F36-B48B-EC89B3A6B73B","path":"<host-path>/OmniPizza-Simulator.zip"}
2026-09-24T01:06:00.694Z mw:driver-mobilecli installed <host-path>/OmniPizza-Simulator.zip
2026/09/24 01:06:00.695025 [INFO] WebSocket Request ID: 5, Method: device.apps.list, Params: {"deviceId":"F0E646EF-4792-4F36-B48B-EC89B3A6B73B"}
2026-09-24T01:06:01.305Z mw:driver-mobilecli launching com.omnipizza.app
2026/09/24 01:06:01.305798 [INFO] WebSocket Request ID: 6, Method: device.apps.foreground, Params: {"deviceId":"F0E646EF-4792-4F36-B48B-EC89B3A6B73B"}
2026/09/24 01:06:01.999169 [INFO] WebSocket Request ID: 7, Method: device.apps.launch, Params: {"deviceId":"F0E646EF-4792-4F36-B48B-EC89B3A6B73B","bundleId":"com.omnipizza.app"}
2026-09-24T01:06:02.734Z mw:driver-mobilecli launched com.omnipizza.app
2026-09-24T01:06:02.734Z mw:device waiting for com.omnipizza.app to reach foreground
2026/09/24 01:06:02.735492 [INFO] WebSocket Request ID: 8, Method: device.apps.foreground, Params: {"deviceId":"F0E646EF-4792-4F36-B48B-EC89B3A6B73B"}
2026-09-24T01:06:04.395Z mw:device com.omnipizza.app is in foreground
2026/09/24 01:06:04.396495 [INFO] WebSocket Request ID: 9, Method: device.dump.ui, Params: {"deviceId":"F0E646EF-4792-4F36-B48B-EC89B3A6B73B"}
2026/09/24 01:06:05.807125 [INFO] WebSocket Request ID: 10, Method: device.dump.ui, Params: {"deviceId":"F0E646EF-4792-4F36-B48B-EC89B3A6B73B"}
2026/09/24 01:06:07.439025 [INFO] WebSocket Request ID: 11, Method: device.dump.ui, Params: {"deviceId":"F0E646EF-4792-4F36-B48B-EC89B3A6B73B"}
2026/09/24 01:06:08.743971 [INFO] WebSocket Request ID: 12, Method: device.io.tap, Params: {"deviceId":"F0E646EF-4792-4F36-B48B-EC89B3A6B73B","x":84,"y":584}
2026/09/24 01:06:09.279385 [INFO] WebSocket Request ID: 13, Method: device.dump.ui, Params: {"deviceId":"F0E646EF-4792-4F36-B48B-EC89B3A6B73B"}
2026/09/24 01:06:10.657472 [INFO] WebSocket Request ID: 14, Method: device.dump.ui, Params: {"deviceId":"F0E646EF-4792-4F36-B48B-EC89B3A6B73B"}
2026/09/24 01:06:12.218260 [INFO] WebSocket Request ID: 15, Method: device.io.tap, Params: {"deviceId":"F0E646EF-4792-4F36-B48B-EC89B3A6B73B","x":197,"y":499}
2026/09/24 01:06:13.002140 [INFO] WebSocket Request ID: 16, Method: device.io.keys, Params: {"deviceId":"F0E646EF-4792-4F36-B48B-EC89B3A6B73B","keys":["cmd+a","backspace"]}
2026/09/24 01:06:14.657927 [INFO] WebSocket Request ID: 17, Method: device.dump.ui, Params: {"deviceId":"F0E646EF-4792-4F36-B48B-EC89B3A6B73B"}
2026/09/24 01:06:16.618773 [INFO] WebSocket Request ID: 18, Method: device.io.text, Params: {"deviceId":"F0E646EF-4792-4F36-B48B-EC89B3A6B73B","text":"pizza123"}
2026/09/24 01:06:18.304460 [INFO] WebSocket Request ID: 19, Method: device.dump.ui, Params: {"deviceId":"F0E646EF-4792-4F36-B48B-EC89B3A6B73B"}
2026/09/24 01:06:20.959284 [INFO] WebSocket Request ID: 20, Method: device.dump.ui, Params: {"deviceId":"F0E646EF-4792-4F36-B48B-EC89B3A6B73B"}
2026/09/24 01:06:22.640694 [INFO] WebSocket Request ID: 21, Method: device.io.tap, Params: {"deviceId":"F0E646EF-4792-4F36-B48B-EC89B3A6B73B","x":197,"y":411}
2026/09/24 01:06:23.303986 [INFO] WebSocket Request ID: 22, Method: device.io.keys, Params: {"deviceId":"F0E646EF-4792-4F36-B48B-EC89B3A6B73B","keys":["cmd+a","backspace"]}
2026/09/24 01:06:24.588041 [INFO] WebSocket Request ID: 23, Method: device.dump.ui, Params: {"deviceId":"F0E646EF-4792-4F36-B48B-EC89B3A6B73B"}
2026/09/24 01:06:26.951507 [INFO] WebSocket Request ID: 24, Method: device.io.text, Params: {"deviceId":"F0E646EF-4792-4F36-B48B-EC89B3A6B73B","text":"standard_user"}
2026/09/24 01:06:28.691979 [INFO] WebSocket Request ID: 25, Method: device.dump.ui, Params: {"deviceId":"F0E646EF-4792-4F36-B48B-EC89B3A6B73B"}
2026/09/24 01:06:31.162348 [INFO] WebSocket Request ID: 26, Method: device.dump.ui, Params: {"deviceId":"F0E646EF-4792-4F36-B48B-EC89B3A6B73B"}
2026/09/24 01:06:33.162500 [INFO] WebSocket Request ID: 27, Method: device.dump.ui, Params: {"deviceId":"F0E646EF-4792-4F36-B48B-EC89B3A6B73B"}
2026/09/24 01:06:35.317532 [INFO] WebSocket Request ID: 28, Method: device.dump.ui, Params: {"deviceId":"F0E646EF-4792-4F36-B48B-EC89B3A6B73B"}
2026/09/24 01:06:37.098938 [INFO] WebSocket Request ID: 29, Method: device.dump.ui, Params: {"deviceId":"F0E646EF-4792-4F36-B48B-EC89B3A6B73B"}
2026/09/24 01:06:38.980273 [INFO] WebSocket Request ID: 30, Method: device.dump.ui, Params: {"deviceId":"F0E646EF-4792-4F36-B48B-EC89B3A6B73B"}
2026/09/24 01:06:41.740219 [INFO] WebSocket Request ID: 31, Method: device.io.tap, Params: {"deviceId":"F0E646EF-4792-4F36-B48B-EC89B3A6B73B","x":196,"y":288}
2026/09/24 01:06:42.439682 [INFO] WebSocket Request ID: 32, Method: device.info, Params: {"deviceId":"F0E646EF-4792-4F36-B48B-EC89B3A6B73B"}
2026/09/24 01:06:42.951507 [INFO] WebSocket Request ID: 33, Method: device.dump.ui, Params: {"deviceId":"F0E646EF-4792-4F36-B48B-EC89B3A6B73B"}
2026/09/24 01:06:44.860623 [INFO] WebSocket Request ID: 34, Method: device.dump.ui, Params: {"deviceId":"F0E646EF-4792-4F36-B48B-EC89B3A6B73B"}
2026/09/24 01:06:47.831440 [INFO] WebSocket Request ID: 35, Method: device.dump.ui, Params: {"deviceId":"F0E646EF-4792-4F36-B48B-EC89B3A6B73B"}
2026/09/24 01:06:49.578172 [INFO] WebSocket Request ID: 36, Method: device.io.tap, Params: {"deviceId":"F0E646EF-4792-4F36-B48B-EC89B3A6B73B","x":197,"y":654}
2026/09/24 01:06:50.193292 [INFO] WebSocket Request ID: 37, Method: device.dump.ui, Params: {"deviceId":"F0E646EF-4792-4F36-B48B-EC89B3A6B73B"}
2026/09/24 01:06:53.495955 [INFO] WebSocket Request ID: 38, Method: device.dump.ui, Params: {"deviceId":"F0E646EF-4792-4F36-B48B-EC89B3A6B73B"}
2026/09/24 01:06:55.593158 [INFO] WebSocket Request ID: 39, Method: device.screenshot, Params: {"deviceId":"F0E646EF-4792-4F36-B48B-EC89B3A6B73B"}
2026/09/24 01:06:56.097257 [INFO] WebSocket Request ID: 40, Method: device.dump.ui, Params: {"deviceId":"F0E646EF-4792-4F36-B48B-EC89B3A6B73B"}
2026/09/24 01:06:58.191476 [VERBOSE] WebSocket connection closed: websocket: close 1005 (no status)
2026/09/24 01:06:58.191925 [INFO] Received signal terminated, shutting down gracefully...
2026/09/24 01:06:58.192138 [INFO] Server stopped
