2026-09-24T00:26:32.287Z mw:driver-mobilecli listing devices
2026-09-24T00:26:32.388Z mw:driver-mobilecli found 1 device(s)
2026/09/24 00:26:32.411546 [VERBOSE] no remote token: failed to get token from keyring: The name org.freedesktop.secrets was not provided by any .service files
2026/09/24 00:26:32.412573 [INFO] Starting server on http://localhost:12000...
2026-09-24T00:26:32.917Z mw:driver-mobilecli connecting to ws://localhost:12000/ws
2026/09/24 00:26:32.918326 [VERBOSE] WebSocket connection closed: websocket: close 1005 (no status)
2026-09-24T00:26:32.923Z mw:driver-mobilecli websocket connected
2026-09-24T00:26:32.925Z mw:driver-mobilecli listing devices
2026-09-24T00:26:33.010Z mw:driver-mobilecli found 1 device(s)
2026-09-24T00:26:33.011Z mw:driver-mobilecli resolved device eus-qualification-pixel7-api35 (platform=android, type=emulator)
2026-09-24T00:26:33.011Z mw:driver-mobilecli running: <host-path>/qualification/mobilewright/harness/node_modules/@mobilenext/mobilecli-linux-amd64/mobilecli-linux-amd64 agent status --device eus-qualification-pixel7-api35
2026-09-24T00:26:33.020Z mw:driver-mobilecli agent status output: {
  "status": "ok",
  "data": {
    "message": "no agent needed for android devices"
  }
}
2026/09/24 00:26:33.022062 [INFO] WebSocket Request ID: 1, Method: device.apps.list, Params: {"deviceId":"eus-qualification-pixel7-api35"}
2026-09-24T00:26:33.259Z mw:driver-mobilecli installing <host-path>/omnipizza-release.apk
2026/09/24 00:26:33.260198 [INFO] WebSocket Request ID: 2, Method: device.apps.install, Params: {"deviceId":"eus-qualification-pixel7-api35","path":"<host-path>/omnipizza-release.apk"}
2026-09-24T00:26:35.980Z mw:driver-mobilecli installed <host-path>/omnipizza-release.apk
2026/09/24 00:26:35.980780 [INFO] WebSocket Request ID: 3, Method: device.apps.list, Params: {"deviceId":"eus-qualification-pixel7-api35"}
2026-09-24T00:26:36.053Z mw:driver-mobilecli launching com.omnipizza.app
2026/09/24 00:26:36.053511 [INFO] WebSocket Request ID: 4, Method: device.apps.launch, Params: {"deviceId":"eus-qualification-pixel7-api35","bundleId":"com.omnipizza.app"}
2026-09-24T00:26:36.242Z mw:driver-mobilecli launched com.omnipizza.app
2026-09-24T00:26:36.242Z mw:device waiting for com.omnipizza.app to reach foreground
2026/09/24 00:26:36.242741 [INFO] WebSocket Request ID: 5, Method: device.apps.foreground, Params: {"deviceId":"eus-qualification-pixel7-api35"}
2026/09/24 00:26:37.203284 [INFO] WebSocket Request ID: 6, Method: device.apps.foreground, Params: {"deviceId":"eus-qualification-pixel7-api35"}
2026-09-24T00:26:38.440Z mw:device com.omnipizza.app is in foreground
2026/09/24 00:26:38.441192 [INFO] WebSocket Request ID: 7, Method: device.dump.ui, Params: {"deviceId":"eus-qualification-pixel7-api35"}
2026/09/24 00:26:39.915724 [INFO] WebSocket Request ID: 8, Method: device.dump.ui, Params: {"deviceId":"eus-qualification-pixel7-api35"}
2026/09/24 00:26:41.011854 [INFO] WebSocket Request ID: 9, Method: device.dump.ui, Params: {"deviceId":"eus-qualification-pixel7-api35"}
2026/09/24 00:26:41.331501 [INFO] WebSocket Request ID: 10, Method: device.io.tap, Params: {"deviceId":"eus-qualification-pixel7-api35","x":247,"y":1568}
2026/09/24 00:26:41.367996 [INFO] WebSocket Request ID: 11, Method: device.dump.ui, Params: {"deviceId":"eus-qualification-pixel7-api35"}
2026/09/24 00:26:41.773738 [INFO] WebSocket Request ID: 12, Method: device.dump.ui, Params: {"deviceId":"eus-qualification-pixel7-api35"}
2026/09/24 00:26:42.073109 [INFO] WebSocket Request ID: 13, Method: device.io.tap, Params: {"deviceId":"eus-qualification-pixel7-api35","x":540,"y":1344}
2026/09/24 00:26:42.119986 [INFO] WebSocket Request ID: 14, Method: device.io.keys, Params: {"deviceId":"eus-qualification-pixel7-api35","keys":["ctrl+a","backspace"]}
2026/09/24 00:26:42.917662 [INFO] WebSocket Request ID: 15, Method: device.dump.ui, Params: {"deviceId":"eus-qualification-pixel7-api35"}
2026/09/24 00:26:43.769980 [INFO] WebSocket Request ID: 16, Method: device.io.text, Params: {"deviceId":"eus-qualification-pixel7-api35","text":"pizza123"}
2026/09/24 00:26:45.358192 [INFO] WebSocket Request ID: 17, Method: device.dump.ui, Params: {"deviceId":"eus-qualification-pixel7-api35"}
2026/09/24 00:26:46.369272 [INFO] WebSocket Request ID: 18, Method: device.dump.ui, Params: {"deviceId":"eus-qualification-pixel7-api35"}
2026/09/24 00:26:46.659764 [INFO] WebSocket Request ID: 19, Method: device.io.tap, Params: {"deviceId":"eus-qualification-pixel7-api35","x":540,"y":1107}
2026/09/24 00:26:46.692278 [INFO] WebSocket Request ID: 20, Method: device.io.keys, Params: {"deviceId":"eus-qualification-pixel7-api35","keys":["ctrl+a","backspace"]}
2026/09/24 00:26:47.451436 [INFO] WebSocket Request ID: 21, Method: device.dump.ui, Params: {"deviceId":"eus-qualification-pixel7-api35"}
2026/09/24 00:26:48.447080 [INFO] WebSocket Request ID: 22, Method: device.io.text, Params: {"deviceId":"eus-qualification-pixel7-api35","text":"standard_user"}
2026/09/24 00:26:50.434983 [INFO] WebSocket Request ID: 23, Method: device.dump.ui, Params: {"deviceId":"eus-qualification-pixel7-api35"}
2026/09/24 00:26:51.174099 [INFO] WebSocket Request ID: 24, Method: device.dump.ui, Params: {"deviceId":"eus-qualification-pixel7-api35"}
2026/09/24 00:26:51.768706 [INFO] WebSocket Request ID: 25, Method: device.dump.ui, Params: {"deviceId":"eus-qualification-pixel7-api35"}
2026/09/24 00:26:52.697871 [INFO] WebSocket Request ID: 26, Method: device.dump.ui, Params: {"deviceId":"eus-qualification-pixel7-api35"}
2026/09/24 00:26:53.627914 [INFO] WebSocket Request ID: 27, Method: device.dump.ui, Params: {"deviceId":"eus-qualification-pixel7-api35"}
2026/09/24 00:26:54.494824 [INFO] WebSocket Request ID: 28, Method: device.dump.ui, Params: {"deviceId":"eus-qualification-pixel7-api35"}
2026/09/24 00:26:55.362726 [INFO] WebSocket Request ID: 29, Method: device.io.tap, Params: {"deviceId":"eus-qualification-pixel7-api35","x":540,"y":766}
2026/09/24 00:26:55.381474 [INFO] WebSocket Request ID: 30, Method: device.info, Params: {"deviceId":"eus-qualification-pixel7-api35"}
2026/09/24 00:26:55.411741 [INFO] WebSocket Request ID: 31, Method: device.dump.ui, Params: {"deviceId":"eus-qualification-pixel7-api35"}
2026/09/24 00:26:56.146480 [INFO] WebSocket Request ID: 32, Method: device.dump.ui, Params: {"deviceId":"eus-qualification-pixel7-api35"}
2026/09/24 00:26:56.707336 [INFO] WebSocket Request ID: 33, Method: device.dump.ui, Params: {"deviceId":"eus-qualification-pixel7-api35"}
2026/09/24 00:26:57.175742 [INFO] WebSocket Request ID: 34, Method: device.io.tap, Params: {"deviceId":"eus-qualification-pixel7-api35","x":540,"y":1752}
2026/09/24 00:26:57.202071 [INFO] WebSocket Request ID: 35, Method: device.dump.ui, Params: {"deviceId":"eus-qualification-pixel7-api35"}
2026/09/24 00:26:58.938861 [INFO] WebSocket Request ID: 36, Method: device.dump.ui, Params: {"deviceId":"eus-qualification-pixel7-api35"}
2026/09/24 00:27:01.506150 [INFO] WebSocket Request ID: 37, Method: device.screenshot, Params: {"deviceId":"eus-qualification-pixel7-api35"}
2026/09/24 00:27:01.944768 [INFO] WebSocket Request ID: 38, Method: device.dump.ui, Params: {"deviceId":"eus-qualification-pixel7-api35"}
2026/09/24 00:27:02.719274 [VERBOSE] WebSocket connection closed: websocket: close 1005 (no status)
2026/09/24 00:27:02.719364 [INFO] Received signal terminated, shutting down gracefully...
2026/09/24 00:27:02.719458 [INFO] Server stopped
