2026-09-23T01:57:29.720Z mw:driver-mobilecli listing devices
2026-09-23T01:57:33.180Z mw:driver-mobilecli found 1 device(s)
2026/09/22 19:57:34.369866 [VERBOSE] no remote token: not logged in, run 'mobilecli auth login' first
2026/09/22 19:57:34.373312 [INFO] Starting server on http://localhost:12000...
2026-09-23T01:57:34.568Z mw:driver-mobilecli connecting to ws://localhost:12000/ws
2026/09/22 19:57:34.566517 [VERBOSE] WebSocket connection closed: websocket: close 1005 (no status)
2026-09-23T01:57:34.586Z mw:driver-mobilecli websocket connected
2026-09-23T01:57:34.588Z mw:driver-mobilecli listing devices
2026-09-23T01:57:37.255Z mw:driver-mobilecli found 2 device(s)
2026-09-23T01:57:37.256Z mw:driver-mobilecli resolved device <android-serial-redacted> (platform=android, type=real)
2026-09-23T01:57:37.257Z mw:driver-mobilecli running: <host-path>/qualification/mobilewright/harness/node_modules/@mobilenext/mobilecli-darwin-amd64/mobilecli-darwin-amd64 agent status --device <android-serial-redacted>
2026-09-23T01:57:41.555Z mw:driver-mobilecli agent status output: {
  "status": "ok",
  "data": {
    "message": "no agent needed for android devices"
  }
}
2026/09/22 19:57:41.567207 [INFO] WebSocket Request ID: 1, Method: device.apps.list, Params: {"deviceId":"<android-serial-redacted>"}
2026-09-23T01:57:51.399Z mw:driver-mobilecli listing devices
2026-09-23T01:57:55.484Z mw:driver-mobilecli found 1 device(s)
2026/09/22 19:57:55.486758 [INFO] WebSocket Request ID: 2, Method: device.info, Params: {"deviceId":"<android-serial-redacted>"}
2026/09/22 19:57:56.684562 [INFO] WebSocket Request ID: 3, Method: device.apps.list, Params: {"deviceId":"<android-serial-redacted>"}
2026/09/22 19:57:58.228110 [INFO] WebSocket Request ID: 4, Method: device.screenshot, Params: {"deviceId":"<android-serial-redacted>"}
2026/09/22 19:58:01.099544 [VERBOSE] WebSocket connection closed: websocket: close 1005 (no status)
2026/09/22 19:58:01.102902 [INFO] Received signal terminated, shutting down gracefully...
2026/09/22 19:58:01.104374 [INFO] Server stopped
