2026-09-22T19:08:29.768Z mw:driver-mobilecli listing devices
2026-09-22T19:08:29.941Z mw:driver-mobilecli found 1 device(s)
2026/09/22 19:08:29.992364 [VERBOSE] no remote token: not logged in, run 'mobilecli auth login' first
2026/09/22 19:08:29.992900 [INFO] Starting server on http://localhost:12000...
2026-09-22T19:08:30.455Z mw:driver-mobilecli connecting to ws://localhost:12000/ws
2026/09/22 19:08:30.455660 [VERBOSE] WebSocket connection closed: websocket: close 1005 (no status)
2026-09-22T19:08:30.457Z mw:driver-mobilecli websocket connected
2026-09-22T19:08:30.458Z mw:driver-mobilecli listing devices
2026-09-22T19:08:30.538Z mw:driver-mobilecli found 1 device(s)
2026-09-22T19:08:30.538Z mw:driver-mobilecli resolved device F0E646EF-4792-4F36-B48B-EC89B3A6B73B (platform=ios, type=simulator)
2026-09-22T19:08:30.539Z mw:driver-mobilecli running: <host-path>/qualification/mobilewright/harness/node_modules/@mobilenext/mobilecli-darwin-arm64/mobilecli-darwin-arm64 agent status --device F0E646EF-4792-4F36-B48B-EC89B3A6B73B
2026-09-22T19:08:31.711Z mw:driver-mobilecli agent status output: {
  "status": "ok",
  "data": {
    "message": "Agent version 0.0.27 is installed on device",
    "agent": {
      "version": "0.0.27",
      "bundleId": "com.mobilenext.devicekit-iosUITests.xctrunner"
    }
  }
}
2026/09/22 19:08:31.712628 [INFO] WebSocket Request ID: 1, Method: device.apps.list, Params: {"deviceId":"F0E646EF-4792-4F36-B48B-EC89B3A6B73B"}
2026/09/22 19:08:32.300554 [INFO] WebSocket Request ID: 2, Method: device.apps.uninstall, Params: {"deviceId":"F0E646EF-4792-4F36-B48B-EC89B3A6B73B","bundleId":"com.omnipizza.app"}
2026/09/22 19:08:33.755545 [INFO] WebSocket Request ID: 3, Method: device.apps.list, Params: {"deviceId":"F0E646EF-4792-4F36-B48B-EC89B3A6B73B"}
2026-09-22T19:08:34.351Z mw:driver-mobilecli installing <host-path>/OmniPizza-Simulator.zip
2026/09/22 19:08:34.352241 [INFO] WebSocket Request ID: 4, Method: device.apps.install, Params: {"deviceId":"F0E646EF-4792-4F36-B48B-EC89B3A6B73B","path":"<host-path>/OmniPizza-Simulator.zip"}
2026-09-22T19:08:36.179Z mw:driver-mobilecli installed <host-path>/OmniPizza-Simulator.zip
2026/09/22 19:08:36.179724 [INFO] WebSocket Request ID: 5, Method: device.apps.list, Params: {"deviceId":"F0E646EF-4792-4F36-B48B-EC89B3A6B73B"}
2026/09/22 19:08:36.828483 [INFO] WebSocket Request ID: 6, Method: device.url, Params: {"deviceId":"F0E646EF-4792-4F36-B48B-EC89B3A6B73B","url":"omnipizza://checkout?market=US&hydrateCart=true&accessToken=eyJhbGciOiJIUzI1NiIsInR5cCI6IkpXVCJ9.eyJzdWIiOiJzdGFuZGFyZF91c2VyIiwiYmVoYXZpb3IiOiJzdGFuZGFyZCIsInNpZCI6ImVkYmQ3ZWExYTk3OTQxMzA4MTdkNTBkY…(339 bytes total)
2026/09/22 19:08:38.084120 [INFO] WebSocket Request ID: 7, Method: device.dump.ui, Params: {"deviceId":"F0E646EF-4792-4F36-B48B-EC89B3A6B73B"}
2026/09/22 19:08:41.099626 [INFO] WebSocket Request ID: 8, Method: device.dump.ui, Params: {"deviceId":"F0E646EF-4792-4F36-B48B-EC89B3A6B73B"}
2026/09/22 19:08:43.114613 [INFO] WebSocket Request ID: 9, Method: device.dump.ui, Params: {"deviceId":"F0E646EF-4792-4F36-B48B-EC89B3A6B73B"}
2026/09/22 19:08:45.265835 [INFO] WebSocket Request ID: 10, Method: device.dump.ui, Params: {"deviceId":"F0E646EF-4792-4F36-B48B-EC89B3A6B73B"}
2026/09/22 19:08:47.335309 [INFO] WebSocket Request ID: 11, Method: device.dump.ui, Params: {"deviceId":"F0E646EF-4792-4F36-B48B-EC89B3A6B73B"}
2026/09/22 19:08:49.558315 [INFO] WebSocket Request ID: 12, Method: device.dump.ui, Params: {"deviceId":"F0E646EF-4792-4F36-B48B-EC89B3A6B73B"}
2026/09/22 19:08:51.420021 [INFO] WebSocket Request ID: 13, Method: device.dump.ui, Params: {"deviceId":"F0E646EF-4792-4F36-B48B-EC89B3A6B73B"}
2026/09/22 19:08:53.189636 [INFO] WebSocket Request ID: 14, Method: device.dump.ui, Params: {"deviceId":"F0E646EF-4792-4F36-B48B-EC89B3A6B73B"}
2026/09/22 19:08:54.757835 [INFO] WebSocket Request ID: 15, Method: device.dump.ui, Params: {"deviceId":"F0E646EF-4792-4F36-B48B-EC89B3A6B73B"}
2026/09/22 19:08:56.259740 [INFO] WebSocket Request ID: 16, Method: device.dump.ui, Params: {"deviceId":"F0E646EF-4792-4F36-B48B-EC89B3A6B73B"}
2026/09/22 19:08:57.824505 [INFO] WebSocket Request ID: 17, Method: device.screenshot, Params: {"deviceId":"F0E646EF-4792-4F36-B48B-EC89B3A6B73B"}
2026/09/22 19:08:58.109503 [INFO] WebSocket Request ID: 18, Method: device.dump.ui, Params: {"deviceId":"F0E646EF-4792-4F36-B48B-EC89B3A6B73B"}
2026/09/22 19:09:00.301785 [VERBOSE] WebSocket connection closed: websocket: close 1005 (no status)
2026/09/22 19:09:00.302173 [INFO] Received signal terminated, shutting down gracefully...
2026/09/22 19:09:00.302689 [INFO] Server stopped
