2026-09-23T02:00:59.534Z mw:driver-mobilecli listing devices
2026-09-23T02:01:00.988Z mw:driver-mobilecli found 1 device(s)
2026/09/22 20:01:01.348958 [VERBOSE] no remote token: not logged in, run 'mobilecli auth login' first
2026/09/22 20:01:01.355377 [INFO] Starting server on http://localhost:12000...
2026-09-23T02:01:01.620Z mw:driver-mobilecli connecting to ws://localhost:12000/ws
2026/09/22 20:01:01.619423 [VERBOSE] WebSocket connection closed: websocket: close 1005 (no status)
2026-09-23T02:01:01.635Z mw:driver-mobilecli websocket connected
2026-09-23T02:01:01.636Z mw:driver-mobilecli listing devices
2026-09-23T02:01:04.482Z mw:driver-mobilecli found 2 device(s)
2026-09-23T02:01:04.482Z mw:driver-mobilecli resolved device <android-serial-redacted> (platform=android, type=real)
2026-09-23T02:01:04.484Z mw:driver-mobilecli running: <host-path>/qualification/mobilewright/harness/node_modules/@mobilenext/mobilecli-darwin-amd64/mobilecli-darwin-amd64 agent status --device <android-serial-redacted>
2026-09-23T02:01:04.828Z mw:driver-mobilecli agent status output: {
  "status": "ok",
  "data": {
    "message": "no agent needed for android devices"
  }
}
2026/09/22 20:01:04.840006 [INFO] WebSocket Request ID: 1, Method: device.apps.list, Params: {"deviceId":"<android-serial-redacted>"}
2026/09/22 20:01:05.683525 [INFO] WebSocket Request ID: 2, Method: device.apps.uninstall, Params: {"deviceId":"<android-serial-redacted>","bundleId":"com.omnipizza.app"}
2026/09/22 20:01:06.870112 [INFO] WebSocket Request ID: 3, Method: device.apps.list, Params: {"deviceId":"<android-serial-redacted>"}
2026-09-23T02:01:08.190Z mw:driver-mobilecli installing <host-path>/omnipizza-release.apk
2026/09/22 20:01:08.192716 [INFO] WebSocket Request ID: 4, Method: device.apps.install, Params: {"deviceId":"<android-serial-redacted>","path":"<host-path>/omnipizza-release.apk"}
2026-09-23T02:01:18.496Z mw:driver-mobilecli installed <host-path>/omnipizza-release.apk
2026/09/22 20:01:18.497765 [INFO] WebSocket Request ID: 5, Method: device.apps.list, Params: {"deviceId":"<android-serial-redacted>"}
2026/09/22 20:01:19.750489 [INFO] WebSocket Request ID: 6, Method: device.url, Params: {"deviceId":"<android-serial-redacted>","url":"omnipizza://checkout?market=US&hydrateCart=true&accessToken=<redacted-token>…(314 bytes total)
2026/09/22 20:01:21.238911 [INFO] WebSocket Request ID: 7, Method: device.dump.ui, Params: {"deviceId":"<android-serial-redacted>"}
2026/09/22 20:01:24.824331 [INFO] WebSocket Request ID: 8, Method: device.dump.ui, Params: {"deviceId":"<android-serial-redacted>"}
2026/09/22 20:01:27.117373 [INFO] WebSocket Request ID: 9, Method: device.dump.ui, Params: {"deviceId":"<android-serial-redacted>"}
2026/09/22 20:01:29.454592 [INFO] WebSocket Request ID: 10, Method: device.dump.ui, Params: {"deviceId":"<android-serial-redacted>"}
2026/09/22 20:01:31.394557 [INFO] WebSocket Request ID: 11, Method: device.dump.ui, Params: {"deviceId":"<android-serial-redacted>"}
2026/09/22 20:01:32.608339 [INFO] WebSocket Request ID: 12, Method: device.dump.ui, Params: {"deviceId":"<android-serial-redacted>"}
2026/09/22 20:01:34.077860 [INFO] WebSocket Request ID: 13, Method: device.dump.ui, Params: {"deviceId":"<android-serial-redacted>"}
2026/09/22 20:01:35.026704 [INFO] WebSocket Request ID: 14, Method: device.dump.ui, Params: {"deviceId":"<android-serial-redacted>"}
2026/09/22 20:01:36.422754 [INFO] WebSocket Request ID: 15, Method: device.dump.ui, Params: {"deviceId":"<android-serial-redacted>"}
2026/09/22 20:01:37.730584 [INFO] WebSocket Request ID: 16, Method: device.dump.ui, Params: {"deviceId":"<android-serial-redacted>"}
2026/09/22 20:01:39.057242 [INFO] WebSocket Request ID: 17, Method: device.dump.ui, Params: {"deviceId":"<android-serial-redacted>"}
2026/09/22 20:01:40.098019 [INFO] WebSocket Request ID: 18, Method: device.dump.ui, Params: {"deviceId":"<android-serial-redacted>"}
2026/09/22 20:01:41.150834 [INFO] WebSocket Request ID: 19, Method: device.dump.ui, Params: {"deviceId":"<android-serial-redacted>"}
2026/09/22 20:01:42.178388 [INFO] WebSocket Request ID: 20, Method: device.dump.ui, Params: {"deviceId":"<android-serial-redacted>"}
2026/09/22 20:01:43.470060 [INFO] WebSocket Request ID: 21, Method: device.dump.ui, Params: {"deviceId":"<android-serial-redacted>"}
2026/09/22 20:01:44.507410 [INFO] WebSocket Request ID: 22, Method: device.dump.ui, Params: {"deviceId":"<android-serial-redacted>"}
2026/09/22 20:01:45.433825 [INFO] WebSocket Request ID: 23, Method: device.dump.ui, Params: {"deviceId":"<android-serial-redacted>"}
2026/09/22 20:01:46.757721 [INFO] WebSocket Request ID: 24, Method: device.dump.ui, Params: {"deviceId":"<android-serial-redacted>"}
2026/09/22 20:01:48.164857 [INFO] WebSocket Request ID: 25, Method: device.dump.ui, Params: {"deviceId":"<android-serial-redacted>"}
2026/09/22 20:01:50.098592 [INFO] WebSocket Request ID: 26, Method: device.dump.ui, Params: {"deviceId":"<android-serial-redacted>"}
2026/09/22 20:01:52.732159 [INFO] WebSocket Request ID: 27, Method: device.dump.ui, Params: {"deviceId":"<android-serial-redacted>"}
2026/09/22 20:01:55.932690 [INFO] WebSocket Request ID: 28, Method: device.dump.ui, Params: {"deviceId":"<android-serial-redacted>"}
2026/09/22 20:02:00.744684 [INFO] WebSocket Request ID: 29, Method: device.dump.ui, Params: {"deviceId":"<android-serial-redacted>"}
2026/09/22 20:02:04.046177 [INFO] WebSocket Request ID: 30, Method: device.dump.ui, Params: {"deviceId":"<android-serial-redacted>"}
2026/09/22 20:02:08.100733 [INFO] WebSocket Request ID: 31, Method: device.dump.ui, Params: {"deviceId":"<android-serial-redacted>"}
2026/09/22 20:02:11.906933 [INFO] WebSocket Request ID: 32, Method: device.dump.ui, Params: {"deviceId":"<android-serial-redacted>"}
2026/09/22 20:02:14.173606 [INFO] WebSocket Request ID: 33, Method: device.dump.ui, Params: {"deviceId":"<android-serial-redacted>"}
2026/09/22 20:02:15.442066 [INFO] WebSocket Request ID: 34, Method: device.dump.ui, Params: {"deviceId":"<android-serial-redacted>"}
2026/09/22 20:02:16.889061 [INFO] WebSocket Request ID: 35, Method: device.dump.ui, Params: {"deviceId":"<android-serial-redacted>"}
2026/09/22 20:02:18.438728 [INFO] WebSocket Request ID: 36, Method: device.dump.ui, Params: {"deviceId":"<android-serial-redacted>"}
2026/09/22 20:02:20.130828 [INFO] WebSocket Request ID: 37, Method: device.dump.ui, Params: {"deviceId":"<android-serial-redacted>"}
2026/09/22 20:02:21.392519 [INFO] WebSocket Request ID: 38, Method: device.dump.ui, Params: {"deviceId":"<android-serial-redacted>"}
2026/09/22 20:02:22.448919 [INFO] WebSocket Request ID: 39, Method: device.dump.ui, Params: {"deviceId":"<android-serial-redacted>"}
2026/09/22 20:02:23.425932 [INFO] WebSocket Request ID: 40, Method: device.dump.ui, Params: {"deviceId":"<android-serial-redacted>"}
2026/09/22 20:02:25.047867 [INFO] WebSocket Request ID: 41, Method: device.dump.ui, Params: {"deviceId":"<android-serial-redacted>"}
2026/09/22 20:02:26.241340 [INFO] WebSocket Request ID: 42, Method: device.dump.ui, Params: {"deviceId":"<android-serial-redacted>"}
2026/09/22 20:02:27.277318 [INFO] WebSocket Request ID: 43, Method: device.dump.ui, Params: {"deviceId":"<android-serial-redacted>"}
2026/09/22 20:02:28.531545 [INFO] WebSocket Request ID: 44, Method: device.dump.ui, Params: {"deviceId":"<android-serial-redacted>"}
2026/09/22 20:02:29.727992 [INFO] WebSocket Request ID: 45, Method: device.dump.ui, Params: {"deviceId":"<android-serial-redacted>"}
2026/09/22 20:02:30.982855 [INFO] WebSocket Request ID: 46, Method: device.dump.ui, Params: {"deviceId":"<android-serial-redacted>"}
2026/09/22 20:02:31.956717 [INFO] WebSocket Request ID: 47, Method: device.dump.ui, Params: {"deviceId":"<android-serial-redacted>"}
2026/09/22 20:02:33.000044 [INFO] WebSocket Request ID: 48, Method: device.dump.ui, Params: {"deviceId":"<android-serial-redacted>"}
2026/09/22 20:02:34.009727 [INFO] WebSocket Request ID: 49, Method: device.dump.ui, Params: {"deviceId":"<android-serial-redacted>"}
2026/09/22 20:02:34.982423 [INFO] WebSocket Request ID: 50, Method: device.dump.ui, Params: {"deviceId":"<android-serial-redacted>"}
2026/09/22 20:02:36.084902 [INFO] WebSocket Request ID: 51, Method: device.dump.ui, Params: {"deviceId":"<android-serial-redacted>"}
2026/09/22 20:02:37.006263 [INFO] WebSocket Request ID: 52, Method: device.dump.ui, Params: {"deviceId":"<android-serial-redacted>"}
2026/09/22 20:02:38.061256 [INFO] WebSocket Request ID: 53, Method: device.dump.ui, Params: {"deviceId":"<android-serial-redacted>"}
2026/09/22 20:02:39.664010 [INFO] WebSocket Request ID: 54, Method: device.dump.ui, Params: {"deviceId":"<android-serial-redacted>"}
2026/09/22 20:02:40.999022 [INFO] WebSocket Request ID: 55, Method: device.dump.ui, Params: {"deviceId":"<android-serial-redacted>"}
2026/09/22 20:02:43.410223 [INFO] WebSocket Request ID: 56, Method: device.dump.ui, Params: {"deviceId":"<android-serial-redacted>"}
2026/09/22 20:02:45.073675 [INFO] WebSocket Request ID: 57, Method: device.dump.ui, Params: {"deviceId":"<android-serial-redacted>"}
2026/09/22 20:02:47.286837 [INFO] WebSocket Request ID: 58, Method: device.dump.ui, Params: {"deviceId":"<android-serial-redacted>"}
2026/09/22 20:02:50.206864 [INFO] WebSocket Request ID: 59, Method: device.dump.ui, Params: {"deviceId":"<android-serial-redacted>"}
2026/09/22 20:02:53.297983 [INFO] WebSocket Request ID: 60, Method: device.screenshot, Params: {"deviceId":"<android-serial-redacted>"}
2026/09/22 20:02:53.516167 [INFO] WebSocket Request ID: 61, Method: device.dump.ui, Params: {"deviceId":"<android-serial-redacted>"}
2026/09/22 20:03:01.014817 [VERBOSE] WebSocket connection closed: websocket: close 1005 (no status)
2026/09/22 20:03:01.015219 [INFO] Received signal terminated, shutting down gracefully...
2026/09/22 20:03:01.015632 [INFO] Server stopped
