2026-09-24T00:35:05.282Z mw:driver-mobilecli listing devices
2026-09-24T00:35:05.327Z mw:driver-mobilecli found 1 device(s)
2026/09/24 00:35:05.339702 [VERBOSE] no remote token: failed to get token from keyring: The name org.freedesktop.secrets was not provided by any .service files
2026/09/24 00:35:05.340017 [INFO] Starting server on http://localhost:12000...
2026-09-24T00:35:05.841Z mw:driver-mobilecli connecting to ws://localhost:12000/ws
2026/09/24 00:35:05.841372 [VERBOSE] WebSocket connection closed: websocket: close 1005 (no status)
2026-09-24T00:35:05.843Z mw:driver-mobilecli websocket connected
2026-09-24T00:35:05.844Z mw:driver-mobilecli listing devices
2026-09-24T00:35:05.890Z mw:driver-mobilecli found 1 device(s)
2026-09-24T00:35:05.890Z mw:driver-mobilecli resolved device eus-qualification-pixel7-api35 (platform=android, type=emulator)
2026-09-24T00:35:05.890Z mw:driver-mobilecli running: <host-path>/qualification/mobilewright/harness/node_modules/@mobilenext/mobilecli-linux-amd64/mobilecli-linux-amd64 agent status --device eus-qualification-pixel7-api35
2026-09-24T00:35:05.897Z mw:driver-mobilecli agent status output: {
  "status": "ok",
  "data": {
    "message": "no agent needed for android devices"
  }
}
2026/09/24 00:35:05.898181 [INFO] WebSocket Request ID: 1, Method: device.apps.list, Params: {"deviceId":"eus-qualification-pixel7-api35"}
2026/09/24 00:35:05.937143 [INFO] WebSocket Request ID: 2, Method: device.apps.uninstall, Params: {"deviceId":"eus-qualification-pixel7-api35","bundleId":"com.omnipizza.app"}
2026/09/24 00:35:06.015643 [INFO] WebSocket Request ID: 3, Method: device.apps.list, Params: {"deviceId":"eus-qualification-pixel7-api35"}
2026-09-24T00:35:06.707Z mw:driver-mobilecli installing <host-path>/omnipizza-release.apk
2026/09/24 00:35:06.707861 [INFO] WebSocket Request ID: 4, Method: device.apps.install, Params: {"deviceId":"eus-qualification-pixel7-api35","path":"<host-path>/omnipizza-release.apk"}
2026-09-24T00:35:09.444Z mw:driver-mobilecli installed <host-path>/omnipizza-release.apk
2026/09/24 00:35:09.444897 [INFO] WebSocket Request ID: 5, Method: device.apps.list, Params: {"deviceId":"eus-qualification-pixel7-api35"}
2026-09-24T00:35:09.679Z mw:driver-mobilecli launching com.omnipizza.app
2026/09/24 00:35:09.679607 [INFO] WebSocket Request ID: 6, Method: device.apps.launch, Params: {"deviceId":"eus-qualification-pixel7-api35","bundleId":"com.omnipizza.app"}
2026-09-24T00:35:09.987Z mw:driver-mobilecli launched com.omnipizza.app
2026-09-24T00:35:09.987Z mw:device waiting for com.omnipizza.app to reach foreground
2026/09/24 00:35:09.990995 [INFO] WebSocket Request ID: 7, Method: device.apps.foreground, Params: {"deviceId":"eus-qualification-pixel7-api35"}
2026/09/24 00:35:10.908154 [INFO] WebSocket Request ID: 8, Method: device.apps.foreground, Params: {"deviceId":"eus-qualification-pixel7-api35"}
2026-09-24T00:35:11.492Z mw:device com.omnipizza.app is in foreground
2026/09/24 00:35:11.493849 [INFO] WebSocket Request ID: 9, Method: device.dump.ui, Params: {"deviceId":"eus-qualification-pixel7-api35"}
2026/09/24 00:35:12.567236 [INFO] WebSocket Request ID: 10, Method: device.dump.ui, Params: {"deviceId":"eus-qualification-pixel7-api35"}
2026/09/24 00:35:13.852003 [INFO] WebSocket Request ID: 11, Method: device.dump.ui, Params: {"deviceId":"eus-qualification-pixel7-api35"}
2026/09/24 00:35:13.976121 [INFO] WebSocket Request ID: 12, Method: device.io.tap, Params: {"deviceId":"eus-qualification-pixel7-api35","x":247,"y":1568}
2026/09/24 00:35:13.983243 [INFO] WebSocket Request ID: 13, Method: device.dump.ui, Params: {"deviceId":"eus-qualification-pixel7-api35"}
2026/09/24 00:35:14.139268 [INFO] WebSocket Request ID: 14, Method: device.dump.ui, Params: {"deviceId":"eus-qualification-pixel7-api35"}
2026/09/24 00:35:14.268317 [INFO] WebSocket Request ID: 15, Method: device.io.tap, Params: {"deviceId":"eus-qualification-pixel7-api35","x":540,"y":1344}
2026/09/24 00:35:14.277439 [INFO] WebSocket Request ID: 16, Method: device.io.keys, Params: {"deviceId":"eus-qualification-pixel7-api35","keys":["ctrl+a","backspace"]}
2026/09/24 00:35:14.920635 [INFO] WebSocket Request ID: 17, Method: device.dump.ui, Params: {"deviceId":"eus-qualification-pixel7-api35"}
2026/09/24 00:35:15.634451 [INFO] WebSocket Request ID: 18, Method: device.io.text, Params: {"deviceId":"eus-qualification-pixel7-api35","text":"pizza123"}
2026/09/24 00:35:16.024995 [INFO] WebSocket Request ID: 19, Method: device.dump.ui, Params: {"deviceId":"eus-qualification-pixel7-api35"}
2026/09/24 00:35:16.728512 [INFO] WebSocket Request ID: 20, Method: device.dump.ui, Params: {"deviceId":"eus-qualification-pixel7-api35"}
2026/09/24 00:35:16.920499 [INFO] WebSocket Request ID: 21, Method: device.io.tap, Params: {"deviceId":"eus-qualification-pixel7-api35","x":540,"y":1107}
2026/09/24 00:35:16.939227 [INFO] WebSocket Request ID: 22, Method: device.io.keys, Params: {"deviceId":"eus-qualification-pixel7-api35","keys":["ctrl+a","backspace"]}
2026/09/24 00:35:17.593379 [INFO] WebSocket Request ID: 23, Method: device.dump.ui, Params: {"deviceId":"eus-qualification-pixel7-api35"}
2026/09/24 00:35:18.445675 [INFO] WebSocket Request ID: 24, Method: device.io.text, Params: {"deviceId":"eus-qualification-pixel7-api35","text":"standard_user"}
2026/09/24 00:35:20.215065 [INFO] WebSocket Request ID: 25, Method: device.dump.ui, Params: {"deviceId":"eus-qualification-pixel7-api35"}
2026/09/24 00:35:20.899500 [INFO] WebSocket Request ID: 26, Method: device.dump.ui, Params: {"deviceId":"eus-qualification-pixel7-api35"}
2026/09/24 00:35:21.066815 [INFO] WebSocket Request ID: 27, Method: device.dump.ui, Params: {"deviceId":"eus-qualification-pixel7-api35"}
2026/09/24 00:35:21.249161 [INFO] WebSocket Request ID: 28, Method: device.dump.ui, Params: {"deviceId":"eus-qualification-pixel7-api35"}
2026/09/24 00:35:21.484415 [INFO] WebSocket Request ID: 29, Method: device.dump.ui, Params: {"deviceId":"eus-qualification-pixel7-api35"}
2026/09/24 00:35:21.697233 [INFO] WebSocket Request ID: 30, Method: device.dump.ui, Params: {"deviceId":"eus-qualification-pixel7-api35"}
2026/09/24 00:35:21.858490 [INFO] WebSocket Request ID: 31, Method: device.io.tap, Params: {"deviceId":"eus-qualification-pixel7-api35","x":540,"y":766}
2026/09/24 00:35:21.868930 [INFO] WebSocket Request ID: 32, Method: device.info, Params: {"deviceId":"eus-qualification-pixel7-api35"}
2026/09/24 00:35:21.913153 [INFO] WebSocket Request ID: 33, Method: device.dump.ui, Params: {"deviceId":"eus-qualification-pixel7-api35"}
2026/09/24 00:35:22.535876 [INFO] WebSocket Request ID: 34, Method: device.dump.ui, Params: {"deviceId":"eus-qualification-pixel7-api35"}
2026/09/24 00:35:22.742273 [INFO] WebSocket Request ID: 35, Method: device.dump.ui, Params: {"deviceId":"eus-qualification-pixel7-api35"}
2026/09/24 00:35:22.955835 [INFO] WebSocket Request ID: 36, Method: device.io.tap, Params: {"deviceId":"eus-qualification-pixel7-api35","x":540,"y":1752}
2026/09/24 00:35:22.971020 [INFO] WebSocket Request ID: 37, Method: device.dump.ui, Params: {"deviceId":"eus-qualification-pixel7-api35"}
2026/09/24 00:35:24.632160 [INFO] WebSocket Request ID: 38, Method: device.dump.ui, Params: {"deviceId":"eus-qualification-pixel7-api35"}
2026/09/24 00:35:25.856833 [INFO] WebSocket Request ID: 39, Method: device.dump.ui, Params: {"deviceId":"eus-qualification-pixel7-api35"}
2026/09/24 00:35:26.139322 [INFO] WebSocket Request ID: 40, Method: device.dump.ui, Params: {"deviceId":"eus-qualification-pixel7-api35"}
2026/09/24 00:35:26.360047 [INFO] WebSocket Request ID: 41, Method: device.info, Params: {"deviceId":"eus-qualification-pixel7-api35"}
2026/09/24 00:35:26.388889 [INFO] WebSocket Request ID: 42, Method: device.io.swipe, Params: {"deviceId":"eus-qualification-pixel7-api35","x1":540,"y1":1200,"x2":540,"y2":0}
2026/09/24 00:35:27.463348 [INFO] WebSocket Request ID: 43, Method: device.info, Params: {"deviceId":"eus-qualification-pixel7-api35"}
2026/09/24 00:35:27.612426 [INFO] WebSocket Request ID: 44, Method: device.dump.ui, Params: {"deviceId":"eus-qualification-pixel7-api35"}
2026/09/24 00:35:28.326630 [INFO] WebSocket Request ID: 45, Method: device.info, Params: {"deviceId":"eus-qualification-pixel7-api35"}
2026/09/24 00:35:28.349200 [INFO] WebSocket Request ID: 46, Method: device.io.swipe, Params: {"deviceId":"eus-qualification-pixel7-api35","x1":540,"y1":1200,"x2":540,"y2":0}
2026/09/24 00:35:29.561105 [INFO] WebSocket Request ID: 47, Method: device.dump.ui, Params: {"deviceId":"eus-qualification-pixel7-api35"}
2026/09/24 00:35:30.389554 [INFO] WebSocket Request ID: 48, Method: device.info, Params: {"deviceId":"eus-qualification-pixel7-api35"}
2026/09/24 00:35:30.412237 [INFO] WebSocket Request ID: 49, Method: device.io.swipe, Params: {"deviceId":"eus-qualification-pixel7-api35","x1":540,"y1":1200,"x2":540,"y2":0}
2026/09/24 00:35:31.673267 [INFO] WebSocket Request ID: 50, Method: device.dump.ui, Params: {"deviceId":"eus-qualification-pixel7-api35"}
2026/09/24 00:35:32.036397 [INFO] WebSocket Request ID: 51, Method: device.dump.ui, Params: {"deviceId":"eus-qualification-pixel7-api35"}
2026/09/24 00:35:32.233675 [INFO] WebSocket Request ID: 52, Method: device.dump.ui, Params: {"deviceId":"eus-qualification-pixel7-api35"}
2026/09/24 00:35:32.390408 [INFO] WebSocket Request ID: 53, Method: device.io.tap, Params: {"deviceId":"eus-qualification-pixel7-api35","x":941,"y":1867}
2026/09/24 00:35:32.395714 [INFO] WebSocket Request ID: 54, Method: device.dump.ui, Params: {"deviceId":"eus-qualification-pixel7-api35"}
2026/09/24 00:35:34.590896 [INFO] WebSocket Request ID: 55, Method: device.dump.ui, Params: {"deviceId":"eus-qualification-pixel7-api35"}
2026/09/24 00:35:34.771186 [INFO] WebSocket Request ID: 56, Method: device.dump.ui, Params: {"deviceId":"eus-qualification-pixel7-api35"}
2026/09/24 00:35:34.955247 [INFO] WebSocket Request ID: 57, Method: device.dump.ui, Params: {"deviceId":"eus-qualification-pixel7-api35"}
2026/09/24 00:35:35.093435 [INFO] WebSocket Request ID: 58, Method: device.io.tap, Params: {"deviceId":"eus-qualification-pixel7-api35","x":657,"y":1233}
2026/09/24 00:35:35.104718 [INFO] WebSocket Request ID: 59, Method: device.dump.ui, Params: {"deviceId":"eus-qualification-pixel7-api35"}
2026/09/24 00:35:35.782867 [INFO] WebSocket Request ID: 60, Method: device.screenshot, Params: {"deviceId":"eus-qualification-pixel7-api35"}
2026/09/24 00:35:36.046581 [INFO] WebSocket Request ID: 61, Method: device.dump.ui, Params: {"deviceId":"eus-qualification-pixel7-api35"}
2026/09/24 00:35:36.216926 [VERBOSE] WebSocket connection closed: websocket: close 1005 (no status)
2026/09/24 00:35:36.217122 [INFO] Received signal terminated, shutting down gracefully...
2026/09/24 00:35:36.217219 [INFO] Server stopped
