2026-09-24T01:29:14.450Z mw:driver-mobilecli listing devices
2026-09-24T01:29:14.534Z mw:driver-mobilecli found 1 device(s)
2026/09/24 01:29:14.579739 [VERBOSE] no remote token: not logged in, run 'mobilecli auth login' first
2026/09/24 01:29:14.580414 [INFO] Starting server on http://localhost:12000...
2026-09-24T01:29:15.056Z mw:driver-mobilecli connecting to ws://localhost:12000/ws
2026/09/24 01:29:15.057218 [VERBOSE] WebSocket connection closed: websocket: close 1005 (no status)
2026-09-24T01:29:15.059Z mw:driver-mobilecli websocket connected
2026-09-24T01:29:15.059Z mw:driver-mobilecli listing devices
2026-09-24T01:29:15.120Z mw:driver-mobilecli found 1 device(s)
2026-09-24T01:29:15.120Z mw:driver-mobilecli resolved device F0E646EF-4792-4F36-B48B-EC89B3A6B73B (platform=ios, type=simulator)
2026-09-24T01:29:15.121Z mw:driver-mobilecli running: <host-path>/qualification/mobilewright/harness/node_modules/@mobilenext/mobilecli-darwin-arm64/mobilecli-darwin-arm64 agent status --device F0E646EF-4792-4F36-B48B-EC89B3A6B73B
2026-09-24T01:29:15.910Z mw:driver-mobilecli agent status output: {
  "status": "ok",
  "data": {
    "message": "Agent version 0.0.27 is installed on device",
    "agent": {
      "version": "0.0.27",
      "bundleId": "com.mobilenext.devicekit-iosUITests.xctrunner"
    }
  }
}
2026/09/24 01:29:15.912511 [INFO] WebSocket Request ID: 1, Method: device.apps.list, Params: {"deviceId":"F0E646EF-4792-4F36-B48B-EC89B3A6B73B"}
2026/09/24 01:29:16.288176 [INFO] WebSocket Request ID: 2, Method: device.apps.uninstall, Params: {"deviceId":"F0E646EF-4792-4F36-B48B-EC89B3A6B73B","bundleId":"com.omnipizza.app"}
2026/09/24 01:29:18.278800 [INFO] WebSocket Request ID: 3, Method: device.apps.list, Params: {"deviceId":"F0E646EF-4792-4F36-B48B-EC89B3A6B73B"}
2026-09-24T01:29:18.911Z mw:driver-mobilecli installing <host-path>/OmniPizza-Simulator.zip
2026/09/24 01:29:18.911667 [INFO] WebSocket Request ID: 4, Method: device.apps.install, Params: {"deviceId":"F0E646EF-4792-4F36-B48B-EC89B3A6B73B","path":"<host-path>/OmniPizza-Simulator.zip"}
2026-09-24T01:29:20.463Z mw:driver-mobilecli installed <host-path>/OmniPizza-Simulator.zip
2026/09/24 01:29:20.464852 [INFO] WebSocket Request ID: 5, Method: device.apps.list, Params: {"deviceId":"F0E646EF-4792-4F36-B48B-EC89B3A6B73B"}
2026/09/24 01:29:21.111197 [INFO] WebSocket Request ID: 6, Method: device.url, Params: {"deviceId":"F0E646EF-4792-4F36-B48B-EC89B3A6B73B","url":"omnipizza://checkout?market=US&hydrateCart=true&accessToken=<redacted-token-fragment>…(339 bytes total)
2026/09/24 01:29:21.869885 [INFO] WebSocket Request ID: 7, Method: device.dump.ui, Params: {"deviceId":"F0E646EF-4792-4F36-B48B-EC89B3A6B73B"}
2026/09/24 01:29:24.094997 [INFO] WebSocket Request ID: 8, Method: device.dump.ui, Params: {"deviceId":"F0E646EF-4792-4F36-B48B-EC89B3A6B73B"}
2026/09/24 01:29:25.810051 [INFO] WebSocket Request ID: 9, Method: device.dump.ui, Params: {"deviceId":"F0E646EF-4792-4F36-B48B-EC89B3A6B73B"}
2026/09/24 01:29:27.061868 [INFO] WebSocket Request ID: 10, Method: device.io.tap, Params: {"deviceId":"F0E646EF-4792-4F36-B48B-EC89B3A6B73B","x":264,"y":468}
2026/09/24 01:29:27.589371 [INFO] WebSocket Request ID: 11, Method: device.dump.ui, Params: {"deviceId":"F0E646EF-4792-4F36-B48B-EC89B3A6B73B"}
2026/09/24 01:29:31.328542 [INFO] WebSocket Request ID: 12, Method: device.dump.ui, Params: {"deviceId":"F0E646EF-4792-4F36-B48B-EC89B3A6B73B"}
2026/09/24 01:29:32.846485 [INFO] WebSocket Request ID: 13, Method: device.dump.ui, Params: {"deviceId":"F0E646EF-4792-4F36-B48B-EC89B3A6B73B"}
2026/09/24 01:29:33.960541 [INFO] WebSocket Request ID: 14, Method: device.screenshot, Params: {"deviceId":"F0E646EF-4792-4F36-B48B-EC89B3A6B73B"}
2026/09/24 01:29:34.214843 [INFO] WebSocket Request ID: 15, Method: device.dump.ui, Params: {"deviceId":"F0E646EF-4792-4F36-B48B-EC89B3A6B73B"}
2026/09/24 01:29:35.766696 [VERBOSE] WebSocket connection closed: websocket: close 1005 (no status)
2026/09/24 01:29:35.766929 [INFO] Received signal terminated, shutting down gracefully...
2026/09/24 01:29:35.767102 [INFO] Server stopped
