2026-09-24T00:33:09.972Z mw:driver-mobilecli listing devices
2026-09-24T00:33:10.019Z mw:driver-mobilecli found 1 device(s)
2026/09/24 00:33:10.031539 [VERBOSE] no remote token: failed to get token from keyring: The name org.freedesktop.secrets was not provided by any .service files
2026/09/24 00:33:10.031824 [INFO] Starting server on http://localhost:12000...
2026-09-24T00:33:10.533Z mw:driver-mobilecli connecting to ws://localhost:12000/ws
2026/09/24 00:33:10.533445 [VERBOSE] WebSocket connection closed: websocket: close 1005 (no status)
2026-09-24T00:33:10.535Z mw:driver-mobilecli websocket connected
2026-09-24T00:33:10.536Z mw:driver-mobilecli listing devices
2026-09-24T00:33:10.582Z mw:driver-mobilecli found 1 device(s)
2026-09-24T00:33:10.582Z mw:driver-mobilecli resolved device eus-qualification-pixel7-api35 (platform=android, type=emulator)
2026-09-24T00:33:10.582Z mw:driver-mobilecli running: <host-path>/qualification/mobilewright/harness/node_modules/@mobilenext/mobilecli-linux-amd64/mobilecli-linux-amd64 agent status --device eus-qualification-pixel7-api35
2026-09-24T00:33:10.589Z mw:driver-mobilecli agent status output: {
  "status": "ok",
  "data": {
    "message": "no agent needed for android devices"
  }
}
2026/09/24 00:33:10.590424 [INFO] WebSocket Request ID: 1, Method: device.apps.list, Params: {"deviceId":"eus-qualification-pixel7-api35"}
2026/09/24 00:33:10.659247 [INFO] WebSocket Request ID: 2, Method: device.apps.uninstall, Params: {"deviceId":"eus-qualification-pixel7-api35","bundleId":"com.omnipizza.app"}
2026/09/24 00:33:10.749179 [INFO] WebSocket Request ID: 3, Method: device.apps.list, Params: {"deviceId":"eus-qualification-pixel7-api35"}
2026-09-24T00:33:11.731Z mw:driver-mobilecli installing <host-path>/omnipizza-release.apk
2026/09/24 00:33:11.732291 [INFO] WebSocket Request ID: 4, Method: device.apps.install, Params: {"deviceId":"eus-qualification-pixel7-api35","path":"<host-path>/omnipizza-release.apk"}
2026-09-24T00:33:13.960Z mw:driver-mobilecli installed <host-path>/omnipizza-release.apk
2026/09/24 00:33:13.961348 [INFO] WebSocket Request ID: 5, Method: device.apps.list, Params: {"deviceId":"eus-qualification-pixel7-api35"}
2026-09-24T00:33:14.039Z mw:driver-mobilecli launching com.omnipizza.app
2026/09/24 00:33:14.040083 [INFO] WebSocket Request ID: 6, Method: device.apps.launch, Params: {"deviceId":"eus-qualification-pixel7-api35","bundleId":"com.omnipizza.app"}
2026-09-24T00:33:14.171Z mw:driver-mobilecli launched com.omnipizza.app
2026-09-24T00:33:14.171Z mw:device waiting for com.omnipizza.app to reach foreground
2026/09/24 00:33:14.171873 [INFO] WebSocket Request ID: 7, Method: device.apps.foreground, Params: {"deviceId":"eus-qualification-pixel7-api35"}
2026/09/24 00:33:14.798247 [INFO] WebSocket Request ID: 8, Method: device.apps.foreground, Params: {"deviceId":"eus-qualification-pixel7-api35"}
2026-09-24T00:33:15.849Z mw:device com.omnipizza.app is in foreground
2026/09/24 00:33:15.851034 [INFO] WebSocket Request ID: 9, Method: device.dump.ui, Params: {"deviceId":"eus-qualification-pixel7-api35"}
2026/09/24 00:33:17.186594 [INFO] WebSocket Request ID: 10, Method: device.dump.ui, Params: {"deviceId":"eus-qualification-pixel7-api35"}
2026/09/24 00:33:18.348593 [INFO] WebSocket Request ID: 11, Method: device.dump.ui, Params: {"deviceId":"eus-qualification-pixel7-api35"}
2026/09/24 00:33:18.470728 [INFO] WebSocket Request ID: 12, Method: device.io.tap, Params: {"deviceId":"eus-qualification-pixel7-api35","x":247,"y":1568}
2026/09/24 00:33:18.477076 [INFO] WebSocket Request ID: 13, Method: device.dump.ui, Params: {"deviceId":"eus-qualification-pixel7-api35"}
2026/09/24 00:33:18.647443 [INFO] WebSocket Request ID: 14, Method: device.dump.ui, Params: {"deviceId":"eus-qualification-pixel7-api35"}
2026/09/24 00:33:18.765396 [INFO] WebSocket Request ID: 15, Method: device.io.tap, Params: {"deviceId":"eus-qualification-pixel7-api35","x":540,"y":1344}
2026/09/24 00:33:18.778033 [INFO] WebSocket Request ID: 16, Method: device.io.keys, Params: {"deviceId":"eus-qualification-pixel7-api35","keys":["ctrl+a","backspace"]}
2026/09/24 00:33:19.262598 [INFO] WebSocket Request ID: 17, Method: device.dump.ui, Params: {"deviceId":"eus-qualification-pixel7-api35"}
2026/09/24 00:33:20.043210 [INFO] WebSocket Request ID: 18, Method: device.io.text, Params: {"deviceId":"eus-qualification-pixel7-api35","text":"pizza123"}
2026/09/24 00:33:20.563990 [INFO] WebSocket Request ID: 19, Method: device.dump.ui, Params: {"deviceId":"eus-qualification-pixel7-api35"}
2026/09/24 00:33:21.269098 [INFO] WebSocket Request ID: 20, Method: device.dump.ui, Params: {"deviceId":"eus-qualification-pixel7-api35"}
2026/09/24 00:33:21.404241 [INFO] WebSocket Request ID: 21, Method: device.io.tap, Params: {"deviceId":"eus-qualification-pixel7-api35","x":540,"y":1107}
2026/09/24 00:33:21.419408 [INFO] WebSocket Request ID: 22, Method: device.io.keys, Params: {"deviceId":"eus-qualification-pixel7-api35","keys":["ctrl+a","backspace"]}
2026/09/24 00:33:22.046463 [INFO] WebSocket Request ID: 23, Method: device.dump.ui, Params: {"deviceId":"eus-qualification-pixel7-api35"}
2026/09/24 00:33:22.787167 [INFO] WebSocket Request ID: 24, Method: device.io.text, Params: {"deviceId":"eus-qualification-pixel7-api35","text":"standard_user"}
2026/09/24 00:33:24.028663 [INFO] WebSocket Request ID: 25, Method: device.dump.ui, Params: {"deviceId":"eus-qualification-pixel7-api35"}
2026/09/24 00:33:24.747400 [INFO] WebSocket Request ID: 26, Method: device.dump.ui, Params: {"deviceId":"eus-qualification-pixel7-api35"}
2026/09/24 00:33:24.887871 [INFO] WebSocket Request ID: 27, Method: device.dump.ui, Params: {"deviceId":"eus-qualification-pixel7-api35"}
2026/09/24 00:33:25.008354 [INFO] WebSocket Request ID: 28, Method: device.dump.ui, Params: {"deviceId":"eus-qualification-pixel7-api35"}
2026/09/24 00:33:25.131344 [INFO] WebSocket Request ID: 29, Method: device.dump.ui, Params: {"deviceId":"eus-qualification-pixel7-api35"}
2026/09/24 00:33:25.348496 [INFO] WebSocket Request ID: 30, Method: device.dump.ui, Params: {"deviceId":"eus-qualification-pixel7-api35"}
2026/09/24 00:33:25.465094 [INFO] WebSocket Request ID: 31, Method: device.io.tap, Params: {"deviceId":"eus-qualification-pixel7-api35","x":540,"y":766}
2026/09/24 00:33:25.471541 [INFO] WebSocket Request ID: 32, Method: device.info, Params: {"deviceId":"eus-qualification-pixel7-api35"}
2026/09/24 00:33:25.492243 [INFO] WebSocket Request ID: 33, Method: device.dump.ui, Params: {"deviceId":"eus-qualification-pixel7-api35"}
2026/09/24 00:33:26.100704 [INFO] WebSocket Request ID: 34, Method: device.dump.ui, Params: {"deviceId":"eus-qualification-pixel7-api35"}
2026/09/24 00:33:26.276229 [INFO] WebSocket Request ID: 35, Method: device.dump.ui, Params: {"deviceId":"eus-qualification-pixel7-api35"}
2026/09/24 00:33:26.399034 [INFO] WebSocket Request ID: 36, Method: device.io.tap, Params: {"deviceId":"eus-qualification-pixel7-api35","x":540,"y":1752}
2026/09/24 00:33:26.405404 [INFO] WebSocket Request ID: 37, Method: device.dump.ui, Params: {"deviceId":"eus-qualification-pixel7-api35"}
2026/09/24 00:33:27.171047 [INFO] WebSocket Request ID: 38, Method: device.dump.ui, Params: {"deviceId":"eus-qualification-pixel7-api35"}
2026/09/24 00:33:28.400553 [INFO] WebSocket Request ID: 39, Method: device.dump.ui, Params: {"deviceId":"eus-qualification-pixel7-api35"}
2026/09/24 00:33:28.544624 [INFO] WebSocket Request ID: 40, Method: device.dump.ui, Params: {"deviceId":"eus-qualification-pixel7-api35"}
2026/09/24 00:33:28.692396 [INFO] WebSocket Request ID: 41, Method: device.info, Params: {"deviceId":"eus-qualification-pixel7-api35"}
2026/09/24 00:33:28.712306 [INFO] WebSocket Request ID: 42, Method: device.io.swipe, Params: {"deviceId":"eus-qualification-pixel7-api35","x1":540,"y1":1200,"x2":540,"y2":0}
2026/09/24 00:33:29.751270 [INFO] WebSocket Request ID: 43, Method: device.info, Params: {"deviceId":"eus-qualification-pixel7-api35"}
2026/09/24 00:33:29.849733 [INFO] WebSocket Request ID: 44, Method: device.dump.ui, Params: {"deviceId":"eus-qualification-pixel7-api35"}
2026/09/24 00:33:30.745628 [INFO] WebSocket Request ID: 45, Method: device.info, Params: {"deviceId":"eus-qualification-pixel7-api35"}
2026/09/24 00:33:30.766770 [INFO] WebSocket Request ID: 46, Method: device.io.swipe, Params: {"deviceId":"eus-qualification-pixel7-api35","x1":540,"y1":1200,"x2":540,"y2":0}
2026/09/24 00:33:32.051011 [INFO] WebSocket Request ID: 47, Method: device.dump.ui, Params: {"deviceId":"eus-qualification-pixel7-api35"}
2026/09/24 00:33:32.729861 [INFO] WebSocket Request ID: 48, Method: device.info, Params: {"deviceId":"eus-qualification-pixel7-api35"}
2026/09/24 00:33:32.749865 [INFO] WebSocket Request ID: 49, Method: device.io.swipe, Params: {"deviceId":"eus-qualification-pixel7-api35","x1":540,"y1":1200,"x2":540,"y2":0}
2026/09/24 00:33:34.011746 [INFO] WebSocket Request ID: 50, Method: device.dump.ui, Params: {"deviceId":"eus-qualification-pixel7-api35"}
2026/09/24 00:33:34.358137 [INFO] WebSocket Request ID: 51, Method: device.dump.ui, Params: {"deviceId":"eus-qualification-pixel7-api35"}
2026/09/24 00:33:34.550547 [INFO] WebSocket Request ID: 52, Method: device.dump.ui, Params: {"deviceId":"eus-qualification-pixel7-api35"}
2026/09/24 00:33:34.716737 [INFO] WebSocket Request ID: 53, Method: device.io.tap, Params: {"deviceId":"eus-qualification-pixel7-api35","x":941,"y":1867}
2026/09/24 00:33:34.722621 [INFO] WebSocket Request ID: 54, Method: device.dump.ui, Params: {"deviceId":"eus-qualification-pixel7-api35"}
2026/09/24 00:33:35.924733 [INFO] WebSocket Request ID: 55, Method: device.dump.ui, Params: {"deviceId":"eus-qualification-pixel7-api35"}
2026/09/24 00:33:36.361539 [INFO] WebSocket Request ID: 56, Method: device.dump.ui, Params: {"deviceId":"eus-qualification-pixel7-api35"}
2026/09/24 00:33:36.937570 [INFO] WebSocket Request ID: 57, Method: device.dump.ui, Params: {"deviceId":"eus-qualification-pixel7-api35"}
2026/09/24 00:33:37.091055 [INFO] WebSocket Request ID: 58, Method: device.io.tap, Params: {"deviceId":"eus-qualification-pixel7-api35","x":657,"y":1233}
2026/09/24 00:33:37.097396 [INFO] WebSocket Request ID: 59, Method: device.dump.ui, Params: {"deviceId":"eus-qualification-pixel7-api35"}
2026/09/24 00:33:37.789427 [INFO] WebSocket Request ID: 60, Method: device.screenshot, Params: {"deviceId":"eus-qualification-pixel7-api35"}
2026/09/24 00:33:38.032046 [INFO] WebSocket Request ID: 61, Method: device.dump.ui, Params: {"deviceId":"eus-qualification-pixel7-api35"}
2026/09/24 00:33:38.175182 [VERBOSE] WebSocket connection closed: websocket: close 1005 (no status)
2026/09/24 00:33:38.175868 [INFO] Received signal terminated, shutting down gracefully...
2026/09/24 00:33:38.175979 [INFO] Server stopped
