2026-09-22T18:11:20.810Z mw:driver-mobilecli listing devices
2026-09-22T18:11:20.849Z mw:driver-mobilecli found 1 device(s)
2026/09/22 18:11:20.859894 [VERBOSE] no remote token: failed to get token from keyring: The name org.freedesktop.secrets was not provided by any .service files
2026/09/22 18:11:20.860199 [INFO] Starting server on http://localhost:12000...
2026-09-22T18:11:21.361Z mw:driver-mobilecli connecting to ws://localhost:12000/ws
2026/09/22 18:11:21.361305 [VERBOSE] WebSocket connection closed: websocket: close 1005 (no status)
2026-09-22T18:11:21.363Z mw:driver-mobilecli websocket connected
2026-09-22T18:11:21.363Z mw:driver-mobilecli listing devices
2026-09-22T18:11:21.400Z mw:driver-mobilecli found 1 device(s)
2026-09-22T18:11:21.401Z mw:driver-mobilecli resolved device eus-qualification-pixel7-api35 (platform=android, type=emulator)
2026-09-22T18:11:21.401Z mw:driver-mobilecli running: <host-path>/qualification/mobilewright/harness/node_modules/@mobilenext/mobilecli-linux-amd64/mobilecli-linux-amd64 agent status --device eus-qualification-pixel7-api35
2026-09-22T18:11:21.407Z mw:driver-mobilecli agent status output: {
  "status": "ok",
  "data": {
    "message": "no agent needed for android devices"
  }
}
2026/09/22 18:11:21.408931 [INFO] WebSocket Request ID: 1, Method: device.apps.list, Params: {"deviceId":"eus-qualification-pixel7-api35"}
2026/09/22 18:11:21.440106 [INFO] WebSocket Request ID: 2, Method: device.apps.uninstall, Params: {"deviceId":"eus-qualification-pixel7-api35","bundleId":"com.omnipizza.app"}
2026/09/22 18:11:21.483137 [INFO] WebSocket Request ID: 3, Method: device.apps.list, Params: {"deviceId":"eus-qualification-pixel7-api35"}
2026-09-22T18:11:21.677Z mw:driver-mobilecli installing <host-path>/omnipizza-release.apk
2026/09/22 18:11:21.677432 [INFO] WebSocket Request ID: 4, Method: device.apps.install, Params: {"deviceId":"eus-qualification-pixel7-api35","path":"<host-path>/omnipizza-release.apk"}
2026-09-22T18:11:24.579Z mw:driver-mobilecli installed <host-path>/omnipizza-release.apk
2026/09/22 18:11:24.579564 [INFO] WebSocket Request ID: 5, Method: device.apps.list, Params: {"deviceId":"eus-qualification-pixel7-api35"}
2026/09/22 18:11:24.632239 [INFO] WebSocket Request ID: 6, Method: device.url, Params: {"deviceId":"eus-qualification-pixel7-api35","url":"omnipizza://checkout?market=US&hydrateCart=true&accessToken=<redacted-token-fragment>…(333 bytes total)
2026/09/22 18:11:24.774971 [INFO] WebSocket Request ID: 7, Method: device.dump.ui, Params: {"deviceId":"eus-qualification-pixel7-api35"}
2026/09/22 18:11:27.299968 [INFO] WebSocket Request ID: 8, Method: device.dump.ui, Params: {"deviceId":"eus-qualification-pixel7-api35"}
2026/09/22 18:11:27.465361 [INFO] WebSocket Request ID: 9, Method: device.dump.ui, Params: {"deviceId":"eus-qualification-pixel7-api35"}
2026/09/22 18:11:27.629931 [INFO] WebSocket Request ID: 10, Method: device.dump.ui, Params: {"deviceId":"eus-qualification-pixel7-api35"}
2026/09/22 18:11:27.797997 [INFO] WebSocket Request ID: 11, Method: device.dump.ui, Params: {"deviceId":"eus-qualification-pixel7-api35"}
2026/09/22 18:11:27.972867 [INFO] WebSocket Request ID: 12, Method: device.dump.ui, Params: {"deviceId":"eus-qualification-pixel7-api35"}
2026/09/22 18:11:28.167190 [INFO] WebSocket Request ID: 13, Method: device.dump.ui, Params: {"deviceId":"eus-qualification-pixel7-api35"}
2026/09/22 18:11:28.334998 [INFO] WebSocket Request ID: 14, Method: device.dump.ui, Params: {"deviceId":"eus-qualification-pixel7-api35"}
2026/09/22 18:11:28.499155 [INFO] WebSocket Request ID: 15, Method: device.dump.ui, Params: {"deviceId":"eus-qualification-pixel7-api35"}
2026/09/22 18:11:28.666000 [INFO] WebSocket Request ID: 16, Method: device.dump.ui, Params: {"deviceId":"eus-qualification-pixel7-api35"}
2026/09/22 18:11:28.829852 [INFO] WebSocket Request ID: 17, Method: device.dump.ui, Params: {"deviceId":"eus-qualification-pixel7-api35"}
2026/09/22 18:11:28.994599 [INFO] WebSocket Request ID: 18, Method: device.dump.ui, Params: {"deviceId":"eus-qualification-pixel7-api35"}
2026/09/22 18:11:29.156252 [INFO] WebSocket Request ID: 19, Method: device.dump.ui, Params: {"deviceId":"eus-qualification-pixel7-api35"}
2026/09/22 18:11:29.321189 [INFO] WebSocket Request ID: 20, Method: device.dump.ui, Params: {"deviceId":"eus-qualification-pixel7-api35"}
2026/09/22 18:11:29.482685 [INFO] WebSocket Request ID: 21, Method: device.dump.ui, Params: {"deviceId":"eus-qualification-pixel7-api35"}
2026/09/22 18:11:29.655793 [INFO] WebSocket Request ID: 22, Method: device.dump.ui, Params: {"deviceId":"eus-qualification-pixel7-api35"}
2026/09/22 18:11:29.846557 [INFO] WebSocket Request ID: 23, Method: device.dump.ui, Params: {"deviceId":"eus-qualification-pixel7-api35"}
2026/09/22 18:11:30.011411 [INFO] WebSocket Request ID: 24, Method: device.dump.ui, Params: {"deviceId":"eus-qualification-pixel7-api35"}
2026/09/22 18:11:30.177032 [INFO] WebSocket Request ID: 25, Method: device.dump.ui, Params: {"deviceId":"eus-qualification-pixel7-api35"}
2026/09/22 18:11:30.338392 [INFO] WebSocket Request ID: 26, Method: device.dump.ui, Params: {"deviceId":"eus-qualification-pixel7-api35"}
2026/09/22 18:11:30.501148 [INFO] WebSocket Request ID: 27, Method: device.dump.ui, Params: {"deviceId":"eus-qualification-pixel7-api35"}
2026/09/22 18:11:30.663656 [INFO] WebSocket Request ID: 28, Method: device.dump.ui, Params: {"deviceId":"eus-qualification-pixel7-api35"}
2026/09/22 18:11:30.828432 [INFO] WebSocket Request ID: 29, Method: device.dump.ui, Params: {"deviceId":"eus-qualification-pixel7-api35"}
2026/09/22 18:11:30.989307 [INFO] WebSocket Request ID: 30, Method: device.dump.ui, Params: {"deviceId":"eus-qualification-pixel7-api35"}
2026/09/22 18:11:31.152044 [INFO] WebSocket Request ID: 31, Method: device.dump.ui, Params: {"deviceId":"eus-qualification-pixel7-api35"}
2026/09/22 18:11:31.315299 [INFO] WebSocket Request ID: 32, Method: device.dump.ui, Params: {"deviceId":"eus-qualification-pixel7-api35"}
2026/09/22 18:11:31.495282 [INFO] WebSocket Request ID: 33, Method: device.dump.ui, Params: {"deviceId":"eus-qualification-pixel7-api35"}
2026/09/22 18:11:31.684496 [INFO] WebSocket Request ID: 34, Method: device.dump.ui, Params: {"deviceId":"eus-qualification-pixel7-api35"}
2026/09/22 18:11:31.854369 [INFO] WebSocket Request ID: 35, Method: device.dump.ui, Params: {"deviceId":"eus-qualification-pixel7-api35"}
2026/09/22 18:11:32.020386 [INFO] WebSocket Request ID: 36, Method: device.dump.ui, Params: {"deviceId":"eus-qualification-pixel7-api35"}
2026/09/22 18:11:32.186506 [INFO] WebSocket Request ID: 37, Method: device.dump.ui, Params: {"deviceId":"eus-qualification-pixel7-api35"}
2026/09/22 18:11:32.350535 [INFO] WebSocket Request ID: 38, Method: device.dump.ui, Params: {"deviceId":"eus-qualification-pixel7-api35"}
2026/09/22 18:11:32.514596 [INFO] WebSocket Request ID: 39, Method: device.dump.ui, Params: {"deviceId":"eus-qualification-pixel7-api35"}
2026/09/22 18:11:32.679169 [INFO] WebSocket Request ID: 40, Method: device.dump.ui, Params: {"deviceId":"eus-qualification-pixel7-api35"}
2026/09/22 18:11:32.842362 [INFO] WebSocket Request ID: 41, Method: device.dump.ui, Params: {"deviceId":"eus-qualification-pixel7-api35"}
2026/09/22 18:11:33.008303 [INFO] WebSocket Request ID: 42, Method: device.dump.ui, Params: {"deviceId":"eus-qualification-pixel7-api35"}
2026/09/22 18:11:33.182630 [INFO] WebSocket Request ID: 43, Method: device.dump.ui, Params: {"deviceId":"eus-qualification-pixel7-api35"}
2026/09/22 18:11:33.355487 [INFO] WebSocket Request ID: 44, Method: device.dump.ui, Params: {"deviceId":"eus-qualification-pixel7-api35"}
2026/09/22 18:11:33.545599 [INFO] WebSocket Request ID: 45, Method: device.dump.ui, Params: {"deviceId":"eus-qualification-pixel7-api35"}
2026/09/22 18:11:33.708211 [INFO] WebSocket Request ID: 46, Method: device.dump.ui, Params: {"deviceId":"eus-qualification-pixel7-api35"}
2026/09/22 18:11:33.872814 [INFO] WebSocket Request ID: 47, Method: device.dump.ui, Params: {"deviceId":"eus-qualification-pixel7-api35"}
2026/09/22 18:11:34.035545 [INFO] WebSocket Request ID: 48, Method: device.dump.ui, Params: {"deviceId":"eus-qualification-pixel7-api35"}
2026/09/22 18:11:34.201737 [INFO] WebSocket Request ID: 49, Method: device.dump.ui, Params: {"deviceId":"eus-qualification-pixel7-api35"}
2026/09/22 18:11:34.363394 [INFO] WebSocket Request ID: 50, Method: device.dump.ui, Params: {"deviceId":"eus-qualification-pixel7-api35"}
2026/09/22 18:11:34.529605 [INFO] WebSocket Request ID: 51, Method: device.dump.ui, Params: {"deviceId":"eus-qualification-pixel7-api35"}
2026/09/22 18:11:34.694764 [INFO] WebSocket Request ID: 52, Method: device.dump.ui, Params: {"deviceId":"eus-qualification-pixel7-api35"}
2026/09/22 18:11:34.857444 [INFO] WebSocket Request ID: 53, Method: device.dump.ui, Params: {"deviceId":"eus-qualification-pixel7-api35"}
2026/09/22 18:11:35.026527 [INFO] WebSocket Request ID: 54, Method: device.dump.ui, Params: {"deviceId":"eus-qualification-pixel7-api35"}
2026/09/22 18:11:35.197762 [INFO] WebSocket Request ID: 55, Method: device.dump.ui, Params: {"deviceId":"eus-qualification-pixel7-api35"}
2026/09/22 18:11:35.386534 [INFO] WebSocket Request ID: 56, Method: device.dump.ui, Params: {"deviceId":"eus-qualification-pixel7-api35"}
2026/09/22 18:11:35.550103 [INFO] WebSocket Request ID: 57, Method: device.dump.ui, Params: {"deviceId":"eus-qualification-pixel7-api35"}
2026/09/22 18:11:35.712477 [INFO] WebSocket Request ID: 58, Method: device.dump.ui, Params: {"deviceId":"eus-qualification-pixel7-api35"}
2026/09/22 18:11:35.878991 [INFO] WebSocket Request ID: 59, Method: device.dump.ui, Params: {"deviceId":"eus-qualification-pixel7-api35"}
2026/09/22 18:11:36.040735 [INFO] WebSocket Request ID: 60, Method: device.dump.ui, Params: {"deviceId":"eus-qualification-pixel7-api35"}
2026/09/22 18:11:36.206555 [INFO] WebSocket Request ID: 61, Method: device.dump.ui, Params: {"deviceId":"eus-qualification-pixel7-api35"}
2026/09/22 18:11:36.370427 [INFO] WebSocket Request ID: 62, Method: device.dump.ui, Params: {"deviceId":"eus-qualification-pixel7-api35"}
2026/09/22 18:11:36.533014 [INFO] WebSocket Request ID: 63, Method: device.dump.ui, Params: {"deviceId":"eus-qualification-pixel7-api35"}
2026/09/22 18:11:36.695555 [INFO] WebSocket Request ID: 64, Method: device.dump.ui, Params: {"deviceId":"eus-qualification-pixel7-api35"}
2026/09/22 18:11:36.859503 [INFO] WebSocket Request ID: 65, Method: device.dump.ui, Params: {"deviceId":"eus-qualification-pixel7-api35"}
2026/09/22 18:11:37.029705 [INFO] WebSocket Request ID: 66, Method: device.dump.ui, Params: {"deviceId":"eus-qualification-pixel7-api35"}
2026/09/22 18:11:37.219140 [INFO] WebSocket Request ID: 67, Method: device.dump.ui, Params: {"deviceId":"eus-qualification-pixel7-api35"}
2026/09/22 18:11:37.389102 [INFO] WebSocket Request ID: 68, Method: device.dump.ui, Params: {"deviceId":"eus-qualification-pixel7-api35"}
2026/09/22 18:11:37.552077 [INFO] WebSocket Request ID: 69, Method: device.dump.ui, Params: {"deviceId":"eus-qualification-pixel7-api35"}
2026/09/22 18:11:37.715830 [INFO] WebSocket Request ID: 70, Method: device.dump.ui, Params: {"deviceId":"eus-qualification-pixel7-api35"}
2026/09/22 18:11:37.878460 [INFO] WebSocket Request ID: 71, Method: device.dump.ui, Params: {"deviceId":"eus-qualification-pixel7-api35"}
2026/09/22 18:11:38.047646 [INFO] WebSocket Request ID: 72, Method: device.dump.ui, Params: {"deviceId":"eus-qualification-pixel7-api35"}
2026/09/22 18:11:38.224318 [INFO] WebSocket Request ID: 73, Method: device.dump.ui, Params: {"deviceId":"eus-qualification-pixel7-api35"}
2026/09/22 18:11:38.389751 [INFO] WebSocket Request ID: 74, Method: device.dump.ui, Params: {"deviceId":"eus-qualification-pixel7-api35"}
2026/09/22 18:11:38.554615 [INFO] WebSocket Request ID: 75, Method: device.dump.ui, Params: {"deviceId":"eus-qualification-pixel7-api35"}
2026/09/22 18:11:38.721633 [INFO] WebSocket Request ID: 76, Method: device.dump.ui, Params: {"deviceId":"eus-qualification-pixel7-api35"}
2026/09/22 18:11:38.897284 [INFO] WebSocket Request ID: 77, Method: device.dump.ui, Params: {"deviceId":"eus-qualification-pixel7-api35"}
2026/09/22 18:11:39.087399 [INFO] WebSocket Request ID: 78, Method: device.dump.ui, Params: {"deviceId":"eus-qualification-pixel7-api35"}
2026/09/22 18:11:39.255277 [INFO] WebSocket Request ID: 79, Method: device.dump.ui, Params: {"deviceId":"eus-qualification-pixel7-api35"}
2026/09/22 18:11:39.418208 [INFO] WebSocket Request ID: 80, Method: device.dump.ui, Params: {"deviceId":"eus-qualification-pixel7-api35"}
2026/09/22 18:11:39.582559 [INFO] WebSocket Request ID: 81, Method: device.dump.ui, Params: {"deviceId":"eus-qualification-pixel7-api35"}
2026/09/22 18:11:39.748081 [INFO] WebSocket Request ID: 82, Method: device.dump.ui, Params: {"deviceId":"eus-qualification-pixel7-api35"}
2026/09/22 18:11:39.911938 [INFO] WebSocket Request ID: 83, Method: device.dump.ui, Params: {"deviceId":"eus-qualification-pixel7-api35"}
2026/09/22 18:11:40.075550 [INFO] WebSocket Request ID: 84, Method: device.dump.ui, Params: {"deviceId":"eus-qualification-pixel7-api35"}
2026/09/22 18:11:40.239390 [INFO] WebSocket Request ID: 85, Method: device.dump.ui, Params: {"deviceId":"eus-qualification-pixel7-api35"}
2026/09/22 18:11:40.406397 [INFO] WebSocket Request ID: 86, Method: device.dump.ui, Params: {"deviceId":"eus-qualification-pixel7-api35"}
2026/09/22 18:11:40.569924 [INFO] WebSocket Request ID: 87, Method: device.dump.ui, Params: {"deviceId":"eus-qualification-pixel7-api35"}
2026/09/22 18:11:40.751880 [INFO] WebSocket Request ID: 88, Method: device.dump.ui, Params: {"deviceId":"eus-qualification-pixel7-api35"}
2026/09/22 18:11:40.940964 [INFO] WebSocket Request ID: 89, Method: device.dump.ui, Params: {"deviceId":"eus-qualification-pixel7-api35"}
2026/09/22 18:11:41.106204 [INFO] WebSocket Request ID: 90, Method: device.dump.ui, Params: {"deviceId":"eus-qualification-pixel7-api35"}
2026/09/22 18:11:41.270574 [INFO] WebSocket Request ID: 91, Method: device.dump.ui, Params: {"deviceId":"eus-qualification-pixel7-api35"}
2026/09/22 18:11:41.432335 [INFO] WebSocket Request ID: 92, Method: device.dump.ui, Params: {"deviceId":"eus-qualification-pixel7-api35"}
2026/09/22 18:11:41.596921 [INFO] WebSocket Request ID: 93, Method: device.dump.ui, Params: {"deviceId":"eus-qualification-pixel7-api35"}
2026/09/22 18:11:41.762462 [INFO] WebSocket Request ID: 94, Method: device.dump.ui, Params: {"deviceId":"eus-qualification-pixel7-api35"}
2026/09/22 18:11:41.924508 [INFO] WebSocket Request ID: 95, Method: device.dump.ui, Params: {"deviceId":"eus-qualification-pixel7-api35"}
2026/09/22 18:11:42.091019 [INFO] WebSocket Request ID: 96, Method: device.dump.ui, Params: {"deviceId":"eus-qualification-pixel7-api35"}
2026/09/22 18:11:42.253679 [INFO] WebSocket Request ID: 97, Method: device.dump.ui, Params: {"deviceId":"eus-qualification-pixel7-api35"}
2026/09/22 18:11:42.418306 [INFO] WebSocket Request ID: 98, Method: device.dump.ui, Params: {"deviceId":"eus-qualification-pixel7-api35"}
2026/09/22 18:11:42.594494 [INFO] WebSocket Request ID: 99, Method: device.dump.ui, Params: {"deviceId":"eus-qualification-pixel7-api35"}
2026/09/22 18:11:42.785664 [INFO] WebSocket Request ID: 100, Method: device.dump.ui, Params: {"deviceId":"eus-qualification-pixel7-api35"}
2026/09/22 18:11:42.950014 [INFO] WebSocket Request ID: 101, Method: device.dump.ui, Params: {"deviceId":"eus-qualification-pixel7-api35"}
2026/09/22 18:11:43.113362 [INFO] WebSocket Request ID: 102, Method: device.dump.ui, Params: {"deviceId":"eus-qualification-pixel7-api35"}
2026/09/22 18:11:43.278313 [INFO] WebSocket Request ID: 103, Method: device.dump.ui, Params: {"deviceId":"eus-qualification-pixel7-api35"}
2026/09/22 18:11:43.441937 [INFO] WebSocket Request ID: 104, Method: device.dump.ui, Params: {"deviceId":"eus-qualification-pixel7-api35"}
2026/09/22 18:11:43.605416 [INFO] WebSocket Request ID: 105, Method: device.dump.ui, Params: {"deviceId":"eus-qualification-pixel7-api35"}
2026/09/22 18:11:43.768734 [INFO] WebSocket Request ID: 106, Method: device.dump.ui, Params: {"deviceId":"eus-qualification-pixel7-api35"}
2026/09/22 18:11:43.934362 [INFO] WebSocket Request ID: 107, Method: device.dump.ui, Params: {"deviceId":"eus-qualification-pixel7-api35"}
2026/09/22 18:11:44.097118 [INFO] WebSocket Request ID: 108, Method: device.dump.ui, Params: {"deviceId":"eus-qualification-pixel7-api35"}
2026/09/22 18:11:44.262672 [INFO] WebSocket Request ID: 109, Method: device.dump.ui, Params: {"deviceId":"eus-qualification-pixel7-api35"}
2026/09/22 18:11:44.432375 [INFO] WebSocket Request ID: 110, Method: device.dump.ui, Params: {"deviceId":"eus-qualification-pixel7-api35"}
2026/09/22 18:11:44.622142 [INFO] WebSocket Request ID: 111, Method: device.dump.ui, Params: {"deviceId":"eus-qualification-pixel7-api35"}
2026/09/22 18:11:44.799937 [INFO] WebSocket Request ID: 112, Method: device.dump.ui, Params: {"deviceId":"eus-qualification-pixel7-api35"}
2026/09/22 18:11:44.963674 [INFO] WebSocket Request ID: 113, Method: device.dump.ui, Params: {"deviceId":"eus-qualification-pixel7-api35"}
2026/09/22 18:11:45.127465 [INFO] WebSocket Request ID: 114, Method: device.dump.ui, Params: {"deviceId":"eus-qualification-pixel7-api35"}
2026/09/22 18:11:45.294354 [INFO] WebSocket Request ID: 115, Method: device.dump.ui, Params: {"deviceId":"eus-qualification-pixel7-api35"}
2026/09/22 18:11:45.456828 [INFO] WebSocket Request ID: 116, Method: device.dump.ui, Params: {"deviceId":"eus-qualification-pixel7-api35"}
2026/09/22 18:11:45.617873 [INFO] WebSocket Request ID: 117, Method: device.dump.ui, Params: {"deviceId":"eus-qualification-pixel7-api35"}
2026/09/22 18:11:45.780469 [INFO] WebSocket Request ID: 118, Method: device.dump.ui, Params: {"deviceId":"eus-qualification-pixel7-api35"}
2026/09/22 18:11:45.944048 [INFO] WebSocket Request ID: 119, Method: device.dump.ui, Params: {"deviceId":"eus-qualification-pixel7-api35"}
2026/09/22 18:11:46.107574 [INFO] WebSocket Request ID: 120, Method: device.dump.ui, Params: {"deviceId":"eus-qualification-pixel7-api35"}
2026/09/22 18:11:46.282614 [INFO] WebSocket Request ID: 121, Method: device.dump.ui, Params: {"deviceId":"eus-qualification-pixel7-api35"}
2026/09/22 18:11:46.471823 [INFO] WebSocket Request ID: 122, Method: device.dump.ui, Params: {"deviceId":"eus-qualification-pixel7-api35"}
2026/09/22 18:11:46.635107 [INFO] WebSocket Request ID: 123, Method: device.dump.ui, Params: {"deviceId":"eus-qualification-pixel7-api35"}
2026/09/22 18:11:46.799056 [INFO] WebSocket Request ID: 124, Method: device.dump.ui, Params: {"deviceId":"eus-qualification-pixel7-api35"}
2026/09/22 18:11:46.963434 [INFO] WebSocket Request ID: 125, Method: device.dump.ui, Params: {"deviceId":"eus-qualification-pixel7-api35"}
2026/09/22 18:11:47.130004 [INFO] WebSocket Request ID: 126, Method: device.dump.ui, Params: {"deviceId":"eus-qualification-pixel7-api35"}
2026/09/22 18:11:47.294410 [INFO] WebSocket Request ID: 127, Method: device.dump.ui, Params: {"deviceId":"eus-qualification-pixel7-api35"}
2026/09/22 18:11:47.458143 [INFO] WebSocket Request ID: 128, Method: device.dump.ui, Params: {"deviceId":"eus-qualification-pixel7-api35"}
2026/09/22 18:11:47.622354 [INFO] WebSocket Request ID: 129, Method: device.dump.ui, Params: {"deviceId":"eus-qualification-pixel7-api35"}
2026/09/22 18:11:47.790382 [INFO] WebSocket Request ID: 130, Method: device.dump.ui, Params: {"deviceId":"eus-qualification-pixel7-api35"}
2026/09/22 18:11:47.955030 [INFO] WebSocket Request ID: 131, Method: device.dump.ui, Params: {"deviceId":"eus-qualification-pixel7-api35"}
2026/09/22 18:11:48.128017 [INFO] WebSocket Request ID: 132, Method: device.dump.ui, Params: {"deviceId":"eus-qualification-pixel7-api35"}
2026/09/22 18:11:48.316676 [INFO] WebSocket Request ID: 133, Method: device.dump.ui, Params: {"deviceId":"eus-qualification-pixel7-api35"}
2026/09/22 18:11:48.482106 [INFO] WebSocket Request ID: 134, Method: device.dump.ui, Params: {"deviceId":"eus-qualification-pixel7-api35"}
2026/09/22 18:11:48.645597 [INFO] WebSocket Request ID: 135, Method: device.dump.ui, Params: {"deviceId":"eus-qualification-pixel7-api35"}
2026/09/22 18:11:48.811562 [INFO] WebSocket Request ID: 136, Method: device.dump.ui, Params: {"deviceId":"eus-qualification-pixel7-api35"}
2026/09/22 18:11:48.975058 [INFO] WebSocket Request ID: 137, Method: device.dump.ui, Params: {"deviceId":"eus-qualification-pixel7-api35"}
2026/09/22 18:11:49.139751 [INFO] WebSocket Request ID: 138, Method: device.dump.ui, Params: {"deviceId":"eus-qualification-pixel7-api35"}
2026/09/22 18:11:49.329883 [INFO] WebSocket Request ID: 139, Method: device.dump.ui, Params: {"deviceId":"eus-qualification-pixel7-api35"}
2026/09/22 18:11:49.495881 [INFO] WebSocket Request ID: 140, Method: device.dump.ui, Params: {"deviceId":"eus-qualification-pixel7-api35"}
2026/09/22 18:11:49.664071 [INFO] WebSocket Request ID: 141, Method: device.dump.ui, Params: {"deviceId":"eus-qualification-pixel7-api35"}
2026/09/22 18:11:49.830498 [INFO] WebSocket Request ID: 142, Method: device.dump.ui, Params: {"deviceId":"eus-qualification-pixel7-api35"}
2026/09/22 18:11:50.003553 [INFO] WebSocket Request ID: 143, Method: device.dump.ui, Params: {"deviceId":"eus-qualification-pixel7-api35"}
2026/09/22 18:11:50.189705 [INFO] WebSocket Request ID: 144, Method: device.dump.ui, Params: {"deviceId":"eus-qualification-pixel7-api35"}
2026/09/22 18:11:50.353122 [INFO] WebSocket Request ID: 145, Method: device.dump.ui, Params: {"deviceId":"eus-qualification-pixel7-api35"}
2026/09/22 18:11:50.517935 [INFO] WebSocket Request ID: 146, Method: device.dump.ui, Params: {"deviceId":"eus-qualification-pixel7-api35"}
2026/09/22 18:11:50.679927 [INFO] WebSocket Request ID: 147, Method: device.dump.ui, Params: {"deviceId":"eus-qualification-pixel7-api35"}
2026/09/22 18:11:50.844821 [INFO] WebSocket Request ID: 148, Method: device.dump.ui, Params: {"deviceId":"eus-qualification-pixel7-api35"}
2026/09/22 18:11:51.007519 [INFO] WebSocket Request ID: 149, Method: device.dump.ui, Params: {"deviceId":"eus-qualification-pixel7-api35"}
2026/09/22 18:11:51.173546 [INFO] WebSocket Request ID: 150, Method: device.dump.ui, Params: {"deviceId":"eus-qualification-pixel7-api35"}
2026/09/22 18:11:51.337000 [INFO] WebSocket Request ID: 151, Method: device.dump.ui, Params: {"deviceId":"eus-qualification-pixel7-api35"}
2026/09/22 18:11:51.506986 [INFO] WebSocket Request ID: 152, Method: device.dump.ui, Params: {"deviceId":"eus-qualification-pixel7-api35"}
2026/09/22 18:11:51.670459 [INFO] WebSocket Request ID: 153, Method: device.dump.ui, Params: {"deviceId":"eus-qualification-pixel7-api35"}
2026/09/22 18:11:51.841740 [INFO] WebSocket Request ID: 154, Method: device.dump.ui, Params: {"deviceId":"eus-qualification-pixel7-api35"}
2026/09/22 18:11:52.030316 [INFO] WebSocket Request ID: 155, Method: device.dump.ui, Params: {"deviceId":"eus-qualification-pixel7-api35"}
2026/09/22 18:11:52.197525 [INFO] WebSocket Request ID: 156, Method: device.dump.ui, Params: {"deviceId":"eus-qualification-pixel7-api35"}
2026/09/22 18:11:52.360937 [INFO] WebSocket Request ID: 157, Method: device.dump.ui, Params: {"deviceId":"eus-qualification-pixel7-api35"}
2026/09/22 18:11:52.523703 [INFO] WebSocket Request ID: 158, Method: device.dump.ui, Params: {"deviceId":"eus-qualification-pixel7-api35"}
2026/09/22 18:11:52.688875 [INFO] WebSocket Request ID: 159, Method: device.dump.ui, Params: {"deviceId":"eus-qualification-pixel7-api35"}
2026/09/22 18:11:52.861981 [INFO] WebSocket Request ID: 160, Method: device.dump.ui, Params: {"deviceId":"eus-qualification-pixel7-api35"}
2026/09/22 18:11:53.023618 [INFO] WebSocket Request ID: 161, Method: device.dump.ui, Params: {"deviceId":"eus-qualification-pixel7-api35"}
2026/09/22 18:11:53.190155 [INFO] WebSocket Request ID: 162, Method: device.dump.ui, Params: {"deviceId":"eus-qualification-pixel7-api35"}
2026/09/22 18:11:53.352010 [INFO] WebSocket Request ID: 163, Method: device.dump.ui, Params: {"deviceId":"eus-qualification-pixel7-api35"}
2026/09/22 18:11:53.516420 [INFO] WebSocket Request ID: 164, Method: device.dump.ui, Params: {"deviceId":"eus-qualification-pixel7-api35"}
2026/09/22 18:11:53.689407 [INFO] WebSocket Request ID: 165, Method: device.dump.ui, Params: {"deviceId":"eus-qualification-pixel7-api35"}
2026/09/22 18:11:53.878138 [INFO] WebSocket Request ID: 166, Method: device.dump.ui, Params: {"deviceId":"eus-qualification-pixel7-api35"}
2026/09/22 18:11:54.043379 [INFO] WebSocket Request ID: 167, Method: device.dump.ui, Params: {"deviceId":"eus-qualification-pixel7-api35"}
2026/09/22 18:11:54.206127 [INFO] WebSocket Request ID: 168, Method: device.dump.ui, Params: {"deviceId":"eus-qualification-pixel7-api35"}
2026/09/22 18:11:54.367850 [INFO] WebSocket Request ID: 169, Method: device.dump.ui, Params: {"deviceId":"eus-qualification-pixel7-api35"}
2026/09/22 18:11:54.551355 [INFO] WebSocket Request ID: 170, Method: device.dump.ui, Params: {"deviceId":"eus-qualification-pixel7-api35"}
2026/09/22 18:11:54.718470 [INFO] WebSocket Request ID: 171, Method: device.dump.ui, Params: {"deviceId":"eus-qualification-pixel7-api35"}
2026/09/22 18:11:54.880925 [INFO] WebSocket Request ID: 172, Method: device.dump.ui, Params: {"deviceId":"eus-qualification-pixel7-api35"}
2026/09/22 18:11:55.047330 [INFO] WebSocket Request ID: 173, Method: device.dump.ui, Params: {"deviceId":"eus-qualification-pixel7-api35"}
2026/09/22 18:11:55.210250 [INFO] WebSocket Request ID: 174, Method: device.dump.ui, Params: {"deviceId":"eus-qualification-pixel7-api35"}
2026/09/22 18:11:55.373963 [INFO] WebSocket Request ID: 175, Method: device.dump.ui, Params: {"deviceId":"eus-qualification-pixel7-api35"}
2026/09/22 18:11:55.551410 [INFO] WebSocket Request ID: 176, Method: device.dump.ui, Params: {"deviceId":"eus-qualification-pixel7-api35"}
2026/09/22 18:11:55.738382 [INFO] WebSocket Request ID: 177, Method: device.dump.ui, Params: {"deviceId":"eus-qualification-pixel7-api35"}
2026/09/22 18:11:55.903227 [INFO] WebSocket Request ID: 178, Method: device.dump.ui, Params: {"deviceId":"eus-qualification-pixel7-api35"}
2026/09/22 18:11:56.066665 [INFO] WebSocket Request ID: 179, Method: device.dump.ui, Params: {"deviceId":"eus-qualification-pixel7-api35"}
2026/09/22 18:11:56.230187 [INFO] WebSocket Request ID: 180, Method: device.dump.ui, Params: {"deviceId":"eus-qualification-pixel7-api35"}
2026/09/22 18:11:56.395139 [INFO] WebSocket Request ID: 181, Method: device.dump.ui, Params: {"deviceId":"eus-qualification-pixel7-api35"}
2026/09/22 18:11:56.557145 [INFO] WebSocket Request ID: 182, Method: device.dump.ui, Params: {"deviceId":"eus-qualification-pixel7-api35"}
2026/09/22 18:11:56.719501 [INFO] WebSocket Request ID: 183, Method: device.dump.ui, Params: {"deviceId":"eus-qualification-pixel7-api35"}
2026/09/22 18:11:56.883755 [INFO] WebSocket Request ID: 184, Method: device.dump.ui, Params: {"deviceId":"eus-qualification-pixel7-api35"}
2026/09/22 18:11:57.046866 [INFO] WebSocket Request ID: 185, Method: device.dump.ui, Params: {"deviceId":"eus-qualification-pixel7-api35"}
2026/09/22 18:11:57.207725 [INFO] WebSocket Request ID: 186, Method: device.dump.ui, Params: {"deviceId":"eus-qualification-pixel7-api35"}
2026/09/22 18:11:57.380250 [INFO] WebSocket Request ID: 187, Method: device.dump.ui, Params: {"deviceId":"eus-qualification-pixel7-api35"}
2026/09/22 18:11:57.569934 [INFO] WebSocket Request ID: 188, Method: device.dump.ui, Params: {"deviceId":"eus-qualification-pixel7-api35"}
2026/09/22 18:11:57.735428 [INFO] WebSocket Request ID: 189, Method: device.dump.ui, Params: {"deviceId":"eus-qualification-pixel7-api35"}
2026/09/22 18:11:57.899029 [INFO] WebSocket Request ID: 190, Method: device.dump.ui, Params: {"deviceId":"eus-qualification-pixel7-api35"}
2026/09/22 18:11:58.063691 [INFO] WebSocket Request ID: 191, Method: device.dump.ui, Params: {"deviceId":"eus-qualification-pixel7-api35"}
2026/09/22 18:11:58.233265 [INFO] WebSocket Request ID: 192, Method: device.dump.ui, Params: {"deviceId":"eus-qualification-pixel7-api35"}
2026/09/22 18:11:58.395877 [INFO] WebSocket Request ID: 193, Method: device.dump.ui, Params: {"deviceId":"eus-qualification-pixel7-api35"}
2026/09/22 18:11:58.556044 [INFO] WebSocket Request ID: 194, Method: device.dump.ui, Params: {"deviceId":"eus-qualification-pixel7-api35"}
2026/09/22 18:11:58.719608 [INFO] WebSocket Request ID: 195, Method: device.dump.ui, Params: {"deviceId":"eus-qualification-pixel7-api35"}
2026/09/22 18:11:58.881897 [INFO] WebSocket Request ID: 196, Method: device.dump.ui, Params: {"deviceId":"eus-qualification-pixel7-api35"}
2026/09/22 18:11:59.045523 [INFO] WebSocket Request ID: 197, Method: device.dump.ui, Params: {"deviceId":"eus-qualification-pixel7-api35"}
2026/09/22 18:11:59.218558 [INFO] WebSocket Request ID: 198, Method: device.dump.ui, Params: {"deviceId":"eus-qualification-pixel7-api35"}
2026/09/22 18:11:59.405851 [INFO] WebSocket Request ID: 199, Method: device.dump.ui, Params: {"deviceId":"eus-qualification-pixel7-api35"}
2026/09/22 18:11:59.569074 [INFO] WebSocket Request ID: 200, Method: device.dump.ui, Params: {"deviceId":"eus-qualification-pixel7-api35"}
2026/09/22 18:11:59.734105 [INFO] WebSocket Request ID: 201, Method: device.dump.ui, Params: {"deviceId":"eus-qualification-pixel7-api35"}
2026/09/22 18:11:59.895809 [INFO] WebSocket Request ID: 202, Method: device.dump.ui, Params: {"deviceId":"eus-qualification-pixel7-api35"}
2026/09/22 18:12:00.058532 [INFO] WebSocket Request ID: 203, Method: device.dump.ui, Params: {"deviceId":"eus-qualification-pixel7-api35"}
2026/09/22 18:12:00.219236 [INFO] WebSocket Request ID: 204, Method: device.dump.ui, Params: {"deviceId":"eus-qualification-pixel7-api35"}
2026/09/22 18:12:00.379585 [INFO] WebSocket Request ID: 205, Method: device.dump.ui, Params: {"deviceId":"eus-qualification-pixel7-api35"}
2026/09/22 18:12:00.544583 [INFO] WebSocket Request ID: 206, Method: device.dump.ui, Params: {"deviceId":"eus-qualification-pixel7-api35"}
2026/09/22 18:12:00.762188 [INFO] WebSocket Request ID: 207, Method: device.dump.ui, Params: {"deviceId":"eus-qualification-pixel7-api35"}
2026/09/22 18:12:01.316261 [INFO] WebSocket Request ID: 208, Method: device.dump.ui, Params: {"deviceId":"eus-qualification-pixel7-api35"}
2026/09/22 18:12:01.492118 [INFO] WebSocket Request ID: 209, Method: device.dump.ui, Params: {"deviceId":"eus-qualification-pixel7-api35"}
2026/09/22 18:12:01.678983 [INFO] WebSocket Request ID: 210, Method: device.dump.ui, Params: {"deviceId":"eus-qualification-pixel7-api35"}
2026/09/22 18:12:01.840820 [INFO] WebSocket Request ID: 211, Method: device.dump.ui, Params: {"deviceId":"eus-qualification-pixel7-api35"}
2026/09/22 18:12:02.003053 [INFO] WebSocket Request ID: 212, Method: device.dump.ui, Params: {"deviceId":"eus-qualification-pixel7-api35"}
2026/09/22 18:12:02.165074 [INFO] WebSocket Request ID: 213, Method: device.dump.ui, Params: {"deviceId":"eus-qualification-pixel7-api35"}
2026/09/22 18:12:02.329519 [INFO] WebSocket Request ID: 214, Method: device.dump.ui, Params: {"deviceId":"eus-qualification-pixel7-api35"}
2026/09/22 18:12:02.505208 [INFO] WebSocket Request ID: 215, Method: device.dump.ui, Params: {"deviceId":"eus-qualification-pixel7-api35"}
2026/09/22 18:12:02.669347 [INFO] WebSocket Request ID: 216, Method: device.dump.ui, Params: {"deviceId":"eus-qualification-pixel7-api35"}
2026/09/22 18:12:02.835689 [INFO] WebSocket Request ID: 217, Method: device.dump.ui, Params: {"deviceId":"eus-qualification-pixel7-api35"}
2026/09/22 18:12:02.997526 [INFO] WebSocket Request ID: 218, Method: device.dump.ui, Params: {"deviceId":"eus-qualification-pixel7-api35"}
2026/09/22 18:12:03.158568 [INFO] WebSocket Request ID: 219, Method: device.dump.ui, Params: {"deviceId":"eus-qualification-pixel7-api35"}
2026/09/22 18:12:03.324600 [INFO] WebSocket Request ID: 220, Method: device.dump.ui, Params: {"deviceId":"eus-qualification-pixel7-api35"}
2026/09/22 18:12:03.512721 [INFO] WebSocket Request ID: 221, Method: device.dump.ui, Params: {"deviceId":"eus-qualification-pixel7-api35"}
2026/09/22 18:12:03.675938 [INFO] WebSocket Request ID: 222, Method: device.dump.ui, Params: {"deviceId":"eus-qualification-pixel7-api35"}
2026/09/22 18:12:03.838188 [INFO] WebSocket Request ID: 223, Method: device.dump.ui, Params: {"deviceId":"eus-qualification-pixel7-api35"}
2026/09/22 18:12:04.002150 [INFO] WebSocket Request ID: 224, Method: device.dump.ui, Params: {"deviceId":"eus-qualification-pixel7-api35"}
2026/09/22 18:12:04.166621 [INFO] WebSocket Request ID: 225, Method: device.dump.ui, Params: {"deviceId":"eus-qualification-pixel7-api35"}
2026/09/22 18:12:04.333567 [INFO] WebSocket Request ID: 226, Method: device.dump.ui, Params: {"deviceId":"eus-qualification-pixel7-api35"}
2026/09/22 18:12:04.495821 [INFO] WebSocket Request ID: 227, Method: device.dump.ui, Params: {"deviceId":"eus-qualification-pixel7-api35"}
2026/09/22 18:12:04.658500 [INFO] WebSocket Request ID: 228, Method: device.dump.ui, Params: {"deviceId":"eus-qualification-pixel7-api35"}
2026/09/22 18:12:04.820248 [INFO] WebSocket Request ID: 229, Method: device.dump.ui, Params: {"deviceId":"eus-qualification-pixel7-api35"}
2026/09/22 18:12:04.986870 [INFO] WebSocket Request ID: 230, Method: device.dump.ui, Params: {"deviceId":"eus-qualification-pixel7-api35"}
2026/09/22 18:12:05.159383 [INFO] WebSocket Request ID: 231, Method: device.dump.ui, Params: {"deviceId":"eus-qualification-pixel7-api35"}
2026/09/22 18:12:05.355972 [INFO] WebSocket Request ID: 232, Method: device.dump.ui, Params: {"deviceId":"eus-qualification-pixel7-api35"}
2026/09/22 18:12:05.520736 [INFO] WebSocket Request ID: 233, Method: device.dump.ui, Params: {"deviceId":"eus-qualification-pixel7-api35"}
2026/09/22 18:12:05.688980 [INFO] WebSocket Request ID: 234, Method: device.dump.ui, Params: {"deviceId":"eus-qualification-pixel7-api35"}
2026/09/22 18:12:05.852116 [INFO] WebSocket Request ID: 235, Method: device.dump.ui, Params: {"deviceId":"eus-qualification-pixel7-api35"}
2026/09/22 18:12:06.011271 [INFO] WebSocket Request ID: 236, Method: device.dump.ui, Params: {"deviceId":"eus-qualification-pixel7-api35"}
2026/09/22 18:12:06.174766 [INFO] WebSocket Request ID: 237, Method: device.dump.ui, Params: {"deviceId":"eus-qualification-pixel7-api35"}
2026/09/22 18:12:06.337760 [INFO] WebSocket Request ID: 238, Method: device.dump.ui, Params: {"deviceId":"eus-qualification-pixel7-api35"}
2026/09/22 18:12:06.500187 [INFO] WebSocket Request ID: 239, Method: device.dump.ui, Params: {"deviceId":"eus-qualification-pixel7-api35"}
2026/09/22 18:12:06.665651 [INFO] WebSocket Request ID: 240, Method: device.dump.ui, Params: {"deviceId":"eus-qualification-pixel7-api35"}
2026/09/22 18:12:06.830123 [INFO] WebSocket Request ID: 241, Method: device.dump.ui, Params: {"deviceId":"eus-qualification-pixel7-api35"}
2026/09/22 18:12:06.997221 [INFO] WebSocket Request ID: 242, Method: device.dump.ui, Params: {"deviceId":"eus-qualification-pixel7-api35"}
2026/09/22 18:12:07.184997 [INFO] WebSocket Request ID: 243, Method: device.dump.ui, Params: {"deviceId":"eus-qualification-pixel7-api35"}
2026/09/22 18:12:07.345701 [INFO] WebSocket Request ID: 244, Method: device.dump.ui, Params: {"deviceId":"eus-qualification-pixel7-api35"}
2026/09/22 18:12:07.509206 [INFO] WebSocket Request ID: 245, Method: device.dump.ui, Params: {"deviceId":"eus-qualification-pixel7-api35"}
2026/09/22 18:12:07.672414 [INFO] WebSocket Request ID: 246, Method: device.dump.ui, Params: {"deviceId":"eus-qualification-pixel7-api35"}
2026/09/22 18:12:07.837234 [INFO] WebSocket Request ID: 247, Method: device.dump.ui, Params: {"deviceId":"eus-qualification-pixel7-api35"}
2026/09/22 18:12:08.001968 [INFO] WebSocket Request ID: 248, Method: device.dump.ui, Params: {"deviceId":"eus-qualification-pixel7-api35"}
2026/09/22 18:12:08.165534 [INFO] WebSocket Request ID: 249, Method: device.dump.ui, Params: {"deviceId":"eus-qualification-pixel7-api35"}
2026/09/22 18:12:08.328088 [INFO] WebSocket Request ID: 250, Method: device.dump.ui, Params: {"deviceId":"eus-qualification-pixel7-api35"}
2026/09/22 18:12:08.489323 [INFO] WebSocket Request ID: 251, Method: device.dump.ui, Params: {"deviceId":"eus-qualification-pixel7-api35"}
2026/09/22 18:12:08.658164 [INFO] WebSocket Request ID: 252, Method: device.dump.ui, Params: {"deviceId":"eus-qualification-pixel7-api35"}
2026/09/22 18:12:08.851216 [INFO] WebSocket Request ID: 253, Method: device.dump.ui, Params: {"deviceId":"eus-qualification-pixel7-api35"}
2026/09/22 18:12:09.013516 [INFO] WebSocket Request ID: 254, Method: device.dump.ui, Params: {"deviceId":"eus-qualification-pixel7-api35"}
2026/09/22 18:12:09.176084 [INFO] WebSocket Request ID: 255, Method: device.dump.ui, Params: {"deviceId":"eus-qualification-pixel7-api35"}
2026/09/22 18:12:09.337939 [INFO] WebSocket Request ID: 256, Method: device.dump.ui, Params: {"deviceId":"eus-qualification-pixel7-api35"}
2026/09/22 18:12:09.502155 [INFO] WebSocket Request ID: 257, Method: device.dump.ui, Params: {"deviceId":"eus-qualification-pixel7-api35"}
2026/09/22 18:12:09.665144 [INFO] WebSocket Request ID: 258, Method: device.dump.ui, Params: {"deviceId":"eus-qualification-pixel7-api35"}
2026/09/22 18:12:09.827825 [INFO] WebSocket Request ID: 259, Method: device.dump.ui, Params: {"deviceId":"eus-qualification-pixel7-api35"}
2026/09/22 18:12:09.990396 [INFO] WebSocket Request ID: 260, Method: device.dump.ui, Params: {"deviceId":"eus-qualification-pixel7-api35"}
2026/09/22 18:12:10.150488 [INFO] WebSocket Request ID: 261, Method: device.dump.ui, Params: {"deviceId":"eus-qualification-pixel7-api35"}
2026/09/22 18:12:10.313758 [INFO] WebSocket Request ID: 262, Method: device.dump.ui, Params: {"deviceId":"eus-qualification-pixel7-api35"}
2026/09/22 18:12:10.502891 [INFO] WebSocket Request ID: 263, Method: device.dump.ui, Params: {"deviceId":"eus-qualification-pixel7-api35"}
2026/09/22 18:12:10.667873 [INFO] WebSocket Request ID: 264, Method: device.dump.ui, Params: {"deviceId":"eus-qualification-pixel7-api35"}
2026/09/22 18:12:10.831014 [INFO] WebSocket Request ID: 265, Method: device.dump.ui, Params: {"deviceId":"eus-qualification-pixel7-api35"}
2026/09/22 18:12:10.993061 [INFO] WebSocket Request ID: 266, Method: device.dump.ui, Params: {"deviceId":"eus-qualification-pixel7-api35"}
2026/09/22 18:12:11.154645 [INFO] WebSocket Request ID: 267, Method: device.dump.ui, Params: {"deviceId":"eus-qualification-pixel7-api35"}
2026/09/22 18:12:11.315846 [INFO] WebSocket Request ID: 268, Method: device.dump.ui, Params: {"deviceId":"eus-qualification-pixel7-api35"}
2026/09/22 18:12:11.479959 [INFO] WebSocket Request ID: 269, Method: device.dump.ui, Params: {"deviceId":"eus-qualification-pixel7-api35"}
2026/09/22 18:12:11.643189 [INFO] WebSocket Request ID: 270, Method: device.dump.ui, Params: {"deviceId":"eus-qualification-pixel7-api35"}
2026/09/22 18:12:11.806146 [INFO] WebSocket Request ID: 271, Method: device.dump.ui, Params: {"deviceId":"eus-qualification-pixel7-api35"}
2026/09/22 18:12:11.970447 [INFO] WebSocket Request ID: 272, Method: device.dump.ui, Params: {"deviceId":"eus-qualification-pixel7-api35"}
2026/09/22 18:12:12.170114 [INFO] WebSocket Request ID: 273, Method: device.dump.ui, Params: {"deviceId":"eus-qualification-pixel7-api35"}
2026/09/22 18:12:12.358630 [INFO] WebSocket Request ID: 274, Method: device.dump.ui, Params: {"deviceId":"eus-qualification-pixel7-api35"}
2026/09/22 18:12:12.521389 [INFO] WebSocket Request ID: 275, Method: device.dump.ui, Params: {"deviceId":"eus-qualification-pixel7-api35"}
2026/09/22 18:12:12.682437 [INFO] WebSocket Request ID: 276, Method: device.dump.ui, Params: {"deviceId":"eus-qualification-pixel7-api35"}
2026/09/22 18:12:12.845586 [INFO] WebSocket Request ID: 277, Method: device.dump.ui, Params: {"deviceId":"eus-qualification-pixel7-api35"}
2026/09/22 18:12:13.008769 [INFO] WebSocket Request ID: 278, Method: device.dump.ui, Params: {"deviceId":"eus-qualification-pixel7-api35"}
2026/09/22 18:12:13.172981 [INFO] WebSocket Request ID: 279, Method: device.dump.ui, Params: {"deviceId":"eus-qualification-pixel7-api35"}
2026/09/22 18:12:13.334546 [INFO] WebSocket Request ID: 280, Method: device.dump.ui, Params: {"deviceId":"eus-qualification-pixel7-api35"}
2026/09/22 18:12:13.498881 [INFO] WebSocket Request ID: 281, Method: device.dump.ui, Params: {"deviceId":"eus-qualification-pixel7-api35"}
2026/09/22 18:12:13.661507 [INFO] WebSocket Request ID: 282, Method: device.dump.ui, Params: {"deviceId":"eus-qualification-pixel7-api35"}
2026/09/22 18:12:13.822638 [INFO] WebSocket Request ID: 283, Method: device.dump.ui, Params: {"deviceId":"eus-qualification-pixel7-api35"}
2026/09/22 18:12:13.991832 [INFO] WebSocket Request ID: 284, Method: device.dump.ui, Params: {"deviceId":"eus-qualification-pixel7-api35"}
2026/09/22 18:12:14.179381 [INFO] WebSocket Request ID: 285, Method: device.dump.ui, Params: {"deviceId":"eus-qualification-pixel7-api35"}
2026/09/22 18:12:14.341745 [INFO] WebSocket Request ID: 286, Method: device.dump.ui, Params: {"deviceId":"eus-qualification-pixel7-api35"}
2026/09/22 18:12:14.505323 [INFO] WebSocket Request ID: 287, Method: device.dump.ui, Params: {"deviceId":"eus-qualification-pixel7-api35"}
2026/09/22 18:12:14.667878 [INFO] WebSocket Request ID: 288, Method: device.dump.ui, Params: {"deviceId":"eus-qualification-pixel7-api35"}
2026/09/22 18:12:14.830662 [INFO] WebSocket Request ID: 289, Method: device.dump.ui, Params: {"deviceId":"eus-qualification-pixel7-api35"}
2026/09/22 18:12:14.994447 [INFO] WebSocket Request ID: 290, Method: device.dump.ui, Params: {"deviceId":"eus-qualification-pixel7-api35"}
2026/09/22 18:12:15.153777 [INFO] WebSocket Request ID: 291, Method: device.dump.ui, Params: {"deviceId":"eus-qualification-pixel7-api35"}
2026/09/22 18:12:15.314533 [INFO] WebSocket Request ID: 292, Method: device.dump.ui, Params: {"deviceId":"eus-qualification-pixel7-api35"}
2026/09/22 18:12:15.475485 [INFO] WebSocket Request ID: 293, Method: device.dump.ui, Params: {"deviceId":"eus-qualification-pixel7-api35"}
2026/09/22 18:12:15.636295 [INFO] WebSocket Request ID: 294, Method: device.dump.ui, Params: {"deviceId":"eus-qualification-pixel7-api35"}
2026/09/22 18:12:15.810166 [INFO] WebSocket Request ID: 295, Method: device.dump.ui, Params: {"deviceId":"eus-qualification-pixel7-api35"}
2026/09/22 18:12:15.996284 [INFO] WebSocket Request ID: 296, Method: device.dump.ui, Params: {"deviceId":"eus-qualification-pixel7-api35"}
2026/09/22 18:12:16.159501 [INFO] WebSocket Request ID: 297, Method: device.dump.ui, Params: {"deviceId":"eus-qualification-pixel7-api35"}
2026/09/22 18:12:16.322313 [INFO] WebSocket Request ID: 298, Method: device.dump.ui, Params: {"deviceId":"eus-qualification-pixel7-api35"}
2026/09/22 18:12:16.486413 [INFO] WebSocket Request ID: 299, Method: device.dump.ui, Params: {"deviceId":"eus-qualification-pixel7-api35"}
2026/09/22 18:12:16.648194 [INFO] WebSocket Request ID: 300, Method: device.dump.ui, Params: {"deviceId":"eus-qualification-pixel7-api35"}
2026/09/22 18:12:16.809466 [INFO] WebSocket Request ID: 301, Method: device.dump.ui, Params: {"deviceId":"eus-qualification-pixel7-api35"}
2026/09/22 18:12:16.972032 [INFO] WebSocket Request ID: 302, Method: device.dump.ui, Params: {"deviceId":"eus-qualification-pixel7-api35"}
2026/09/22 18:12:17.131951 [INFO] WebSocket Request ID: 303, Method: device.dump.ui, Params: {"deviceId":"eus-qualification-pixel7-api35"}
2026/09/22 18:12:17.295690 [INFO] WebSocket Request ID: 304, Method: device.dump.ui, Params: {"deviceId":"eus-qualification-pixel7-api35"}
2026/09/22 18:12:17.457435 [INFO] WebSocket Request ID: 305, Method: device.dump.ui, Params: {"deviceId":"eus-qualification-pixel7-api35"}
2026/09/22 18:12:17.620905 [INFO] WebSocket Request ID: 306, Method: device.dump.ui, Params: {"deviceId":"eus-qualification-pixel7-api35"}
2026/09/22 18:12:17.808571 [INFO] WebSocket Request ID: 307, Method: device.dump.ui, Params: {"deviceId":"eus-qualification-pixel7-api35"}
2026/09/22 18:12:17.971519 [INFO] WebSocket Request ID: 308, Method: device.dump.ui, Params: {"deviceId":"eus-qualification-pixel7-api35"}
2026/09/22 18:12:18.133582 [INFO] WebSocket Request ID: 309, Method: device.dump.ui, Params: {"deviceId":"eus-qualification-pixel7-api35"}
2026/09/22 18:12:18.293706 [INFO] WebSocket Request ID: 310, Method: device.dump.ui, Params: {"deviceId":"eus-qualification-pixel7-api35"}
2026/09/22 18:12:18.454657 [INFO] WebSocket Request ID: 311, Method: device.dump.ui, Params: {"deviceId":"eus-qualification-pixel7-api35"}
2026/09/22 18:12:18.617421 [INFO] WebSocket Request ID: 312, Method: device.dump.ui, Params: {"deviceId":"eus-qualification-pixel7-api35"}
2026/09/22 18:12:18.798522 [INFO] WebSocket Request ID: 313, Method: device.dump.ui, Params: {"deviceId":"eus-qualification-pixel7-api35"}
2026/09/22 18:12:18.962581 [INFO] WebSocket Request ID: 314, Method: device.dump.ui, Params: {"deviceId":"eus-qualification-pixel7-api35"}
2026/09/22 18:12:19.125754 [INFO] WebSocket Request ID: 315, Method: device.dump.ui, Params: {"deviceId":"eus-qualification-pixel7-api35"}
2026/09/22 18:12:19.287653 [INFO] WebSocket Request ID: 316, Method: device.dump.ui, Params: {"deviceId":"eus-qualification-pixel7-api35"}
2026/09/22 18:12:19.474417 [INFO] WebSocket Request ID: 317, Method: device.dump.ui, Params: {"deviceId":"eus-qualification-pixel7-api35"}
2026/09/22 18:12:19.640014 [INFO] WebSocket Request ID: 318, Method: device.dump.ui, Params: {"deviceId":"eus-qualification-pixel7-api35"}
2026/09/22 18:12:19.801216 [INFO] WebSocket Request ID: 319, Method: device.dump.ui, Params: {"deviceId":"eus-qualification-pixel7-api35"}
2026/09/22 18:12:19.963146 [INFO] WebSocket Request ID: 320, Method: device.dump.ui, Params: {"deviceId":"eus-qualification-pixel7-api35"}
2026/09/22 18:12:20.124099 [INFO] WebSocket Request ID: 321, Method: device.dump.ui, Params: {"deviceId":"eus-qualification-pixel7-api35"}
2026/09/22 18:12:20.286510 [INFO] WebSocket Request ID: 322, Method: device.dump.ui, Params: {"deviceId":"eus-qualification-pixel7-api35"}
2026/09/22 18:12:20.453395 [INFO] WebSocket Request ID: 323, Method: device.dump.ui, Params: {"deviceId":"eus-qualification-pixel7-api35"}
2026/09/22 18:12:20.615951 [INFO] WebSocket Request ID: 324, Method: device.dump.ui, Params: {"deviceId":"eus-qualification-pixel7-api35"}
2026/09/22 18:12:20.779598 [INFO] WebSocket Request ID: 325, Method: device.dump.ui, Params: {"deviceId":"eus-qualification-pixel7-api35"}
2026/09/22 18:12:20.943842 [INFO] WebSocket Request ID: 326, Method: device.dump.ui, Params: {"deviceId":"eus-qualification-pixel7-api35"}
2026/09/22 18:12:21.122466 [INFO] WebSocket Request ID: 327, Method: device.dump.ui, Params: {"deviceId":"eus-qualification-pixel7-api35"}
2026/09/22 18:12:21.309603 [INFO] WebSocket Request ID: 328, Method: device.dump.ui, Params: {"deviceId":"eus-qualification-pixel7-api35"}
2026/09/22 18:12:21.471916 [INFO] WebSocket Request ID: 329, Method: device.dump.ui, Params: {"deviceId":"eus-qualification-pixel7-api35"}
2026/09/22 18:12:21.635046 [INFO] WebSocket Request ID: 330, Method: device.dump.ui, Params: {"deviceId":"eus-qualification-pixel7-api35"}
2026/09/22 18:12:21.798703 [INFO] WebSocket Request ID: 331, Method: device.dump.ui, Params: {"deviceId":"eus-qualification-pixel7-api35"}
2026/09/22 18:12:21.961618 [INFO] WebSocket Request ID: 332, Method: device.dump.ui, Params: {"deviceId":"eus-qualification-pixel7-api35"}
2026/09/22 18:12:22.123378 [INFO] WebSocket Request ID: 333, Method: device.dump.ui, Params: {"deviceId":"eus-qualification-pixel7-api35"}
2026/09/22 18:12:22.290135 [INFO] WebSocket Request ID: 334, Method: device.dump.ui, Params: {"deviceId":"eus-qualification-pixel7-api35"}
2026/09/22 18:12:22.452694 [INFO] WebSocket Request ID: 335, Method: device.dump.ui, Params: {"deviceId":"eus-qualification-pixel7-api35"}
2026/09/22 18:12:22.616734 [INFO] WebSocket Request ID: 336, Method: device.dump.ui, Params: {"deviceId":"eus-qualification-pixel7-api35"}
2026/09/22 18:12:22.778122 [INFO] WebSocket Request ID: 337, Method: device.dump.ui, Params: {"deviceId":"eus-qualification-pixel7-api35"}
2026/09/22 18:12:22.955057 [INFO] WebSocket Request ID: 338, Method: device.dump.ui, Params: {"deviceId":"eus-qualification-pixel7-api35"}
2026/09/22 18:12:23.139866 [INFO] WebSocket Request ID: 339, Method: device.dump.ui, Params: {"deviceId":"eus-qualification-pixel7-api35"}
2026/09/22 18:12:23.305647 [INFO] WebSocket Request ID: 340, Method: device.dump.ui, Params: {"deviceId":"eus-qualification-pixel7-api35"}
2026/09/22 18:12:23.470555 [INFO] WebSocket Request ID: 341, Method: device.dump.ui, Params: {"deviceId":"eus-qualification-pixel7-api35"}
2026/09/22 18:12:23.634384 [INFO] WebSocket Request ID: 342, Method: device.dump.ui, Params: {"deviceId":"eus-qualification-pixel7-api35"}
2026/09/22 18:12:23.797007 [INFO] WebSocket Request ID: 343, Method: device.dump.ui, Params: {"deviceId":"eus-qualification-pixel7-api35"}
2026/09/22 18:12:23.957756 [INFO] WebSocket Request ID: 344, Method: device.dump.ui, Params: {"deviceId":"eus-qualification-pixel7-api35"}
2026/09/22 18:12:24.119376 [INFO] WebSocket Request ID: 345, Method: device.dump.ui, Params: {"deviceId":"eus-qualification-pixel7-api35"}
2026/09/22 18:12:24.281639 [INFO] WebSocket Request ID: 346, Method: device.dump.ui, Params: {"deviceId":"eus-qualification-pixel7-api35"}
2026/09/22 18:12:24.443282 [INFO] WebSocket Request ID: 347, Method: device.dump.ui, Params: {"deviceId":"eus-qualification-pixel7-api35"}
2026/09/22 18:12:24.602895 [INFO] WebSocket Request ID: 348, Method: device.dump.ui, Params: {"deviceId":"eus-qualification-pixel7-api35"}
2026/09/22 18:12:24.773723 [INFO] WebSocket Request ID: 349, Method: device.dump.ui, Params: {"deviceId":"eus-qualification-pixel7-api35"}
2026/09/22 18:12:24.960249 [INFO] WebSocket Request ID: 350, Method: device.dump.ui, Params: {"deviceId":"eus-qualification-pixel7-api35"}
2026/09/22 18:12:25.126115 [INFO] WebSocket Request ID: 351, Method: device.dump.ui, Params: {"deviceId":"eus-qualification-pixel7-api35"}
2026/09/22 18:12:25.298572 [INFO] WebSocket Request ID: 352, Method: device.dump.ui, Params: {"deviceId":"eus-qualification-pixel7-api35"}
2026/09/22 18:12:25.459724 [INFO] WebSocket Request ID: 353, Method: device.dump.ui, Params: {"deviceId":"eus-qualification-pixel7-api35"}
2026/09/22 18:12:25.620495 [INFO] WebSocket Request ID: 354, Method: device.dump.ui, Params: {"deviceId":"eus-qualification-pixel7-api35"}
2026/09/22 18:12:25.781769 [INFO] WebSocket Request ID: 355, Method: device.dump.ui, Params: {"deviceId":"eus-qualification-pixel7-api35"}
2026/09/22 18:12:25.947132 [INFO] WebSocket Request ID: 356, Method: device.dump.ui, Params: {"deviceId":"eus-qualification-pixel7-api35"}
2026/09/22 18:12:26.110187 [INFO] WebSocket Request ID: 357, Method: device.dump.ui, Params: {"deviceId":"eus-qualification-pixel7-api35"}
2026/09/22 18:12:26.273491 [INFO] WebSocket Request ID: 358, Method: device.dump.ui, Params: {"deviceId":"eus-qualification-pixel7-api35"}
2026/09/22 18:12:26.435250 [INFO] WebSocket Request ID: 359, Method: device.dump.ui, Params: {"deviceId":"eus-qualification-pixel7-api35"}
2026/09/22 18:12:26.606291 [INFO] WebSocket Request ID: 360, Method: device.dump.ui, Params: {"deviceId":"eus-qualification-pixel7-api35"}
2026/09/22 18:12:26.795909 [INFO] WebSocket Request ID: 361, Method: device.dump.ui, Params: {"deviceId":"eus-qualification-pixel7-api35"}
2026/09/22 18:12:26.957912 [INFO] WebSocket Request ID: 362, Method: device.dump.ui, Params: {"deviceId":"eus-qualification-pixel7-api35"}
2026/09/22 18:12:27.122146 [INFO] WebSocket Request ID: 363, Method: device.dump.ui, Params: {"deviceId":"eus-qualification-pixel7-api35"}
2026/09/22 18:12:27.286320 [INFO] WebSocket Request ID: 364, Method: device.dump.ui, Params: {"deviceId":"eus-qualification-pixel7-api35"}
2026/09/22 18:12:27.450064 [INFO] WebSocket Request ID: 365, Method: device.dump.ui, Params: {"deviceId":"eus-qualification-pixel7-api35"}
2026/09/22 18:12:27.613748 [INFO] WebSocket Request ID: 366, Method: device.dump.ui, Params: {"deviceId":"eus-qualification-pixel7-api35"}
2026/09/22 18:12:27.775428 [INFO] WebSocket Request ID: 367, Method: device.dump.ui, Params: {"deviceId":"eus-qualification-pixel7-api35"}
2026/09/22 18:12:27.940155 [INFO] WebSocket Request ID: 368, Method: device.dump.ui, Params: {"deviceId":"eus-qualification-pixel7-api35"}
2026/09/22 18:12:28.103128 [INFO] WebSocket Request ID: 369, Method: device.dump.ui, Params: {"deviceId":"eus-qualification-pixel7-api35"}
2026/09/22 18:12:28.267605 [INFO] WebSocket Request ID: 370, Method: device.dump.ui, Params: {"deviceId":"eus-qualification-pixel7-api35"}
2026/09/22 18:12:28.458487 [INFO] WebSocket Request ID: 371, Method: device.dump.ui, Params: {"deviceId":"eus-qualification-pixel7-api35"}
2026/09/22 18:12:28.634469 [INFO] WebSocket Request ID: 372, Method: device.dump.ui, Params: {"deviceId":"eus-qualification-pixel7-api35"}
2026/09/22 18:12:28.799913 [INFO] WebSocket Request ID: 373, Method: device.dump.ui, Params: {"deviceId":"eus-qualification-pixel7-api35"}
2026/09/22 18:12:28.963813 [INFO] WebSocket Request ID: 374, Method: device.dump.ui, Params: {"deviceId":"eus-qualification-pixel7-api35"}
2026/09/22 18:12:29.124563 [INFO] WebSocket Request ID: 375, Method: device.dump.ui, Params: {"deviceId":"eus-qualification-pixel7-api35"}
2026/09/22 18:12:29.286883 [INFO] WebSocket Request ID: 376, Method: device.dump.ui, Params: {"deviceId":"eus-qualification-pixel7-api35"}
2026/09/22 18:12:29.451855 [INFO] WebSocket Request ID: 377, Method: device.dump.ui, Params: {"deviceId":"eus-qualification-pixel7-api35"}
2026/09/22 18:12:29.616142 [INFO] WebSocket Request ID: 378, Method: device.dump.ui, Params: {"deviceId":"eus-qualification-pixel7-api35"}
2026/09/22 18:12:29.779998 [INFO] WebSocket Request ID: 379, Method: device.dump.ui, Params: {"deviceId":"eus-qualification-pixel7-api35"}
2026/09/22 18:12:29.942110 [INFO] WebSocket Request ID: 380, Method: device.dump.ui, Params: {"deviceId":"eus-qualification-pixel7-api35"}
2026/09/22 18:12:30.124779 [INFO] WebSocket Request ID: 381, Method: device.dump.ui, Params: {"deviceId":"eus-qualification-pixel7-api35"}
2026/09/22 18:12:30.314716 [INFO] WebSocket Request ID: 382, Method: device.dump.ui, Params: {"deviceId":"eus-qualification-pixel7-api35"}
2026/09/22 18:12:30.478790 [INFO] WebSocket Request ID: 383, Method: device.dump.ui, Params: {"deviceId":"eus-qualification-pixel7-api35"}
2026/09/22 18:12:30.644403 [INFO] WebSocket Request ID: 384, Method: device.dump.ui, Params: {"deviceId":"eus-qualification-pixel7-api35"}
2026/09/22 18:12:30.807094 [INFO] WebSocket Request ID: 385, Method: device.dump.ui, Params: {"deviceId":"eus-qualification-pixel7-api35"}
2026/09/22 18:12:30.971152 [INFO] WebSocket Request ID: 386, Method: device.dump.ui, Params: {"deviceId":"eus-qualification-pixel7-api35"}
2026/09/22 18:12:31.135982 [INFO] WebSocket Request ID: 387, Method: device.dump.ui, Params: {"deviceId":"eus-qualification-pixel7-api35"}
2026/09/22 18:12:31.298380 [INFO] WebSocket Request ID: 388, Method: device.dump.ui, Params: {"deviceId":"eus-qualification-pixel7-api35"}
2026/09/22 18:12:31.460483 [INFO] WebSocket Request ID: 389, Method: device.dump.ui, Params: {"deviceId":"eus-qualification-pixel7-api35"}
2026/09/22 18:12:31.623090 [INFO] WebSocket Request ID: 390, Method: device.dump.ui, Params: {"deviceId":"eus-qualification-pixel7-api35"}
2026/09/22 18:12:31.792410 [INFO] WebSocket Request ID: 391, Method: device.dump.ui, Params: {"deviceId":"eus-qualification-pixel7-api35"}
2026/09/22 18:12:31.987242 [INFO] WebSocket Request ID: 392, Method: device.dump.ui, Params: {"deviceId":"eus-qualification-pixel7-api35"}
2026/09/22 18:12:32.174746 [INFO] WebSocket Request ID: 393, Method: device.dump.ui, Params: {"deviceId":"eus-qualification-pixel7-api35"}
2026/09/22 18:12:32.339060 [INFO] WebSocket Request ID: 394, Method: device.dump.ui, Params: {"deviceId":"eus-qualification-pixel7-api35"}
2026/09/22 18:12:32.500621 [INFO] WebSocket Request ID: 395, Method: device.dump.ui, Params: {"deviceId":"eus-qualification-pixel7-api35"}
2026/09/22 18:12:32.663686 [INFO] WebSocket Request ID: 396, Method: device.dump.ui, Params: {"deviceId":"eus-qualification-pixel7-api35"}
2026/09/22 18:12:32.825206 [INFO] WebSocket Request ID: 397, Method: device.dump.ui, Params: {"deviceId":"eus-qualification-pixel7-api35"}
2026/09/22 18:12:32.986682 [INFO] WebSocket Request ID: 398, Method: device.dump.ui, Params: {"deviceId":"eus-qualification-pixel7-api35"}
2026/09/22 18:12:33.149416 [INFO] WebSocket Request ID: 399, Method: device.dump.ui, Params: {"deviceId":"eus-qualification-pixel7-api35"}
2026/09/22 18:12:33.313000 [INFO] WebSocket Request ID: 400, Method: device.dump.ui, Params: {"deviceId":"eus-qualification-pixel7-api35"}
2026/09/22 18:12:33.476406 [INFO] WebSocket Request ID: 401, Method: device.dump.ui, Params: {"deviceId":"eus-qualification-pixel7-api35"}
2026/09/22 18:12:33.640526 [INFO] WebSocket Request ID: 402, Method: device.dump.ui, Params: {"deviceId":"eus-qualification-pixel7-api35"}
2026/09/22 18:12:33.810072 [INFO] WebSocket Request ID: 403, Method: device.dump.ui, Params: {"deviceId":"eus-qualification-pixel7-api35"}
2026/09/22 18:12:33.998360 [INFO] WebSocket Request ID: 404, Method: device.dump.ui, Params: {"deviceId":"eus-qualification-pixel7-api35"}
2026/09/22 18:12:34.163748 [INFO] WebSocket Request ID: 405, Method: device.dump.ui, Params: {"deviceId":"eus-qualification-pixel7-api35"}
2026/09/22 18:12:34.327220 [INFO] WebSocket Request ID: 406, Method: device.dump.ui, Params: {"deviceId":"eus-qualification-pixel7-api35"}
2026/09/22 18:12:34.488701 [INFO] WebSocket Request ID: 407, Method: device.dump.ui, Params: {"deviceId":"eus-qualification-pixel7-api35"}
2026/09/22 18:12:34.651033 [INFO] WebSocket Request ID: 408, Method: device.dump.ui, Params: {"deviceId":"eus-qualification-pixel7-api35"}
2026/09/22 18:12:34.815160 [INFO] WebSocket Request ID: 409, Method: device.dump.ui, Params: {"deviceId":"eus-qualification-pixel7-api35"}
2026/09/22 18:12:34.978892 [INFO] WebSocket Request ID: 410, Method: device.dump.ui, Params: {"deviceId":"eus-qualification-pixel7-api35"}
2026/09/22 18:12:35.140949 [INFO] WebSocket Request ID: 411, Method: device.dump.ui, Params: {"deviceId":"eus-qualification-pixel7-api35"}
2026/09/22 18:12:35.304736 [INFO] WebSocket Request ID: 412, Method: device.dump.ui, Params: {"deviceId":"eus-qualification-pixel7-api35"}
2026/09/22 18:12:35.469168 [INFO] WebSocket Request ID: 413, Method: device.dump.ui, Params: {"deviceId":"eus-qualification-pixel7-api35"}
2026/09/22 18:12:35.633451 [INFO] WebSocket Request ID: 414, Method: device.dump.ui, Params: {"deviceId":"eus-qualification-pixel7-api35"}
2026/09/22 18:12:35.821486 [INFO] WebSocket Request ID: 415, Method: device.dump.ui, Params: {"deviceId":"eus-qualification-pixel7-api35"}
2026/09/22 18:12:35.985511 [INFO] WebSocket Request ID: 416, Method: device.dump.ui, Params: {"deviceId":"eus-qualification-pixel7-api35"}
2026/09/22 18:12:36.149792 [INFO] WebSocket Request ID: 417, Method: device.dump.ui, Params: {"deviceId":"eus-qualification-pixel7-api35"}
2026/09/22 18:12:36.312730 [INFO] WebSocket Request ID: 418, Method: device.dump.ui, Params: {"deviceId":"eus-qualification-pixel7-api35"}
2026/09/22 18:12:36.473847 [INFO] WebSocket Request ID: 419, Method: device.dump.ui, Params: {"deviceId":"eus-qualification-pixel7-api35"}
2026/09/22 18:12:36.637186 [INFO] WebSocket Request ID: 420, Method: device.dump.ui, Params: {"deviceId":"eus-qualification-pixel7-api35"}
2026/09/22 18:12:36.799885 [INFO] WebSocket Request ID: 421, Method: device.dump.ui, Params: {"deviceId":"eus-qualification-pixel7-api35"}
2026/09/22 18:12:36.961902 [INFO] WebSocket Request ID: 422, Method: device.dump.ui, Params: {"deviceId":"eus-qualification-pixel7-api35"}
2026/09/22 18:12:37.127160 [INFO] WebSocket Request ID: 423, Method: device.dump.ui, Params: {"deviceId":"eus-qualification-pixel7-api35"}
2026/09/22 18:12:37.290298 [INFO] WebSocket Request ID: 424, Method: device.dump.ui, Params: {"deviceId":"eus-qualification-pixel7-api35"}
2026/09/22 18:12:37.462481 [INFO] WebSocket Request ID: 425, Method: device.dump.ui, Params: {"deviceId":"eus-qualification-pixel7-api35"}
2026/09/22 18:12:37.649453 [INFO] WebSocket Request ID: 426, Method: device.dump.ui, Params: {"deviceId":"eus-qualification-pixel7-api35"}
2026/09/22 18:12:37.812686 [INFO] WebSocket Request ID: 427, Method: device.dump.ui, Params: {"deviceId":"eus-qualification-pixel7-api35"}
2026/09/22 18:12:37.975484 [INFO] WebSocket Request ID: 428, Method: device.dump.ui, Params: {"deviceId":"eus-qualification-pixel7-api35"}
2026/09/22 18:12:38.134451 [INFO] WebSocket Request ID: 429, Method: device.dump.ui, Params: {"deviceId":"eus-qualification-pixel7-api35"}
2026/09/22 18:12:38.296548 [INFO] WebSocket Request ID: 430, Method: device.dump.ui, Params: {"deviceId":"eus-qualification-pixel7-api35"}
2026/09/22 18:12:38.458011 [INFO] WebSocket Request ID: 431, Method: device.dump.ui, Params: {"deviceId":"eus-qualification-pixel7-api35"}
2026/09/22 18:12:38.629292 [INFO] WebSocket Request ID: 432, Method: device.dump.ui, Params: {"deviceId":"eus-qualification-pixel7-api35"}
2026/09/22 18:12:38.791696 [INFO] WebSocket Request ID: 433, Method: device.dump.ui, Params: {"deviceId":"eus-qualification-pixel7-api35"}
2026/09/22 18:12:38.951403 [INFO] WebSocket Request ID: 434, Method: device.dump.ui, Params: {"deviceId":"eus-qualification-pixel7-api35"}
2026/09/22 18:12:39.113093 [INFO] WebSocket Request ID: 435, Method: device.dump.ui, Params: {"deviceId":"eus-qualification-pixel7-api35"}
2026/09/22 18:12:39.274284 [INFO] WebSocket Request ID: 436, Method: device.dump.ui, Params: {"deviceId":"eus-qualification-pixel7-api35"}
2026/09/22 18:12:39.462198 [INFO] WebSocket Request ID: 437, Method: device.dump.ui, Params: {"deviceId":"eus-qualification-pixel7-api35"}
2026/09/22 18:12:39.625769 [INFO] WebSocket Request ID: 438, Method: device.dump.ui, Params: {"deviceId":"eus-qualification-pixel7-api35"}
2026/09/22 18:12:39.788391 [INFO] WebSocket Request ID: 439, Method: device.dump.ui, Params: {"deviceId":"eus-qualification-pixel7-api35"}
2026/09/22 18:12:39.949519 [INFO] WebSocket Request ID: 440, Method: device.dump.ui, Params: {"deviceId":"eus-qualification-pixel7-api35"}
2026/09/22 18:12:40.112669 [INFO] WebSocket Request ID: 441, Method: device.dump.ui, Params: {"deviceId":"eus-qualification-pixel7-api35"}
2026/09/22 18:12:40.273413 [INFO] WebSocket Request ID: 442, Method: device.dump.ui, Params: {"deviceId":"eus-qualification-pixel7-api35"}
2026/09/22 18:12:40.435145 [INFO] WebSocket Request ID: 443, Method: device.dump.ui, Params: {"deviceId":"eus-qualification-pixel7-api35"}
2026/09/22 18:12:40.597930 [INFO] WebSocket Request ID: 444, Method: device.dump.ui, Params: {"deviceId":"eus-qualification-pixel7-api35"}
2026/09/22 18:12:40.762031 [INFO] WebSocket Request ID: 445, Method: device.dump.ui, Params: {"deviceId":"eus-qualification-pixel7-api35"}
2026/09/22 18:12:40.925080 [INFO] WebSocket Request ID: 446, Method: device.dump.ui, Params: {"deviceId":"eus-qualification-pixel7-api35"}
2026/09/22 18:12:41.126980 [INFO] WebSocket Request ID: 447, Method: device.dump.ui, Params: {"deviceId":"eus-qualification-pixel7-api35"}
2026/09/22 18:12:41.318529 [INFO] WebSocket Request ID: 448, Method: device.dump.ui, Params: {"deviceId":"eus-qualification-pixel7-api35"}
2026/09/22 18:12:41.483138 [INFO] WebSocket Request ID: 449, Method: device.dump.ui, Params: {"deviceId":"eus-qualification-pixel7-api35"}
2026/09/22 18:12:41.645032 [INFO] WebSocket Request ID: 450, Method: device.dump.ui, Params: {"deviceId":"eus-qualification-pixel7-api35"}
2026/09/22 18:12:41.808393 [INFO] WebSocket Request ID: 451, Method: device.dump.ui, Params: {"deviceId":"eus-qualification-pixel7-api35"}
2026/09/22 18:12:41.972741 [INFO] WebSocket Request ID: 452, Method: device.dump.ui, Params: {"deviceId":"eus-qualification-pixel7-api35"}
2026/09/22 18:12:42.134339 [INFO] WebSocket Request ID: 453, Method: device.dump.ui, Params: {"deviceId":"eus-qualification-pixel7-api35"}
2026/09/22 18:12:42.298472 [INFO] WebSocket Request ID: 454, Method: device.dump.ui, Params: {"deviceId":"eus-qualification-pixel7-api35"}
2026/09/22 18:12:42.461531 [INFO] WebSocket Request ID: 455, Method: device.dump.ui, Params: {"deviceId":"eus-qualification-pixel7-api35"}
2026/09/22 18:12:42.623432 [INFO] WebSocket Request ID: 456, Method: device.dump.ui, Params: {"deviceId":"eus-qualification-pixel7-api35"}
2026/09/22 18:12:42.787441 [INFO] WebSocket Request ID: 457, Method: device.dump.ui, Params: {"deviceId":"eus-qualification-pixel7-api35"}
2026/09/22 18:12:42.961936 [INFO] WebSocket Request ID: 458, Method: device.dump.ui, Params: {"deviceId":"eus-qualification-pixel7-api35"}
2026/09/22 18:12:43.153252 [INFO] WebSocket Request ID: 459, Method: device.dump.ui, Params: {"deviceId":"eus-qualification-pixel7-api35"}
2026/09/22 18:12:43.316329 [INFO] WebSocket Request ID: 460, Method: device.dump.ui, Params: {"deviceId":"eus-qualification-pixel7-api35"}
2026/09/22 18:12:43.480935 [INFO] WebSocket Request ID: 461, Method: device.dump.ui, Params: {"deviceId":"eus-qualification-pixel7-api35"}
2026/09/22 18:12:43.640416 [INFO] WebSocket Request ID: 462, Method: device.dump.ui, Params: {"deviceId":"eus-qualification-pixel7-api35"}
2026/09/22 18:12:43.805442 [INFO] WebSocket Request ID: 463, Method: device.dump.ui, Params: {"deviceId":"eus-qualification-pixel7-api35"}
2026/09/22 18:12:43.965832 [INFO] WebSocket Request ID: 464, Method: device.dump.ui, Params: {"deviceId":"eus-qualification-pixel7-api35"}
2026/09/22 18:12:44.129753 [INFO] WebSocket Request ID: 465, Method: device.dump.ui, Params: {"deviceId":"eus-qualification-pixel7-api35"}
2026/09/22 18:12:44.291175 [INFO] WebSocket Request ID: 466, Method: device.dump.ui, Params: {"deviceId":"eus-qualification-pixel7-api35"}
2026/09/22 18:12:44.451175 [INFO] WebSocket Request ID: 467, Method: device.dump.ui, Params: {"deviceId":"eus-qualification-pixel7-api35"}
2026/09/22 18:12:44.614262 [INFO] WebSocket Request ID: 468, Method: device.dump.ui, Params: {"deviceId":"eus-qualification-pixel7-api35"}
2026/09/22 18:12:44.796881 [INFO] WebSocket Request ID: 469, Method: device.dump.ui, Params: {"deviceId":"eus-qualification-pixel7-api35"}
2026/09/22 18:12:44.982380 [INFO] WebSocket Request ID: 470, Method: device.dump.ui, Params: {"deviceId":"eus-qualification-pixel7-api35"}
2026/09/22 18:12:45.146317 [INFO] WebSocket Request ID: 471, Method: device.dump.ui, Params: {"deviceId":"eus-qualification-pixel7-api35"}
2026/09/22 18:12:45.309172 [INFO] WebSocket Request ID: 472, Method: device.dump.ui, Params: {"deviceId":"eus-qualification-pixel7-api35"}
2026/09/22 18:12:45.481238 [INFO] WebSocket Request ID: 473, Method: device.dump.ui, Params: {"deviceId":"eus-qualification-pixel7-api35"}
2026/09/22 18:12:45.643937 [INFO] WebSocket Request ID: 474, Method: device.dump.ui, Params: {"deviceId":"eus-qualification-pixel7-api35"}
2026/09/22 18:12:45.807373 [INFO] WebSocket Request ID: 475, Method: device.dump.ui, Params: {"deviceId":"eus-qualification-pixel7-api35"}
2026/09/22 18:12:45.970643 [INFO] WebSocket Request ID: 476, Method: device.dump.ui, Params: {"deviceId":"eus-qualification-pixel7-api35"}
2026/09/22 18:12:46.136279 [INFO] WebSocket Request ID: 477, Method: device.dump.ui, Params: {"deviceId":"eus-qualification-pixel7-api35"}
2026/09/22 18:12:46.298267 [INFO] WebSocket Request ID: 478, Method: device.dump.ui, Params: {"deviceId":"eus-qualification-pixel7-api35"}
2026/09/22 18:12:46.462112 [INFO] WebSocket Request ID: 479, Method: device.dump.ui, Params: {"deviceId":"eus-qualification-pixel7-api35"}
2026/09/22 18:12:46.625957 [INFO] WebSocket Request ID: 480, Method: device.dump.ui, Params: {"deviceId":"eus-qualification-pixel7-api35"}
2026/09/22 18:12:46.813185 [INFO] WebSocket Request ID: 481, Method: device.dump.ui, Params: {"deviceId":"eus-qualification-pixel7-api35"}
2026/09/22 18:12:46.975056 [INFO] WebSocket Request ID: 482, Method: device.dump.ui, Params: {"deviceId":"eus-qualification-pixel7-api35"}
2026/09/22 18:12:47.137737 [INFO] WebSocket Request ID: 483, Method: device.dump.ui, Params: {"deviceId":"eus-qualification-pixel7-api35"}
2026/09/22 18:12:47.300504 [INFO] WebSocket Request ID: 484, Method: device.dump.ui, Params: {"deviceId":"eus-qualification-pixel7-api35"}
2026/09/22 18:12:47.463402 [INFO] WebSocket Request ID: 485, Method: device.dump.ui, Params: {"deviceId":"eus-qualification-pixel7-api35"}
2026/09/22 18:12:47.624999 [INFO] WebSocket Request ID: 486, Method: device.dump.ui, Params: {"deviceId":"eus-qualification-pixel7-api35"}
2026/09/22 18:12:47.790319 [INFO] WebSocket Request ID: 487, Method: device.dump.ui, Params: {"deviceId":"eus-qualification-pixel7-api35"}
2026/09/22 18:12:47.952951 [INFO] WebSocket Request ID: 488, Method: device.dump.ui, Params: {"deviceId":"eus-qualification-pixel7-api35"}
2026/09/22 18:12:48.116332 [INFO] WebSocket Request ID: 489, Method: device.dump.ui, Params: {"deviceId":"eus-qualification-pixel7-api35"}
2026/09/22 18:12:48.279442 [INFO] WebSocket Request ID: 490, Method: device.dump.ui, Params: {"deviceId":"eus-qualification-pixel7-api35"}
2026/09/22 18:12:48.450121 [INFO] WebSocket Request ID: 491, Method: device.dump.ui, Params: {"deviceId":"eus-qualification-pixel7-api35"}
2026/09/22 18:12:48.638346 [INFO] WebSocket Request ID: 492, Method: device.dump.ui, Params: {"deviceId":"eus-qualification-pixel7-api35"}
2026/09/22 18:12:48.801295 [INFO] WebSocket Request ID: 493, Method: device.dump.ui, Params: {"deviceId":"eus-qualification-pixel7-api35"}
2026/09/22 18:12:48.961345 [INFO] WebSocket Request ID: 494, Method: device.dump.ui, Params: {"deviceId":"eus-qualification-pixel7-api35"}
2026/09/22 18:12:49.123732 [INFO] WebSocket Request ID: 495, Method: device.dump.ui, Params: {"deviceId":"eus-qualification-pixel7-api35"}
2026/09/22 18:12:49.285712 [INFO] WebSocket Request ID: 496, Method: device.dump.ui, Params: {"deviceId":"eus-qualification-pixel7-api35"}
2026/09/22 18:12:49.449724 [INFO] WebSocket Request ID: 497, Method: device.dump.ui, Params: {"deviceId":"eus-qualification-pixel7-api35"}
2026/09/22 18:12:49.613564 [INFO] WebSocket Request ID: 498, Method: device.dump.ui, Params: {"deviceId":"eus-qualification-pixel7-api35"}
2026/09/22 18:12:49.780057 [INFO] WebSocket Request ID: 499, Method: device.dump.ui, Params: {"deviceId":"eus-qualification-pixel7-api35"}
2026/09/22 18:12:49.941650 [INFO] WebSocket Request ID: 500, Method: device.dump.ui, Params: {"deviceId":"eus-qualification-pixel7-api35"}
2026/09/22 18:12:50.104860 [INFO] WebSocket Request ID: 501, Method: device.dump.ui, Params: {"deviceId":"eus-qualification-pixel7-api35"}
2026/09/22 18:12:50.272780 [INFO] WebSocket Request ID: 502, Method: device.dump.ui, Params: {"deviceId":"eus-qualification-pixel7-api35"}
2026/09/22 18:12:50.460609 [INFO] WebSocket Request ID: 503, Method: device.dump.ui, Params: {"deviceId":"eus-qualification-pixel7-api35"}
2026/09/22 18:12:50.623603 [INFO] WebSocket Request ID: 504, Method: device.dump.ui, Params: {"deviceId":"eus-qualification-pixel7-api35"}
2026/09/22 18:12:50.787319 [INFO] WebSocket Request ID: 505, Method: device.dump.ui, Params: {"deviceId":"eus-qualification-pixel7-api35"}
2026/09/22 18:12:50.953086 [INFO] WebSocket Request ID: 506, Method: device.dump.ui, Params: {"deviceId":"eus-qualification-pixel7-api35"}
2026/09/22 18:12:51.117228 [INFO] WebSocket Request ID: 507, Method: device.dump.ui, Params: {"deviceId":"eus-qualification-pixel7-api35"}
2026/09/22 18:12:51.285339 [INFO] WebSocket Request ID: 508, Method: device.dump.ui, Params: {"deviceId":"eus-qualification-pixel7-api35"}
2026/09/22 18:12:51.448148 [INFO] WebSocket Request ID: 509, Method: device.dump.ui, Params: {"deviceId":"eus-qualification-pixel7-api35"}
2026/09/22 18:12:51.612588 [INFO] WebSocket Request ID: 510, Method: device.dump.ui, Params: {"deviceId":"eus-qualification-pixel7-api35"}
2026/09/22 18:12:51.775994 [INFO] WebSocket Request ID: 511, Method: device.dump.ui, Params: {"deviceId":"eus-qualification-pixel7-api35"}
2026/09/22 18:12:51.940562 [INFO] WebSocket Request ID: 512, Method: device.dump.ui, Params: {"deviceId":"eus-qualification-pixel7-api35"}
2026/09/22 18:12:52.136116 [INFO] WebSocket Request ID: 513, Method: device.dump.ui, Params: {"deviceId":"eus-qualification-pixel7-api35"}
2026/09/22 18:12:52.324780 [INFO] WebSocket Request ID: 514, Method: device.dump.ui, Params: {"deviceId":"eus-qualification-pixel7-api35"}
2026/09/22 18:12:52.488517 [INFO] WebSocket Request ID: 515, Method: device.dump.ui, Params: {"deviceId":"eus-qualification-pixel7-api35"}
2026/09/22 18:12:52.650494 [INFO] WebSocket Request ID: 516, Method: device.dump.ui, Params: {"deviceId":"eus-qualification-pixel7-api35"}
2026/09/22 18:12:52.815928 [INFO] WebSocket Request ID: 517, Method: device.dump.ui, Params: {"deviceId":"eus-qualification-pixel7-api35"}
2026/09/22 18:12:52.979864 [INFO] WebSocket Request ID: 518, Method: device.dump.ui, Params: {"deviceId":"eus-qualification-pixel7-api35"}
2026/09/22 18:12:53.143036 [INFO] WebSocket Request ID: 519, Method: device.dump.ui, Params: {"deviceId":"eus-qualification-pixel7-api35"}
2026/09/22 18:12:53.307278 [INFO] WebSocket Request ID: 520, Method: device.dump.ui, Params: {"deviceId":"eus-qualification-pixel7-api35"}
2026/09/22 18:12:53.472829 [INFO] WebSocket Request ID: 521, Method: device.dump.ui, Params: {"deviceId":"eus-qualification-pixel7-api35"}
2026/09/22 18:12:53.634623 [INFO] WebSocket Request ID: 522, Method: device.dump.ui, Params: {"deviceId":"eus-qualification-pixel7-api35"}
2026/09/22 18:12:53.796948 [INFO] WebSocket Request ID: 523, Method: device.dump.ui, Params: {"deviceId":"eus-qualification-pixel7-api35"}
2026/09/22 18:12:53.958508 [INFO] WebSocket Request ID: 524, Method: device.dump.ui, Params: {"deviceId":"eus-qualification-pixel7-api35"}
2026/09/22 18:12:54.146471 [INFO] WebSocket Request ID: 525, Method: device.dump.ui, Params: {"deviceId":"eus-qualification-pixel7-api35"}
2026/09/22 18:12:54.309064 [INFO] WebSocket Request ID: 526, Method: device.dump.ui, Params: {"deviceId":"eus-qualification-pixel7-api35"}
2026/09/22 18:12:54.470764 [INFO] WebSocket Request ID: 527, Method: device.dump.ui, Params: {"deviceId":"eus-qualification-pixel7-api35"}
2026/09/22 18:12:54.634063 [INFO] WebSocket Request ID: 528, Method: device.dump.ui, Params: {"deviceId":"eus-qualification-pixel7-api35"}
2026/09/22 18:12:54.796789 [INFO] WebSocket Request ID: 529, Method: device.dump.ui, Params: {"deviceId":"eus-qualification-pixel7-api35"}
2026/09/22 18:12:54.862628 [INFO] WebSocket Request ID: 530, Method: device.screenshot, Params: {"deviceId":"eus-qualification-pixel7-api35"}
2026/09/22 18:12:54.965094 [INFO] WebSocket Request ID: 531, Method: device.dump.ui, Params: {"deviceId":"eus-qualification-pixel7-api35"}
2026/09/22 18:12:55.382967 [VERBOSE] WebSocket connection closed: websocket: close 1005 (no status)
2026/09/22 18:12:55.383085 [INFO] Received signal terminated, shutting down gracefully...
2026/09/22 18:12:55.383184 [INFO] Server stopped
