2026-09-22T18:01:49.739Z mw:driver-mobilecli listing devices
2026-09-22T18:01:49.778Z mw:driver-mobilecli found 1 device(s)
2026/09/22 18:01:49.788378 [VERBOSE] no remote token: failed to get token from keyring: The name org.freedesktop.secrets was not provided by any .service files
2026/09/22 18:01:49.788689 [INFO] Starting server on http://localhost:12000...
2026-09-22T18:01:50.291Z mw:driver-mobilecli connecting to ws://localhost:12000/ws
2026/09/22 18:01:50.291081 [VERBOSE] WebSocket connection closed: websocket: close 1005 (no status)
2026-09-22T18:01:50.293Z mw:driver-mobilecli websocket connected
2026-09-22T18:01:50.293Z mw:driver-mobilecli listing devices
2026-09-22T18:01:50.330Z mw:driver-mobilecli found 1 device(s)
2026-09-22T18:01:50.330Z mw:driver-mobilecli resolved device eus-qualification-pixel7-api35 (platform=android, type=emulator)
2026-09-22T18:01:50.330Z mw:driver-mobilecli running: <host-path>/qualification/mobilewright/harness/node_modules/@mobilenext/mobilecli-linux-amd64/mobilecli-linux-amd64 agent status --device eus-qualification-pixel7-api35
2026-09-22T18:01:50.337Z mw:driver-mobilecli agent status output: {
  "status": "ok",
  "data": {
    "message": "no agent needed for android devices"
  }
}
2026/09/22 18:01:50.338249 [INFO] WebSocket Request ID: 1, Method: device.apps.list, Params: {"deviceId":"eus-qualification-pixel7-api35"}
2026/09/22 18:01:50.370088 [INFO] WebSocket Request ID: 2, Method: device.apps.uninstall, Params: {"deviceId":"eus-qualification-pixel7-api35","bundleId":"com.omnipizza.app"}
2026/09/22 18:01:50.442015 [INFO] WebSocket Request ID: 3, Method: device.apps.list, Params: {"deviceId":"eus-qualification-pixel7-api35"}
2026-09-22T18:01:50.929Z mw:driver-mobilecli installing <host-path>/omnipizza-release.apk
2026/09/22 18:01:50.929360 [INFO] WebSocket Request ID: 4, Method: device.apps.install, Params: {"deviceId":"eus-qualification-pixel7-api35","path":"<host-path>/omnipizza-release.apk"}
2026-09-22T18:01:53.495Z mw:driver-mobilecli installed <host-path>/omnipizza-release.apk
2026/09/22 18:01:53.496226 [INFO] WebSocket Request ID: 5, Method: device.apps.list, Params: {"deviceId":"eus-qualification-pixel7-api35"}
2026/09/22 18:01:53.597178 [INFO] WebSocket Request ID: 6, Method: device.url, Params: {"deviceId":"eus-qualification-pixel7-api35","url":"omnipizza://checkout?market=US&hydrateCart=true&accessToken=eyJhbGciOiJIUzI1NiIsInR5cCI6IkpXVCJ9.eyJzdWIiOiJzdGFuZGFyZF91c2VyIiwiYmVoYXZpb3IiOiJzdGFuZGFyZCIsInNpZCI6IjdmMDVmNjg0MGEwNjQzOWRhZTJhYTU4MmM5OGM…(333 bytes total)
2026/09/22 18:01:53.670336 [INFO] WebSocket Request ID: 7, Method: device.dump.ui, Params: {"deviceId":"eus-qualification-pixel7-api35"}
2026/09/22 18:01:54.566118 [INFO] WebSocket Request ID: 8, Method: device.dump.ui, Params: {"deviceId":"eus-qualification-pixel7-api35"}
2026/09/22 18:01:56.157476 [INFO] WebSocket Request ID: 9, Method: device.dump.ui, Params: {"deviceId":"eus-qualification-pixel7-api35"}
2026/09/22 18:01:56.348640 [INFO] WebSocket Request ID: 10, Method: device.dump.ui, Params: {"deviceId":"eus-qualification-pixel7-api35"}
2026/09/22 18:01:56.525013 [INFO] WebSocket Request ID: 11, Method: device.dump.ui, Params: {"deviceId":"eus-qualification-pixel7-api35"}
2026/09/22 18:01:56.690079 [INFO] WebSocket Request ID: 12, Method: device.dump.ui, Params: {"deviceId":"eus-qualification-pixel7-api35"}
2026/09/22 18:01:56.871428 [INFO] WebSocket Request ID: 13, Method: device.dump.ui, Params: {"deviceId":"eus-qualification-pixel7-api35"}
2026/09/22 18:01:57.059605 [INFO] WebSocket Request ID: 14, Method: device.dump.ui, Params: {"deviceId":"eus-qualification-pixel7-api35"}
2026/09/22 18:01:57.224748 [INFO] WebSocket Request ID: 15, Method: device.dump.ui, Params: {"deviceId":"eus-qualification-pixel7-api35"}
2026/09/22 18:01:57.424371 [INFO] WebSocket Request ID: 16, Method: device.dump.ui, Params: {"deviceId":"eus-qualification-pixel7-api35"}
2026/09/22 18:01:57.611478 [INFO] WebSocket Request ID: 17, Method: device.dump.ui, Params: {"deviceId":"eus-qualification-pixel7-api35"}
2026/09/22 18:01:57.775820 [INFO] WebSocket Request ID: 18, Method: device.dump.ui, Params: {"deviceId":"eus-qualification-pixel7-api35"}
2026/09/22 18:01:57.952748 [INFO] WebSocket Request ID: 19, Method: device.dump.ui, Params: {"deviceId":"eus-qualification-pixel7-api35"}
2026/09/22 18:01:58.140743 [INFO] WebSocket Request ID: 20, Method: device.dump.ui, Params: {"deviceId":"eus-qualification-pixel7-api35"}
2026/09/22 18:01:58.304693 [INFO] WebSocket Request ID: 21, Method: device.dump.ui, Params: {"deviceId":"eus-qualification-pixel7-api35"}
2026/09/22 18:01:58.482147 [INFO] WebSocket Request ID: 22, Method: device.dump.ui, Params: {"deviceId":"eus-qualification-pixel7-api35"}
2026/09/22 18:01:58.668695 [INFO] WebSocket Request ID: 23, Method: device.dump.ui, Params: {"deviceId":"eus-qualification-pixel7-api35"}
2026/09/22 18:01:58.832844 [INFO] WebSocket Request ID: 24, Method: device.dump.ui, Params: {"deviceId":"eus-qualification-pixel7-api35"}
2026/09/22 18:01:59.010367 [INFO] WebSocket Request ID: 25, Method: device.dump.ui, Params: {"deviceId":"eus-qualification-pixel7-api35"}
2026/09/22 18:01:59.202312 [INFO] WebSocket Request ID: 26, Method: device.dump.ui, Params: {"deviceId":"eus-qualification-pixel7-api35"}
2026/09/22 18:01:59.370125 [INFO] WebSocket Request ID: 27, Method: device.dump.ui, Params: {"deviceId":"eus-qualification-pixel7-api35"}
2026/09/22 18:01:59.539703 [INFO] WebSocket Request ID: 28, Method: device.dump.ui, Params: {"deviceId":"eus-qualification-pixel7-api35"}
2026/09/22 18:01:59.734232 [INFO] WebSocket Request ID: 29, Method: device.dump.ui, Params: {"deviceId":"eus-qualification-pixel7-api35"}
2026/09/22 18:01:59.899568 [INFO] WebSocket Request ID: 30, Method: device.dump.ui, Params: {"deviceId":"eus-qualification-pixel7-api35"}
2026/09/22 18:02:00.073278 [INFO] WebSocket Request ID: 31, Method: device.dump.ui, Params: {"deviceId":"eus-qualification-pixel7-api35"}
2026/09/22 18:02:00.263852 [INFO] WebSocket Request ID: 32, Method: device.dump.ui, Params: {"deviceId":"eus-qualification-pixel7-api35"}
2026/09/22 18:02:00.427937 [INFO] WebSocket Request ID: 33, Method: device.dump.ui, Params: {"deviceId":"eus-qualification-pixel7-api35"}
2026/09/22 18:02:00.618388 [INFO] WebSocket Request ID: 34, Method: device.dump.ui, Params: {"deviceId":"eus-qualification-pixel7-api35"}
2026/09/22 18:02:01.305517 [INFO] WebSocket Request ID: 35, Method: device.dump.ui, Params: {"deviceId":"eus-qualification-pixel7-api35"}
2026/09/22 18:02:01.470649 [INFO] WebSocket Request ID: 36, Method: device.dump.ui, Params: {"deviceId":"eus-qualification-pixel7-api35"}
2026/09/22 18:02:01.640177 [INFO] WebSocket Request ID: 37, Method: device.dump.ui, Params: {"deviceId":"eus-qualification-pixel7-api35"}
2026/09/22 18:02:01.831204 [INFO] WebSocket Request ID: 38, Method: device.dump.ui, Params: {"deviceId":"eus-qualification-pixel7-api35"}
2026/09/22 18:02:01.994174 [INFO] WebSocket Request ID: 39, Method: device.dump.ui, Params: {"deviceId":"eus-qualification-pixel7-api35"}
2026/09/22 18:02:02.171013 [INFO] WebSocket Request ID: 40, Method: device.dump.ui, Params: {"deviceId":"eus-qualification-pixel7-api35"}
2026/09/22 18:02:02.361556 [INFO] WebSocket Request ID: 41, Method: device.dump.ui, Params: {"deviceId":"eus-qualification-pixel7-api35"}
2026/09/22 18:02:02.526148 [INFO] WebSocket Request ID: 42, Method: device.dump.ui, Params: {"deviceId":"eus-qualification-pixel7-api35"}
2026/09/22 18:02:02.693189 [INFO] WebSocket Request ID: 43, Method: device.dump.ui, Params: {"deviceId":"eus-qualification-pixel7-api35"}
2026/09/22 18:02:02.884293 [INFO] WebSocket Request ID: 44, Method: device.dump.ui, Params: {"deviceId":"eus-qualification-pixel7-api35"}
2026/09/22 18:02:03.046566 [INFO] WebSocket Request ID: 45, Method: device.dump.ui, Params: {"deviceId":"eus-qualification-pixel7-api35"}
2026/09/22 18:02:03.227375 [INFO] WebSocket Request ID: 46, Method: device.dump.ui, Params: {"deviceId":"eus-qualification-pixel7-api35"}
2026/09/22 18:02:03.418093 [INFO] WebSocket Request ID: 47, Method: device.dump.ui, Params: {"deviceId":"eus-qualification-pixel7-api35"}
2026/09/22 18:02:03.582450 [INFO] WebSocket Request ID: 48, Method: device.dump.ui, Params: {"deviceId":"eus-qualification-pixel7-api35"}
2026/09/22 18:02:03.751717 [INFO] WebSocket Request ID: 49, Method: device.dump.ui, Params: {"deviceId":"eus-qualification-pixel7-api35"}
2026/09/22 18:02:03.939769 [INFO] WebSocket Request ID: 50, Method: device.dump.ui, Params: {"deviceId":"eus-qualification-pixel7-api35"}
2026/09/22 18:02:04.120330 [INFO] WebSocket Request ID: 51, Method: device.dump.ui, Params: {"deviceId":"eus-qualification-pixel7-api35"}
2026/09/22 18:02:04.289130 [INFO] WebSocket Request ID: 52, Method: device.dump.ui, Params: {"deviceId":"eus-qualification-pixel7-api35"}
2026/09/22 18:02:04.478102 [INFO] WebSocket Request ID: 53, Method: device.dump.ui, Params: {"deviceId":"eus-qualification-pixel7-api35"}
2026/09/22 18:02:04.641004 [INFO] WebSocket Request ID: 54, Method: device.dump.ui, Params: {"deviceId":"eus-qualification-pixel7-api35"}
2026/09/22 18:02:04.813372 [INFO] WebSocket Request ID: 55, Method: device.dump.ui, Params: {"deviceId":"eus-qualification-pixel7-api35"}
2026/09/22 18:02:05.003839 [INFO] WebSocket Request ID: 56, Method: device.dump.ui, Params: {"deviceId":"eus-qualification-pixel7-api35"}
2026/09/22 18:02:05.178992 [INFO] WebSocket Request ID: 57, Method: device.dump.ui, Params: {"deviceId":"eus-qualification-pixel7-api35"}
2026/09/22 18:02:05.354349 [INFO] WebSocket Request ID: 58, Method: device.dump.ui, Params: {"deviceId":"eus-qualification-pixel7-api35"}
2026/09/22 18:02:05.541945 [INFO] WebSocket Request ID: 59, Method: device.dump.ui, Params: {"deviceId":"eus-qualification-pixel7-api35"}
2026/09/22 18:02:05.704744 [INFO] WebSocket Request ID: 60, Method: device.dump.ui, Params: {"deviceId":"eus-qualification-pixel7-api35"}
2026/09/22 18:02:05.870428 [INFO] WebSocket Request ID: 61, Method: device.dump.ui, Params: {"deviceId":"eus-qualification-pixel7-api35"}
2026/09/22 18:02:06.059713 [INFO] WebSocket Request ID: 62, Method: device.dump.ui, Params: {"deviceId":"eus-qualification-pixel7-api35"}
2026/09/22 18:02:06.224698 [INFO] WebSocket Request ID: 63, Method: device.dump.ui, Params: {"deviceId":"eus-qualification-pixel7-api35"}
2026/09/22 18:02:06.390417 [INFO] WebSocket Request ID: 64, Method: device.dump.ui, Params: {"deviceId":"eus-qualification-pixel7-api35"}
2026/09/22 18:02:06.578207 [INFO] WebSocket Request ID: 65, Method: device.dump.ui, Params: {"deviceId":"eus-qualification-pixel7-api35"}
2026/09/22 18:02:06.739960 [INFO] WebSocket Request ID: 66, Method: device.dump.ui, Params: {"deviceId":"eus-qualification-pixel7-api35"}
2026/09/22 18:02:06.903640 [INFO] WebSocket Request ID: 67, Method: device.dump.ui, Params: {"deviceId":"eus-qualification-pixel7-api35"}
2026/09/22 18:02:07.091661 [INFO] WebSocket Request ID: 68, Method: device.dump.ui, Params: {"deviceId":"eus-qualification-pixel7-api35"}
2026/09/22 18:02:07.255919 [INFO] WebSocket Request ID: 69, Method: device.dump.ui, Params: {"deviceId":"eus-qualification-pixel7-api35"}
2026/09/22 18:02:07.426099 [INFO] WebSocket Request ID: 70, Method: device.dump.ui, Params: {"deviceId":"eus-qualification-pixel7-api35"}
2026/09/22 18:02:07.636391 [INFO] WebSocket Request ID: 71, Method: device.dump.ui, Params: {"deviceId":"eus-qualification-pixel7-api35"}
2026/09/22 18:02:07.805048 [INFO] WebSocket Request ID: 72, Method: device.dump.ui, Params: {"deviceId":"eus-qualification-pixel7-api35"}
2026/09/22 18:02:07.991465 [INFO] WebSocket Request ID: 73, Method: device.dump.ui, Params: {"deviceId":"eus-qualification-pixel7-api35"}
2026/09/22 18:02:08.182010 [INFO] WebSocket Request ID: 74, Method: device.dump.ui, Params: {"deviceId":"eus-qualification-pixel7-api35"}
2026/09/22 18:02:08.343235 [INFO] WebSocket Request ID: 75, Method: device.dump.ui, Params: {"deviceId":"eus-qualification-pixel7-api35"}
2026/09/22 18:02:08.506460 [INFO] WebSocket Request ID: 76, Method: device.dump.ui, Params: {"deviceId":"eus-qualification-pixel7-api35"}
2026/09/22 18:02:08.693975 [INFO] WebSocket Request ID: 77, Method: device.dump.ui, Params: {"deviceId":"eus-qualification-pixel7-api35"}
2026/09/22 18:02:08.857181 [INFO] WebSocket Request ID: 78, Method: device.dump.ui, Params: {"deviceId":"eus-qualification-pixel7-api35"}
2026/09/22 18:02:09.024918 [INFO] WebSocket Request ID: 79, Method: device.dump.ui, Params: {"deviceId":"eus-qualification-pixel7-api35"}
2026/09/22 18:02:09.212601 [INFO] WebSocket Request ID: 80, Method: device.dump.ui, Params: {"deviceId":"eus-qualification-pixel7-api35"}
2026/09/22 18:02:09.373233 [INFO] WebSocket Request ID: 81, Method: device.dump.ui, Params: {"deviceId":"eus-qualification-pixel7-api35"}
2026/09/22 18:02:09.546316 [INFO] WebSocket Request ID: 82, Method: device.dump.ui, Params: {"deviceId":"eus-qualification-pixel7-api35"}
2026/09/22 18:02:09.733360 [INFO] WebSocket Request ID: 83, Method: device.dump.ui, Params: {"deviceId":"eus-qualification-pixel7-api35"}
2026/09/22 18:02:09.900503 [INFO] WebSocket Request ID: 84, Method: device.dump.ui, Params: {"deviceId":"eus-qualification-pixel7-api35"}
2026/09/22 18:02:10.065386 [INFO] WebSocket Request ID: 85, Method: device.dump.ui, Params: {"deviceId":"eus-qualification-pixel7-api35"}
2026/09/22 18:02:10.250262 [INFO] WebSocket Request ID: 86, Method: device.dump.ui, Params: {"deviceId":"eus-qualification-pixel7-api35"}
2026/09/22 18:02:10.421270 [INFO] WebSocket Request ID: 87, Method: device.dump.ui, Params: {"deviceId":"eus-qualification-pixel7-api35"}
2026/09/22 18:02:10.607753 [INFO] WebSocket Request ID: 88, Method: device.dump.ui, Params: {"deviceId":"eus-qualification-pixel7-api35"}
2026/09/22 18:02:10.800015 [INFO] WebSocket Request ID: 89, Method: device.dump.ui, Params: {"deviceId":"eus-qualification-pixel7-api35"}
2026/09/22 18:02:10.962037 [INFO] WebSocket Request ID: 90, Method: device.dump.ui, Params: {"deviceId":"eus-qualification-pixel7-api35"}
2026/09/22 18:02:11.128049 [INFO] WebSocket Request ID: 91, Method: device.dump.ui, Params: {"deviceId":"eus-qualification-pixel7-api35"}
2026/09/22 18:02:11.315618 [INFO] WebSocket Request ID: 92, Method: device.dump.ui, Params: {"deviceId":"eus-qualification-pixel7-api35"}
2026/09/22 18:02:11.477821 [INFO] WebSocket Request ID: 93, Method: device.dump.ui, Params: {"deviceId":"eus-qualification-pixel7-api35"}
2026/09/22 18:02:11.643520 [INFO] WebSocket Request ID: 94, Method: device.dump.ui, Params: {"deviceId":"eus-qualification-pixel7-api35"}
2026/09/22 18:02:11.824776 [INFO] WebSocket Request ID: 95, Method: device.dump.ui, Params: {"deviceId":"eus-qualification-pixel7-api35"}
2026/09/22 18:02:12.006900 [INFO] WebSocket Request ID: 96, Method: device.dump.ui, Params: {"deviceId":"eus-qualification-pixel7-api35"}
2026/09/22 18:02:12.172605 [INFO] WebSocket Request ID: 97, Method: device.dump.ui, Params: {"deviceId":"eus-qualification-pixel7-api35"}
2026/09/22 18:02:12.341870 [INFO] WebSocket Request ID: 98, Method: device.dump.ui, Params: {"deviceId":"eus-qualification-pixel7-api35"}
2026/09/22 18:02:12.528761 [INFO] WebSocket Request ID: 99, Method: device.dump.ui, Params: {"deviceId":"eus-qualification-pixel7-api35"}
2026/09/22 18:02:12.689224 [INFO] WebSocket Request ID: 100, Method: device.dump.ui, Params: {"deviceId":"eus-qualification-pixel7-api35"}
2026/09/22 18:02:12.852458 [INFO] WebSocket Request ID: 101, Method: device.dump.ui, Params: {"deviceId":"eus-qualification-pixel7-api35"}
2026/09/22 18:02:13.038266 [INFO] WebSocket Request ID: 102, Method: device.dump.ui, Params: {"deviceId":"eus-qualification-pixel7-api35"}
2026/09/22 18:02:13.214912 [INFO] WebSocket Request ID: 103, Method: device.dump.ui, Params: {"deviceId":"eus-qualification-pixel7-api35"}
2026/09/22 18:02:13.379719 [INFO] WebSocket Request ID: 104, Method: device.dump.ui, Params: {"deviceId":"eus-qualification-pixel7-api35"}
2026/09/22 18:02:13.548986 [INFO] WebSocket Request ID: 105, Method: device.dump.ui, Params: {"deviceId":"eus-qualification-pixel7-api35"}
2026/09/22 18:02:13.736844 [INFO] WebSocket Request ID: 106, Method: device.dump.ui, Params: {"deviceId":"eus-qualification-pixel7-api35"}
2026/09/22 18:02:13.897255 [INFO] WebSocket Request ID: 107, Method: device.dump.ui, Params: {"deviceId":"eus-qualification-pixel7-api35"}
2026/09/22 18:02:14.061528 [INFO] WebSocket Request ID: 108, Method: device.dump.ui, Params: {"deviceId":"eus-qualification-pixel7-api35"}
2026/09/22 18:02:14.248035 [INFO] WebSocket Request ID: 109, Method: device.dump.ui, Params: {"deviceId":"eus-qualification-pixel7-api35"}
2026/09/22 18:02:14.412354 [INFO] WebSocket Request ID: 110, Method: device.dump.ui, Params: {"deviceId":"eus-qualification-pixel7-api35"}
2026/09/22 18:02:14.578508 [INFO] WebSocket Request ID: 111, Method: device.dump.ui, Params: {"deviceId":"eus-qualification-pixel7-api35"}
2026/09/22 18:02:14.805628 [INFO] WebSocket Request ID: 112, Method: device.dump.ui, Params: {"deviceId":"eus-qualification-pixel7-api35"}
2026/09/22 18:02:14.977785 [INFO] WebSocket Request ID: 113, Method: device.dump.ui, Params: {"deviceId":"eus-qualification-pixel7-api35"}
2026/09/22 18:02:15.139697 [INFO] WebSocket Request ID: 114, Method: device.dump.ui, Params: {"deviceId":"eus-qualification-pixel7-api35"}
2026/09/22 18:02:15.314673 [INFO] WebSocket Request ID: 115, Method: device.dump.ui, Params: {"deviceId":"eus-qualification-pixel7-api35"}
2026/09/22 18:02:15.501914 [INFO] WebSocket Request ID: 116, Method: device.dump.ui, Params: {"deviceId":"eus-qualification-pixel7-api35"}
2026/09/22 18:02:15.667658 [INFO] WebSocket Request ID: 117, Method: device.dump.ui, Params: {"deviceId":"eus-qualification-pixel7-api35"}
2026/09/22 18:02:15.837778 [INFO] WebSocket Request ID: 118, Method: device.dump.ui, Params: {"deviceId":"eus-qualification-pixel7-api35"}
2026/09/22 18:02:16.026788 [INFO] WebSocket Request ID: 119, Method: device.dump.ui, Params: {"deviceId":"eus-qualification-pixel7-api35"}
2026/09/22 18:02:16.195358 [INFO] WebSocket Request ID: 120, Method: device.dump.ui, Params: {"deviceId":"eus-qualification-pixel7-api35"}
2026/09/22 18:02:16.359973 [INFO] WebSocket Request ID: 121, Method: device.dump.ui, Params: {"deviceId":"eus-qualification-pixel7-api35"}
2026/09/22 18:02:16.957997 [INFO] WebSocket Request ID: 122, Method: device.dump.ui, Params: {"deviceId":"eus-qualification-pixel7-api35"}
2026/09/22 18:02:17.134820 [INFO] WebSocket Request ID: 123, Method: device.dump.ui, Params: {"deviceId":"eus-qualification-pixel7-api35"}
2026/09/22 18:02:17.301058 [INFO] WebSocket Request ID: 124, Method: device.dump.ui, Params: {"deviceId":"eus-qualification-pixel7-api35"}
2026/09/22 18:02:17.467485 [INFO] WebSocket Request ID: 125, Method: device.dump.ui, Params: {"deviceId":"eus-qualification-pixel7-api35"}
2026/09/22 18:02:17.654864 [INFO] WebSocket Request ID: 126, Method: device.dump.ui, Params: {"deviceId":"eus-qualification-pixel7-api35"}
2026/09/22 18:02:17.815063 [INFO] WebSocket Request ID: 127, Method: device.dump.ui, Params: {"deviceId":"eus-qualification-pixel7-api35"}
2026/09/22 18:02:17.980332 [INFO] WebSocket Request ID: 128, Method: device.dump.ui, Params: {"deviceId":"eus-qualification-pixel7-api35"}
2026/09/22 18:02:18.174881 [INFO] WebSocket Request ID: 129, Method: device.dump.ui, Params: {"deviceId":"eus-qualification-pixel7-api35"}
2026/09/22 18:02:18.343470 [INFO] WebSocket Request ID: 130, Method: device.dump.ui, Params: {"deviceId":"eus-qualification-pixel7-api35"}
2026/09/22 18:02:18.508879 [INFO] WebSocket Request ID: 131, Method: device.dump.ui, Params: {"deviceId":"eus-qualification-pixel7-api35"}
2026/09/22 18:02:18.679860 [INFO] WebSocket Request ID: 132, Method: device.dump.ui, Params: {"deviceId":"eus-qualification-pixel7-api35"}
2026/09/22 18:02:18.867397 [INFO] WebSocket Request ID: 133, Method: device.dump.ui, Params: {"deviceId":"eus-qualification-pixel7-api35"}
2026/09/22 18:02:19.033212 [INFO] WebSocket Request ID: 134, Method: device.dump.ui, Params: {"deviceId":"eus-qualification-pixel7-api35"}
2026/09/22 18:02:19.196465 [INFO] WebSocket Request ID: 135, Method: device.dump.ui, Params: {"deviceId":"eus-qualification-pixel7-api35"}
2026/09/22 18:02:19.370981 [INFO] WebSocket Request ID: 136, Method: device.dump.ui, Params: {"deviceId":"eus-qualification-pixel7-api35"}
2026/09/22 18:02:19.557156 [INFO] WebSocket Request ID: 137, Method: device.dump.ui, Params: {"deviceId":"eus-qualification-pixel7-api35"}
2026/09/22 18:02:19.733933 [INFO] WebSocket Request ID: 138, Method: device.dump.ui, Params: {"deviceId":"eus-qualification-pixel7-api35"}
2026/09/22 18:02:19.902035 [INFO] WebSocket Request ID: 139, Method: device.dump.ui, Params: {"deviceId":"eus-qualification-pixel7-api35"}
2026/09/22 18:02:20.087648 [INFO] WebSocket Request ID: 140, Method: device.dump.ui, Params: {"deviceId":"eus-qualification-pixel7-api35"}
2026/09/22 18:02:20.252580 [INFO] WebSocket Request ID: 141, Method: device.dump.ui, Params: {"deviceId":"eus-qualification-pixel7-api35"}
2026/09/22 18:02:20.417779 [INFO] WebSocket Request ID: 142, Method: device.dump.ui, Params: {"deviceId":"eus-qualification-pixel7-api35"}
2026/09/22 18:02:20.616580 [INFO] WebSocket Request ID: 143, Method: device.dump.ui, Params: {"deviceId":"eus-qualification-pixel7-api35"}
2026/09/22 18:02:20.787093 [INFO] WebSocket Request ID: 144, Method: device.dump.ui, Params: {"deviceId":"eus-qualification-pixel7-api35"}
2026/09/22 18:02:20.952484 [INFO] WebSocket Request ID: 145, Method: device.dump.ui, Params: {"deviceId":"eus-qualification-pixel7-api35"}
2026/09/22 18:02:21.133502 [INFO] WebSocket Request ID: 146, Method: device.dump.ui, Params: {"deviceId":"eus-qualification-pixel7-api35"}
2026/09/22 18:02:21.324702 [INFO] WebSocket Request ID: 147, Method: device.dump.ui, Params: {"deviceId":"eus-qualification-pixel7-api35"}
2026/09/22 18:02:21.485714 [INFO] WebSocket Request ID: 148, Method: device.dump.ui, Params: {"deviceId":"eus-qualification-pixel7-api35"}
2026/09/22 18:02:21.653371 [INFO] WebSocket Request ID: 149, Method: device.dump.ui, Params: {"deviceId":"eus-qualification-pixel7-api35"}
2026/09/22 18:02:21.836826 [INFO] WebSocket Request ID: 150, Method: device.dump.ui, Params: {"deviceId":"eus-qualification-pixel7-api35"}
2026/09/22 18:02:22.016159 [INFO] WebSocket Request ID: 151, Method: device.dump.ui, Params: {"deviceId":"eus-qualification-pixel7-api35"}
2026/09/22 18:02:22.196189 [INFO] WebSocket Request ID: 152, Method: device.dump.ui, Params: {"deviceId":"eus-qualification-pixel7-api35"}
2026/09/22 18:02:22.358014 [INFO] WebSocket Request ID: 153, Method: device.dump.ui, Params: {"deviceId":"eus-qualification-pixel7-api35"}
2026/09/22 18:02:22.550674 [INFO] WebSocket Request ID: 154, Method: device.dump.ui, Params: {"deviceId":"eus-qualification-pixel7-api35"}
2026/09/22 18:02:22.712534 [INFO] WebSocket Request ID: 155, Method: device.dump.ui, Params: {"deviceId":"eus-qualification-pixel7-api35"}
2026/09/22 18:02:22.875882 [INFO] WebSocket Request ID: 156, Method: device.dump.ui, Params: {"deviceId":"eus-qualification-pixel7-api35"}
2026/09/22 18:02:23.074132 [INFO] WebSocket Request ID: 157, Method: device.dump.ui, Params: {"deviceId":"eus-qualification-pixel7-api35"}
2026/09/22 18:02:23.255608 [INFO] WebSocket Request ID: 158, Method: device.dump.ui, Params: {"deviceId":"eus-qualification-pixel7-api35"}
2026/09/22 18:02:23.420772 [INFO] WebSocket Request ID: 159, Method: device.dump.ui, Params: {"deviceId":"eus-qualification-pixel7-api35"}
2026/09/22 18:02:23.589853 [INFO] WebSocket Request ID: 160, Method: device.dump.ui, Params: {"deviceId":"eus-qualification-pixel7-api35"}
2026/09/22 18:02:23.781696 [INFO] WebSocket Request ID: 161, Method: device.dump.ui, Params: {"deviceId":"eus-qualification-pixel7-api35"}
2026/09/22 18:02:23.947169 [INFO] WebSocket Request ID: 162, Method: device.dump.ui, Params: {"deviceId":"eus-qualification-pixel7-api35"}
2026/09/22 18:02:24.116218 [INFO] WebSocket Request ID: 163, Method: device.dump.ui, Params: {"deviceId":"eus-qualification-pixel7-api35"}
2026/09/22 18:02:24.313389 [INFO] WebSocket Request ID: 164, Method: device.dump.ui, Params: {"deviceId":"eus-qualification-pixel7-api35"}
2026/09/22 18:02:24.489385 [INFO] WebSocket Request ID: 165, Method: device.dump.ui, Params: {"deviceId":"eus-qualification-pixel7-api35"}
2026/09/22 18:02:24.653296 [INFO] WebSocket Request ID: 166, Method: device.dump.ui, Params: {"deviceId":"eus-qualification-pixel7-api35"}
2026/09/22 18:02:24.818050 [INFO] WebSocket Request ID: 167, Method: device.dump.ui, Params: {"deviceId":"eus-qualification-pixel7-api35"}
2026/09/22 18:02:25.008586 [INFO] WebSocket Request ID: 168, Method: device.dump.ui, Params: {"deviceId":"eus-qualification-pixel7-api35"}
2026/09/22 18:02:25.170426 [INFO] WebSocket Request ID: 169, Method: device.dump.ui, Params: {"deviceId":"eus-qualification-pixel7-api35"}
2026/09/22 18:02:25.334658 [INFO] WebSocket Request ID: 170, Method: device.dump.ui, Params: {"deviceId":"eus-qualification-pixel7-api35"}
2026/09/22 18:02:25.520822 [INFO] WebSocket Request ID: 171, Method: device.dump.ui, Params: {"deviceId":"eus-qualification-pixel7-api35"}
2026/09/22 18:02:25.698081 [INFO] WebSocket Request ID: 172, Method: device.dump.ui, Params: {"deviceId":"eus-qualification-pixel7-api35"}
2026/09/22 18:02:25.863660 [INFO] WebSocket Request ID: 173, Method: device.dump.ui, Params: {"deviceId":"eus-qualification-pixel7-api35"}
2026/09/22 18:02:26.025902 [INFO] WebSocket Request ID: 174, Method: device.dump.ui, Params: {"deviceId":"eus-qualification-pixel7-api35"}
2026/09/22 18:02:26.208839 [INFO] WebSocket Request ID: 175, Method: device.dump.ui, Params: {"deviceId":"eus-qualification-pixel7-api35"}
2026/09/22 18:02:26.386940 [INFO] WebSocket Request ID: 176, Method: device.dump.ui, Params: {"deviceId":"eus-qualification-pixel7-api35"}
2026/09/22 18:02:26.552518 [INFO] WebSocket Request ID: 177, Method: device.dump.ui, Params: {"deviceId":"eus-qualification-pixel7-api35"}
2026/09/22 18:02:26.715046 [INFO] WebSocket Request ID: 178, Method: device.dump.ui, Params: {"deviceId":"eus-qualification-pixel7-api35"}
2026/09/22 18:02:26.904545 [INFO] WebSocket Request ID: 179, Method: device.dump.ui, Params: {"deviceId":"eus-qualification-pixel7-api35"}
2026/09/22 18:02:27.068102 [INFO] WebSocket Request ID: 180, Method: device.dump.ui, Params: {"deviceId":"eus-qualification-pixel7-api35"}
2026/09/22 18:02:27.228778 [INFO] WebSocket Request ID: 181, Method: device.dump.ui, Params: {"deviceId":"eus-qualification-pixel7-api35"}
2026/09/22 18:02:27.412913 [INFO] WebSocket Request ID: 182, Method: device.dump.ui, Params: {"deviceId":"eus-qualification-pixel7-api35"}
2026/09/22 18:02:27.595575 [INFO] WebSocket Request ID: 183, Method: device.dump.ui, Params: {"deviceId":"eus-qualification-pixel7-api35"}
2026/09/22 18:02:27.757605 [INFO] WebSocket Request ID: 184, Method: device.dump.ui, Params: {"deviceId":"eus-qualification-pixel7-api35"}
2026/09/22 18:02:27.922128 [INFO] WebSocket Request ID: 185, Method: device.dump.ui, Params: {"deviceId":"eus-qualification-pixel7-api35"}
2026/09/22 18:02:28.111775 [INFO] WebSocket Request ID: 186, Method: device.dump.ui, Params: {"deviceId":"eus-qualification-pixel7-api35"}
2026/09/22 18:02:28.275668 [INFO] WebSocket Request ID: 187, Method: device.dump.ui, Params: {"deviceId":"eus-qualification-pixel7-api35"}
2026/09/22 18:02:28.443030 [INFO] WebSocket Request ID: 188, Method: device.dump.ui, Params: {"deviceId":"eus-qualification-pixel7-api35"}
2026/09/22 18:02:28.622278 [INFO] WebSocket Request ID: 189, Method: device.dump.ui, Params: {"deviceId":"eus-qualification-pixel7-api35"}
2026/09/22 18:02:28.809627 [INFO] WebSocket Request ID: 190, Method: device.dump.ui, Params: {"deviceId":"eus-qualification-pixel7-api35"}
2026/09/22 18:02:28.972240 [INFO] WebSocket Request ID: 191, Method: device.dump.ui, Params: {"deviceId":"eus-qualification-pixel7-api35"}
2026/09/22 18:02:29.146939 [INFO] WebSocket Request ID: 192, Method: device.dump.ui, Params: {"deviceId":"eus-qualification-pixel7-api35"}
2026/09/22 18:02:29.326554 [INFO] WebSocket Request ID: 193, Method: device.dump.ui, Params: {"deviceId":"eus-qualification-pixel7-api35"}
2026/09/22 18:02:29.506139 [INFO] WebSocket Request ID: 194, Method: device.dump.ui, Params: {"deviceId":"eus-qualification-pixel7-api35"}
2026/09/22 18:02:29.670660 [INFO] WebSocket Request ID: 195, Method: device.dump.ui, Params: {"deviceId":"eus-qualification-pixel7-api35"}
2026/09/22 18:02:29.838543 [INFO] WebSocket Request ID: 196, Method: device.dump.ui, Params: {"deviceId":"eus-qualification-pixel7-api35"}
2026/09/22 18:02:30.025816 [INFO] WebSocket Request ID: 197, Method: device.dump.ui, Params: {"deviceId":"eus-qualification-pixel7-api35"}
2026/09/22 18:02:30.189715 [INFO] WebSocket Request ID: 198, Method: device.dump.ui, Params: {"deviceId":"eus-qualification-pixel7-api35"}
2026/09/22 18:02:30.354879 [INFO] WebSocket Request ID: 199, Method: device.dump.ui, Params: {"deviceId":"eus-qualification-pixel7-api35"}
2026/09/22 18:02:30.536355 [INFO] WebSocket Request ID: 200, Method: device.dump.ui, Params: {"deviceId":"eus-qualification-pixel7-api35"}
2026/09/22 18:02:30.719918 [INFO] WebSocket Request ID: 201, Method: device.dump.ui, Params: {"deviceId":"eus-qualification-pixel7-api35"}
2026/09/22 18:02:30.885382 [INFO] WebSocket Request ID: 202, Method: device.dump.ui, Params: {"deviceId":"eus-qualification-pixel7-api35"}
2026/09/22 18:02:31.048014 [INFO] WebSocket Request ID: 203, Method: device.dump.ui, Params: {"deviceId":"eus-qualification-pixel7-api35"}
2026/09/22 18:02:31.229923 [INFO] WebSocket Request ID: 204, Method: device.dump.ui, Params: {"deviceId":"eus-qualification-pixel7-api35"}
2026/09/22 18:02:31.408002 [INFO] WebSocket Request ID: 205, Method: device.dump.ui, Params: {"deviceId":"eus-qualification-pixel7-api35"}
2026/09/22 18:02:31.573528 [INFO] WebSocket Request ID: 206, Method: device.dump.ui, Params: {"deviceId":"eus-qualification-pixel7-api35"}
2026/09/22 18:02:31.737903 [INFO] WebSocket Request ID: 207, Method: device.dump.ui, Params: {"deviceId":"eus-qualification-pixel7-api35"}
2026/09/22 18:02:31.926108 [INFO] WebSocket Request ID: 208, Method: device.dump.ui, Params: {"deviceId":"eus-qualification-pixel7-api35"}
2026/09/22 18:02:32.090817 [INFO] WebSocket Request ID: 209, Method: device.dump.ui, Params: {"deviceId":"eus-qualification-pixel7-api35"}
2026/09/22 18:02:32.256794 [INFO] WebSocket Request ID: 210, Method: device.dump.ui, Params: {"deviceId":"eus-qualification-pixel7-api35"}
2026/09/22 18:02:32.436692 [INFO] WebSocket Request ID: 211, Method: device.dump.ui, Params: {"deviceId":"eus-qualification-pixel7-api35"}
2026/09/22 18:02:32.619436 [INFO] WebSocket Request ID: 212, Method: device.dump.ui, Params: {"deviceId":"eus-qualification-pixel7-api35"}
2026/09/22 18:02:32.786466 [INFO] WebSocket Request ID: 213, Method: device.dump.ui, Params: {"deviceId":"eus-qualification-pixel7-api35"}
2026/09/22 18:02:32.951122 [INFO] WebSocket Request ID: 214, Method: device.dump.ui, Params: {"deviceId":"eus-qualification-pixel7-api35"}
2026/09/22 18:02:33.140821 [INFO] WebSocket Request ID: 215, Method: device.dump.ui, Params: {"deviceId":"eus-qualification-pixel7-api35"}
2026/09/22 18:02:33.316785 [INFO] WebSocket Request ID: 216, Method: device.dump.ui, Params: {"deviceId":"eus-qualification-pixel7-api35"}
2026/09/22 18:02:33.482593 [INFO] WebSocket Request ID: 217, Method: device.dump.ui, Params: {"deviceId":"eus-qualification-pixel7-api35"}
2026/09/22 18:02:33.645329 [INFO] WebSocket Request ID: 218, Method: device.dump.ui, Params: {"deviceId":"eus-qualification-pixel7-api35"}
2026/09/22 18:02:33.836246 [INFO] WebSocket Request ID: 219, Method: device.dump.ui, Params: {"deviceId":"eus-qualification-pixel7-api35"}
2026/09/22 18:02:33.999605 [INFO] WebSocket Request ID: 220, Method: device.dump.ui, Params: {"deviceId":"eus-qualification-pixel7-api35"}
2026/09/22 18:02:34.161949 [INFO] WebSocket Request ID: 221, Method: device.dump.ui, Params: {"deviceId":"eus-qualification-pixel7-api35"}
2026/09/22 18:02:34.340587 [INFO] WebSocket Request ID: 222, Method: device.dump.ui, Params: {"deviceId":"eus-qualification-pixel7-api35"}
2026/09/22 18:02:34.525330 [INFO] WebSocket Request ID: 223, Method: device.dump.ui, Params: {"deviceId":"eus-qualification-pixel7-api35"}
2026/09/22 18:02:34.688908 [INFO] WebSocket Request ID: 224, Method: device.dump.ui, Params: {"deviceId":"eus-qualification-pixel7-api35"}
2026/09/22 18:02:34.851355 [INFO] WebSocket Request ID: 225, Method: device.dump.ui, Params: {"deviceId":"eus-qualification-pixel7-api35"}
2026/09/22 18:02:35.043138 [INFO] WebSocket Request ID: 226, Method: device.dump.ui, Params: {"deviceId":"eus-qualification-pixel7-api35"}
2026/09/22 18:02:35.223201 [INFO] WebSocket Request ID: 227, Method: device.dump.ui, Params: {"deviceId":"eus-qualification-pixel7-api35"}
2026/09/22 18:02:35.387232 [INFO] WebSocket Request ID: 228, Method: device.dump.ui, Params: {"deviceId":"eus-qualification-pixel7-api35"}
2026/09/22 18:02:35.549418 [INFO] WebSocket Request ID: 229, Method: device.dump.ui, Params: {"deviceId":"eus-qualification-pixel7-api35"}
2026/09/22 18:02:35.730526 [INFO] WebSocket Request ID: 230, Method: device.dump.ui, Params: {"deviceId":"eus-qualification-pixel7-api35"}
2026/09/22 18:02:35.910680 [INFO] WebSocket Request ID: 231, Method: device.dump.ui, Params: {"deviceId":"eus-qualification-pixel7-api35"}
2026/09/22 18:02:36.086574 [INFO] WebSocket Request ID: 232, Method: device.dump.ui, Params: {"deviceId":"eus-qualification-pixel7-api35"}
2026/09/22 18:02:36.251181 [INFO] WebSocket Request ID: 233, Method: device.dump.ui, Params: {"deviceId":"eus-qualification-pixel7-api35"}
2026/09/22 18:02:36.442341 [INFO] WebSocket Request ID: 234, Method: device.dump.ui, Params: {"deviceId":"eus-qualification-pixel7-api35"}
2026/09/22 18:02:36.616329 [INFO] WebSocket Request ID: 235, Method: device.dump.ui, Params: {"deviceId":"eus-qualification-pixel7-api35"}
2026/09/22 18:02:36.779826 [INFO] WebSocket Request ID: 236, Method: device.dump.ui, Params: {"deviceId":"eus-qualification-pixel7-api35"}
2026/09/22 18:02:36.942405 [INFO] WebSocket Request ID: 237, Method: device.dump.ui, Params: {"deviceId":"eus-qualification-pixel7-api35"}
2026/09/22 18:02:37.134086 [INFO] WebSocket Request ID: 238, Method: device.dump.ui, Params: {"deviceId":"eus-qualification-pixel7-api35"}
2026/09/22 18:02:37.301563 [INFO] WebSocket Request ID: 239, Method: device.dump.ui, Params: {"deviceId":"eus-qualification-pixel7-api35"}
2026/09/22 18:02:37.462999 [INFO] WebSocket Request ID: 240, Method: device.dump.ui, Params: {"deviceId":"eus-qualification-pixel7-api35"}
2026/09/22 18:02:37.646701 [INFO] WebSocket Request ID: 241, Method: device.dump.ui, Params: {"deviceId":"eus-qualification-pixel7-api35"}
2026/09/22 18:02:37.834152 [INFO] WebSocket Request ID: 242, Method: device.dump.ui, Params: {"deviceId":"eus-qualification-pixel7-api35"}
2026/09/22 18:02:37.999020 [INFO] WebSocket Request ID: 243, Method: device.dump.ui, Params: {"deviceId":"eus-qualification-pixel7-api35"}
2026/09/22 18:02:38.162578 [INFO] WebSocket Request ID: 244, Method: device.dump.ui, Params: {"deviceId":"eus-qualification-pixel7-api35"}
2026/09/22 18:02:38.342947 [INFO] WebSocket Request ID: 245, Method: device.dump.ui, Params: {"deviceId":"eus-qualification-pixel7-api35"}
2026/09/22 18:02:38.525416 [INFO] WebSocket Request ID: 246, Method: device.dump.ui, Params: {"deviceId":"eus-qualification-pixel7-api35"}
2026/09/22 18:02:38.690068 [INFO] WebSocket Request ID: 247, Method: device.dump.ui, Params: {"deviceId":"eus-qualification-pixel7-api35"}
2026/09/22 18:02:38.857751 [INFO] WebSocket Request ID: 248, Method: device.dump.ui, Params: {"deviceId":"eus-qualification-pixel7-api35"}
2026/09/22 18:02:39.057305 [INFO] WebSocket Request ID: 249, Method: device.dump.ui, Params: {"deviceId":"eus-qualification-pixel7-api35"}
2026/09/22 18:02:39.233630 [INFO] WebSocket Request ID: 250, Method: device.dump.ui, Params: {"deviceId":"eus-qualification-pixel7-api35"}
2026/09/22 18:02:39.400326 [INFO] WebSocket Request ID: 251, Method: device.dump.ui, Params: {"deviceId":"eus-qualification-pixel7-api35"}
2026/09/22 18:02:39.562038 [INFO] WebSocket Request ID: 252, Method: device.dump.ui, Params: {"deviceId":"eus-qualification-pixel7-api35"}
2026/09/22 18:02:39.748533 [INFO] WebSocket Request ID: 253, Method: device.dump.ui, Params: {"deviceId":"eus-qualification-pixel7-api35"}
2026/09/22 18:02:39.928486 [INFO] WebSocket Request ID: 254, Method: device.dump.ui, Params: {"deviceId":"eus-qualification-pixel7-api35"}
2026/09/22 18:02:40.088304 [INFO] WebSocket Request ID: 255, Method: device.dump.ui, Params: {"deviceId":"eus-qualification-pixel7-api35"}
2026/09/22 18:02:40.250818 [INFO] WebSocket Request ID: 256, Method: device.dump.ui, Params: {"deviceId":"eus-qualification-pixel7-api35"}
2026/09/22 18:02:40.438103 [INFO] WebSocket Request ID: 257, Method: device.dump.ui, Params: {"deviceId":"eus-qualification-pixel7-api35"}
2026/09/22 18:02:40.616128 [INFO] WebSocket Request ID: 258, Method: device.dump.ui, Params: {"deviceId":"eus-qualification-pixel7-api35"}
2026/09/22 18:02:40.777353 [INFO] WebSocket Request ID: 259, Method: device.dump.ui, Params: {"deviceId":"eus-qualification-pixel7-api35"}
2026/09/22 18:02:40.939025 [INFO] WebSocket Request ID: 260, Method: device.dump.ui, Params: {"deviceId":"eus-qualification-pixel7-api35"}
2026/09/22 18:02:41.126415 [INFO] WebSocket Request ID: 261, Method: device.dump.ui, Params: {"deviceId":"eus-qualification-pixel7-api35"}
2026/09/22 18:02:41.303359 [INFO] WebSocket Request ID: 262, Method: device.dump.ui, Params: {"deviceId":"eus-qualification-pixel7-api35"}
2026/09/22 18:02:41.466864 [INFO] WebSocket Request ID: 263, Method: device.dump.ui, Params: {"deviceId":"eus-qualification-pixel7-api35"}
2026/09/22 18:02:41.630990 [INFO] WebSocket Request ID: 264, Method: device.dump.ui, Params: {"deviceId":"eus-qualification-pixel7-api35"}
2026/09/22 18:02:41.819884 [INFO] WebSocket Request ID: 265, Method: device.dump.ui, Params: {"deviceId":"eus-qualification-pixel7-api35"}
2026/09/22 18:02:41.993445 [INFO] WebSocket Request ID: 266, Method: device.dump.ui, Params: {"deviceId":"eus-qualification-pixel7-api35"}
2026/09/22 18:02:42.158706 [INFO] WebSocket Request ID: 267, Method: device.dump.ui, Params: {"deviceId":"eus-qualification-pixel7-api35"}
2026/09/22 18:02:42.322021 [INFO] WebSocket Request ID: 268, Method: device.dump.ui, Params: {"deviceId":"eus-qualification-pixel7-api35"}
2026/09/22 18:02:42.515672 [INFO] WebSocket Request ID: 269, Method: device.dump.ui, Params: {"deviceId":"eus-qualification-pixel7-api35"}
2026/09/22 18:02:42.686473 [INFO] WebSocket Request ID: 270, Method: device.dump.ui, Params: {"deviceId":"eus-qualification-pixel7-api35"}
2026/09/22 18:02:42.849281 [INFO] WebSocket Request ID: 271, Method: device.dump.ui, Params: {"deviceId":"eus-qualification-pixel7-api35"}
2026/09/22 18:02:43.010364 [INFO] WebSocket Request ID: 272, Method: device.dump.ui, Params: {"deviceId":"eus-qualification-pixel7-api35"}
2026/09/22 18:02:43.210549 [INFO] WebSocket Request ID: 273, Method: device.dump.ui, Params: {"deviceId":"eus-qualification-pixel7-api35"}
2026/09/22 18:02:43.381657 [INFO] WebSocket Request ID: 274, Method: device.dump.ui, Params: {"deviceId":"eus-qualification-pixel7-api35"}
2026/09/22 18:02:43.543679 [INFO] WebSocket Request ID: 275, Method: device.dump.ui, Params: {"deviceId":"eus-qualification-pixel7-api35"}
2026/09/22 18:02:43.729636 [INFO] WebSocket Request ID: 276, Method: device.dump.ui, Params: {"deviceId":"eus-qualification-pixel7-api35"}
2026/09/22 18:02:43.915958 [INFO] WebSocket Request ID: 277, Method: device.dump.ui, Params: {"deviceId":"eus-qualification-pixel7-api35"}
2026/09/22 18:02:44.078563 [INFO] WebSocket Request ID: 278, Method: device.dump.ui, Params: {"deviceId":"eus-qualification-pixel7-api35"}
2026/09/22 18:02:44.242931 [INFO] WebSocket Request ID: 279, Method: device.dump.ui, Params: {"deviceId":"eus-qualification-pixel7-api35"}
2026/09/22 18:02:44.426407 [INFO] WebSocket Request ID: 280, Method: device.dump.ui, Params: {"deviceId":"eus-qualification-pixel7-api35"}
2026/09/22 18:02:44.605741 [INFO] WebSocket Request ID: 281, Method: device.dump.ui, Params: {"deviceId":"eus-qualification-pixel7-api35"}
2026/09/22 18:02:44.769602 [INFO] WebSocket Request ID: 282, Method: device.dump.ui, Params: {"deviceId":"eus-qualification-pixel7-api35"}
2026/09/22 18:02:44.932043 [INFO] WebSocket Request ID: 283, Method: device.dump.ui, Params: {"deviceId":"eus-qualification-pixel7-api35"}
2026/09/22 18:02:45.110644 [INFO] WebSocket Request ID: 284, Method: device.dump.ui, Params: {"deviceId":"eus-qualification-pixel7-api35"}
2026/09/22 18:02:45.291643 [INFO] WebSocket Request ID: 285, Method: device.dump.ui, Params: {"deviceId":"eus-qualification-pixel7-api35"}
2026/09/22 18:02:45.453588 [INFO] WebSocket Request ID: 286, Method: device.dump.ui, Params: {"deviceId":"eus-qualification-pixel7-api35"}
2026/09/22 18:02:45.618181 [INFO] WebSocket Request ID: 287, Method: device.dump.ui, Params: {"deviceId":"eus-qualification-pixel7-api35"}
2026/09/22 18:02:45.810442 [INFO] WebSocket Request ID: 288, Method: device.dump.ui, Params: {"deviceId":"eus-qualification-pixel7-api35"}
2026/09/22 18:02:45.984314 [INFO] WebSocket Request ID: 289, Method: device.dump.ui, Params: {"deviceId":"eus-qualification-pixel7-api35"}
2026/09/22 18:02:46.144760 [INFO] WebSocket Request ID: 290, Method: device.dump.ui, Params: {"deviceId":"eus-qualification-pixel7-api35"}
2026/09/22 18:02:46.304677 [INFO] WebSocket Request ID: 291, Method: device.dump.ui, Params: {"deviceId":"eus-qualification-pixel7-api35"}
2026/09/22 18:02:46.957529 [INFO] WebSocket Request ID: 292, Method: device.dump.ui, Params: {"deviceId":"eus-qualification-pixel7-api35"}
2026/09/22 18:02:47.130013 [INFO] WebSocket Request ID: 293, Method: device.dump.ui, Params: {"deviceId":"eus-qualification-pixel7-api35"}
2026/09/22 18:02:47.293612 [INFO] WebSocket Request ID: 294, Method: device.dump.ui, Params: {"deviceId":"eus-qualification-pixel7-api35"}
2026/09/22 18:02:47.454770 [INFO] WebSocket Request ID: 295, Method: device.dump.ui, Params: {"deviceId":"eus-qualification-pixel7-api35"}
2026/09/22 18:02:47.630492 [INFO] WebSocket Request ID: 296, Method: device.dump.ui, Params: {"deviceId":"eus-qualification-pixel7-api35"}
2026/09/22 18:02:47.809599 [INFO] WebSocket Request ID: 297, Method: device.dump.ui, Params: {"deviceId":"eus-qualification-pixel7-api35"}
2026/09/22 18:02:47.971346 [INFO] WebSocket Request ID: 298, Method: device.dump.ui, Params: {"deviceId":"eus-qualification-pixel7-api35"}
2026/09/22 18:02:48.136217 [INFO] WebSocket Request ID: 299, Method: device.dump.ui, Params: {"deviceId":"eus-qualification-pixel7-api35"}
2026/09/22 18:02:48.314575 [INFO] WebSocket Request ID: 300, Method: device.dump.ui, Params: {"deviceId":"eus-qualification-pixel7-api35"}
2026/09/22 18:02:48.497340 [INFO] WebSocket Request ID: 301, Method: device.dump.ui, Params: {"deviceId":"eus-qualification-pixel7-api35"}
2026/09/22 18:02:48.662808 [INFO] WebSocket Request ID: 302, Method: device.dump.ui, Params: {"deviceId":"eus-qualification-pixel7-api35"}
2026/09/22 18:02:48.825720 [INFO] WebSocket Request ID: 303, Method: device.dump.ui, Params: {"deviceId":"eus-qualification-pixel7-api35"}
2026/09/22 18:02:48.998284 [INFO] WebSocket Request ID: 304, Method: device.dump.ui, Params: {"deviceId":"eus-qualification-pixel7-api35"}
2026/09/22 18:02:49.184864 [INFO] WebSocket Request ID: 305, Method: device.dump.ui, Params: {"deviceId":"eus-qualification-pixel7-api35"}
2026/09/22 18:02:49.347275 [INFO] WebSocket Request ID: 306, Method: device.dump.ui, Params: {"deviceId":"eus-qualification-pixel7-api35"}
2026/09/22 18:02:49.507992 [INFO] WebSocket Request ID: 307, Method: device.dump.ui, Params: {"deviceId":"eus-qualification-pixel7-api35"}
2026/09/22 18:02:49.685416 [INFO] WebSocket Request ID: 308, Method: device.dump.ui, Params: {"deviceId":"eus-qualification-pixel7-api35"}
2026/09/22 18:02:49.864987 [INFO] WebSocket Request ID: 309, Method: device.dump.ui, Params: {"deviceId":"eus-qualification-pixel7-api35"}
2026/09/22 18:02:50.024588 [INFO] WebSocket Request ID: 310, Method: device.dump.ui, Params: {"deviceId":"eus-qualification-pixel7-api35"}
2026/09/22 18:02:50.186516 [INFO] WebSocket Request ID: 311, Method: device.dump.ui, Params: {"deviceId":"eus-qualification-pixel7-api35"}
2026/09/22 18:02:50.365689 [INFO] WebSocket Request ID: 312, Method: device.dump.ui, Params: {"deviceId":"eus-qualification-pixel7-api35"}
2026/09/22 18:02:50.563007 [INFO] WebSocket Request ID: 313, Method: device.dump.ui, Params: {"deviceId":"eus-qualification-pixel7-api35"}
2026/09/22 18:02:50.726481 [INFO] WebSocket Request ID: 314, Method: device.dump.ui, Params: {"deviceId":"eus-qualification-pixel7-api35"}
2026/09/22 18:02:50.889762 [INFO] WebSocket Request ID: 315, Method: device.dump.ui, Params: {"deviceId":"eus-qualification-pixel7-api35"}
2026/09/22 18:02:51.083831 [INFO] WebSocket Request ID: 316, Method: device.dump.ui, Params: {"deviceId":"eus-qualification-pixel7-api35"}
2026/09/22 18:02:51.267010 [INFO] WebSocket Request ID: 317, Method: device.dump.ui, Params: {"deviceId":"eus-qualification-pixel7-api35"}
2026/09/22 18:02:51.429943 [INFO] WebSocket Request ID: 318, Method: device.dump.ui, Params: {"deviceId":"eus-qualification-pixel7-api35"}
2026/09/22 18:02:51.593429 [INFO] WebSocket Request ID: 319, Method: device.dump.ui, Params: {"deviceId":"eus-qualification-pixel7-api35"}
2026/09/22 18:02:51.783371 [INFO] WebSocket Request ID: 320, Method: device.dump.ui, Params: {"deviceId":"eus-qualification-pixel7-api35"}
2026/09/22 18:02:51.964115 [INFO] WebSocket Request ID: 321, Method: device.dump.ui, Params: {"deviceId":"eus-qualification-pixel7-api35"}
2026/09/22 18:02:52.124460 [INFO] WebSocket Request ID: 322, Method: device.dump.ui, Params: {"deviceId":"eus-qualification-pixel7-api35"}
2026/09/22 18:02:52.286174 [INFO] WebSocket Request ID: 323, Method: device.dump.ui, Params: {"deviceId":"eus-qualification-pixel7-api35"}
2026/09/22 18:02:52.463766 [INFO] WebSocket Request ID: 324, Method: device.dump.ui, Params: {"deviceId":"eus-qualification-pixel7-api35"}
2026/09/22 18:02:52.649065 [INFO] WebSocket Request ID: 325, Method: device.dump.ui, Params: {"deviceId":"eus-qualification-pixel7-api35"}
2026/09/22 18:02:52.811044 [INFO] WebSocket Request ID: 326, Method: device.dump.ui, Params: {"deviceId":"eus-qualification-pixel7-api35"}
2026/09/22 18:02:52.970063 [INFO] WebSocket Request ID: 327, Method: device.dump.ui, Params: {"deviceId":"eus-qualification-pixel7-api35"}
2026/09/22 18:02:53.142348 [INFO] WebSocket Request ID: 328, Method: device.dump.ui, Params: {"deviceId":"eus-qualification-pixel7-api35"}
2026/09/22 18:02:53.329232 [INFO] WebSocket Request ID: 329, Method: device.dump.ui, Params: {"deviceId":"eus-qualification-pixel7-api35"}
2026/09/22 18:02:53.490126 [INFO] WebSocket Request ID: 330, Method: device.dump.ui, Params: {"deviceId":"eus-qualification-pixel7-api35"}
2026/09/22 18:02:53.653205 [INFO] WebSocket Request ID: 331, Method: device.dump.ui, Params: {"deviceId":"eus-qualification-pixel7-api35"}
2026/09/22 18:02:53.823258 [INFO] WebSocket Request ID: 332, Method: device.dump.ui, Params: {"deviceId":"eus-qualification-pixel7-api35"}
2026/09/22 18:02:54.009625 [INFO] WebSocket Request ID: 333, Method: device.dump.ui, Params: {"deviceId":"eus-qualification-pixel7-api35"}
2026/09/22 18:02:54.173745 [INFO] WebSocket Request ID: 334, Method: device.dump.ui, Params: {"deviceId":"eus-qualification-pixel7-api35"}
2026/09/22 18:02:54.336363 [INFO] WebSocket Request ID: 335, Method: device.dump.ui, Params: {"deviceId":"eus-qualification-pixel7-api35"}
2026/09/22 18:02:54.513565 [INFO] WebSocket Request ID: 336, Method: device.dump.ui, Params: {"deviceId":"eus-qualification-pixel7-api35"}
2026/09/22 18:02:54.691913 [INFO] WebSocket Request ID: 337, Method: device.dump.ui, Params: {"deviceId":"eus-qualification-pixel7-api35"}
2026/09/22 18:02:54.853321 [INFO] WebSocket Request ID: 338, Method: device.dump.ui, Params: {"deviceId":"eus-qualification-pixel7-api35"}
2026/09/22 18:02:55.018157 [INFO] WebSocket Request ID: 339, Method: device.dump.ui, Params: {"deviceId":"eus-qualification-pixel7-api35"}
2026/09/22 18:02:55.189039 [INFO] WebSocket Request ID: 340, Method: device.dump.ui, Params: {"deviceId":"eus-qualification-pixel7-api35"}
2026/09/22 18:02:55.373466 [INFO] WebSocket Request ID: 341, Method: device.dump.ui, Params: {"deviceId":"eus-qualification-pixel7-api35"}
2026/09/22 18:02:55.531606 [INFO] WebSocket Request ID: 342, Method: device.dump.ui, Params: {"deviceId":"eus-qualification-pixel7-api35"}
2026/09/22 18:02:55.693421 [INFO] WebSocket Request ID: 343, Method: device.dump.ui, Params: {"deviceId":"eus-qualification-pixel7-api35"}
2026/09/22 18:02:55.878888 [INFO] WebSocket Request ID: 344, Method: device.dump.ui, Params: {"deviceId":"eus-qualification-pixel7-api35"}
2026/09/22 18:02:56.067931 [INFO] WebSocket Request ID: 345, Method: device.dump.ui, Params: {"deviceId":"eus-qualification-pixel7-api35"}
2026/09/22 18:02:56.229462 [INFO] WebSocket Request ID: 346, Method: device.dump.ui, Params: {"deviceId":"eus-qualification-pixel7-api35"}
2026/09/22 18:02:56.391476 [INFO] WebSocket Request ID: 347, Method: device.dump.ui, Params: {"deviceId":"eus-qualification-pixel7-api35"}
2026/09/22 18:02:56.566135 [INFO] WebSocket Request ID: 348, Method: device.dump.ui, Params: {"deviceId":"eus-qualification-pixel7-api35"}
2026/09/22 18:02:56.749180 [INFO] WebSocket Request ID: 349, Method: device.dump.ui, Params: {"deviceId":"eus-qualification-pixel7-api35"}
2026/09/22 18:02:56.908752 [INFO] WebSocket Request ID: 350, Method: device.dump.ui, Params: {"deviceId":"eus-qualification-pixel7-api35"}
2026/09/22 18:02:57.070659 [INFO] WebSocket Request ID: 351, Method: device.dump.ui, Params: {"deviceId":"eus-qualification-pixel7-api35"}
2026/09/22 18:02:57.241018 [INFO] WebSocket Request ID: 352, Method: device.dump.ui, Params: {"deviceId":"eus-qualification-pixel7-api35"}
2026/09/22 18:02:57.434567 [INFO] WebSocket Request ID: 353, Method: device.dump.ui, Params: {"deviceId":"eus-qualification-pixel7-api35"}
2026/09/22 18:02:57.601591 [INFO] WebSocket Request ID: 354, Method: device.dump.ui, Params: {"deviceId":"eus-qualification-pixel7-api35"}
2026/09/22 18:02:57.766004 [INFO] WebSocket Request ID: 355, Method: device.dump.ui, Params: {"deviceId":"eus-qualification-pixel7-api35"}
2026/09/22 18:02:57.953264 [INFO] WebSocket Request ID: 356, Method: device.dump.ui, Params: {"deviceId":"eus-qualification-pixel7-api35"}
2026/09/22 18:02:58.142946 [INFO] WebSocket Request ID: 357, Method: device.dump.ui, Params: {"deviceId":"eus-qualification-pixel7-api35"}
2026/09/22 18:02:58.309120 [INFO] WebSocket Request ID: 358, Method: device.dump.ui, Params: {"deviceId":"eus-qualification-pixel7-api35"}
2026/09/22 18:02:58.469751 [INFO] WebSocket Request ID: 359, Method: device.dump.ui, Params: {"deviceId":"eus-qualification-pixel7-api35"}
2026/09/22 18:02:58.651102 [INFO] WebSocket Request ID: 360, Method: device.dump.ui, Params: {"deviceId":"eus-qualification-pixel7-api35"}
2026/09/22 18:02:58.838983 [INFO] WebSocket Request ID: 361, Method: device.dump.ui, Params: {"deviceId":"eus-qualification-pixel7-api35"}
2026/09/22 18:02:59.001823 [INFO] WebSocket Request ID: 362, Method: device.dump.ui, Params: {"deviceId":"eus-qualification-pixel7-api35"}
2026/09/22 18:02:59.163167 [INFO] WebSocket Request ID: 363, Method: device.dump.ui, Params: {"deviceId":"eus-qualification-pixel7-api35"}
2026/09/22 18:02:59.345832 [INFO] WebSocket Request ID: 364, Method: device.dump.ui, Params: {"deviceId":"eus-qualification-pixel7-api35"}
2026/09/22 18:02:59.530732 [INFO] WebSocket Request ID: 365, Method: device.dump.ui, Params: {"deviceId":"eus-qualification-pixel7-api35"}
2026/09/22 18:02:59.693460 [INFO] WebSocket Request ID: 366, Method: device.dump.ui, Params: {"deviceId":"eus-qualification-pixel7-api35"}
2026/09/22 18:02:59.854377 [INFO] WebSocket Request ID: 367, Method: device.dump.ui, Params: {"deviceId":"eus-qualification-pixel7-api35"}
2026/09/22 18:03:00.033326 [INFO] WebSocket Request ID: 368, Method: device.dump.ui, Params: {"deviceId":"eus-qualification-pixel7-api35"}
2026/09/22 18:03:00.216074 [INFO] WebSocket Request ID: 369, Method: device.dump.ui, Params: {"deviceId":"eus-qualification-pixel7-api35"}
2026/09/22 18:03:00.378364 [INFO] WebSocket Request ID: 370, Method: device.dump.ui, Params: {"deviceId":"eus-qualification-pixel7-api35"}
2026/09/22 18:03:00.541260 [INFO] WebSocket Request ID: 371, Method: device.dump.ui, Params: {"deviceId":"eus-qualification-pixel7-api35"}
2026/09/22 18:03:00.739988 [INFO] WebSocket Request ID: 372, Method: device.dump.ui, Params: {"deviceId":"eus-qualification-pixel7-api35"}
2026/09/22 18:03:01.291863 [INFO] WebSocket Request ID: 373, Method: device.dump.ui, Params: {"deviceId":"eus-qualification-pixel7-api35"}
2026/09/22 18:03:01.453138 [INFO] WebSocket Request ID: 374, Method: device.dump.ui, Params: {"deviceId":"eus-qualification-pixel7-api35"}
2026/09/22 18:03:01.615522 [INFO] WebSocket Request ID: 375, Method: device.dump.ui, Params: {"deviceId":"eus-qualification-pixel7-api35"}
2026/09/22 18:03:01.784612 [INFO] WebSocket Request ID: 376, Method: device.dump.ui, Params: {"deviceId":"eus-qualification-pixel7-api35"}
2026/09/22 18:03:01.968037 [INFO] WebSocket Request ID: 377, Method: device.dump.ui, Params: {"deviceId":"eus-qualification-pixel7-api35"}
2026/09/22 18:03:02.128352 [INFO] WebSocket Request ID: 378, Method: device.dump.ui, Params: {"deviceId":"eus-qualification-pixel7-api35"}
2026/09/22 18:03:02.291296 [INFO] WebSocket Request ID: 379, Method: device.dump.ui, Params: {"deviceId":"eus-qualification-pixel7-api35"}
2026/09/22 18:03:02.464490 [INFO] WebSocket Request ID: 380, Method: device.dump.ui, Params: {"deviceId":"eus-qualification-pixel7-api35"}
2026/09/22 18:03:02.651401 [INFO] WebSocket Request ID: 381, Method: device.dump.ui, Params: {"deviceId":"eus-qualification-pixel7-api35"}
2026/09/22 18:03:02.813942 [INFO] WebSocket Request ID: 382, Method: device.dump.ui, Params: {"deviceId":"eus-qualification-pixel7-api35"}
2026/09/22 18:03:02.975567 [INFO] WebSocket Request ID: 383, Method: device.dump.ui, Params: {"deviceId":"eus-qualification-pixel7-api35"}
2026/09/22 18:03:03.156766 [INFO] WebSocket Request ID: 384, Method: device.dump.ui, Params: {"deviceId":"eus-qualification-pixel7-api35"}
2026/09/22 18:03:03.342707 [INFO] WebSocket Request ID: 385, Method: device.dump.ui, Params: {"deviceId":"eus-qualification-pixel7-api35"}
2026/09/22 18:03:03.504966 [INFO] WebSocket Request ID: 386, Method: device.dump.ui, Params: {"deviceId":"eus-qualification-pixel7-api35"}
2026/09/22 18:03:03.669995 [INFO] WebSocket Request ID: 387, Method: device.dump.ui, Params: {"deviceId":"eus-qualification-pixel7-api35"}
2026/09/22 18:03:03.843549 [INFO] WebSocket Request ID: 388, Method: device.dump.ui, Params: {"deviceId":"eus-qualification-pixel7-api35"}
2026/09/22 18:03:04.026568 [INFO] WebSocket Request ID: 389, Method: device.dump.ui, Params: {"deviceId":"eus-qualification-pixel7-api35"}
2026/09/22 18:03:04.189452 [INFO] WebSocket Request ID: 390, Method: device.dump.ui, Params: {"deviceId":"eus-qualification-pixel7-api35"}
2026/09/22 18:03:04.355594 [INFO] WebSocket Request ID: 391, Method: device.dump.ui, Params: {"deviceId":"eus-qualification-pixel7-api35"}
2026/09/22 18:03:04.530783 [INFO] WebSocket Request ID: 392, Method: device.dump.ui, Params: {"deviceId":"eus-qualification-pixel7-api35"}
2026/09/22 18:03:04.739725 [INFO] WebSocket Request ID: 393, Method: device.dump.ui, Params: {"deviceId":"eus-qualification-pixel7-api35"}
2026/09/22 18:03:04.903594 [INFO] WebSocket Request ID: 394, Method: device.dump.ui, Params: {"deviceId":"eus-qualification-pixel7-api35"}
2026/09/22 18:03:05.065636 [INFO] WebSocket Request ID: 395, Method: device.dump.ui, Params: {"deviceId":"eus-qualification-pixel7-api35"}
2026/09/22 18:03:05.231324 [INFO] WebSocket Request ID: 396, Method: device.dump.ui, Params: {"deviceId":"eus-qualification-pixel7-api35"}
2026/09/22 18:03:05.413296 [INFO] WebSocket Request ID: 397, Method: device.dump.ui, Params: {"deviceId":"eus-qualification-pixel7-api35"}
2026/09/22 18:03:05.575734 [INFO] WebSocket Request ID: 398, Method: device.dump.ui, Params: {"deviceId":"eus-qualification-pixel7-api35"}
2026/09/22 18:03:05.738882 [INFO] WebSocket Request ID: 399, Method: device.dump.ui, Params: {"deviceId":"eus-qualification-pixel7-api35"}
2026/09/22 18:03:05.912952 [INFO] WebSocket Request ID: 400, Method: device.dump.ui, Params: {"deviceId":"eus-qualification-pixel7-api35"}
2026/09/22 18:03:06.099050 [INFO] WebSocket Request ID: 401, Method: device.dump.ui, Params: {"deviceId":"eus-qualification-pixel7-api35"}
2026/09/22 18:03:06.259655 [INFO] WebSocket Request ID: 402, Method: device.dump.ui, Params: {"deviceId":"eus-qualification-pixel7-api35"}
2026/09/22 18:03:06.417932 [INFO] WebSocket Request ID: 403, Method: device.dump.ui, Params: {"deviceId":"eus-qualification-pixel7-api35"}
2026/09/22 18:03:06.593439 [INFO] WebSocket Request ID: 404, Method: device.dump.ui, Params: {"deviceId":"eus-qualification-pixel7-api35"}
2026/09/22 18:03:06.776649 [INFO] WebSocket Request ID: 405, Method: device.dump.ui, Params: {"deviceId":"eus-qualification-pixel7-api35"}
2026/09/22 18:03:06.939655 [INFO] WebSocket Request ID: 406, Method: device.dump.ui, Params: {"deviceId":"eus-qualification-pixel7-api35"}
2026/09/22 18:03:07.105224 [INFO] WebSocket Request ID: 407, Method: device.dump.ui, Params: {"deviceId":"eus-qualification-pixel7-api35"}
2026/09/22 18:03:07.284894 [INFO] WebSocket Request ID: 408, Method: device.dump.ui, Params: {"deviceId":"eus-qualification-pixel7-api35"}
2026/09/22 18:03:07.471603 [INFO] WebSocket Request ID: 409, Method: device.dump.ui, Params: {"deviceId":"eus-qualification-pixel7-api35"}
2026/09/22 18:03:07.632521 [INFO] WebSocket Request ID: 410, Method: device.dump.ui, Params: {"deviceId":"eus-qualification-pixel7-api35"}
2026/09/22 18:03:07.794822 [INFO] WebSocket Request ID: 411, Method: device.dump.ui, Params: {"deviceId":"eus-qualification-pixel7-api35"}
2026/09/22 18:03:07.958706 [INFO] WebSocket Request ID: 412, Method: device.dump.ui, Params: {"deviceId":"eus-qualification-pixel7-api35"}
2026/09/22 18:03:08.149874 [INFO] WebSocket Request ID: 413, Method: device.dump.ui, Params: {"deviceId":"eus-qualification-pixel7-api35"}
2026/09/22 18:03:08.311634 [INFO] WebSocket Request ID: 414, Method: device.dump.ui, Params: {"deviceId":"eus-qualification-pixel7-api35"}
2026/09/22 18:03:08.474445 [INFO] WebSocket Request ID: 415, Method: device.dump.ui, Params: {"deviceId":"eus-qualification-pixel7-api35"}
2026/09/22 18:03:08.646350 [INFO] WebSocket Request ID: 416, Method: device.dump.ui, Params: {"deviceId":"eus-qualification-pixel7-api35"}
2026/09/22 18:03:08.833908 [INFO] WebSocket Request ID: 417, Method: device.dump.ui, Params: {"deviceId":"eus-qualification-pixel7-api35"}
2026/09/22 18:03:08.998422 [INFO] WebSocket Request ID: 418, Method: device.dump.ui, Params: {"deviceId":"eus-qualification-pixel7-api35"}
2026/09/22 18:03:09.158857 [INFO] WebSocket Request ID: 419, Method: device.dump.ui, Params: {"deviceId":"eus-qualification-pixel7-api35"}
2026/09/22 18:03:09.327725 [INFO] WebSocket Request ID: 420, Method: device.dump.ui, Params: {"deviceId":"eus-qualification-pixel7-api35"}
2026/09/22 18:03:09.517945 [INFO] WebSocket Request ID: 421, Method: device.dump.ui, Params: {"deviceId":"eus-qualification-pixel7-api35"}
2026/09/22 18:03:09.679045 [INFO] WebSocket Request ID: 422, Method: device.dump.ui, Params: {"deviceId":"eus-qualification-pixel7-api35"}
2026/09/22 18:03:09.841512 [INFO] WebSocket Request ID: 423, Method: device.dump.ui, Params: {"deviceId":"eus-qualification-pixel7-api35"}
2026/09/22 18:03:10.020139 [INFO] WebSocket Request ID: 424, Method: device.dump.ui, Params: {"deviceId":"eus-qualification-pixel7-api35"}
2026/09/22 18:03:10.207198 [INFO] WebSocket Request ID: 425, Method: device.dump.ui, Params: {"deviceId":"eus-qualification-pixel7-api35"}
2026/09/22 18:03:10.371585 [INFO] WebSocket Request ID: 426, Method: device.dump.ui, Params: {"deviceId":"eus-qualification-pixel7-api35"}
2026/09/22 18:03:10.537594 [INFO] WebSocket Request ID: 427, Method: device.dump.ui, Params: {"deviceId":"eus-qualification-pixel7-api35"}
2026/09/22 18:03:10.714193 [INFO] WebSocket Request ID: 428, Method: device.dump.ui, Params: {"deviceId":"eus-qualification-pixel7-api35"}
2026/09/22 18:03:10.902197 [INFO] WebSocket Request ID: 429, Method: device.dump.ui, Params: {"deviceId":"eus-qualification-pixel7-api35"}
2026/09/22 18:03:11.066128 [INFO] WebSocket Request ID: 430, Method: device.dump.ui, Params: {"deviceId":"eus-qualification-pixel7-api35"}
2026/09/22 18:03:11.229776 [INFO] WebSocket Request ID: 431, Method: device.dump.ui, Params: {"deviceId":"eus-qualification-pixel7-api35"}
2026/09/22 18:03:11.407757 [INFO] WebSocket Request ID: 432, Method: device.dump.ui, Params: {"deviceId":"eus-qualification-pixel7-api35"}
2026/09/22 18:03:11.603158 [INFO] WebSocket Request ID: 433, Method: device.dump.ui, Params: {"deviceId":"eus-qualification-pixel7-api35"}
2026/09/22 18:03:11.767442 [INFO] WebSocket Request ID: 434, Method: device.dump.ui, Params: {"deviceId":"eus-qualification-pixel7-api35"}
2026/09/22 18:03:11.929123 [INFO] WebSocket Request ID: 435, Method: device.dump.ui, Params: {"deviceId":"eus-qualification-pixel7-api35"}
2026/09/22 18:03:12.103699 [INFO] WebSocket Request ID: 436, Method: device.dump.ui, Params: {"deviceId":"eus-qualification-pixel7-api35"}
2026/09/22 18:03:12.290506 [INFO] WebSocket Request ID: 437, Method: device.dump.ui, Params: {"deviceId":"eus-qualification-pixel7-api35"}
2026/09/22 18:03:12.453153 [INFO] WebSocket Request ID: 438, Method: device.dump.ui, Params: {"deviceId":"eus-qualification-pixel7-api35"}
2026/09/22 18:03:12.614147 [INFO] WebSocket Request ID: 439, Method: device.dump.ui, Params: {"deviceId":"eus-qualification-pixel7-api35"}
2026/09/22 18:03:12.790996 [INFO] WebSocket Request ID: 440, Method: device.dump.ui, Params: {"deviceId":"eus-qualification-pixel7-api35"}
2026/09/22 18:03:12.977003 [INFO] WebSocket Request ID: 441, Method: device.dump.ui, Params: {"deviceId":"eus-qualification-pixel7-api35"}
2026/09/22 18:03:13.141954 [INFO] WebSocket Request ID: 442, Method: device.dump.ui, Params: {"deviceId":"eus-qualification-pixel7-api35"}
2026/09/22 18:03:13.304403 [INFO] WebSocket Request ID: 443, Method: device.dump.ui, Params: {"deviceId":"eus-qualification-pixel7-api35"}
2026/09/22 18:03:13.475916 [INFO] WebSocket Request ID: 444, Method: device.dump.ui, Params: {"deviceId":"eus-qualification-pixel7-api35"}
2026/09/22 18:03:13.662477 [INFO] WebSocket Request ID: 445, Method: device.dump.ui, Params: {"deviceId":"eus-qualification-pixel7-api35"}
2026/09/22 18:03:13.822552 [INFO] WebSocket Request ID: 446, Method: device.dump.ui, Params: {"deviceId":"eus-qualification-pixel7-api35"}
2026/09/22 18:03:13.985727 [INFO] WebSocket Request ID: 447, Method: device.dump.ui, Params: {"deviceId":"eus-qualification-pixel7-api35"}
2026/09/22 18:03:14.151032 [INFO] WebSocket Request ID: 448, Method: device.dump.ui, Params: {"deviceId":"eus-qualification-pixel7-api35"}
2026/09/22 18:03:14.340515 [INFO] WebSocket Request ID: 449, Method: device.dump.ui, Params: {"deviceId":"eus-qualification-pixel7-api35"}
2026/09/22 18:03:14.501647 [INFO] WebSocket Request ID: 450, Method: device.dump.ui, Params: {"deviceId":"eus-qualification-pixel7-api35"}
2026/09/22 18:03:14.663260 [INFO] WebSocket Request ID: 451, Method: device.dump.ui, Params: {"deviceId":"eus-qualification-pixel7-api35"}
2026/09/22 18:03:14.826592 [INFO] WebSocket Request ID: 452, Method: device.dump.ui, Params: {"deviceId":"eus-qualification-pixel7-api35"}
2026/09/22 18:03:15.013711 [INFO] WebSocket Request ID: 453, Method: device.dump.ui, Params: {"deviceId":"eus-qualification-pixel7-api35"}
2026/09/22 18:03:15.191458 [INFO] WebSocket Request ID: 454, Method: device.dump.ui, Params: {"deviceId":"eus-qualification-pixel7-api35"}
2026/09/22 18:03:15.355834 [INFO] WebSocket Request ID: 455, Method: device.dump.ui, Params: {"deviceId":"eus-qualification-pixel7-api35"}
2026/09/22 18:03:15.519819 [INFO] WebSocket Request ID: 456, Method: device.dump.ui, Params: {"deviceId":"eus-qualification-pixel7-api35"}
2026/09/22 18:03:15.690064 [INFO] WebSocket Request ID: 457, Method: device.dump.ui, Params: {"deviceId":"eus-qualification-pixel7-api35"}
2026/09/22 18:03:15.876918 [INFO] WebSocket Request ID: 458, Method: device.dump.ui, Params: {"deviceId":"eus-qualification-pixel7-api35"}
2026/09/22 18:03:16.037545 [INFO] WebSocket Request ID: 459, Method: device.dump.ui, Params: {"deviceId":"eus-qualification-pixel7-api35"}
2026/09/22 18:03:16.199191 [INFO] WebSocket Request ID: 460, Method: device.dump.ui, Params: {"deviceId":"eus-qualification-pixel7-api35"}
2026/09/22 18:03:16.363519 [INFO] WebSocket Request ID: 461, Method: device.dump.ui, Params: {"deviceId":"eus-qualification-pixel7-api35"}
2026/09/22 18:03:16.548680 [INFO] WebSocket Request ID: 462, Method: device.dump.ui, Params: {"deviceId":"eus-qualification-pixel7-api35"}
2026/09/22 18:03:16.709787 [INFO] WebSocket Request ID: 463, Method: device.dump.ui, Params: {"deviceId":"eus-qualification-pixel7-api35"}
2026/09/22 18:03:16.873357 [INFO] WebSocket Request ID: 464, Method: device.dump.ui, Params: {"deviceId":"eus-qualification-pixel7-api35"}
2026/09/22 18:03:17.044587 [INFO] WebSocket Request ID: 465, Method: device.dump.ui, Params: {"deviceId":"eus-qualification-pixel7-api35"}
2026/09/22 18:03:17.232822 [INFO] WebSocket Request ID: 466, Method: device.dump.ui, Params: {"deviceId":"eus-qualification-pixel7-api35"}
2026/09/22 18:03:17.393031 [INFO] WebSocket Request ID: 467, Method: device.dump.ui, Params: {"deviceId":"eus-qualification-pixel7-api35"}
2026/09/22 18:03:17.555817 [INFO] WebSocket Request ID: 468, Method: device.dump.ui, Params: {"deviceId":"eus-qualification-pixel7-api35"}
2026/09/22 18:03:17.725514 [INFO] WebSocket Request ID: 469, Method: device.dump.ui, Params: {"deviceId":"eus-qualification-pixel7-api35"}
2026/09/22 18:03:17.911051 [INFO] WebSocket Request ID: 470, Method: device.dump.ui, Params: {"deviceId":"eus-qualification-pixel7-api35"}
2026/09/22 18:03:18.073435 [INFO] WebSocket Request ID: 471, Method: device.dump.ui, Params: {"deviceId":"eus-qualification-pixel7-api35"}
2026/09/22 18:03:18.235131 [INFO] WebSocket Request ID: 472, Method: device.dump.ui, Params: {"deviceId":"eus-qualification-pixel7-api35"}
2026/09/22 18:03:18.414187 [INFO] WebSocket Request ID: 473, Method: device.dump.ui, Params: {"deviceId":"eus-qualification-pixel7-api35"}
2026/09/22 18:03:18.626718 [INFO] WebSocket Request ID: 474, Method: device.dump.ui, Params: {"deviceId":"eus-qualification-pixel7-api35"}
2026/09/22 18:03:18.789930 [INFO] WebSocket Request ID: 475, Method: device.dump.ui, Params: {"deviceId":"eus-qualification-pixel7-api35"}
2026/09/22 18:03:18.951751 [INFO] WebSocket Request ID: 476, Method: device.dump.ui, Params: {"deviceId":"eus-qualification-pixel7-api35"}
2026/09/22 18:03:19.114453 [INFO] WebSocket Request ID: 477, Method: device.dump.ui, Params: {"deviceId":"eus-qualification-pixel7-api35"}
2026/09/22 18:03:19.299855 [INFO] WebSocket Request ID: 478, Method: device.dump.ui, Params: {"deviceId":"eus-qualification-pixel7-api35"}
2026/09/22 18:03:19.463814 [INFO] WebSocket Request ID: 479, Method: device.dump.ui, Params: {"deviceId":"eus-qualification-pixel7-api35"}
2026/09/22 18:03:19.631200 [INFO] WebSocket Request ID: 480, Method: device.dump.ui, Params: {"deviceId":"eus-qualification-pixel7-api35"}
2026/09/22 18:03:19.804430 [INFO] WebSocket Request ID: 481, Method: device.dump.ui, Params: {"deviceId":"eus-qualification-pixel7-api35"}
2026/09/22 18:03:19.994396 [INFO] WebSocket Request ID: 482, Method: device.dump.ui, Params: {"deviceId":"eus-qualification-pixel7-api35"}
2026/09/22 18:03:20.159172 [INFO] WebSocket Request ID: 483, Method: device.dump.ui, Params: {"deviceId":"eus-qualification-pixel7-api35"}
2026/09/22 18:03:20.323606 [INFO] WebSocket Request ID: 484, Method: device.dump.ui, Params: {"deviceId":"eus-qualification-pixel7-api35"}
2026/09/22 18:03:20.490275 [INFO] WebSocket Request ID: 485, Method: device.dump.ui, Params: {"deviceId":"eus-qualification-pixel7-api35"}
2026/09/22 18:03:20.677339 [INFO] WebSocket Request ID: 486, Method: device.dump.ui, Params: {"deviceId":"eus-qualification-pixel7-api35"}
2026/09/22 18:03:20.839615 [INFO] WebSocket Request ID: 487, Method: device.dump.ui, Params: {"deviceId":"eus-qualification-pixel7-api35"}
2026/09/22 18:03:21.001682 [INFO] WebSocket Request ID: 488, Method: device.dump.ui, Params: {"deviceId":"eus-qualification-pixel7-api35"}
2026/09/22 18:03:21.167902 [INFO] WebSocket Request ID: 489, Method: device.dump.ui, Params: {"deviceId":"eus-qualification-pixel7-api35"}
2026/09/22 18:03:21.356147 [INFO] WebSocket Request ID: 490, Method: device.dump.ui, Params: {"deviceId":"eus-qualification-pixel7-api35"}
2026/09/22 18:03:21.517652 [INFO] WebSocket Request ID: 491, Method: device.dump.ui, Params: {"deviceId":"eus-qualification-pixel7-api35"}
2026/09/22 18:03:21.679143 [INFO] WebSocket Request ID: 492, Method: device.dump.ui, Params: {"deviceId":"eus-qualification-pixel7-api35"}
2026/09/22 18:03:21.860411 [INFO] WebSocket Request ID: 493, Method: device.dump.ui, Params: {"deviceId":"eus-qualification-pixel7-api35"}
2026/09/22 18:03:22.046522 [INFO] WebSocket Request ID: 494, Method: device.dump.ui, Params: {"deviceId":"eus-qualification-pixel7-api35"}
2026/09/22 18:03:22.208212 [INFO] WebSocket Request ID: 495, Method: device.dump.ui, Params: {"deviceId":"eus-qualification-pixel7-api35"}
2026/09/22 18:03:22.371758 [INFO] WebSocket Request ID: 496, Method: device.dump.ui, Params: {"deviceId":"eus-qualification-pixel7-api35"}
2026/09/22 18:03:22.548843 [INFO] WebSocket Request ID: 497, Method: device.dump.ui, Params: {"deviceId":"eus-qualification-pixel7-api35"}
2026/09/22 18:03:22.733363 [INFO] WebSocket Request ID: 498, Method: device.dump.ui, Params: {"deviceId":"eus-qualification-pixel7-api35"}
2026/09/22 18:03:22.895061 [INFO] WebSocket Request ID: 499, Method: device.dump.ui, Params: {"deviceId":"eus-qualification-pixel7-api35"}
2026/09/22 18:03:23.055512 [INFO] WebSocket Request ID: 500, Method: device.dump.ui, Params: {"deviceId":"eus-qualification-pixel7-api35"}
2026/09/22 18:03:23.219871 [INFO] WebSocket Request ID: 501, Method: device.dump.ui, Params: {"deviceId":"eus-qualification-pixel7-api35"}
2026/09/22 18:03:23.402611 [INFO] WebSocket Request ID: 502, Method: device.dump.ui, Params: {"deviceId":"eus-qualification-pixel7-api35"}
2026/09/22 18:03:23.560567 [INFO] WebSocket Request ID: 503, Method: device.dump.ui, Params: {"deviceId":"eus-qualification-pixel7-api35"}
2026/09/22 18:03:23.723861 [INFO] WebSocket Request ID: 504, Method: device.dump.ui, Params: {"deviceId":"eus-qualification-pixel7-api35"}
2026/09/22 18:03:23.788562 [INFO] WebSocket Request ID: 505, Method: device.screenshot, Params: {"deviceId":"eus-qualification-pixel7-api35"}
2026/09/22 18:03:23.897554 [INFO] WebSocket Request ID: 506, Method: device.dump.ui, Params: {"deviceId":"eus-qualification-pixel7-api35"}
2026/09/22 18:03:24.357919 [VERBOSE] WebSocket connection closed: websocket: close 1005 (no status)
2026/09/22 18:03:24.358052 [INFO] Received signal terminated, shutting down gracefully...
2026/09/22 18:03:24.358140 [INFO] Server stopped
