2026-09-22T17:53:02.321Z mw:driver-mobilecli listing devices
2026-09-22T17:53:02.357Z mw:driver-mobilecli found 1 device(s)
2026/09/22 17:53:02.367635 [VERBOSE] no remote token: failed to get token from keyring: The name org.freedesktop.secrets was not provided by any .service files
2026/09/22 17:53:02.367930 [INFO] Starting server on http://localhost:12000...
2026-09-22T17:53:02.869Z mw:driver-mobilecli connecting to ws://localhost:12000/ws
2026/09/22 17:53:02.869513 [VERBOSE] WebSocket connection closed: websocket: close 1005 (no status)
2026-09-22T17:53:02.871Z mw:driver-mobilecli websocket connected
2026-09-22T17:53:02.871Z mw:driver-mobilecli listing devices
2026-09-22T17:53:02.906Z mw:driver-mobilecli found 1 device(s)
2026-09-22T17:53:02.907Z mw:driver-mobilecli resolved device eus-qualification-pixel7-api35 (platform=android, type=emulator)
2026-09-22T17:53:02.907Z mw:driver-mobilecli running: <host-path>/qualification/mobilewright/harness/node_modules/@mobilenext/mobilecli-linux-amd64/mobilecli-linux-amd64 agent status --device eus-qualification-pixel7-api35
2026-09-22T17:53:02.913Z mw:driver-mobilecli agent status output: {
  "status": "ok",
  "data": {
    "message": "no agent needed for android devices"
  }
}
2026/09/22 17:53:02.914497 [INFO] WebSocket Request ID: 1, Method: device.apps.list, Params: {"deviceId":"eus-qualification-pixel7-api35"}
2026/09/22 17:53:02.968462 [INFO] WebSocket Request ID: 2, Method: device.apps.uninstall, Params: {"deviceId":"eus-qualification-pixel7-api35","bundleId":"com.omnipizza.app"}
2026/09/22 17:53:03.073536 [INFO] WebSocket Request ID: 3, Method: device.apps.list, Params: {"deviceId":"eus-qualification-pixel7-api35"}
2026-09-22T17:53:03.865Z mw:driver-mobilecli installing <host-path>/omnipizza-release.apk
2026/09/22 17:53:03.866127 [INFO] WebSocket Request ID: 4, Method: device.apps.install, Params: {"deviceId":"eus-qualification-pixel7-api35","path":"<host-path>/omnipizza-release.apk"}
2026-09-22T17:53:06.153Z mw:driver-mobilecli installed <host-path>/omnipizza-release.apk
2026/09/22 17:53:06.154234 [INFO] WebSocket Request ID: 5, Method: device.apps.list, Params: {"deviceId":"eus-qualification-pixel7-api35"}
2026-09-22T17:53:06.223Z mw:driver-mobilecli launching com.omnipizza.app
2026/09/22 17:53:06.223533 [INFO] WebSocket Request ID: 6, Method: device.apps.launch, Params: {"deviceId":"eus-qualification-pixel7-api35","bundleId":"com.omnipizza.app"}
2026-09-22T17:53:06.290Z mw:driver-mobilecli launched com.omnipizza.app
2026-09-22T17:53:06.290Z mw:device waiting for com.omnipizza.app to reach foreground
2026/09/22 17:53:06.291512 [INFO] WebSocket Request ID: 7, Method: device.apps.foreground, Params: {"deviceId":"eus-qualification-pixel7-api35"}
2026/09/22 17:53:07.054399 [INFO] WebSocket Request ID: 8, Method: device.apps.foreground, Params: {"deviceId":"eus-qualification-pixel7-api35"}
2026-09-22T17:53:07.804Z mw:device com.omnipizza.app is in foreground
2026/09/22 17:53:07.805744 [INFO] WebSocket Request ID: 9, Method: device.dump.ui, Params: {"deviceId":"eus-qualification-pixel7-api35"}
2026/09/22 17:53:08.744408 [INFO] WebSocket Request ID: 10, Method: device.dump.ui, Params: {"deviceId":"eus-qualification-pixel7-api35"}
2026/09/22 17:53:09.912320 [INFO] WebSocket Request ID: 11, Method: device.dump.ui, Params: {"deviceId":"eus-qualification-pixel7-api35"}
2026/09/22 17:53:10.044725 [INFO] WebSocket Request ID: 12, Method: device.io.tap, Params: {"deviceId":"eus-qualification-pixel7-api35","x":247,"y":1568}
2026/09/22 17:53:10.049615 [INFO] WebSocket Request ID: 13, Method: device.dump.ui, Params: {"deviceId":"eus-qualification-pixel7-api35"}
2026/09/22 17:53:10.217380 [INFO] WebSocket Request ID: 14, Method: device.dump.ui, Params: {"deviceId":"eus-qualification-pixel7-api35"}
2026/09/22 17:53:10.329607 [INFO] WebSocket Request ID: 15, Method: device.io.tap, Params: {"deviceId":"eus-qualification-pixel7-api35","x":540,"y":1344}
2026/09/22 17:53:10.338187 [INFO] WebSocket Request ID: 16, Method: device.io.keys, Params: {"deviceId":"eus-qualification-pixel7-api35","keys":["ctrl+a","backspace"]}
2026/09/22 17:53:10.776915 [INFO] WebSocket Request ID: 17, Method: device.dump.ui, Params: {"deviceId":"eus-qualification-pixel7-api35"}
2026/09/22 17:53:11.658031 [INFO] WebSocket Request ID: 18, Method: device.io.text, Params: {"deviceId":"eus-qualification-pixel7-api35","text":"pizza123"}
2026/09/22 17:53:12.186740 [INFO] WebSocket Request ID: 19, Method: device.dump.ui, Params: {"deviceId":"eus-qualification-pixel7-api35"}
2026/09/22 17:53:12.808730 [INFO] WebSocket Request ID: 20, Method: device.dump.ui, Params: {"deviceId":"eus-qualification-pixel7-api35"}
2026/09/22 17:53:12.915194 [INFO] WebSocket Request ID: 21, Method: device.io.tap, Params: {"deviceId":"eus-qualification-pixel7-api35","x":540,"y":1107}
2026/09/22 17:53:12.924094 [INFO] WebSocket Request ID: 22, Method: device.io.keys, Params: {"deviceId":"eus-qualification-pixel7-api35","keys":["ctrl+a","backspace"]}
2026/09/22 17:53:13.474730 [INFO] WebSocket Request ID: 23, Method: device.dump.ui, Params: {"deviceId":"eus-qualification-pixel7-api35"}
2026/09/22 17:53:14.373947 [INFO] WebSocket Request ID: 24, Method: device.io.text, Params: {"deviceId":"eus-qualification-pixel7-api35","text":"standard_user"}
2026/09/22 17:53:15.889976 [INFO] WebSocket Request ID: 25, Method: device.dump.ui, Params: {"deviceId":"eus-qualification-pixel7-api35"}
2026/09/22 17:53:16.483845 [INFO] WebSocket Request ID: 26, Method: device.dump.ui, Params: {"deviceId":"eus-qualification-pixel7-api35"}
2026/09/22 17:53:16.600255 [INFO] WebSocket Request ID: 27, Method: device.dump.ui, Params: {"deviceId":"eus-qualification-pixel7-api35"}
2026/09/22 17:53:16.714242 [INFO] WebSocket Request ID: 28, Method: device.dump.ui, Params: {"deviceId":"eus-qualification-pixel7-api35"}
2026/09/22 17:53:16.818704 [INFO] WebSocket Request ID: 29, Method: device.dump.ui, Params: {"deviceId":"eus-qualification-pixel7-api35"}
2026/09/22 17:53:17.019937 [INFO] WebSocket Request ID: 30, Method: device.dump.ui, Params: {"deviceId":"eus-qualification-pixel7-api35"}
2026/09/22 17:53:17.132351 [INFO] WebSocket Request ID: 31, Method: device.io.tap, Params: {"deviceId":"eus-qualification-pixel7-api35","x":540,"y":766}
2026/09/22 17:53:17.137370 [INFO] WebSocket Request ID: 32, Method: device.info, Params: {"deviceId":"eus-qualification-pixel7-api35"}
2026/09/22 17:53:17.152980 [INFO] WebSocket Request ID: 33, Method: device.dump.ui, Params: {"deviceId":"eus-qualification-pixel7-api35"}
2026/09/22 17:53:17.749586 [INFO] WebSocket Request ID: 34, Method: device.dump.ui, Params: {"deviceId":"eus-qualification-pixel7-api35"}
2026/09/22 17:53:17.914162 [INFO] WebSocket Request ID: 35, Method: device.dump.ui, Params: {"deviceId":"eus-qualification-pixel7-api35"}
2026/09/22 17:53:18.014927 [INFO] WebSocket Request ID: 36, Method: device.io.tap, Params: {"deviceId":"eus-qualification-pixel7-api35","x":540,"y":1752}
2026/09/22 17:53:18.019895 [INFO] WebSocket Request ID: 37, Method: device.dump.ui, Params: {"deviceId":"eus-qualification-pixel7-api35"}
2026/09/22 17:53:19.364059 [INFO] WebSocket Request ID: 38, Method: device.dump.ui, Params: {"deviceId":"eus-qualification-pixel7-api35"}
2026/09/22 17:53:20.589624 [INFO] WebSocket Request ID: 39, Method: device.screenshot, Params: {"deviceId":"eus-qualification-pixel7-api35"}
2026/09/22 17:53:20.785571 [INFO] WebSocket Request ID: 40, Method: device.dump.ui, Params: {"deviceId":"eus-qualification-pixel7-api35"}
2026/09/22 17:53:20.913118 [VERBOSE] WebSocket connection closed: websocket: close 1005 (no status)
2026/09/22 17:53:20.913325 [INFO] Received signal terminated, shutting down gracefully...
2026/09/22 17:53:20.913432 [INFO] Server stopped
