[gate 2026-09-23T01:55:23Z] mode=DEVELOPMENT platform=android environment_type=OTHER N=1 warm-ups=0 scenarios=MQ1,MQ2,MQ3
[gate 2026-09-23T01:55:23Z] downloading the pinned build omnipizza-release.apk
[gate 2026-09-23T01:56:04Z] pinned build verified: omnipizza-release.apk sha256=1059e9468145761710c9884b37e9fbc76da8e75eb9666dc0867d82a546cda6a4

added 99 packages in 30s
mobilewright observed version: 0.0.60 | mobilecli: 1.0.13
{"serial": "<android-serial-redacted>", "kind": "Android physical device (human-owned)", "manufacturer": "samsung", "model": "SM-F741B", "product_name": "b6qxxx", "android_release": "16", "api_level": "36", "abi": "arm64-v8a", "build_fingerprint": "samsung/b6qxxx/b6q:16/BP4A.251205.006/F741BXXS4DZH5:user/release-keys", "build_display_id": "BP4A.251205.006.F741BXXS4DZH5", "is_emulator": false, "connection_mode": "USB (adb transport usb:<port-redacted>)", "adb_version": "Android Debug Bridge version 1.0.41", "security_patch": "2026-08-05", "host": {"model": "MacBookPro16,2", "macos_version": "26.5.2", "load_average_at_start": "{ 846.03 852.66 705.74 }"}, "pinned_identity": "NONE \u2014 not the frozen Android qualification substrate (system-images;android-35;google_apis;x86_64, API 35, profile pixel_7); diagnostic only (LOCAL_DEVELOPMENT_PREFLIGHT)"}
[gate 2026-09-23T01:57:20Z] runner device id (real device serial, partially shown): R5CX…; adb serial identical
[run-gate 2026-09-23T01:57:22.232Z] mode=DEVELOPMENT platform=android device=<android-serial-redacted> N=1 warmups=0
[run-gate 2026-09-23T01:57:25.337Z] backend healthy=true catalog=12 products
[run-gate 2026-09-23T01:58:01.168Z] runner readiness=true
[run-gate 2026-09-23T01:58:01.173Z] MQ1-AND-MEASURED-01 start
[run-gate 2026-09-23T01:59:13.998Z] MQ1-AND-MEASURED-01 SUCCESS scenario=45995ms total=70427ms
[run-gate 2026-09-23T01:59:14.003Z] MQ2-AND-MEASURED-01 start
[run-gate 2026-09-23T02:00:56.304Z] MQ2-AND-MEASURED-01 SUCCESS scenario=31745ms total=99816ms
[run-gate 2026-09-23T02:00:56.310Z] MQ3-AND-MEASURED-01 start
[run-gate 2026-09-23T02:03:01.295Z] MQ3-AND-MEASURED-01 FAILURE at "checkout screen visible (MC-06, MC-08)" scenario=-ms total=122919ms
[run-gate 2026-09-23T02:03:01.448Z] gate loop finished for android
[run-gate 2026-09-23T02:03:01.448Z] MQ1 × Android emulator: warm-ups 0, measured 1 (success 1, failure 0), excluded 0
[run-gate 2026-09-23T02:03:01.448Z] MQ2 × Android emulator: warm-ups 0, measured 1 (success 1, failure 0), excluded 0
[run-gate 2026-09-23T02:03:01.448Z] MQ3 × Android emulator: warm-ups 0, measured 1 (success 0, failure 1), excluded 0
driver exit 0
