2026-09-22T18:39:02.138Z mw:driver-mobilecli listing devices
2026-09-22T18:39:03.190Z mw:driver-mobilecli found 1 device(s)
2026/09/22 18:39:03.273107 [VERBOSE] no remote token: not logged in, run 'mobilecli auth login' first
2026/09/22 18:39:03.276179 [INFO] Starting server on http://localhost:12000...
2026-09-22T18:39:03.753Z mw:driver-mobilecli connecting to ws://localhost:12000/ws
2026/09/22 18:39:03.753178 [VERBOSE] WebSocket connection closed: websocket: close 1005 (no status)
2026-09-22T18:39:03.758Z mw:driver-mobilecli websocket connected
2026-09-22T18:39:03.759Z mw:driver-mobilecli listing devices
2026-09-22T18:39:03.896Z mw:driver-mobilecli found 1 device(s)
2026-09-22T18:39:03.896Z mw:driver-mobilecli resolved device F0E646EF-4792-4F36-B48B-EC89B3A6B73B (platform=ios, type=simulator)
2026-09-22T18:39:03.896Z mw:driver-mobilecli running: <host-path>/qualification/mobilewright/harness/node_modules/@mobilenext/mobilecli-darwin-arm64/mobilecli-darwin-arm64 agent status --device F0E646EF-4792-4F36-B48B-EC89B3A6B73B
2026-09-22T18:39:05.786Z mw:driver-mobilecli agent status output: {
  "status": "ok",
  "data": {
    "message": "Agent version 0.0.27 is installed on device",
    "agent": {
      "version": "0.0.27",
      "bundleId": "com.mobilenext.devicekit-iosUITests.xctrunner"
    }
  }
}
2026/09/22 18:39:05.791661 [INFO] WebSocket Request ID: 1, Method: device.apps.list, Params: {"deviceId":"F0E646EF-4792-4F36-B48B-EC89B3A6B73B"}
2026/09/22 18:39:06.870486 [INFO] WebSocket Request ID: 2, Method: device.apps.uninstall, Params: {"deviceId":"F0E646EF-4792-4F36-B48B-EC89B3A6B73B","bundleId":"com.omnipizza.app"}
2026/09/22 18:39:10.836339 [INFO] WebSocket Request ID: 3, Method: device.apps.list, Params: {"deviceId":"F0E646EF-4792-4F36-B48B-EC89B3A6B73B"}
2026-09-22T18:39:12.677Z mw:driver-mobilecli installing <host-path>/OmniPizza-Simulator.zip
2026/09/22 18:39:12.678381 [INFO] WebSocket Request ID: 4, Method: device.apps.install, Params: {"deviceId":"F0E646EF-4792-4F36-B48B-EC89B3A6B73B","path":"<host-path>/OmniPizza-Simulator.zip"}
2026-09-22T18:39:18.999Z mw:driver-mobilecli installed <host-path>/OmniPizza-Simulator.zip
2026/09/22 18:39:19.321374 [INFO] WebSocket Request ID: 5, Method: device.apps.list, Params: {"deviceId":"F0E646EF-4792-4F36-B48B-EC89B3A6B73B"}
2026-09-22T18:39:26.969Z mw:driver-mobilecli launching com.omnipizza.app
2026/09/22 18:39:26.971094 [INFO] WebSocket Request ID: 6, Method: device.apps.foreground, Params: {"deviceId":"F0E646EF-4792-4F36-B48B-EC89B3A6B73B"}
2026/09/22 18:39:29.706793 [INFO] WebSocket Request ID: 7, Method: device.apps.launch, Params: {"deviceId":"F0E646EF-4792-4F36-B48B-EC89B3A6B73B","bundleId":"com.omnipizza.app"}
2026-09-22T18:39:31.925Z mw:driver-mobilecli launched com.omnipizza.app
2026-09-22T18:39:31.925Z mw:device waiting for com.omnipizza.app to reach foreground
2026/09/22 18:39:31.935742 [INFO] WebSocket Request ID: 8, Method: device.apps.foreground, Params: {"deviceId":"F0E646EF-4792-4F36-B48B-EC89B3A6B73B"}
2026-09-22T18:39:34.497Z mw:device com.omnipizza.app is in foreground
2026/09/22 18:39:34.498296 [INFO] WebSocket Request ID: 9, Method: device.dump.ui, Params: {"deviceId":"F0E646EF-4792-4F36-B48B-EC89B3A6B73B"}
2026/09/22 18:39:36.417232 [INFO] WebSocket Request ID: 10, Method: device.dump.ui, Params: {"deviceId":"F0E646EF-4792-4F36-B48B-EC89B3A6B73B"}
2026/09/22 18:39:38.146097 [INFO] WebSocket Request ID: 11, Method: device.dump.ui, Params: {"deviceId":"F0E646EF-4792-4F36-B48B-EC89B3A6B73B"}
2026/09/22 18:39:39.804891 [INFO] WebSocket Request ID: 12, Method: device.io.tap, Params: {"deviceId":"F0E646EF-4792-4F36-B48B-EC89B3A6B73B","x":84,"y":584}
2026/09/22 18:39:40.391347 [INFO] WebSocket Request ID: 13, Method: device.dump.ui, Params: {"deviceId":"F0E646EF-4792-4F36-B48B-EC89B3A6B73B"}
2026/09/22 18:39:42.332041 [INFO] WebSocket Request ID: 14, Method: device.dump.ui, Params: {"deviceId":"F0E646EF-4792-4F36-B48B-EC89B3A6B73B"}
2026/09/22 18:39:44.254385 [INFO] WebSocket Request ID: 15, Method: device.io.tap, Params: {"deviceId":"F0E646EF-4792-4F36-B48B-EC89B3A6B73B","x":197,"y":499}
2026/09/22 18:39:44.871895 [INFO] WebSocket Request ID: 16, Method: device.io.keys, Params: {"deviceId":"F0E646EF-4792-4F36-B48B-EC89B3A6B73B","keys":["cmd+a","backspace"]}
2026/09/22 18:39:47.192622 [INFO] WebSocket Request ID: 17, Method: device.dump.ui, Params: {"deviceId":"F0E646EF-4792-4F36-B48B-EC89B3A6B73B"}
2026/09/22 18:39:49.310345 [INFO] WebSocket Request ID: 18, Method: device.io.text, Params: {"deviceId":"F0E646EF-4792-4F36-B48B-EC89B3A6B73B","text":"pizza123"}
2026/09/22 18:39:50.836207 [INFO] WebSocket Request ID: 19, Method: device.dump.ui, Params: {"deviceId":"F0E646EF-4792-4F36-B48B-EC89B3A6B73B"}
2026/09/22 18:39:52.385557 [INFO] WebSocket Request ID: 20, Method: device.dump.ui, Params: {"deviceId":"F0E646EF-4792-4F36-B48B-EC89B3A6B73B"}
2026/09/22 18:39:54.028047 [INFO] WebSocket Request ID: 21, Method: device.io.tap, Params: {"deviceId":"F0E646EF-4792-4F36-B48B-EC89B3A6B73B","x":197,"y":411}
2026/09/22 18:39:54.624042 [INFO] WebSocket Request ID: 22, Method: device.io.keys, Params: {"deviceId":"F0E646EF-4792-4F36-B48B-EC89B3A6B73B","keys":["cmd+a","backspace"]}
2026/09/22 18:39:56.142519 [INFO] WebSocket Request ID: 23, Method: device.dump.ui, Params: {"deviceId":"F0E646EF-4792-4F36-B48B-EC89B3A6B73B"}
2026/09/22 18:39:58.163920 [INFO] WebSocket Request ID: 24, Method: device.io.text, Params: {"deviceId":"F0E646EF-4792-4F36-B48B-EC89B3A6B73B","text":"standard_user"}
2026/09/22 18:39:59.879663 [INFO] WebSocket Request ID: 25, Method: device.dump.ui, Params: {"deviceId":"F0E646EF-4792-4F36-B48B-EC89B3A6B73B"}
2026/09/22 18:40:02.417618 [INFO] WebSocket Request ID: 26, Method: device.dump.ui, Params: {"deviceId":"F0E646EF-4792-4F36-B48B-EC89B3A6B73B"}
2026/09/22 18:40:04.267988 [INFO] WebSocket Request ID: 27, Method: device.dump.ui, Params: {"deviceId":"F0E646EF-4792-4F36-B48B-EC89B3A6B73B"}
2026/09/22 18:40:06.021425 [INFO] WebSocket Request ID: 28, Method: device.dump.ui, Params: {"deviceId":"F0E646EF-4792-4F36-B48B-EC89B3A6B73B"}
2026/09/22 18:40:08.156147 [INFO] WebSocket Request ID: 29, Method: device.dump.ui, Params: {"deviceId":"F0E646EF-4792-4F36-B48B-EC89B3A6B73B"}
2026/09/22 18:40:09.721106 [INFO] WebSocket Request ID: 30, Method: device.dump.ui, Params: {"deviceId":"F0E646EF-4792-4F36-B48B-EC89B3A6B73B"}
2026/09/22 18:40:11.591490 [INFO] WebSocket Request ID: 31, Method: device.io.tap, Params: {"deviceId":"F0E646EF-4792-4F36-B48B-EC89B3A6B73B","x":196,"y":288}
2026/09/22 18:40:12.269643 [INFO] WebSocket Request ID: 32, Method: device.info, Params: {"deviceId":"F0E646EF-4792-4F36-B48B-EC89B3A6B73B"}
2026/09/22 18:40:12.820766 [INFO] WebSocket Request ID: 33, Method: device.dump.ui, Params: {"deviceId":"F0E646EF-4792-4F36-B48B-EC89B3A6B73B"}
2026/09/22 18:40:14.436864 [INFO] WebSocket Request ID: 34, Method: device.dump.ui, Params: {"deviceId":"F0E646EF-4792-4F36-B48B-EC89B3A6B73B"}
2026/09/22 18:40:15.961749 [INFO] WebSocket Request ID: 35, Method: device.dump.ui, Params: {"deviceId":"F0E646EF-4792-4F36-B48B-EC89B3A6B73B"}
2026/09/22 18:40:17.425278 [INFO] WebSocket Request ID: 36, Method: device.io.tap, Params: {"deviceId":"F0E646EF-4792-4F36-B48B-EC89B3A6B73B","x":197,"y":654}
2026/09/22 18:40:17.980566 [INFO] WebSocket Request ID: 37, Method: device.dump.ui, Params: {"deviceId":"F0E646EF-4792-4F36-B48B-EC89B3A6B73B"}
2026/09/22 18:40:20.470921 [INFO] WebSocket Request ID: 38, Method: device.dump.ui, Params: {"deviceId":"F0E646EF-4792-4F36-B48B-EC89B3A6B73B"}
2026/09/22 18:40:22.349637 [INFO] WebSocket Request ID: 39, Method: device.screenshot, Params: {"deviceId":"F0E646EF-4792-4F36-B48B-EC89B3A6B73B"}
2026/09/22 18:40:22.725378 [INFO] WebSocket Request ID: 40, Method: device.dump.ui, Params: {"deviceId":"F0E646EF-4792-4F36-B48B-EC89B3A6B73B"}
2026/09/22 18:40:24.701462 [VERBOSE] WebSocket connection closed: websocket: close 1005 (no status)
2026/09/22 18:40:24.703138 [INFO] Received signal terminated, shutting down gracefully...
2026/09/22 18:40:24.704229 [INFO] Server stopped
