2026-09-24T01:29:36.608Z mw:driver-mobilecli listing devices
2026-09-24T01:29:36.701Z mw:driver-mobilecli found 1 device(s)
2026/09/24 01:29:36.736490 [VERBOSE] no remote token: not logged in, run 'mobilecli auth login' first
2026/09/24 01:29:36.737074 [INFO] Starting server on http://localhost:12000...
2026-09-24T01:29:37.218Z mw:driver-mobilecli connecting to ws://localhost:12000/ws
2026/09/24 01:29:37.218007 [VERBOSE] WebSocket connection closed: websocket: close 1005 (no status)
2026-09-24T01:29:37.219Z mw:driver-mobilecli websocket connected
2026-09-24T01:29:37.219Z mw:driver-mobilecli listing devices
2026-09-24T01:29:37.280Z mw:driver-mobilecli found 1 device(s)
2026-09-24T01:29:37.281Z mw:driver-mobilecli resolved device F0E646EF-4792-4F36-B48B-EC89B3A6B73B (platform=ios, type=simulator)
2026-09-24T01:29:37.281Z mw:driver-mobilecli running: <host-path>/qualification/mobilewright/harness/node_modules/@mobilenext/mobilecli-darwin-arm64/mobilecli-darwin-arm64 agent status --device F0E646EF-4792-4F36-B48B-EC89B3A6B73B
2026-09-24T01:29:37.822Z mw:driver-mobilecli agent status output: {
  "status": "ok",
  "data": {
    "message": "Agent version 0.0.27 is installed on device",
    "agent": {
      "version": "0.0.27",
      "bundleId": "com.mobilenext.devicekit-iosUITests.xctrunner"
    }
  }
}
2026/09/24 01:29:37.823942 [INFO] WebSocket Request ID: 1, Method: device.apps.list, Params: {"deviceId":"F0E646EF-4792-4F36-B48B-EC89B3A6B73B"}
2026/09/24 01:29:38.355436 [INFO] WebSocket Request ID: 2, Method: device.apps.uninstall, Params: {"deviceId":"F0E646EF-4792-4F36-B48B-EC89B3A6B73B","bundleId":"com.omnipizza.app"}
2026/09/24 01:29:39.695114 [INFO] WebSocket Request ID: 3, Method: device.apps.list, Params: {"deviceId":"F0E646EF-4792-4F36-B48B-EC89B3A6B73B"}
2026-09-24T01:29:40.172Z mw:driver-mobilecli installing <host-path>/OmniPizza-Simulator.zip
2026/09/24 01:29:40.172736 [INFO] WebSocket Request ID: 4, Method: device.apps.install, Params: {"deviceId":"F0E646EF-4792-4F36-B48B-EC89B3A6B73B","path":"<host-path>/OmniPizza-Simulator.zip"}
2026-09-24T01:29:41.632Z mw:driver-mobilecli installed <host-path>/OmniPizza-Simulator.zip
2026/09/24 01:29:41.633840 [INFO] WebSocket Request ID: 5, Method: device.apps.list, Params: {"deviceId":"F0E646EF-4792-4F36-B48B-EC89B3A6B73B"}
2026/09/24 01:29:42.316219 [INFO] WebSocket Request ID: 6, Method: device.url, Params: {"deviceId":"F0E646EF-4792-4F36-B48B-EC89B3A6B73B","url":"omnipizza://checkout?market=US&hydrateCart=true&accessToken=<redacted-token-fragment>…(339 bytes total)
2026/09/24 01:29:43.256201 [INFO] WebSocket Request ID: 7, Method: device.dump.ui, Params: {"deviceId":"F0E646EF-4792-4F36-B48B-EC89B3A6B73B"}
2026/09/24 01:29:46.878661 [INFO] WebSocket Request ID: 8, Method: device.dump.ui, Params: {"deviceId":"F0E646EF-4792-4F36-B48B-EC89B3A6B73B"}
2026/09/24 01:29:48.631581 [INFO] WebSocket Request ID: 9, Method: device.dump.ui, Params: {"deviceId":"F0E646EF-4792-4F36-B48B-EC89B3A6B73B"}
2026/09/24 01:29:50.677059 [INFO] WebSocket Request ID: 10, Method: device.dump.ui, Params: {"deviceId":"F0E646EF-4792-4F36-B48B-EC89B3A6B73B"}
2026/09/24 01:29:53.150871 [INFO] WebSocket Request ID: 11, Method: device.dump.ui, Params: {"deviceId":"F0E646EF-4792-4F36-B48B-EC89B3A6B73B"}
2026/09/24 01:29:55.173476 [INFO] WebSocket Request ID: 12, Method: device.dump.ui, Params: {"deviceId":"F0E646EF-4792-4F36-B48B-EC89B3A6B73B"}
2026/09/24 01:29:57.487744 [INFO] WebSocket Request ID: 13, Method: device.dump.ui, Params: {"deviceId":"F0E646EF-4792-4F36-B48B-EC89B3A6B73B"}
2026/09/24 01:29:59.278816 [INFO] WebSocket Request ID: 14, Method: device.dump.ui, Params: {"deviceId":"F0E646EF-4792-4F36-B48B-EC89B3A6B73B"}
2026/09/24 01:30:00.899429 [INFO] WebSocket Request ID: 15, Method: device.dump.ui, Params: {"deviceId":"F0E646EF-4792-4F36-B48B-EC89B3A6B73B"}
2026/09/24 01:30:02.567516 [INFO] WebSocket Request ID: 16, Method: device.dump.ui, Params: {"deviceId":"F0E646EF-4792-4F36-B48B-EC89B3A6B73B"}
2026/09/24 01:30:04.545225 [INFO] WebSocket Request ID: 17, Method: device.screenshot, Params: {"deviceId":"F0E646EF-4792-4F36-B48B-EC89B3A6B73B"}
2026/09/24 01:30:04.844210 [INFO] WebSocket Request ID: 18, Method: device.dump.ui, Params: {"deviceId":"F0E646EF-4792-4F36-B48B-EC89B3A6B73B"}
2026/09/24 01:30:06.660155 [VERBOSE] WebSocket connection closed: websocket: close 1005 (no status)
2026/09/24 01:30:06.660542 [INFO] Received signal terminated, shutting down gracefully...
2026/09/24 01:30:06.660730 [INFO] Server stopped
