2026-09-22T18:56:23.598Z mw:driver-mobilecli listing devices
2026-09-22T18:56:23.731Z mw:driver-mobilecli found 1 device(s)
2026/09/22 18:56:23.779309 [VERBOSE] no remote token: not logged in, run 'mobilecli auth login' first
2026/09/22 18:56:23.790102 [INFO] Starting server on http://localhost:12000...
2026-09-22T18:56:24.254Z mw:driver-mobilecli connecting to ws://localhost:12000/ws
2026/09/22 18:56:24.254694 [VERBOSE] WebSocket connection closed: websocket: close 1005 (no status)
2026-09-22T18:56:24.256Z mw:driver-mobilecli websocket connected
2026-09-22T18:56:24.256Z mw:driver-mobilecli listing devices
2026-09-22T18:56:24.345Z mw:driver-mobilecli found 1 device(s)
2026-09-22T18:56:24.345Z mw:driver-mobilecli resolved device F0E646EF-4792-4F36-B48B-EC89B3A6B73B (platform=ios, type=simulator)
2026-09-22T18:56:24.345Z mw:driver-mobilecli running: <host-path>/qualification/mobilewright/harness/node_modules/@mobilenext/mobilecli-darwin-arm64/mobilecli-darwin-arm64 agent status --device F0E646EF-4792-4F36-B48B-EC89B3A6B73B
2026-09-22T18:56:25.361Z mw:driver-mobilecli agent status output: {
  "status": "ok",
  "data": {
    "message": "Agent version 0.0.27 is installed on device",
    "agent": {
      "version": "0.0.27",
      "bundleId": "com.mobilenext.devicekit-iosUITests.xctrunner"
    }
  }
}
2026/09/22 18:56:25.370709 [INFO] WebSocket Request ID: 1, Method: device.apps.list, Params: {"deviceId":"F0E646EF-4792-4F36-B48B-EC89B3A6B73B"}
2026/09/22 18:56:25.988460 [INFO] WebSocket Request ID: 2, Method: device.apps.uninstall, Params: {"deviceId":"F0E646EF-4792-4F36-B48B-EC89B3A6B73B","bundleId":"com.omnipizza.app"}
2026/09/22 18:56:27.543659 [INFO] WebSocket Request ID: 3, Method: device.apps.list, Params: {"deviceId":"F0E646EF-4792-4F36-B48B-EC89B3A6B73B"}
2026-09-22T18:56:28.154Z mw:driver-mobilecli installing <host-path>/OmniPizza-Simulator.zip
2026/09/22 18:56:28.154361 [INFO] WebSocket Request ID: 4, Method: device.apps.install, Params: {"deviceId":"F0E646EF-4792-4F36-B48B-EC89B3A6B73B","path":"<host-path>/OmniPizza-Simulator.zip"}
2026-09-22T18:56:29.780Z mw:driver-mobilecli installed <host-path>/OmniPizza-Simulator.zip
2026/09/22 18:56:29.788786 [INFO] WebSocket Request ID: 5, Method: device.apps.list, Params: {"deviceId":"F0E646EF-4792-4F36-B48B-EC89B3A6B73B"}
2026-09-22T18:56:30.296Z mw:driver-mobilecli launching com.omnipizza.app
2026/09/22 18:56:30.296765 [INFO] WebSocket Request ID: 6, Method: device.apps.foreground, Params: {"deviceId":"F0E646EF-4792-4F36-B48B-EC89B3A6B73B"}
2026/09/22 18:56:31.140766 [INFO] WebSocket Request ID: 7, Method: device.apps.launch, Params: {"deviceId":"F0E646EF-4792-4F36-B48B-EC89B3A6B73B","bundleId":"com.omnipizza.app"}
2026-09-22T18:56:32.098Z mw:driver-mobilecli launched com.omnipizza.app
2026-09-22T18:56:32.098Z mw:device waiting for com.omnipizza.app to reach foreground
2026/09/22 18:56:32.101716 [INFO] WebSocket Request ID: 8, Method: device.apps.foreground, Params: {"deviceId":"F0E646EF-4792-4F36-B48B-EC89B3A6B73B"}
2026-09-22T18:56:34.445Z mw:device com.omnipizza.app is in foreground
2026/09/22 18:56:34.446545 [INFO] WebSocket Request ID: 9, Method: device.dump.ui, Params: {"deviceId":"F0E646EF-4792-4F36-B48B-EC89B3A6B73B"}
2026/09/22 18:56:35.533121 [INFO] WebSocket Request ID: 10, Method: device.dump.ui, Params: {"deviceId":"F0E646EF-4792-4F36-B48B-EC89B3A6B73B"}
2026/09/22 18:56:36.720455 [INFO] WebSocket Request ID: 11, Method: device.dump.ui, Params: {"deviceId":"F0E646EF-4792-4F36-B48B-EC89B3A6B73B"}
2026/09/22 18:56:38.003275 [INFO] WebSocket Request ID: 12, Method: device.io.tap, Params: {"deviceId":"F0E646EF-4792-4F36-B48B-EC89B3A6B73B","x":84,"y":584}
2026/09/22 18:56:38.536774 [INFO] WebSocket Request ID: 13, Method: device.dump.ui, Params: {"deviceId":"F0E646EF-4792-4F36-B48B-EC89B3A6B73B"}
2026/09/22 18:56:39.887198 [INFO] WebSocket Request ID: 14, Method: device.dump.ui, Params: {"deviceId":"F0E646EF-4792-4F36-B48B-EC89B3A6B73B"}
2026/09/22 18:56:41.139775 [INFO] WebSocket Request ID: 15, Method: device.io.tap, Params: {"deviceId":"F0E646EF-4792-4F36-B48B-EC89B3A6B73B","x":197,"y":499}
2026/09/22 18:56:41.668313 [INFO] WebSocket Request ID: 16, Method: device.io.keys, Params: {"deviceId":"F0E646EF-4792-4F36-B48B-EC89B3A6B73B","keys":["cmd+a","backspace"]}
2026/09/22 18:56:43.088174 [INFO] WebSocket Request ID: 17, Method: device.dump.ui, Params: {"deviceId":"F0E646EF-4792-4F36-B48B-EC89B3A6B73B"}
2026/09/22 18:56:45.220371 [INFO] WebSocket Request ID: 18, Method: device.io.text, Params: {"deviceId":"F0E646EF-4792-4F36-B48B-EC89B3A6B73B","text":"pizza123"}
2026/09/22 18:56:46.735148 [INFO] WebSocket Request ID: 19, Method: device.dump.ui, Params: {"deviceId":"F0E646EF-4792-4F36-B48B-EC89B3A6B73B"}
2026/09/22 18:56:48.136179 [INFO] WebSocket Request ID: 20, Method: device.dump.ui, Params: {"deviceId":"F0E646EF-4792-4F36-B48B-EC89B3A6B73B"}
2026/09/22 18:56:49.351646 [INFO] WebSocket Request ID: 21, Method: device.io.tap, Params: {"deviceId":"F0E646EF-4792-4F36-B48B-EC89B3A6B73B","x":197,"y":411}
2026/09/22 18:56:49.905024 [INFO] WebSocket Request ID: 22, Method: device.io.keys, Params: {"deviceId":"F0E646EF-4792-4F36-B48B-EC89B3A6B73B","keys":["cmd+a","backspace"]}
2026/09/22 18:56:51.056909 [INFO] WebSocket Request ID: 23, Method: device.dump.ui, Params: {"deviceId":"F0E646EF-4792-4F36-B48B-EC89B3A6B73B"}
2026/09/22 18:56:52.737388 [INFO] WebSocket Request ID: 24, Method: device.io.text, Params: {"deviceId":"F0E646EF-4792-4F36-B48B-EC89B3A6B73B","text":"standard_user"}
2026/09/22 18:56:54.499559 [INFO] WebSocket Request ID: 25, Method: device.dump.ui, Params: {"deviceId":"F0E646EF-4792-4F36-B48B-EC89B3A6B73B"}
2026/09/22 18:56:58.736792 [INFO] WebSocket Request ID: 26, Method: device.dump.ui, Params: {"deviceId":"F0E646EF-4792-4F36-B48B-EC89B3A6B73B"}
2026/09/22 18:57:00.147177 [INFO] WebSocket Request ID: 27, Method: device.dump.ui, Params: {"deviceId":"F0E646EF-4792-4F36-B48B-EC89B3A6B73B"}
2026/09/22 18:57:01.535320 [INFO] WebSocket Request ID: 28, Method: device.dump.ui, Params: {"deviceId":"F0E646EF-4792-4F36-B48B-EC89B3A6B73B"}
2026/09/22 18:57:02.757220 [INFO] WebSocket Request ID: 29, Method: device.dump.ui, Params: {"deviceId":"F0E646EF-4792-4F36-B48B-EC89B3A6B73B"}
2026/09/22 18:57:04.141784 [INFO] WebSocket Request ID: 30, Method: device.dump.ui, Params: {"deviceId":"F0E646EF-4792-4F36-B48B-EC89B3A6B73B"}
2026/09/22 18:57:05.689515 [INFO] WebSocket Request ID: 31, Method: device.io.tap, Params: {"deviceId":"F0E646EF-4792-4F36-B48B-EC89B3A6B73B","x":196,"y":288}
2026/09/22 18:57:06.261472 [INFO] WebSocket Request ID: 32, Method: device.info, Params: {"deviceId":"F0E646EF-4792-4F36-B48B-EC89B3A6B73B"}
2026/09/22 18:57:06.629307 [INFO] WebSocket Request ID: 33, Method: device.dump.ui, Params: {"deviceId":"F0E646EF-4792-4F36-B48B-EC89B3A6B73B"}
2026/09/22 18:57:07.892213 [INFO] WebSocket Request ID: 34, Method: device.dump.ui, Params: {"deviceId":"F0E646EF-4792-4F36-B48B-EC89B3A6B73B"}
2026/09/22 18:57:09.195941 [INFO] WebSocket Request ID: 35, Method: device.dump.ui, Params: {"deviceId":"F0E646EF-4792-4F36-B48B-EC89B3A6B73B"}
2026/09/22 18:57:10.453195 [INFO] WebSocket Request ID: 36, Method: device.io.tap, Params: {"deviceId":"F0E646EF-4792-4F36-B48B-EC89B3A6B73B","x":197,"y":654}
2026/09/22 18:57:10.971434 [INFO] WebSocket Request ID: 37, Method: device.dump.ui, Params: {"deviceId":"F0E646EF-4792-4F36-B48B-EC89B3A6B73B"}
2026/09/22 18:57:12.731206 [INFO] WebSocket Request ID: 38, Method: device.dump.ui, Params: {"deviceId":"F0E646EF-4792-4F36-B48B-EC89B3A6B73B"}
2026/09/22 18:57:13.950561 [INFO] WebSocket Request ID: 39, Method: device.dump.ui, Params: {"deviceId":"F0E646EF-4792-4F36-B48B-EC89B3A6B73B"}
2026/09/22 18:57:15.238489 [INFO] WebSocket Request ID: 40, Method: device.info, Params: {"deviceId":"F0E646EF-4792-4F36-B48B-EC89B3A6B73B"}
2026/09/22 18:57:15.519982 [INFO] WebSocket Request ID: 41, Method: device.io.swipe, Params: {"deviceId":"F0E646EF-4792-4F36-B48B-EC89B3A6B73B","x1":197,"y1":426,"x2":197,"y2":0}
2026/09/22 18:57:15.993432 [INFO] WebSocket Request ID: 42, Method: device.info, Params: {"deviceId":"F0E646EF-4792-4F36-B48B-EC89B3A6B73B"}
2026/09/22 18:57:16.317742 [INFO] WebSocket Request ID: 43, Method: device.dump.ui, Params: {"deviceId":"F0E646EF-4792-4F36-B48B-EC89B3A6B73B"}
2026/09/22 18:57:18.114813 [INFO] WebSocket Request ID: 44, Method: device.info, Params: {"deviceId":"F0E646EF-4792-4F36-B48B-EC89B3A6B73B"}
2026/09/22 18:57:18.398771 [INFO] WebSocket Request ID: 45, Method: device.io.swipe, Params: {"deviceId":"F0E646EF-4792-4F36-B48B-EC89B3A6B73B","x1":197,"y1":426,"x2":197,"y2":0}
2026/09/22 18:57:19.099279 [INFO] WebSocket Request ID: 46, Method: device.dump.ui, Params: {"deviceId":"F0E646EF-4792-4F36-B48B-EC89B3A6B73B"}
2026/09/22 18:57:20.851349 [INFO] WebSocket Request ID: 47, Method: device.dump.ui, Params: {"deviceId":"F0E646EF-4792-4F36-B48B-EC89B3A6B73B"}
2026/09/22 18:57:22.113661 [INFO] WebSocket Request ID: 48, Method: device.dump.ui, Params: {"deviceId":"F0E646EF-4792-4F36-B48B-EC89B3A6B73B"}
2026/09/22 18:57:23.633000 [INFO] WebSocket Request ID: 49, Method: device.io.tap, Params: {"deviceId":"F0E646EF-4792-4F36-B48B-EC89B3A6B73B","x":340,"y":634}
2026/09/22 18:57:24.172576 [INFO] WebSocket Request ID: 50, Method: device.dump.ui, Params: {"deviceId":"F0E646EF-4792-4F36-B48B-EC89B3A6B73B"}
2026/09/22 18:57:25.702360 [INFO] WebSocket Request ID: 51, Method: device.dump.ui, Params: {"deviceId":"F0E646EF-4792-4F36-B48B-EC89B3A6B73B"}
2026/09/22 18:57:27.082443 [INFO] WebSocket Request ID: 52, Method: device.dump.ui, Params: {"deviceId":"F0E646EF-4792-4F36-B48B-EC89B3A6B73B"}
2026/09/22 18:57:28.729952 [INFO] WebSocket Request ID: 53, Method: device.dump.ui, Params: {"deviceId":"F0E646EF-4792-4F36-B48B-EC89B3A6B73B"}
2026/09/22 18:57:30.016493 [INFO] WebSocket Request ID: 54, Method: device.io.tap, Params: {"deviceId":"F0E646EF-4792-4F36-B48B-EC89B3A6B73B","x":238,"y":464}
2026/09/22 18:57:30.534687 [INFO] WebSocket Request ID: 55, Method: device.dump.ui, Params: {"deviceId":"F0E646EF-4792-4F36-B48B-EC89B3A6B73B"}
2026/09/22 18:57:31.972651 [INFO] WebSocket Request ID: 56, Method: device.screenshot, Params: {"deviceId":"F0E646EF-4792-4F36-B48B-EC89B3A6B73B"}
2026/09/22 18:57:32.310900 [INFO] WebSocket Request ID: 57, Method: device.dump.ui, Params: {"deviceId":"F0E646EF-4792-4F36-B48B-EC89B3A6B73B"}
2026/09/22 18:57:33.712173 [VERBOSE] WebSocket connection closed: websocket: close 1005 (no status)
2026/09/22 18:57:33.712782 [INFO] Received signal terminated, shutting down gracefully...
2026/09/22 18:57:33.712922 [INFO] Server stopped
