2026-09-24T00:58:25.903Z mw:driver-mobilecli listing devices
2026-09-24T00:58:25.995Z mw:driver-mobilecli found 1 device(s)
2026/09/24 00:58:26.071626 [VERBOSE] no remote token: not logged in, run 'mobilecli auth login' first
2026/09/24 00:58:26.073080 [INFO] Starting server on http://localhost:12000...
2026-09-24T00:58:26.545Z mw:driver-mobilecli connecting to ws://localhost:12000/ws
2026/09/24 00:58:26.545447 [VERBOSE] WebSocket connection closed: websocket: close 1005 (no status)
2026-09-24T00:58:26.547Z mw:driver-mobilecli websocket connected
2026-09-24T00:58:26.547Z mw:driver-mobilecli listing devices
2026-09-24T00:58:26.624Z mw:driver-mobilecli found 1 device(s)
2026-09-24T00:58:26.625Z mw:driver-mobilecli resolved device F0E646EF-4792-4F36-B48B-EC89B3A6B73B (platform=ios, type=simulator)
2026-09-24T00:58:26.626Z mw:driver-mobilecli running: <host-path>/qualification/mobilewright/harness/node_modules/@mobilenext/mobilecli-darwin-arm64/mobilecli-darwin-arm64 agent status --device F0E646EF-4792-4F36-B48B-EC89B3A6B73B
2026-09-24T00:58:27.401Z mw:driver-mobilecli agent status output: {
  "status": "ok",
  "data": {
    "message": "Agent version 0.0.27 is installed on device",
    "agent": {
      "version": "0.0.27",
      "bundleId": "com.mobilenext.devicekit-iosUITests.xctrunner"
    }
  }
}
2026/09/24 00:58:27.403459 [INFO] WebSocket Request ID: 1, Method: device.apps.list, Params: {"deviceId":"F0E646EF-4792-4F36-B48B-EC89B3A6B73B"}
2026-09-24T00:58:28.075Z mw:driver-mobilecli installing <host-path>/OmniPizza-Simulator.zip
2026/09/24 00:58:28.075702 [INFO] WebSocket Request ID: 2, Method: device.apps.install, Params: {"deviceId":"F0E646EF-4792-4F36-B48B-EC89B3A6B73B","path":"<host-path>/OmniPizza-Simulator.zip"}
2026-09-24T00:58:30.657Z mw:driver-mobilecli installed <host-path>/OmniPizza-Simulator.zip
2026/09/24 00:58:30.657581 [INFO] WebSocket Request ID: 3, Method: device.apps.list, Params: {"deviceId":"F0E646EF-4792-4F36-B48B-EC89B3A6B73B"}
2026-09-24T00:58:31.694Z mw:driver-mobilecli launching com.omnipizza.app
2026/09/24 00:58:31.694879 [INFO] WebSocket Request ID: 4, Method: device.apps.foreground, Params: {"deviceId":"F0E646EF-4792-4F36-B48B-EC89B3A6B73B"}
2026/09/24 00:58:32.771606 [INFO] WebSocket Request ID: 5, Method: device.apps.launch, Params: {"deviceId":"F0E646EF-4792-4F36-B48B-EC89B3A6B73B","bundleId":"com.omnipizza.app"}
2026-09-24T00:58:33.625Z mw:driver-mobilecli launched com.omnipizza.app
2026-09-24T00:58:33.625Z mw:device waiting for com.omnipizza.app to reach foreground
2026/09/24 00:58:33.625735 [INFO] WebSocket Request ID: 6, Method: device.apps.foreground, Params: {"deviceId":"F0E646EF-4792-4F36-B48B-EC89B3A6B73B"}
2026-09-24T00:58:38.571Z mw:device com.omnipizza.app is in foreground
2026/09/24 00:58:38.572815 [INFO] WebSocket Request ID: 7, Method: device.dump.ui, Params: {"deviceId":"F0E646EF-4792-4F36-B48B-EC89B3A6B73B"}
2026/09/24 00:58:42.650736 [INFO] WebSocket Request ID: 8, Method: device.dump.ui, Params: {"deviceId":"F0E646EF-4792-4F36-B48B-EC89B3A6B73B"}
2026/09/24 00:58:45.329071 [INFO] WebSocket Request ID: 9, Method: device.dump.ui, Params: {"deviceId":"F0E646EF-4792-4F36-B48B-EC89B3A6B73B"}
2026/09/24 00:58:49.524854 [INFO] WebSocket Request ID: 10, Method: device.io.tap, Params: {"deviceId":"F0E646EF-4792-4F36-B48B-EC89B3A6B73B","x":84,"y":584}
2026/09/24 00:58:50.276679 [INFO] WebSocket Request ID: 11, Method: device.dump.ui, Params: {"deviceId":"F0E646EF-4792-4F36-B48B-EC89B3A6B73B"}
2026/09/24 00:58:51.996542 [INFO] WebSocket Request ID: 12, Method: device.dump.ui, Params: {"deviceId":"F0E646EF-4792-4F36-B48B-EC89B3A6B73B"}
2026/09/24 00:58:53.654384 [INFO] WebSocket Request ID: 13, Method: device.io.tap, Params: {"deviceId":"F0E646EF-4792-4F36-B48B-EC89B3A6B73B","x":197,"y":499}
2026/09/24 00:58:54.184305 [INFO] WebSocket Request ID: 14, Method: device.io.keys, Params: {"deviceId":"F0E646EF-4792-4F36-B48B-EC89B3A6B73B","keys":["cmd+a","backspace"]}
2026/09/24 00:58:57.209213 [INFO] WebSocket Request ID: 15, Method: device.dump.ui, Params: {"deviceId":"F0E646EF-4792-4F36-B48B-EC89B3A6B73B"}
2026/09/24 00:58:59.748473 [INFO] WebSocket Request ID: 16, Method: device.io.text, Params: {"deviceId":"F0E646EF-4792-4F36-B48B-EC89B3A6B73B","text":"pizza123"}
2026/09/24 00:59:01.287921 [INFO] WebSocket Request ID: 17, Method: device.dump.ui, Params: {"deviceId":"F0E646EF-4792-4F36-B48B-EC89B3A6B73B"}
2026/09/24 00:59:03.085004 [INFO] WebSocket Request ID: 18, Method: device.dump.ui, Params: {"deviceId":"F0E646EF-4792-4F36-B48B-EC89B3A6B73B"}
2026/09/24 00:59:05.688134 [INFO] WebSocket Request ID: 19, Method: device.io.tap, Params: {"deviceId":"F0E646EF-4792-4F36-B48B-EC89B3A6B73B","x":197,"y":411}
2026/09/24 00:59:06.348959 [INFO] WebSocket Request ID: 20, Method: device.io.keys, Params: {"deviceId":"F0E646EF-4792-4F36-B48B-EC89B3A6B73B","keys":["cmd+a","backspace"]}
2026/09/24 00:59:07.783570 [INFO] WebSocket Request ID: 21, Method: device.dump.ui, Params: {"deviceId":"F0E646EF-4792-4F36-B48B-EC89B3A6B73B"}
2026/09/24 00:59:10.108077 [INFO] WebSocket Request ID: 22, Method: device.io.text, Params: {"deviceId":"F0E646EF-4792-4F36-B48B-EC89B3A6B73B","text":"standard_user"}
2026/09/24 00:59:11.852158 [INFO] WebSocket Request ID: 23, Method: device.dump.ui, Params: {"deviceId":"F0E646EF-4792-4F36-B48B-EC89B3A6B73B"}
2026/09/24 00:59:13.590493 [INFO] WebSocket Request ID: 24, Method: device.dump.ui, Params: {"deviceId":"F0E646EF-4792-4F36-B48B-EC89B3A6B73B"}
2026/09/24 00:59:15.603515 [INFO] WebSocket Request ID: 25, Method: device.dump.ui, Params: {"deviceId":"F0E646EF-4792-4F36-B48B-EC89B3A6B73B"}
2026/09/24 00:59:17.669793 [INFO] WebSocket Request ID: 26, Method: device.dump.ui, Params: {"deviceId":"F0E646EF-4792-4F36-B48B-EC89B3A6B73B"}
2026/09/24 00:59:19.798905 [INFO] WebSocket Request ID: 27, Method: device.dump.ui, Params: {"deviceId":"F0E646EF-4792-4F36-B48B-EC89B3A6B73B"}
2026/09/24 00:59:21.910872 [INFO] WebSocket Request ID: 28, Method: device.dump.ui, Params: {"deviceId":"F0E646EF-4792-4F36-B48B-EC89B3A6B73B"}
2026/09/24 00:59:23.988322 [INFO] WebSocket Request ID: 29, Method: device.io.tap, Params: {"deviceId":"F0E646EF-4792-4F36-B48B-EC89B3A6B73B","x":196,"y":288}
2026/09/24 00:59:24.593491 [INFO] WebSocket Request ID: 30, Method: device.info, Params: {"deviceId":"F0E646EF-4792-4F36-B48B-EC89B3A6B73B"}
2026/09/24 00:59:25.176299 [INFO] WebSocket Request ID: 31, Method: device.dump.ui, Params: {"deviceId":"F0E646EF-4792-4F36-B48B-EC89B3A6B73B"}
2026/09/24 00:59:27.728223 [INFO] WebSocket Request ID: 32, Method: device.dump.ui, Params: {"deviceId":"F0E646EF-4792-4F36-B48B-EC89B3A6B73B"}
2026/09/24 00:59:29.903305 [INFO] WebSocket Request ID: 33, Method: device.dump.ui, Params: {"deviceId":"F0E646EF-4792-4F36-B48B-EC89B3A6B73B"}
2026/09/24 00:59:32.786237 [INFO] WebSocket Request ID: 34, Method: device.io.tap, Params: {"deviceId":"F0E646EF-4792-4F36-B48B-EC89B3A6B73B","x":197,"y":654}
2026/09/24 00:59:33.334071 [INFO] WebSocket Request ID: 35, Method: device.dump.ui, Params: {"deviceId":"F0E646EF-4792-4F36-B48B-EC89B3A6B73B"}
2026/09/24 00:59:36.981976 [INFO] WebSocket Request ID: 36, Method: device.dump.ui, Params: {"deviceId":"F0E646EF-4792-4F36-B48B-EC89B3A6B73B"}
2026/09/24 00:59:39.062811 [INFO] WebSocket Request ID: 37, Method: device.screenshot, Params: {"deviceId":"F0E646EF-4792-4F36-B48B-EC89B3A6B73B"}
2026/09/24 00:59:39.527458 [INFO] WebSocket Request ID: 38, Method: device.dump.ui, Params: {"deviceId":"F0E646EF-4792-4F36-B48B-EC89B3A6B73B"}
2026/09/24 00:59:42.177365 [VERBOSE] WebSocket connection closed: websocket: close 1005 (no status)
2026/09/24 00:59:42.178852 [INFO] Received signal terminated, shutting down gracefully...
2026/09/24 00:59:42.178965 [INFO] Server stopped
