2026-09-23T01:58:05.034Z mw:driver-mobilecli listing devices
2026-09-23T01:58:08.250Z mw:driver-mobilecli found 1 device(s)
2026/09/22 19:58:08.763300 [VERBOSE] no remote token: not logged in, run 'mobilecli auth login' first
2026/09/22 19:58:08.766062 [INFO] Starting server on http://localhost:12000...
2026-09-23T01:58:08.842Z mw:driver-mobilecli connecting to ws://localhost:12000/ws
2026/09/22 19:58:08.842086 [VERBOSE] WebSocket connection closed: websocket: close 1005 (no status)
2026-09-23T01:58:08.854Z mw:driver-mobilecli websocket connected
2026-09-23T01:58:08.855Z mw:driver-mobilecli listing devices
2026-09-23T01:58:12.828Z mw:driver-mobilecli found 2 device(s)
2026-09-23T01:58:12.828Z mw:driver-mobilecli resolved device <android-serial-redacted> (platform=android, type=real)
2026-09-23T01:58:12.830Z mw:driver-mobilecli running: <host-path>/qualification/mobilewright/harness/node_modules/@mobilenext/mobilecli-darwin-amd64/mobilecli-darwin-amd64 agent status --device <android-serial-redacted>
2026-09-23T01:58:13.245Z mw:driver-mobilecli agent status output: {
  "status": "ok",
  "data": {
    "message": "no agent needed for android devices"
  }
}
2026/09/22 19:58:13.249458 [INFO] WebSocket Request ID: 1, Method: device.apps.list, Params: {"deviceId":"<android-serial-redacted>"}
2026/09/22 19:58:14.084778 [INFO] WebSocket Request ID: 2, Method: device.apps.uninstall, Params: {"deviceId":"<android-serial-redacted>","bundleId":"com.omnipizza.app"}
2026/09/22 19:58:14.827606 [INFO] WebSocket Request ID: 3, Method: device.apps.list, Params: {"deviceId":"<android-serial-redacted>"}
2026-09-23T01:58:15.971Z mw:driver-mobilecli installing <host-path>/omnipizza-release.apk
2026/09/22 19:58:15.973201 [INFO] WebSocket Request ID: 4, Method: device.apps.install, Params: {"deviceId":"<android-serial-redacted>","path":"<host-path>/omnipizza-release.apk"}
2026-09-23T01:58:25.290Z mw:driver-mobilecli installed <host-path>/omnipizza-release.apk
2026/09/22 19:58:25.291895 [INFO] WebSocket Request ID: 5, Method: device.apps.list, Params: {"deviceId":"<android-serial-redacted>"}
2026-09-23T01:58:25.987Z mw:driver-mobilecli launching com.omnipizza.app
2026/09/22 19:58:25.989844 [INFO] WebSocket Request ID: 6, Method: device.apps.launch, Params: {"deviceId":"<android-serial-redacted>","bundleId":"com.omnipizza.app"}
2026-09-23T01:58:27.333Z mw:driver-mobilecli launched com.omnipizza.app
2026-09-23T01:58:27.333Z mw:device waiting for com.omnipizza.app to reach foreground
2026/09/22 19:58:27.335066 [INFO] WebSocket Request ID: 7, Method: device.apps.foreground, Params: {"deviceId":"<android-serial-redacted>"}
2026-09-23T01:58:28.823Z mw:device com.omnipizza.app is in foreground
2026/09/22 19:58:28.828842 [INFO] WebSocket Request ID: 8, Method: device.dump.ui, Params: {"deviceId":"<android-serial-redacted>"}
2026/09/22 19:58:31.672877 [INFO] WebSocket Request ID: 9, Method: device.dump.ui, Params: {"deviceId":"<android-serial-redacted>"}
2026/09/22 19:58:34.683580 [INFO] WebSocket Request ID: 10, Method: device.dump.ui, Params: {"deviceId":"<android-serial-redacted>"}
2026/09/22 19:58:37.825890 [INFO] WebSocket Request ID: 11, Method: device.io.tap, Params: {"deviceId":"<android-serial-redacted>","x":204,"y":1745}
2026/09/22 19:58:37.878316 [INFO] WebSocket Request ID: 12, Method: device.dump.ui, Params: {"deviceId":"<android-serial-redacted>"}
2026/09/22 19:58:39.981348 [INFO] WebSocket Request ID: 13, Method: device.dump.ui, Params: {"deviceId":"<android-serial-redacted>"}
2026/09/22 19:58:41.927728 [INFO] WebSocket Request ID: 14, Method: device.io.tap, Params: {"deviceId":"<android-serial-redacted>","x":540,"y":1490}
2026/09/22 19:58:41.988013 [INFO] WebSocket Request ID: 15, Method: device.io.keys, Params: {"deviceId":"<android-serial-redacted>","keys":["ctrl+a","backspace"]}
2026/09/22 19:58:42.174981 [INFO] WebSocket Request ID: 16, Method: device.dump.ui, Params: {"deviceId":"<android-serial-redacted>"}
2026/09/22 19:58:43.839357 [INFO] WebSocket Request ID: 17, Method: device.io.text, Params: {"deviceId":"<android-serial-redacted>","text":"pizza123"}
2026/09/22 19:58:43.976011 [INFO] WebSocket Request ID: 18, Method: device.dump.ui, Params: {"deviceId":"<android-serial-redacted>"}
2026/09/22 19:58:45.847179 [INFO] WebSocket Request ID: 19, Method: device.dump.ui, Params: {"deviceId":"<android-serial-redacted>"}
2026/09/22 19:58:47.269780 [INFO] WebSocket Request ID: 20, Method: device.io.tap, Params: {"deviceId":"<android-serial-redacted>","x":540,"y":1211}
2026/09/22 19:58:47.331535 [INFO] WebSocket Request ID: 21, Method: device.io.keys, Params: {"deviceId":"<android-serial-redacted>","keys":["ctrl+a","backspace"]}
2026/09/22 19:58:47.510317 [INFO] WebSocket Request ID: 22, Method: device.dump.ui, Params: {"deviceId":"<android-serial-redacted>"}
2026/09/22 19:58:50.494803 [INFO] WebSocket Request ID: 23, Method: device.io.text, Params: {"deviceId":"<android-serial-redacted>","text":"standard_user"}
2026/09/22 19:58:50.779991 [INFO] WebSocket Request ID: 24, Method: device.dump.ui, Params: {"deviceId":"<android-serial-redacted>"}
2026/09/22 19:58:53.946920 [INFO] WebSocket Request ID: 25, Method: device.dump.ui, Params: {"deviceId":"<android-serial-redacted>"}
2026/09/22 19:58:56.234222 [INFO] WebSocket Request ID: 26, Method: device.dump.ui, Params: {"deviceId":"<android-serial-redacted>"}
2026/09/22 19:58:58.287717 [INFO] WebSocket Request ID: 27, Method: device.dump.ui, Params: {"deviceId":"<android-serial-redacted>"}
2026/09/22 19:59:00.038660 [INFO] WebSocket Request ID: 28, Method: device.dump.ui, Params: {"deviceId":"<android-serial-redacted>"}
2026/09/22 19:59:01.299722 [INFO] WebSocket Request ID: 29, Method: device.dump.ui, Params: {"deviceId":"<android-serial-redacted>"}
2026/09/22 19:59:02.979019 [INFO] WebSocket Request ID: 30, Method: device.io.tap, Params: {"deviceId":"<android-serial-redacted>","x":540,"y":804}
2026/09/22 19:59:03.025412 [INFO] WebSocket Request ID: 31, Method: device.info, Params: {"deviceId":"<android-serial-redacted>"}
2026/09/22 19:59:03.574867 [INFO] WebSocket Request ID: 32, Method: device.dump.ui, Params: {"deviceId":"<android-serial-redacted>"}
2026/09/22 19:59:04.996692 [INFO] WebSocket Request ID: 33, Method: device.dump.ui, Params: {"deviceId":"<android-serial-redacted>"}
2026/09/22 19:59:06.586233 [INFO] WebSocket Request ID: 34, Method: device.dump.ui, Params: {"deviceId":"<android-serial-redacted>"}
2026/09/22 19:59:07.991917 [INFO] WebSocket Request ID: 35, Method: device.io.tap, Params: {"deviceId":"<android-serial-redacted>","x":540,"y":1955}
2026/09/22 19:59:08.036944 [INFO] WebSocket Request ID: 36, Method: device.dump.ui, Params: {"deviceId":"<android-serial-redacted>"}
2026/09/22 19:59:09.351804 [INFO] WebSocket Request ID: 37, Method: device.dump.ui, Params: {"deviceId":"<android-serial-redacted>"}
2026/09/22 19:59:10.753008 [INFO] WebSocket Request ID: 38, Method: device.dump.ui, Params: {"deviceId":"<android-serial-redacted>"}
2026/09/22 19:59:11.982777 [INFO] WebSocket Request ID: 39, Method: device.screenshot, Params: {"deviceId":"<android-serial-redacted>"}
2026/09/22 19:59:12.532371 [INFO] WebSocket Request ID: 40, Method: device.dump.ui, Params: {"deviceId":"<android-serial-redacted>"}
2026/09/22 19:59:13.932663 [VERBOSE] WebSocket connection closed: websocket: close 1005 (no status)
2026/09/22 19:59:13.933517 [INFO] Received signal terminated, shutting down gracefully...
2026/09/22 19:59:13.933778 [INFO] Server stopped
