2026-09-22T18:05:00.074Z mw:driver-mobilecli listing devices
2026-09-22T18:05:00.111Z mw:driver-mobilecli found 1 device(s)
2026/09/22 18:05:00.122564 [VERBOSE] no remote token: failed to get token from keyring: The name org.freedesktop.secrets was not provided by any .service files
2026/09/22 18:05:00.122884 [INFO] Starting server on http://localhost:12000...
2026-09-22T18:05:00.625Z mw:driver-mobilecli connecting to ws://localhost:12000/ws
2026/09/22 18:05:00.624901 [VERBOSE] WebSocket connection closed: websocket: close 1005 (no status)
2026-09-22T18:05:00.627Z mw:driver-mobilecli websocket connected
2026-09-22T18:05:00.627Z mw:driver-mobilecli listing devices
2026-09-22T18:05:00.677Z mw:driver-mobilecli found 1 device(s)
2026-09-22T18:05:00.677Z mw:driver-mobilecli resolved device eus-qualification-pixel7-api35 (platform=android, type=emulator)
2026-09-22T18:05:00.677Z mw:driver-mobilecli running: <host-path>/qualification/mobilewright/harness/node_modules/@mobilenext/mobilecli-linux-amd64/mobilecli-linux-amd64 agent status --device eus-qualification-pixel7-api35
2026-09-22T18:05:00.684Z mw:driver-mobilecli agent status output: {
  "status": "ok",
  "data": {
    "message": "no agent needed for android devices"
  }
}
2026/09/22 18:05:00.685160 [INFO] WebSocket Request ID: 1, Method: device.apps.list, Params: {"deviceId":"eus-qualification-pixel7-api35"}
2026/09/22 18:05:00.716723 [INFO] WebSocket Request ID: 2, Method: device.apps.uninstall, Params: {"deviceId":"eus-qualification-pixel7-api35","bundleId":"com.omnipizza.app"}
2026/09/22 18:05:00.809898 [INFO] WebSocket Request ID: 3, Method: device.apps.list, Params: {"deviceId":"eus-qualification-pixel7-api35"}
2026-09-22T18:05:01.006Z mw:driver-mobilecli installing <host-path>/omnipizza-release.apk
2026/09/22 18:05:01.006788 [INFO] WebSocket Request ID: 4, Method: device.apps.install, Params: {"deviceId":"eus-qualification-pixel7-api35","path":"<host-path>/omnipizza-release.apk"}
2026-09-22T18:05:03.823Z mw:driver-mobilecli installed <host-path>/omnipizza-release.apk
2026/09/22 18:05:03.824052 [INFO] WebSocket Request ID: 5, Method: device.apps.list, Params: {"deviceId":"eus-qualification-pixel7-api35"}
2026/09/22 18:05:03.887444 [INFO] WebSocket Request ID: 6, Method: device.url, Params: {"deviceId":"eus-qualification-pixel7-api35","url":"omnipizza://checkout?market=US&hydrateCart=true&accessToken=eyJhbGciOiJIUzI1NiIsInR5cCI6IkpXVCJ9.eyJzdWIiOiJzdGFuZGFyZF91c2VyIiwiYmVoYXZpb3IiOiJzdGFuZGFyZCIsInNpZCI6ImJiYTkwN2ZlZjhiOTRiZDhhMzdiZmZmODdiMzc…(333 bytes total)
2026/09/22 18:05:03.932554 [INFO] WebSocket Request ID: 7, Method: device.dump.ui, Params: {"deviceId":"eus-qualification-pixel7-api35"}
2026/09/22 18:05:06.695307 [INFO] WebSocket Request ID: 8, Method: device.dump.ui, Params: {"deviceId":"eus-qualification-pixel7-api35"}
2026/09/22 18:05:06.888886 [INFO] WebSocket Request ID: 9, Method: device.dump.ui, Params: {"deviceId":"eus-qualification-pixel7-api35"}
2026/09/22 18:05:07.079842 [INFO] WebSocket Request ID: 10, Method: device.dump.ui, Params: {"deviceId":"eus-qualification-pixel7-api35"}
2026/09/22 18:05:07.243456 [INFO] WebSocket Request ID: 11, Method: device.dump.ui, Params: {"deviceId":"eus-qualification-pixel7-api35"}
2026/09/22 18:05:07.409178 [INFO] WebSocket Request ID: 12, Method: device.dump.ui, Params: {"deviceId":"eus-qualification-pixel7-api35"}
2026/09/22 18:05:07.574866 [INFO] WebSocket Request ID: 13, Method: device.dump.ui, Params: {"deviceId":"eus-qualification-pixel7-api35"}
2026/09/22 18:05:07.745966 [INFO] WebSocket Request ID: 14, Method: device.dump.ui, Params: {"deviceId":"eus-qualification-pixel7-api35"}
2026/09/22 18:05:07.933522 [INFO] WebSocket Request ID: 15, Method: device.dump.ui, Params: {"deviceId":"eus-qualification-pixel7-api35"}
2026/09/22 18:05:08.096241 [INFO] WebSocket Request ID: 16, Method: device.dump.ui, Params: {"deviceId":"eus-qualification-pixel7-api35"}
2026/09/22 18:05:08.258114 [INFO] WebSocket Request ID: 17, Method: device.dump.ui, Params: {"deviceId":"eus-qualification-pixel7-api35"}
2026/09/22 18:05:08.422524 [INFO] WebSocket Request ID: 18, Method: device.dump.ui, Params: {"deviceId":"eus-qualification-pixel7-api35"}
2026/09/22 18:05:08.591670 [INFO] WebSocket Request ID: 19, Method: device.dump.ui, Params: {"deviceId":"eus-qualification-pixel7-api35"}
2026/09/22 18:05:08.779756 [INFO] WebSocket Request ID: 20, Method: device.dump.ui, Params: {"deviceId":"eus-qualification-pixel7-api35"}
2026/09/22 18:05:08.945163 [INFO] WebSocket Request ID: 21, Method: device.dump.ui, Params: {"deviceId":"eus-qualification-pixel7-api35"}
2026/09/22 18:05:09.109954 [INFO] WebSocket Request ID: 22, Method: device.dump.ui, Params: {"deviceId":"eus-qualification-pixel7-api35"}
2026/09/22 18:05:09.271660 [INFO] WebSocket Request ID: 23, Method: device.dump.ui, Params: {"deviceId":"eus-qualification-pixel7-api35"}
2026/09/22 18:05:09.443691 [INFO] WebSocket Request ID: 24, Method: device.dump.ui, Params: {"deviceId":"eus-qualification-pixel7-api35"}
2026/09/22 18:05:09.630349 [INFO] WebSocket Request ID: 25, Method: device.dump.ui, Params: {"deviceId":"eus-qualification-pixel7-api35"}
2026/09/22 18:05:09.792734 [INFO] WebSocket Request ID: 26, Method: device.dump.ui, Params: {"deviceId":"eus-qualification-pixel7-api35"}
2026/09/22 18:05:09.957390 [INFO] WebSocket Request ID: 27, Method: device.dump.ui, Params: {"deviceId":"eus-qualification-pixel7-api35"}
2026/09/22 18:05:10.119851 [INFO] WebSocket Request ID: 28, Method: device.dump.ui, Params: {"deviceId":"eus-qualification-pixel7-api35"}
2026/09/22 18:05:10.283431 [INFO] WebSocket Request ID: 29, Method: device.dump.ui, Params: {"deviceId":"eus-qualification-pixel7-api35"}
2026/09/22 18:05:10.454850 [INFO] WebSocket Request ID: 30, Method: device.dump.ui, Params: {"deviceId":"eus-qualification-pixel7-api35"}
2026/09/22 18:05:10.646676 [INFO] WebSocket Request ID: 31, Method: device.dump.ui, Params: {"deviceId":"eus-qualification-pixel7-api35"}
2026/09/22 18:05:10.812317 [INFO] WebSocket Request ID: 32, Method: device.dump.ui, Params: {"deviceId":"eus-qualification-pixel7-api35"}
2026/09/22 18:05:10.974396 [INFO] WebSocket Request ID: 33, Method: device.dump.ui, Params: {"deviceId":"eus-qualification-pixel7-api35"}
2026/09/22 18:05:11.137389 [INFO] WebSocket Request ID: 34, Method: device.dump.ui, Params: {"deviceId":"eus-qualification-pixel7-api35"}
2026/09/22 18:05:11.303165 [INFO] WebSocket Request ID: 35, Method: device.dump.ui, Params: {"deviceId":"eus-qualification-pixel7-api35"}
2026/09/22 18:05:11.491023 [INFO] WebSocket Request ID: 36, Method: device.dump.ui, Params: {"deviceId":"eus-qualification-pixel7-api35"}
2026/09/22 18:05:11.654626 [INFO] WebSocket Request ID: 37, Method: device.dump.ui, Params: {"deviceId":"eus-qualification-pixel7-api35"}
2026/09/22 18:05:11.828982 [INFO] WebSocket Request ID: 38, Method: device.dump.ui, Params: {"deviceId":"eus-qualification-pixel7-api35"}
2026/09/22 18:05:11.990837 [INFO] WebSocket Request ID: 39, Method: device.dump.ui, Params: {"deviceId":"eus-qualification-pixel7-api35"}
2026/09/22 18:05:12.155326 [INFO] WebSocket Request ID: 40, Method: device.dump.ui, Params: {"deviceId":"eus-qualification-pixel7-api35"}
2026/09/22 18:05:12.346481 [INFO] WebSocket Request ID: 41, Method: device.dump.ui, Params: {"deviceId":"eus-qualification-pixel7-api35"}
2026/09/22 18:05:12.509038 [INFO] WebSocket Request ID: 42, Method: device.dump.ui, Params: {"deviceId":"eus-qualification-pixel7-api35"}
2026/09/22 18:05:12.678785 [INFO] WebSocket Request ID: 43, Method: device.dump.ui, Params: {"deviceId":"eus-qualification-pixel7-api35"}
2026/09/22 18:05:12.841425 [INFO] WebSocket Request ID: 44, Method: device.dump.ui, Params: {"deviceId":"eus-qualification-pixel7-api35"}
2026/09/22 18:05:13.005986 [INFO] WebSocket Request ID: 45, Method: device.dump.ui, Params: {"deviceId":"eus-qualification-pixel7-api35"}
2026/09/22 18:05:13.181782 [INFO] WebSocket Request ID: 46, Method: device.dump.ui, Params: {"deviceId":"eus-qualification-pixel7-api35"}
2026/09/22 18:05:13.372486 [INFO] WebSocket Request ID: 47, Method: device.dump.ui, Params: {"deviceId":"eus-qualification-pixel7-api35"}
2026/09/22 18:05:13.536152 [INFO] WebSocket Request ID: 48, Method: device.dump.ui, Params: {"deviceId":"eus-qualification-pixel7-api35"}
2026/09/22 18:05:13.698150 [INFO] WebSocket Request ID: 49, Method: device.dump.ui, Params: {"deviceId":"eus-qualification-pixel7-api35"}
2026/09/22 18:05:13.861883 [INFO] WebSocket Request ID: 50, Method: device.dump.ui, Params: {"deviceId":"eus-qualification-pixel7-api35"}
2026/09/22 18:05:14.031206 [INFO] WebSocket Request ID: 51, Method: device.dump.ui, Params: {"deviceId":"eus-qualification-pixel7-api35"}
2026/09/22 18:05:14.222552 [INFO] WebSocket Request ID: 52, Method: device.dump.ui, Params: {"deviceId":"eus-qualification-pixel7-api35"}
2026/09/22 18:05:14.386433 [INFO] WebSocket Request ID: 53, Method: device.dump.ui, Params: {"deviceId":"eus-qualification-pixel7-api35"}
2026/09/22 18:05:14.549929 [INFO] WebSocket Request ID: 54, Method: device.dump.ui, Params: {"deviceId":"eus-qualification-pixel7-api35"}
2026/09/22 18:05:14.712254 [INFO] WebSocket Request ID: 55, Method: device.dump.ui, Params: {"deviceId":"eus-qualification-pixel7-api35"}
2026/09/22 18:05:14.877627 [INFO] WebSocket Request ID: 56, Method: device.dump.ui, Params: {"deviceId":"eus-qualification-pixel7-api35"}
2026/09/22 18:05:15.061096 [INFO] WebSocket Request ID: 57, Method: device.dump.ui, Params: {"deviceId":"eus-qualification-pixel7-api35"}
2026/09/22 18:05:15.242197 [INFO] WebSocket Request ID: 58, Method: device.dump.ui, Params: {"deviceId":"eus-qualification-pixel7-api35"}
2026/09/22 18:05:15.405964 [INFO] WebSocket Request ID: 59, Method: device.dump.ui, Params: {"deviceId":"eus-qualification-pixel7-api35"}
2026/09/22 18:05:15.570423 [INFO] WebSocket Request ID: 60, Method: device.dump.ui, Params: {"deviceId":"eus-qualification-pixel7-api35"}
2026/09/22 18:05:15.732300 [INFO] WebSocket Request ID: 61, Method: device.dump.ui, Params: {"deviceId":"eus-qualification-pixel7-api35"}
2026/09/22 18:05:15.894134 [INFO] WebSocket Request ID: 62, Method: device.dump.ui, Params: {"deviceId":"eus-qualification-pixel7-api35"}
2026/09/22 18:05:16.082735 [INFO] WebSocket Request ID: 63, Method: device.dump.ui, Params: {"deviceId":"eus-qualification-pixel7-api35"}
2026/09/22 18:05:16.246187 [INFO] WebSocket Request ID: 64, Method: device.dump.ui, Params: {"deviceId":"eus-qualification-pixel7-api35"}
2026/09/22 18:05:16.410382 [INFO] WebSocket Request ID: 65, Method: device.dump.ui, Params: {"deviceId":"eus-qualification-pixel7-api35"}
2026/09/22 18:05:16.578012 [INFO] WebSocket Request ID: 66, Method: device.dump.ui, Params: {"deviceId":"eus-qualification-pixel7-api35"}
2026/09/22 18:05:16.745965 [INFO] WebSocket Request ID: 67, Method: device.dump.ui, Params: {"deviceId":"eus-qualification-pixel7-api35"}
2026/09/22 18:05:16.935576 [INFO] WebSocket Request ID: 68, Method: device.dump.ui, Params: {"deviceId":"eus-qualification-pixel7-api35"}
2026/09/22 18:05:17.096359 [INFO] WebSocket Request ID: 69, Method: device.dump.ui, Params: {"deviceId":"eus-qualification-pixel7-api35"}
2026/09/22 18:05:17.262717 [INFO] WebSocket Request ID: 70, Method: device.dump.ui, Params: {"deviceId":"eus-qualification-pixel7-api35"}
2026/09/22 18:05:17.425634 [INFO] WebSocket Request ID: 71, Method: device.dump.ui, Params: {"deviceId":"eus-qualification-pixel7-api35"}
2026/09/22 18:05:17.585661 [INFO] WebSocket Request ID: 72, Method: device.dump.ui, Params: {"deviceId":"eus-qualification-pixel7-api35"}
2026/09/22 18:05:17.774327 [INFO] WebSocket Request ID: 73, Method: device.dump.ui, Params: {"deviceId":"eus-qualification-pixel7-api35"}
2026/09/22 18:05:17.956356 [INFO] WebSocket Request ID: 74, Method: device.dump.ui, Params: {"deviceId":"eus-qualification-pixel7-api35"}
2026/09/22 18:05:18.119121 [INFO] WebSocket Request ID: 75, Method: device.dump.ui, Params: {"deviceId":"eus-qualification-pixel7-api35"}
2026/09/22 18:05:18.281054 [INFO] WebSocket Request ID: 76, Method: device.dump.ui, Params: {"deviceId":"eus-qualification-pixel7-api35"}
2026/09/22 18:05:18.453974 [INFO] WebSocket Request ID: 77, Method: device.dump.ui, Params: {"deviceId":"eus-qualification-pixel7-api35"}
2026/09/22 18:05:18.618314 [INFO] WebSocket Request ID: 78, Method: device.dump.ui, Params: {"deviceId":"eus-qualification-pixel7-api35"}
2026/09/22 18:05:18.804001 [INFO] WebSocket Request ID: 79, Method: device.dump.ui, Params: {"deviceId":"eus-qualification-pixel7-api35"}
2026/09/22 18:05:18.983079 [INFO] WebSocket Request ID: 80, Method: device.dump.ui, Params: {"deviceId":"eus-qualification-pixel7-api35"}
2026/09/22 18:05:19.142862 [INFO] WebSocket Request ID: 81, Method: device.dump.ui, Params: {"deviceId":"eus-qualification-pixel7-api35"}
2026/09/22 18:05:19.305018 [INFO] WebSocket Request ID: 82, Method: device.dump.ui, Params: {"deviceId":"eus-qualification-pixel7-api35"}
2026/09/22 18:05:19.471449 [INFO] WebSocket Request ID: 83, Method: device.dump.ui, Params: {"deviceId":"eus-qualification-pixel7-api35"}
2026/09/22 18:05:19.631196 [INFO] WebSocket Request ID: 84, Method: device.dump.ui, Params: {"deviceId":"eus-qualification-pixel7-api35"}
2026/09/22 18:05:19.819709 [INFO] WebSocket Request ID: 85, Method: device.dump.ui, Params: {"deviceId":"eus-qualification-pixel7-api35"}
2026/09/22 18:05:19.984469 [INFO] WebSocket Request ID: 86, Method: device.dump.ui, Params: {"deviceId":"eus-qualification-pixel7-api35"}
2026/09/22 18:05:20.146655 [INFO] WebSocket Request ID: 87, Method: device.dump.ui, Params: {"deviceId":"eus-qualification-pixel7-api35"}
2026/09/22 18:05:20.310932 [INFO] WebSocket Request ID: 88, Method: device.dump.ui, Params: {"deviceId":"eus-qualification-pixel7-api35"}
2026/09/22 18:05:20.474437 [INFO] WebSocket Request ID: 89, Method: device.dump.ui, Params: {"deviceId":"eus-qualification-pixel7-api35"}
2026/09/22 18:05:20.663841 [INFO] WebSocket Request ID: 90, Method: device.dump.ui, Params: {"deviceId":"eus-qualification-pixel7-api35"}
2026/09/22 18:05:20.847602 [INFO] WebSocket Request ID: 91, Method: device.dump.ui, Params: {"deviceId":"eus-qualification-pixel7-api35"}
2026/09/22 18:05:21.013146 [INFO] WebSocket Request ID: 92, Method: device.dump.ui, Params: {"deviceId":"eus-qualification-pixel7-api35"}
2026/09/22 18:05:21.176778 [INFO] WebSocket Request ID: 93, Method: device.dump.ui, Params: {"deviceId":"eus-qualification-pixel7-api35"}
2026/09/22 18:05:21.339069 [INFO] WebSocket Request ID: 94, Method: device.dump.ui, Params: {"deviceId":"eus-qualification-pixel7-api35"}
2026/09/22 18:05:21.500823 [INFO] WebSocket Request ID: 95, Method: device.dump.ui, Params: {"deviceId":"eus-qualification-pixel7-api35"}
2026/09/22 18:05:21.680459 [INFO] WebSocket Request ID: 96, Method: device.dump.ui, Params: {"deviceId":"eus-qualification-pixel7-api35"}
2026/09/22 18:05:21.869144 [INFO] WebSocket Request ID: 97, Method: device.dump.ui, Params: {"deviceId":"eus-qualification-pixel7-api35"}
2026/09/22 18:05:22.030320 [INFO] WebSocket Request ID: 98, Method: device.dump.ui, Params: {"deviceId":"eus-qualification-pixel7-api35"}
2026/09/22 18:05:22.193157 [INFO] WebSocket Request ID: 99, Method: device.dump.ui, Params: {"deviceId":"eus-qualification-pixel7-api35"}
2026/09/22 18:05:22.355449 [INFO] WebSocket Request ID: 100, Method: device.dump.ui, Params: {"deviceId":"eus-qualification-pixel7-api35"}
2026/09/22 18:05:22.520628 [INFO] WebSocket Request ID: 101, Method: device.dump.ui, Params: {"deviceId":"eus-qualification-pixel7-api35"}
2026/09/22 18:05:22.709289 [INFO] WebSocket Request ID: 102, Method: device.dump.ui, Params: {"deviceId":"eus-qualification-pixel7-api35"}
2026/09/22 18:05:22.871342 [INFO] WebSocket Request ID: 103, Method: device.dump.ui, Params: {"deviceId":"eus-qualification-pixel7-api35"}
2026/09/22 18:05:23.031559 [INFO] WebSocket Request ID: 104, Method: device.dump.ui, Params: {"deviceId":"eus-qualification-pixel7-api35"}
2026/09/22 18:05:23.190345 [INFO] WebSocket Request ID: 105, Method: device.dump.ui, Params: {"deviceId":"eus-qualification-pixel7-api35"}
2026/09/22 18:05:23.355002 [INFO] WebSocket Request ID: 106, Method: device.dump.ui, Params: {"deviceId":"eus-qualification-pixel7-api35"}
2026/09/22 18:05:23.526494 [INFO] WebSocket Request ID: 107, Method: device.dump.ui, Params: {"deviceId":"eus-qualification-pixel7-api35"}
2026/09/22 18:05:23.714319 [INFO] WebSocket Request ID: 108, Method: device.dump.ui, Params: {"deviceId":"eus-qualification-pixel7-api35"}
2026/09/22 18:05:23.876095 [INFO] WebSocket Request ID: 109, Method: device.dump.ui, Params: {"deviceId":"eus-qualification-pixel7-api35"}
2026/09/22 18:05:24.037934 [INFO] WebSocket Request ID: 110, Method: device.dump.ui, Params: {"deviceId":"eus-qualification-pixel7-api35"}
2026/09/22 18:05:24.199044 [INFO] WebSocket Request ID: 111, Method: device.dump.ui, Params: {"deviceId":"eus-qualification-pixel7-api35"}
2026/09/22 18:05:24.366032 [INFO] WebSocket Request ID: 112, Method: device.dump.ui, Params: {"deviceId":"eus-qualification-pixel7-api35"}
2026/09/22 18:05:24.562851 [INFO] WebSocket Request ID: 113, Method: device.dump.ui, Params: {"deviceId":"eus-qualification-pixel7-api35"}
2026/09/22 18:05:24.747748 [INFO] WebSocket Request ID: 114, Method: device.dump.ui, Params: {"deviceId":"eus-qualification-pixel7-api35"}
2026/09/22 18:05:24.909575 [INFO] WebSocket Request ID: 115, Method: device.dump.ui, Params: {"deviceId":"eus-qualification-pixel7-api35"}
2026/09/22 18:05:25.088427 [INFO] WebSocket Request ID: 116, Method: device.dump.ui, Params: {"deviceId":"eus-qualification-pixel7-api35"}
2026/09/22 18:05:25.254208 [INFO] WebSocket Request ID: 117, Method: device.dump.ui, Params: {"deviceId":"eus-qualification-pixel7-api35"}
2026/09/22 18:05:25.418721 [INFO] WebSocket Request ID: 118, Method: device.dump.ui, Params: {"deviceId":"eus-qualification-pixel7-api35"}
2026/09/22 18:05:25.589928 [INFO] WebSocket Request ID: 119, Method: device.dump.ui, Params: {"deviceId":"eus-qualification-pixel7-api35"}
2026/09/22 18:05:25.778091 [INFO] WebSocket Request ID: 120, Method: device.dump.ui, Params: {"deviceId":"eus-qualification-pixel7-api35"}
2026/09/22 18:05:25.940480 [INFO] WebSocket Request ID: 121, Method: device.dump.ui, Params: {"deviceId":"eus-qualification-pixel7-api35"}
2026/09/22 18:05:26.102990 [INFO] WebSocket Request ID: 122, Method: device.dump.ui, Params: {"deviceId":"eus-qualification-pixel7-api35"}
2026/09/22 18:05:26.265145 [INFO] WebSocket Request ID: 123, Method: device.dump.ui, Params: {"deviceId":"eus-qualification-pixel7-api35"}
2026/09/22 18:05:26.428537 [INFO] WebSocket Request ID: 124, Method: device.dump.ui, Params: {"deviceId":"eus-qualification-pixel7-api35"}
2026/09/22 18:05:26.608637 [INFO] WebSocket Request ID: 125, Method: device.dump.ui, Params: {"deviceId":"eus-qualification-pixel7-api35"}
2026/09/22 18:05:26.797121 [INFO] WebSocket Request ID: 126, Method: device.dump.ui, Params: {"deviceId":"eus-qualification-pixel7-api35"}
2026/09/22 18:05:26.959881 [INFO] WebSocket Request ID: 127, Method: device.dump.ui, Params: {"deviceId":"eus-qualification-pixel7-api35"}
2026/09/22 18:05:27.121474 [INFO] WebSocket Request ID: 128, Method: device.dump.ui, Params: {"deviceId":"eus-qualification-pixel7-api35"}
2026/09/22 18:05:27.285762 [INFO] WebSocket Request ID: 129, Method: device.dump.ui, Params: {"deviceId":"eus-qualification-pixel7-api35"}
2026/09/22 18:05:27.446832 [INFO] WebSocket Request ID: 130, Method: device.dump.ui, Params: {"deviceId":"eus-qualification-pixel7-api35"}
2026/09/22 18:05:27.621173 [INFO] WebSocket Request ID: 131, Method: device.dump.ui, Params: {"deviceId":"eus-qualification-pixel7-api35"}
2026/09/22 18:05:27.809084 [INFO] WebSocket Request ID: 132, Method: device.dump.ui, Params: {"deviceId":"eus-qualification-pixel7-api35"}
2026/09/22 18:05:27.970766 [INFO] WebSocket Request ID: 133, Method: device.dump.ui, Params: {"deviceId":"eus-qualification-pixel7-api35"}
2026/09/22 18:05:28.136773 [INFO] WebSocket Request ID: 134, Method: device.dump.ui, Params: {"deviceId":"eus-qualification-pixel7-api35"}
2026/09/22 18:05:28.305879 [INFO] WebSocket Request ID: 135, Method: device.dump.ui, Params: {"deviceId":"eus-qualification-pixel7-api35"}
2026/09/22 18:05:28.473019 [INFO] WebSocket Request ID: 136, Method: device.dump.ui, Params: {"deviceId":"eus-qualification-pixel7-api35"}
2026/09/22 18:05:28.665604 [INFO] WebSocket Request ID: 137, Method: device.dump.ui, Params: {"deviceId":"eus-qualification-pixel7-api35"}
2026/09/22 18:05:28.830111 [INFO] WebSocket Request ID: 138, Method: device.dump.ui, Params: {"deviceId":"eus-qualification-pixel7-api35"}
2026/09/22 18:05:28.991059 [INFO] WebSocket Request ID: 139, Method: device.dump.ui, Params: {"deviceId":"eus-qualification-pixel7-api35"}
2026/09/22 18:05:29.156679 [INFO] WebSocket Request ID: 140, Method: device.dump.ui, Params: {"deviceId":"eus-qualification-pixel7-api35"}
2026/09/22 18:05:29.343408 [INFO] WebSocket Request ID: 141, Method: device.dump.ui, Params: {"deviceId":"eus-qualification-pixel7-api35"}
2026/09/22 18:05:29.524430 [INFO] WebSocket Request ID: 142, Method: device.dump.ui, Params: {"deviceId":"eus-qualification-pixel7-api35"}
2026/09/22 18:05:29.712028 [INFO] WebSocket Request ID: 143, Method: device.dump.ui, Params: {"deviceId":"eus-qualification-pixel7-api35"}
2026/09/22 18:05:29.872747 [INFO] WebSocket Request ID: 144, Method: device.dump.ui, Params: {"deviceId":"eus-qualification-pixel7-api35"}
2026/09/22 18:05:30.036205 [INFO] WebSocket Request ID: 145, Method: device.dump.ui, Params: {"deviceId":"eus-qualification-pixel7-api35"}
2026/09/22 18:05:30.202824 [INFO] WebSocket Request ID: 146, Method: device.dump.ui, Params: {"deviceId":"eus-qualification-pixel7-api35"}
2026/09/22 18:05:30.374574 [INFO] WebSocket Request ID: 147, Method: device.dump.ui, Params: {"deviceId":"eus-qualification-pixel7-api35"}
2026/09/22 18:05:30.560936 [INFO] WebSocket Request ID: 148, Method: device.dump.ui, Params: {"deviceId":"eus-qualification-pixel7-api35"}
2026/09/22 18:05:30.725399 [INFO] WebSocket Request ID: 149, Method: device.dump.ui, Params: {"deviceId":"eus-qualification-pixel7-api35"}
2026/09/22 18:05:30.888669 [INFO] WebSocket Request ID: 150, Method: device.dump.ui, Params: {"deviceId":"eus-qualification-pixel7-api35"}
2026/09/22 18:05:31.055833 [INFO] WebSocket Request ID: 151, Method: device.dump.ui, Params: {"deviceId":"eus-qualification-pixel7-api35"}
2026/09/22 18:05:31.219082 [INFO] WebSocket Request ID: 152, Method: device.dump.ui, Params: {"deviceId":"eus-qualification-pixel7-api35"}
2026/09/22 18:05:31.387607 [INFO] WebSocket Request ID: 153, Method: device.dump.ui, Params: {"deviceId":"eus-qualification-pixel7-api35"}
2026/09/22 18:05:31.577408 [INFO] WebSocket Request ID: 154, Method: device.dump.ui, Params: {"deviceId":"eus-qualification-pixel7-api35"}
2026/09/22 18:05:31.738394 [INFO] WebSocket Request ID: 155, Method: device.dump.ui, Params: {"deviceId":"eus-qualification-pixel7-api35"}
2026/09/22 18:05:31.902981 [INFO] WebSocket Request ID: 156, Method: device.dump.ui, Params: {"deviceId":"eus-qualification-pixel7-api35"}
2026/09/22 18:05:32.067143 [INFO] WebSocket Request ID: 157, Method: device.dump.ui, Params: {"deviceId":"eus-qualification-pixel7-api35"}
2026/09/22 18:05:32.228917 [INFO] WebSocket Request ID: 158, Method: device.dump.ui, Params: {"deviceId":"eus-qualification-pixel7-api35"}
2026/09/22 18:05:32.420561 [INFO] WebSocket Request ID: 159, Method: device.dump.ui, Params: {"deviceId":"eus-qualification-pixel7-api35"}
2026/09/22 18:05:32.594962 [INFO] WebSocket Request ID: 160, Method: device.dump.ui, Params: {"deviceId":"eus-qualification-pixel7-api35"}
2026/09/22 18:05:32.759749 [INFO] WebSocket Request ID: 161, Method: device.dump.ui, Params: {"deviceId":"eus-qualification-pixel7-api35"}
2026/09/22 18:05:32.924384 [INFO] WebSocket Request ID: 162, Method: device.dump.ui, Params: {"deviceId":"eus-qualification-pixel7-api35"}
2026/09/22 18:05:33.088543 [INFO] WebSocket Request ID: 163, Method: device.dump.ui, Params: {"deviceId":"eus-qualification-pixel7-api35"}
2026/09/22 18:05:33.269352 [INFO] WebSocket Request ID: 164, Method: device.dump.ui, Params: {"deviceId":"eus-qualification-pixel7-api35"}
2026/09/22 18:05:33.459545 [INFO] WebSocket Request ID: 165, Method: device.dump.ui, Params: {"deviceId":"eus-qualification-pixel7-api35"}
2026/09/22 18:05:33.622103 [INFO] WebSocket Request ID: 166, Method: device.dump.ui, Params: {"deviceId":"eus-qualification-pixel7-api35"}
2026/09/22 18:05:33.785484 [INFO] WebSocket Request ID: 167, Method: device.dump.ui, Params: {"deviceId":"eus-qualification-pixel7-api35"}
2026/09/22 18:05:33.946106 [INFO] WebSocket Request ID: 168, Method: device.dump.ui, Params: {"deviceId":"eus-qualification-pixel7-api35"}
2026/09/22 18:05:34.110210 [INFO] WebSocket Request ID: 169, Method: device.dump.ui, Params: {"deviceId":"eus-qualification-pixel7-api35"}
2026/09/22 18:05:34.294774 [INFO] WebSocket Request ID: 170, Method: device.dump.ui, Params: {"deviceId":"eus-qualification-pixel7-api35"}
2026/09/22 18:05:34.482980 [INFO] WebSocket Request ID: 171, Method: device.dump.ui, Params: {"deviceId":"eus-qualification-pixel7-api35"}
2026/09/22 18:05:34.645453 [INFO] WebSocket Request ID: 172, Method: device.dump.ui, Params: {"deviceId":"eus-qualification-pixel7-api35"}
2026/09/22 18:05:34.809538 [INFO] WebSocket Request ID: 173, Method: device.dump.ui, Params: {"deviceId":"eus-qualification-pixel7-api35"}
2026/09/22 18:05:34.972564 [INFO] WebSocket Request ID: 174, Method: device.dump.ui, Params: {"deviceId":"eus-qualification-pixel7-api35"}
2026/09/22 18:05:35.136608 [INFO] WebSocket Request ID: 175, Method: device.dump.ui, Params: {"deviceId":"eus-qualification-pixel7-api35"}
2026/09/22 18:05:35.324633 [INFO] WebSocket Request ID: 176, Method: device.dump.ui, Params: {"deviceId":"eus-qualification-pixel7-api35"}
2026/09/22 18:05:35.488671 [INFO] WebSocket Request ID: 177, Method: device.dump.ui, Params: {"deviceId":"eus-qualification-pixel7-api35"}
2026/09/22 18:05:35.648039 [INFO] WebSocket Request ID: 178, Method: device.dump.ui, Params: {"deviceId":"eus-qualification-pixel7-api35"}
2026/09/22 18:05:35.808730 [INFO] WebSocket Request ID: 179, Method: device.dump.ui, Params: {"deviceId":"eus-qualification-pixel7-api35"}
2026/09/22 18:05:35.970826 [INFO] WebSocket Request ID: 180, Method: device.dump.ui, Params: {"deviceId":"eus-qualification-pixel7-api35"}
2026/09/22 18:05:36.156638 [INFO] WebSocket Request ID: 181, Method: device.dump.ui, Params: {"deviceId":"eus-qualification-pixel7-api35"}
2026/09/22 18:05:36.344207 [INFO] WebSocket Request ID: 182, Method: device.dump.ui, Params: {"deviceId":"eus-qualification-pixel7-api35"}
2026/09/22 18:05:36.505495 [INFO] WebSocket Request ID: 183, Method: device.dump.ui, Params: {"deviceId":"eus-qualification-pixel7-api35"}
2026/09/22 18:05:36.667010 [INFO] WebSocket Request ID: 184, Method: device.dump.ui, Params: {"deviceId":"eus-qualification-pixel7-api35"}
2026/09/22 18:05:36.829676 [INFO] WebSocket Request ID: 185, Method: device.dump.ui, Params: {"deviceId":"eus-qualification-pixel7-api35"}
2026/09/22 18:05:36.989646 [INFO] WebSocket Request ID: 186, Method: device.dump.ui, Params: {"deviceId":"eus-qualification-pixel7-api35"}
2026/09/22 18:05:37.170869 [INFO] WebSocket Request ID: 187, Method: device.dump.ui, Params: {"deviceId":"eus-qualification-pixel7-api35"}
2026/09/22 18:05:37.358458 [INFO] WebSocket Request ID: 188, Method: device.dump.ui, Params: {"deviceId":"eus-qualification-pixel7-api35"}
2026/09/22 18:05:37.520790 [INFO] WebSocket Request ID: 189, Method: device.dump.ui, Params: {"deviceId":"eus-qualification-pixel7-api35"}
2026/09/22 18:05:37.683392 [INFO] WebSocket Request ID: 190, Method: device.dump.ui, Params: {"deviceId":"eus-qualification-pixel7-api35"}
2026/09/22 18:05:37.846351 [INFO] WebSocket Request ID: 191, Method: device.dump.ui, Params: {"deviceId":"eus-qualification-pixel7-api35"}
2026/09/22 18:05:38.007897 [INFO] WebSocket Request ID: 192, Method: device.dump.ui, Params: {"deviceId":"eus-qualification-pixel7-api35"}
2026/09/22 18:05:38.182817 [INFO] WebSocket Request ID: 193, Method: device.dump.ui, Params: {"deviceId":"eus-qualification-pixel7-api35"}
2026/09/22 18:05:38.369760 [INFO] WebSocket Request ID: 194, Method: device.dump.ui, Params: {"deviceId":"eus-qualification-pixel7-api35"}
2026/09/22 18:05:38.530983 [INFO] WebSocket Request ID: 195, Method: device.dump.ui, Params: {"deviceId":"eus-qualification-pixel7-api35"}
2026/09/22 18:05:38.704103 [INFO] WebSocket Request ID: 196, Method: device.dump.ui, Params: {"deviceId":"eus-qualification-pixel7-api35"}
2026/09/22 18:05:38.863514 [INFO] WebSocket Request ID: 197, Method: device.dump.ui, Params: {"deviceId":"eus-qualification-pixel7-api35"}
2026/09/22 18:05:39.026427 [INFO] WebSocket Request ID: 198, Method: device.dump.ui, Params: {"deviceId":"eus-qualification-pixel7-api35"}
2026/09/22 18:05:39.202861 [INFO] WebSocket Request ID: 199, Method: device.dump.ui, Params: {"deviceId":"eus-qualification-pixel7-api35"}
2026/09/22 18:05:39.389503 [INFO] WebSocket Request ID: 200, Method: device.dump.ui, Params: {"deviceId":"eus-qualification-pixel7-api35"}
2026/09/22 18:05:39.552500 [INFO] WebSocket Request ID: 201, Method: device.dump.ui, Params: {"deviceId":"eus-qualification-pixel7-api35"}
2026/09/22 18:05:39.715106 [INFO] WebSocket Request ID: 202, Method: device.dump.ui, Params: {"deviceId":"eus-qualification-pixel7-api35"}
2026/09/22 18:05:39.877467 [INFO] WebSocket Request ID: 203, Method: device.dump.ui, Params: {"deviceId":"eus-qualification-pixel7-api35"}
2026/09/22 18:05:40.040174 [INFO] WebSocket Request ID: 204, Method: device.dump.ui, Params: {"deviceId":"eus-qualification-pixel7-api35"}
2026/09/22 18:05:40.211947 [INFO] WebSocket Request ID: 205, Method: device.dump.ui, Params: {"deviceId":"eus-qualification-pixel7-api35"}
2026/09/22 18:05:40.397519 [INFO] WebSocket Request ID: 206, Method: device.dump.ui, Params: {"deviceId":"eus-qualification-pixel7-api35"}
2026/09/22 18:05:40.559108 [INFO] WebSocket Request ID: 207, Method: device.dump.ui, Params: {"deviceId":"eus-qualification-pixel7-api35"}
2026/09/22 18:05:40.719164 [INFO] WebSocket Request ID: 208, Method: device.dump.ui, Params: {"deviceId":"eus-qualification-pixel7-api35"}
2026/09/22 18:05:40.893959 [INFO] WebSocket Request ID: 209, Method: device.dump.ui, Params: {"deviceId":"eus-qualification-pixel7-api35"}
2026/09/22 18:05:41.055838 [INFO] WebSocket Request ID: 210, Method: device.dump.ui, Params: {"deviceId":"eus-qualification-pixel7-api35"}
2026/09/22 18:05:41.222507 [INFO] WebSocket Request ID: 211, Method: device.dump.ui, Params: {"deviceId":"eus-qualification-pixel7-api35"}
2026/09/22 18:05:41.408340 [INFO] WebSocket Request ID: 212, Method: device.dump.ui, Params: {"deviceId":"eus-qualification-pixel7-api35"}
2026/09/22 18:05:41.568729 [INFO] WebSocket Request ID: 213, Method: device.dump.ui, Params: {"deviceId":"eus-qualification-pixel7-api35"}
2026/09/22 18:05:41.726921 [INFO] WebSocket Request ID: 214, Method: device.dump.ui, Params: {"deviceId":"eus-qualification-pixel7-api35"}
2026/09/22 18:05:41.886818 [INFO] WebSocket Request ID: 215, Method: device.dump.ui, Params: {"deviceId":"eus-qualification-pixel7-api35"}
2026/09/22 18:05:42.046497 [INFO] WebSocket Request ID: 216, Method: device.dump.ui, Params: {"deviceId":"eus-qualification-pixel7-api35"}
2026/09/22 18:05:42.223639 [INFO] WebSocket Request ID: 217, Method: device.dump.ui, Params: {"deviceId":"eus-qualification-pixel7-api35"}
2026/09/22 18:05:42.406287 [INFO] WebSocket Request ID: 218, Method: device.dump.ui, Params: {"deviceId":"eus-qualification-pixel7-api35"}
2026/09/22 18:05:42.566311 [INFO] WebSocket Request ID: 219, Method: device.dump.ui, Params: {"deviceId":"eus-qualification-pixel7-api35"}
2026/09/22 18:05:42.728153 [INFO] WebSocket Request ID: 220, Method: device.dump.ui, Params: {"deviceId":"eus-qualification-pixel7-api35"}
2026/09/22 18:05:42.889179 [INFO] WebSocket Request ID: 221, Method: device.dump.ui, Params: {"deviceId":"eus-qualification-pixel7-api35"}
2026/09/22 18:05:43.049472 [INFO] WebSocket Request ID: 222, Method: device.dump.ui, Params: {"deviceId":"eus-qualification-pixel7-api35"}
2026/09/22 18:05:43.224779 [INFO] WebSocket Request ID: 223, Method: device.dump.ui, Params: {"deviceId":"eus-qualification-pixel7-api35"}
2026/09/22 18:05:43.411126 [INFO] WebSocket Request ID: 224, Method: device.dump.ui, Params: {"deviceId":"eus-qualification-pixel7-api35"}
2026/09/22 18:05:43.572961 [INFO] WebSocket Request ID: 225, Method: device.dump.ui, Params: {"deviceId":"eus-qualification-pixel7-api35"}
2026/09/22 18:05:43.736399 [INFO] WebSocket Request ID: 226, Method: device.dump.ui, Params: {"deviceId":"eus-qualification-pixel7-api35"}
2026/09/22 18:05:43.903767 [INFO] WebSocket Request ID: 227, Method: device.dump.ui, Params: {"deviceId":"eus-qualification-pixel7-api35"}
2026/09/22 18:05:44.063599 [INFO] WebSocket Request ID: 228, Method: device.dump.ui, Params: {"deviceId":"eus-qualification-pixel7-api35"}
2026/09/22 18:05:44.234597 [INFO] WebSocket Request ID: 229, Method: device.dump.ui, Params: {"deviceId":"eus-qualification-pixel7-api35"}
2026/09/22 18:05:44.420343 [INFO] WebSocket Request ID: 230, Method: device.dump.ui, Params: {"deviceId":"eus-qualification-pixel7-api35"}
2026/09/22 18:05:44.581382 [INFO] WebSocket Request ID: 231, Method: device.dump.ui, Params: {"deviceId":"eus-qualification-pixel7-api35"}
2026/09/22 18:05:44.739034 [INFO] WebSocket Request ID: 232, Method: device.dump.ui, Params: {"deviceId":"eus-qualification-pixel7-api35"}
2026/09/22 18:05:44.897930 [INFO] WebSocket Request ID: 233, Method: device.dump.ui, Params: {"deviceId":"eus-qualification-pixel7-api35"}
2026/09/22 18:05:45.062094 [INFO] WebSocket Request ID: 234, Method: device.dump.ui, Params: {"deviceId":"eus-qualification-pixel7-api35"}
2026/09/22 18:05:45.226511 [INFO] WebSocket Request ID: 235, Method: device.dump.ui, Params: {"deviceId":"eus-qualification-pixel7-api35"}
2026/09/22 18:05:45.418147 [INFO] WebSocket Request ID: 236, Method: device.dump.ui, Params: {"deviceId":"eus-qualification-pixel7-api35"}
2026/09/22 18:05:45.580998 [INFO] WebSocket Request ID: 237, Method: device.dump.ui, Params: {"deviceId":"eus-qualification-pixel7-api35"}
2026/09/22 18:05:45.742767 [INFO] WebSocket Request ID: 238, Method: device.dump.ui, Params: {"deviceId":"eus-qualification-pixel7-api35"}
2026/09/22 18:05:45.903164 [INFO] WebSocket Request ID: 239, Method: device.dump.ui, Params: {"deviceId":"eus-qualification-pixel7-api35"}
2026/09/22 18:05:46.067348 [INFO] WebSocket Request ID: 240, Method: device.dump.ui, Params: {"deviceId":"eus-qualification-pixel7-api35"}
2026/09/22 18:05:46.237037 [INFO] WebSocket Request ID: 241, Method: device.dump.ui, Params: {"deviceId":"eus-qualification-pixel7-api35"}
2026/09/22 18:05:46.425045 [INFO] WebSocket Request ID: 242, Method: device.dump.ui, Params: {"deviceId":"eus-qualification-pixel7-api35"}
2026/09/22 18:05:46.585984 [INFO] WebSocket Request ID: 243, Method: device.dump.ui, Params: {"deviceId":"eus-qualification-pixel7-api35"}
2026/09/22 18:05:46.748966 [INFO] WebSocket Request ID: 244, Method: device.dump.ui, Params: {"deviceId":"eus-qualification-pixel7-api35"}
2026/09/22 18:05:46.909647 [INFO] WebSocket Request ID: 245, Method: device.dump.ui, Params: {"deviceId":"eus-qualification-pixel7-api35"}
2026/09/22 18:05:47.071663 [INFO] WebSocket Request ID: 246, Method: device.dump.ui, Params: {"deviceId":"eus-qualification-pixel7-api35"}
2026/09/22 18:05:47.236284 [INFO] WebSocket Request ID: 247, Method: device.dump.ui, Params: {"deviceId":"eus-qualification-pixel7-api35"}
2026/09/22 18:05:47.423939 [INFO] WebSocket Request ID: 248, Method: device.dump.ui, Params: {"deviceId":"eus-qualification-pixel7-api35"}
2026/09/22 18:05:47.586454 [INFO] WebSocket Request ID: 249, Method: device.dump.ui, Params: {"deviceId":"eus-qualification-pixel7-api35"}
2026/09/22 18:05:47.748702 [INFO] WebSocket Request ID: 250, Method: device.dump.ui, Params: {"deviceId":"eus-qualification-pixel7-api35"}
2026/09/22 18:05:47.911508 [INFO] WebSocket Request ID: 251, Method: device.dump.ui, Params: {"deviceId":"eus-qualification-pixel7-api35"}
2026/09/22 18:05:48.074263 [INFO] WebSocket Request ID: 252, Method: device.dump.ui, Params: {"deviceId":"eus-qualification-pixel7-api35"}
2026/09/22 18:05:48.250857 [INFO] WebSocket Request ID: 253, Method: device.dump.ui, Params: {"deviceId":"eus-qualification-pixel7-api35"}
2026/09/22 18:05:48.440274 [INFO] WebSocket Request ID: 254, Method: device.dump.ui, Params: {"deviceId":"eus-qualification-pixel7-api35"}
2026/09/22 18:05:48.601229 [INFO] WebSocket Request ID: 255, Method: device.dump.ui, Params: {"deviceId":"eus-qualification-pixel7-api35"}
2026/09/22 18:05:48.763051 [INFO] WebSocket Request ID: 256, Method: device.dump.ui, Params: {"deviceId":"eus-qualification-pixel7-api35"}
2026/09/22 18:05:48.929730 [INFO] WebSocket Request ID: 257, Method: device.dump.ui, Params: {"deviceId":"eus-qualification-pixel7-api35"}
2026/09/22 18:05:49.093872 [INFO] WebSocket Request ID: 258, Method: device.dump.ui, Params: {"deviceId":"eus-qualification-pixel7-api35"}
2026/09/22 18:05:49.276319 [INFO] WebSocket Request ID: 259, Method: device.dump.ui, Params: {"deviceId":"eus-qualification-pixel7-api35"}
2026/09/22 18:05:49.461930 [INFO] WebSocket Request ID: 260, Method: device.dump.ui, Params: {"deviceId":"eus-qualification-pixel7-api35"}
2026/09/22 18:05:49.621579 [INFO] WebSocket Request ID: 261, Method: device.dump.ui, Params: {"deviceId":"eus-qualification-pixel7-api35"}
2026/09/22 18:05:49.783640 [INFO] WebSocket Request ID: 262, Method: device.dump.ui, Params: {"deviceId":"eus-qualification-pixel7-api35"}
2026/09/22 18:05:49.943646 [INFO] WebSocket Request ID: 263, Method: device.dump.ui, Params: {"deviceId":"eus-qualification-pixel7-api35"}
2026/09/22 18:05:50.106149 [INFO] WebSocket Request ID: 264, Method: device.dump.ui, Params: {"deviceId":"eus-qualification-pixel7-api35"}
2026/09/22 18:05:50.285394 [INFO] WebSocket Request ID: 265, Method: device.dump.ui, Params: {"deviceId":"eus-qualification-pixel7-api35"}
2026/09/22 18:05:50.470823 [INFO] WebSocket Request ID: 266, Method: device.dump.ui, Params: {"deviceId":"eus-qualification-pixel7-api35"}
2026/09/22 18:05:50.630543 [INFO] WebSocket Request ID: 267, Method: device.dump.ui, Params: {"deviceId":"eus-qualification-pixel7-api35"}
2026/09/22 18:05:50.791596 [INFO] WebSocket Request ID: 268, Method: device.dump.ui, Params: {"deviceId":"eus-qualification-pixel7-api35"}
2026/09/22 18:05:50.950109 [INFO] WebSocket Request ID: 269, Method: device.dump.ui, Params: {"deviceId":"eus-qualification-pixel7-api35"}
2026/09/22 18:05:51.109222 [INFO] WebSocket Request ID: 270, Method: device.dump.ui, Params: {"deviceId":"eus-qualification-pixel7-api35"}
2026/09/22 18:05:51.302348 [INFO] WebSocket Request ID: 271, Method: device.dump.ui, Params: {"deviceId":"eus-qualification-pixel7-api35"}
2026/09/22 18:05:51.488765 [INFO] WebSocket Request ID: 272, Method: device.dump.ui, Params: {"deviceId":"eus-qualification-pixel7-api35"}
2026/09/22 18:05:51.649572 [INFO] WebSocket Request ID: 273, Method: device.dump.ui, Params: {"deviceId":"eus-qualification-pixel7-api35"}
2026/09/22 18:05:51.810781 [INFO] WebSocket Request ID: 274, Method: device.dump.ui, Params: {"deviceId":"eus-qualification-pixel7-api35"}
2026/09/22 18:05:51.970869 [INFO] WebSocket Request ID: 275, Method: device.dump.ui, Params: {"deviceId":"eus-qualification-pixel7-api35"}
2026/09/22 18:05:52.132245 [INFO] WebSocket Request ID: 276, Method: device.dump.ui, Params: {"deviceId":"eus-qualification-pixel7-api35"}
2026/09/22 18:05:52.330432 [INFO] WebSocket Request ID: 277, Method: device.dump.ui, Params: {"deviceId":"eus-qualification-pixel7-api35"}
2026/09/22 18:05:52.514662 [INFO] WebSocket Request ID: 278, Method: device.dump.ui, Params: {"deviceId":"eus-qualification-pixel7-api35"}
2026/09/22 18:05:52.678501 [INFO] WebSocket Request ID: 279, Method: device.dump.ui, Params: {"deviceId":"eus-qualification-pixel7-api35"}
2026/09/22 18:05:52.842305 [INFO] WebSocket Request ID: 280, Method: device.dump.ui, Params: {"deviceId":"eus-qualification-pixel7-api35"}
2026/09/22 18:05:53.005522 [INFO] WebSocket Request ID: 281, Method: device.dump.ui, Params: {"deviceId":"eus-qualification-pixel7-api35"}
2026/09/22 18:05:53.164015 [INFO] WebSocket Request ID: 282, Method: device.dump.ui, Params: {"deviceId":"eus-qualification-pixel7-api35"}
2026/09/22 18:05:53.335543 [INFO] WebSocket Request ID: 283, Method: device.dump.ui, Params: {"deviceId":"eus-qualification-pixel7-api35"}
2026/09/22 18:05:53.522238 [INFO] WebSocket Request ID: 284, Method: device.dump.ui, Params: {"deviceId":"eus-qualification-pixel7-api35"}
2026/09/22 18:05:53.680239 [INFO] WebSocket Request ID: 285, Method: device.dump.ui, Params: {"deviceId":"eus-qualification-pixel7-api35"}
2026/09/22 18:05:53.846162 [INFO] WebSocket Request ID: 286, Method: device.dump.ui, Params: {"deviceId":"eus-qualification-pixel7-api35"}
2026/09/22 18:05:54.006545 [INFO] WebSocket Request ID: 287, Method: device.dump.ui, Params: {"deviceId":"eus-qualification-pixel7-api35"}
2026/09/22 18:05:54.163590 [INFO] WebSocket Request ID: 288, Method: device.dump.ui, Params: {"deviceId":"eus-qualification-pixel7-api35"}
2026/09/22 18:05:54.341255 [INFO] WebSocket Request ID: 289, Method: device.dump.ui, Params: {"deviceId":"eus-qualification-pixel7-api35"}
2026/09/22 18:05:54.527182 [INFO] WebSocket Request ID: 290, Method: device.dump.ui, Params: {"deviceId":"eus-qualification-pixel7-api35"}
2026/09/22 18:05:54.691077 [INFO] WebSocket Request ID: 291, Method: device.dump.ui, Params: {"deviceId":"eus-qualification-pixel7-api35"}
2026/09/22 18:05:54.850530 [INFO] WebSocket Request ID: 292, Method: device.dump.ui, Params: {"deviceId":"eus-qualification-pixel7-api35"}
2026/09/22 18:05:55.012025 [INFO] WebSocket Request ID: 293, Method: device.dump.ui, Params: {"deviceId":"eus-qualification-pixel7-api35"}
2026/09/22 18:05:55.175046 [INFO] WebSocket Request ID: 294, Method: device.dump.ui, Params: {"deviceId":"eus-qualification-pixel7-api35"}
2026/09/22 18:05:55.347829 [INFO] WebSocket Request ID: 295, Method: device.dump.ui, Params: {"deviceId":"eus-qualification-pixel7-api35"}
2026/09/22 18:05:55.533360 [INFO] WebSocket Request ID: 296, Method: device.dump.ui, Params: {"deviceId":"eus-qualification-pixel7-api35"}
2026/09/22 18:05:55.691956 [INFO] WebSocket Request ID: 297, Method: device.dump.ui, Params: {"deviceId":"eus-qualification-pixel7-api35"}
2026/09/22 18:05:55.855318 [INFO] WebSocket Request ID: 298, Method: device.dump.ui, Params: {"deviceId":"eus-qualification-pixel7-api35"}
2026/09/22 18:05:56.013954 [INFO] WebSocket Request ID: 299, Method: device.dump.ui, Params: {"deviceId":"eus-qualification-pixel7-api35"}
2026/09/22 18:05:56.171401 [INFO] WebSocket Request ID: 300, Method: device.dump.ui, Params: {"deviceId":"eus-qualification-pixel7-api35"}
2026/09/22 18:05:56.339835 [INFO] WebSocket Request ID: 301, Method: device.dump.ui, Params: {"deviceId":"eus-qualification-pixel7-api35"}
2026/09/22 18:05:56.526220 [INFO] WebSocket Request ID: 302, Method: device.dump.ui, Params: {"deviceId":"eus-qualification-pixel7-api35"}
2026/09/22 18:05:56.687297 [INFO] WebSocket Request ID: 303, Method: device.dump.ui, Params: {"deviceId":"eus-qualification-pixel7-api35"}
2026/09/22 18:05:56.847312 [INFO] WebSocket Request ID: 304, Method: device.dump.ui, Params: {"deviceId":"eus-qualification-pixel7-api35"}
2026/09/22 18:05:57.009791 [INFO] WebSocket Request ID: 305, Method: device.dump.ui, Params: {"deviceId":"eus-qualification-pixel7-api35"}
2026/09/22 18:05:57.170768 [INFO] WebSocket Request ID: 306, Method: device.dump.ui, Params: {"deviceId":"eus-qualification-pixel7-api35"}
2026/09/22 18:05:57.345866 [INFO] WebSocket Request ID: 307, Method: device.dump.ui, Params: {"deviceId":"eus-qualification-pixel7-api35"}
2026/09/22 18:05:57.535694 [INFO] WebSocket Request ID: 308, Method: device.dump.ui, Params: {"deviceId":"eus-qualification-pixel7-api35"}
2026/09/22 18:05:57.698945 [INFO] WebSocket Request ID: 309, Method: device.dump.ui, Params: {"deviceId":"eus-qualification-pixel7-api35"}
2026/09/22 18:05:57.865089 [INFO] WebSocket Request ID: 310, Method: device.dump.ui, Params: {"deviceId":"eus-qualification-pixel7-api35"}
2026/09/22 18:05:58.028580 [INFO] WebSocket Request ID: 311, Method: device.dump.ui, Params: {"deviceId":"eus-qualification-pixel7-api35"}
2026/09/22 18:05:58.189297 [INFO] WebSocket Request ID: 312, Method: device.dump.ui, Params: {"deviceId":"eus-qualification-pixel7-api35"}
2026/09/22 18:05:58.362548 [INFO] WebSocket Request ID: 313, Method: device.dump.ui, Params: {"deviceId":"eus-qualification-pixel7-api35"}
2026/09/22 18:05:58.549075 [INFO] WebSocket Request ID: 314, Method: device.dump.ui, Params: {"deviceId":"eus-qualification-pixel7-api35"}
2026/09/22 18:05:58.710115 [INFO] WebSocket Request ID: 315, Method: device.dump.ui, Params: {"deviceId":"eus-qualification-pixel7-api35"}
2026/09/22 18:05:58.870270 [INFO] WebSocket Request ID: 316, Method: device.dump.ui, Params: {"deviceId":"eus-qualification-pixel7-api35"}
2026/09/22 18:05:59.040653 [INFO] WebSocket Request ID: 317, Method: device.dump.ui, Params: {"deviceId":"eus-qualification-pixel7-api35"}
2026/09/22 18:05:59.205105 [INFO] WebSocket Request ID: 318, Method: device.dump.ui, Params: {"deviceId":"eus-qualification-pixel7-api35"}
2026/09/22 18:05:59.374006 [INFO] WebSocket Request ID: 319, Method: device.dump.ui, Params: {"deviceId":"eus-qualification-pixel7-api35"}
2026/09/22 18:05:59.558785 [INFO] WebSocket Request ID: 320, Method: device.dump.ui, Params: {"deviceId":"eus-qualification-pixel7-api35"}
2026/09/22 18:05:59.722881 [INFO] WebSocket Request ID: 321, Method: device.dump.ui, Params: {"deviceId":"eus-qualification-pixel7-api35"}
2026/09/22 18:05:59.885030 [INFO] WebSocket Request ID: 322, Method: device.dump.ui, Params: {"deviceId":"eus-qualification-pixel7-api35"}
2026/09/22 18:06:00.047693 [INFO] WebSocket Request ID: 323, Method: device.dump.ui, Params: {"deviceId":"eus-qualification-pixel7-api35"}
2026/09/22 18:06:00.209678 [INFO] WebSocket Request ID: 324, Method: device.dump.ui, Params: {"deviceId":"eus-qualification-pixel7-api35"}
2026/09/22 18:06:00.379654 [INFO] WebSocket Request ID: 325, Method: device.dump.ui, Params: {"deviceId":"eus-qualification-pixel7-api35"}
2026/09/22 18:06:00.569637 [INFO] WebSocket Request ID: 326, Method: device.dump.ui, Params: {"deviceId":"eus-qualification-pixel7-api35"}
2026/09/22 18:06:01.306949 [INFO] WebSocket Request ID: 327, Method: device.dump.ui, Params: {"deviceId":"eus-qualification-pixel7-api35"}
2026/09/22 18:06:01.472047 [INFO] WebSocket Request ID: 328, Method: device.dump.ui, Params: {"deviceId":"eus-qualification-pixel7-api35"}
2026/09/22 18:06:01.633003 [INFO] WebSocket Request ID: 329, Method: device.dump.ui, Params: {"deviceId":"eus-qualification-pixel7-api35"}
2026/09/22 18:06:01.794731 [INFO] WebSocket Request ID: 330, Method: device.dump.ui, Params: {"deviceId":"eus-qualification-pixel7-api35"}
2026/09/22 18:06:01.964824 [INFO] WebSocket Request ID: 331, Method: device.dump.ui, Params: {"deviceId":"eus-qualification-pixel7-api35"}
2026/09/22 18:06:02.153193 [INFO] WebSocket Request ID: 332, Method: device.dump.ui, Params: {"deviceId":"eus-qualification-pixel7-api35"}
2026/09/22 18:06:02.315763 [INFO] WebSocket Request ID: 333, Method: device.dump.ui, Params: {"deviceId":"eus-qualification-pixel7-api35"}
2026/09/22 18:06:02.476821 [INFO] WebSocket Request ID: 334, Method: device.dump.ui, Params: {"deviceId":"eus-qualification-pixel7-api35"}
2026/09/22 18:06:02.636635 [INFO] WebSocket Request ID: 335, Method: device.dump.ui, Params: {"deviceId":"eus-qualification-pixel7-api35"}
2026/09/22 18:06:02.798700 [INFO] WebSocket Request ID: 336, Method: device.dump.ui, Params: {"deviceId":"eus-qualification-pixel7-api35"}
2026/09/22 18:06:02.969872 [INFO] WebSocket Request ID: 337, Method: device.dump.ui, Params: {"deviceId":"eus-qualification-pixel7-api35"}
2026/09/22 18:06:03.154926 [INFO] WebSocket Request ID: 338, Method: device.dump.ui, Params: {"deviceId":"eus-qualification-pixel7-api35"}
2026/09/22 18:06:03.317159 [INFO] WebSocket Request ID: 339, Method: device.dump.ui, Params: {"deviceId":"eus-qualification-pixel7-api35"}
2026/09/22 18:06:03.478248 [INFO] WebSocket Request ID: 340, Method: device.dump.ui, Params: {"deviceId":"eus-qualification-pixel7-api35"}
2026/09/22 18:06:03.640506 [INFO] WebSocket Request ID: 341, Method: device.dump.ui, Params: {"deviceId":"eus-qualification-pixel7-api35"}
2026/09/22 18:06:03.802621 [INFO] WebSocket Request ID: 342, Method: device.dump.ui, Params: {"deviceId":"eus-qualification-pixel7-api35"}
2026/09/22 18:06:03.967257 [INFO] WebSocket Request ID: 343, Method: device.dump.ui, Params: {"deviceId":"eus-qualification-pixel7-api35"}
2026/09/22 18:06:04.159155 [INFO] WebSocket Request ID: 344, Method: device.dump.ui, Params: {"deviceId":"eus-qualification-pixel7-api35"}
2026/09/22 18:06:04.317813 [INFO] WebSocket Request ID: 345, Method: device.dump.ui, Params: {"deviceId":"eus-qualification-pixel7-api35"}
2026/09/22 18:06:04.477978 [INFO] WebSocket Request ID: 346, Method: device.dump.ui, Params: {"deviceId":"eus-qualification-pixel7-api35"}
2026/09/22 18:06:04.638483 [INFO] WebSocket Request ID: 347, Method: device.dump.ui, Params: {"deviceId":"eus-qualification-pixel7-api35"}
2026/09/22 18:06:04.797733 [INFO] WebSocket Request ID: 348, Method: device.dump.ui, Params: {"deviceId":"eus-qualification-pixel7-api35"}
2026/09/22 18:06:04.965374 [INFO] WebSocket Request ID: 349, Method: device.dump.ui, Params: {"deviceId":"eus-qualification-pixel7-api35"}
2026/09/22 18:06:05.156464 [INFO] WebSocket Request ID: 350, Method: device.dump.ui, Params: {"deviceId":"eus-qualification-pixel7-api35"}
2026/09/22 18:06:05.321148 [INFO] WebSocket Request ID: 351, Method: device.dump.ui, Params: {"deviceId":"eus-qualification-pixel7-api35"}
2026/09/22 18:06:05.482987 [INFO] WebSocket Request ID: 352, Method: device.dump.ui, Params: {"deviceId":"eus-qualification-pixel7-api35"}
2026/09/22 18:06:05.642665 [INFO] WebSocket Request ID: 353, Method: device.dump.ui, Params: {"deviceId":"eus-qualification-pixel7-api35"}
2026/09/22 18:06:05.805313 [INFO] WebSocket Request ID: 354, Method: device.dump.ui, Params: {"deviceId":"eus-qualification-pixel7-api35"}
2026/09/22 18:06:05.974716 [INFO] WebSocket Request ID: 355, Method: device.dump.ui, Params: {"deviceId":"eus-qualification-pixel7-api35"}
2026/09/22 18:06:06.162116 [INFO] WebSocket Request ID: 356, Method: device.dump.ui, Params: {"deviceId":"eus-qualification-pixel7-api35"}
2026/09/22 18:06:06.330146 [INFO] WebSocket Request ID: 357, Method: device.dump.ui, Params: {"deviceId":"eus-qualification-pixel7-api35"}
2026/09/22 18:06:06.492673 [INFO] WebSocket Request ID: 358, Method: device.dump.ui, Params: {"deviceId":"eus-qualification-pixel7-api35"}
2026/09/22 18:06:06.659078 [INFO] WebSocket Request ID: 359, Method: device.dump.ui, Params: {"deviceId":"eus-qualification-pixel7-api35"}
2026/09/22 18:06:06.820089 [INFO] WebSocket Request ID: 360, Method: device.dump.ui, Params: {"deviceId":"eus-qualification-pixel7-api35"}
2026/09/22 18:06:06.984346 [INFO] WebSocket Request ID: 361, Method: device.dump.ui, Params: {"deviceId":"eus-qualification-pixel7-api35"}
2026/09/22 18:06:07.171295 [INFO] WebSocket Request ID: 362, Method: device.dump.ui, Params: {"deviceId":"eus-qualification-pixel7-api35"}
2026/09/22 18:06:07.336391 [INFO] WebSocket Request ID: 363, Method: device.dump.ui, Params: {"deviceId":"eus-qualification-pixel7-api35"}
2026/09/22 18:06:07.500128 [INFO] WebSocket Request ID: 364, Method: device.dump.ui, Params: {"deviceId":"eus-qualification-pixel7-api35"}
2026/09/22 18:06:07.661041 [INFO] WebSocket Request ID: 365, Method: device.dump.ui, Params: {"deviceId":"eus-qualification-pixel7-api35"}
2026/09/22 18:06:07.824118 [INFO] WebSocket Request ID: 366, Method: device.dump.ui, Params: {"deviceId":"eus-qualification-pixel7-api35"}
2026/09/22 18:06:07.991228 [INFO] WebSocket Request ID: 367, Method: device.dump.ui, Params: {"deviceId":"eus-qualification-pixel7-api35"}
2026/09/22 18:06:08.184199 [INFO] WebSocket Request ID: 368, Method: device.dump.ui, Params: {"deviceId":"eus-qualification-pixel7-api35"}
2026/09/22 18:06:08.346671 [INFO] WebSocket Request ID: 369, Method: device.dump.ui, Params: {"deviceId":"eus-qualification-pixel7-api35"}
2026/09/22 18:06:08.512702 [INFO] WebSocket Request ID: 370, Method: device.dump.ui, Params: {"deviceId":"eus-qualification-pixel7-api35"}
2026/09/22 18:06:08.674041 [INFO] WebSocket Request ID: 371, Method: device.dump.ui, Params: {"deviceId":"eus-qualification-pixel7-api35"}
2026/09/22 18:06:08.837352 [INFO] WebSocket Request ID: 372, Method: device.dump.ui, Params: {"deviceId":"eus-qualification-pixel7-api35"}
2026/09/22 18:06:09.000057 [INFO] WebSocket Request ID: 373, Method: device.dump.ui, Params: {"deviceId":"eus-qualification-pixel7-api35"}
2026/09/22 18:06:09.187131 [INFO] WebSocket Request ID: 374, Method: device.dump.ui, Params: {"deviceId":"eus-qualification-pixel7-api35"}
2026/09/22 18:06:09.349150 [INFO] WebSocket Request ID: 375, Method: device.dump.ui, Params: {"deviceId":"eus-qualification-pixel7-api35"}
2026/09/22 18:06:09.512539 [INFO] WebSocket Request ID: 376, Method: device.dump.ui, Params: {"deviceId":"eus-qualification-pixel7-api35"}
2026/09/22 18:06:09.673150 [INFO] WebSocket Request ID: 377, Method: device.dump.ui, Params: {"deviceId":"eus-qualification-pixel7-api35"}
2026/09/22 18:06:09.837954 [INFO] WebSocket Request ID: 378, Method: device.dump.ui, Params: {"deviceId":"eus-qualification-pixel7-api35"}
2026/09/22 18:06:10.005332 [INFO] WebSocket Request ID: 379, Method: device.dump.ui, Params: {"deviceId":"eus-qualification-pixel7-api35"}
2026/09/22 18:06:10.198665 [INFO] WebSocket Request ID: 380, Method: device.dump.ui, Params: {"deviceId":"eus-qualification-pixel7-api35"}
2026/09/22 18:06:10.361664 [INFO] WebSocket Request ID: 381, Method: device.dump.ui, Params: {"deviceId":"eus-qualification-pixel7-api35"}
2026/09/22 18:06:10.522960 [INFO] WebSocket Request ID: 382, Method: device.dump.ui, Params: {"deviceId":"eus-qualification-pixel7-api35"}
2026/09/22 18:06:10.687352 [INFO] WebSocket Request ID: 383, Method: device.dump.ui, Params: {"deviceId":"eus-qualification-pixel7-api35"}
2026/09/22 18:06:10.850926 [INFO] WebSocket Request ID: 384, Method: device.dump.ui, Params: {"deviceId":"eus-qualification-pixel7-api35"}
2026/09/22 18:06:11.013550 [INFO] WebSocket Request ID: 385, Method: device.dump.ui, Params: {"deviceId":"eus-qualification-pixel7-api35"}
2026/09/22 18:06:11.185450 [INFO] WebSocket Request ID: 386, Method: device.dump.ui, Params: {"deviceId":"eus-qualification-pixel7-api35"}
2026/09/22 18:06:11.373853 [INFO] WebSocket Request ID: 387, Method: device.dump.ui, Params: {"deviceId":"eus-qualification-pixel7-api35"}
2026/09/22 18:06:11.533097 [INFO] WebSocket Request ID: 388, Method: device.dump.ui, Params: {"deviceId":"eus-qualification-pixel7-api35"}
2026/09/22 18:06:11.695761 [INFO] WebSocket Request ID: 389, Method: device.dump.ui, Params: {"deviceId":"eus-qualification-pixel7-api35"}
2026/09/22 18:06:11.857777 [INFO] WebSocket Request ID: 390, Method: device.dump.ui, Params: {"deviceId":"eus-qualification-pixel7-api35"}
2026/09/22 18:06:12.019604 [INFO] WebSocket Request ID: 391, Method: device.dump.ui, Params: {"deviceId":"eus-qualification-pixel7-api35"}
2026/09/22 18:06:12.189192 [INFO] WebSocket Request ID: 392, Method: device.dump.ui, Params: {"deviceId":"eus-qualification-pixel7-api35"}
2026/09/22 18:06:12.378176 [INFO] WebSocket Request ID: 393, Method: device.dump.ui, Params: {"deviceId":"eus-qualification-pixel7-api35"}
2026/09/22 18:06:12.538195 [INFO] WebSocket Request ID: 394, Method: device.dump.ui, Params: {"deviceId":"eus-qualification-pixel7-api35"}
2026/09/22 18:06:12.697205 [INFO] WebSocket Request ID: 395, Method: device.dump.ui, Params: {"deviceId":"eus-qualification-pixel7-api35"}
2026/09/22 18:06:12.864824 [INFO] WebSocket Request ID: 396, Method: device.dump.ui, Params: {"deviceId":"eus-qualification-pixel7-api35"}
2026/09/22 18:06:13.036427 [INFO] WebSocket Request ID: 397, Method: device.dump.ui, Params: {"deviceId":"eus-qualification-pixel7-api35"}
2026/09/22 18:06:13.196955 [INFO] WebSocket Request ID: 398, Method: device.dump.ui, Params: {"deviceId":"eus-qualification-pixel7-api35"}
2026/09/22 18:06:13.386007 [INFO] WebSocket Request ID: 399, Method: device.dump.ui, Params: {"deviceId":"eus-qualification-pixel7-api35"}
2026/09/22 18:06:13.546842 [INFO] WebSocket Request ID: 400, Method: device.dump.ui, Params: {"deviceId":"eus-qualification-pixel7-api35"}
2026/09/22 18:06:13.708683 [INFO] WebSocket Request ID: 401, Method: device.dump.ui, Params: {"deviceId":"eus-qualification-pixel7-api35"}
2026/09/22 18:06:13.871375 [INFO] WebSocket Request ID: 402, Method: device.dump.ui, Params: {"deviceId":"eus-qualification-pixel7-api35"}
2026/09/22 18:06:14.031511 [INFO] WebSocket Request ID: 403, Method: device.dump.ui, Params: {"deviceId":"eus-qualification-pixel7-api35"}
2026/09/22 18:06:14.198020 [INFO] WebSocket Request ID: 404, Method: device.dump.ui, Params: {"deviceId":"eus-qualification-pixel7-api35"}
2026/09/22 18:06:14.383640 [INFO] WebSocket Request ID: 405, Method: device.dump.ui, Params: {"deviceId":"eus-qualification-pixel7-api35"}
2026/09/22 18:06:14.548507 [INFO] WebSocket Request ID: 406, Method: device.dump.ui, Params: {"deviceId":"eus-qualification-pixel7-api35"}
2026/09/22 18:06:14.710092 [INFO] WebSocket Request ID: 407, Method: device.dump.ui, Params: {"deviceId":"eus-qualification-pixel7-api35"}
2026/09/22 18:06:14.872455 [INFO] WebSocket Request ID: 408, Method: device.dump.ui, Params: {"deviceId":"eus-qualification-pixel7-api35"}
2026/09/22 18:06:15.037323 [INFO] WebSocket Request ID: 409, Method: device.dump.ui, Params: {"deviceId":"eus-qualification-pixel7-api35"}
2026/09/22 18:06:15.199541 [INFO] WebSocket Request ID: 410, Method: device.dump.ui, Params: {"deviceId":"eus-qualification-pixel7-api35"}
2026/09/22 18:06:15.387476 [INFO] WebSocket Request ID: 411, Method: device.dump.ui, Params: {"deviceId":"eus-qualification-pixel7-api35"}
2026/09/22 18:06:15.549444 [INFO] WebSocket Request ID: 412, Method: device.dump.ui, Params: {"deviceId":"eus-qualification-pixel7-api35"}
2026/09/22 18:06:15.711076 [INFO] WebSocket Request ID: 413, Method: device.dump.ui, Params: {"deviceId":"eus-qualification-pixel7-api35"}
2026/09/22 18:06:15.874610 [INFO] WebSocket Request ID: 414, Method: device.dump.ui, Params: {"deviceId":"eus-qualification-pixel7-api35"}
2026/09/22 18:06:16.039144 [INFO] WebSocket Request ID: 415, Method: device.dump.ui, Params: {"deviceId":"eus-qualification-pixel7-api35"}
2026/09/22 18:06:16.202059 [INFO] WebSocket Request ID: 416, Method: device.dump.ui, Params: {"deviceId":"eus-qualification-pixel7-api35"}
2026/09/22 18:06:16.391953 [INFO] WebSocket Request ID: 417, Method: device.dump.ui, Params: {"deviceId":"eus-qualification-pixel7-api35"}
2026/09/22 18:06:16.556678 [INFO] WebSocket Request ID: 418, Method: device.dump.ui, Params: {"deviceId":"eus-qualification-pixel7-api35"}
2026/09/22 18:06:16.718553 [INFO] WebSocket Request ID: 419, Method: device.dump.ui, Params: {"deviceId":"eus-qualification-pixel7-api35"}
2026/09/22 18:06:16.880662 [INFO] WebSocket Request ID: 420, Method: device.dump.ui, Params: {"deviceId":"eus-qualification-pixel7-api35"}
2026/09/22 18:06:17.043606 [INFO] WebSocket Request ID: 421, Method: device.dump.ui, Params: {"deviceId":"eus-qualification-pixel7-api35"}
2026/09/22 18:06:17.205976 [INFO] WebSocket Request ID: 422, Method: device.dump.ui, Params: {"deviceId":"eus-qualification-pixel7-api35"}
2026/09/22 18:06:17.394309 [INFO] WebSocket Request ID: 423, Method: device.dump.ui, Params: {"deviceId":"eus-qualification-pixel7-api35"}
2026/09/22 18:06:17.555501 [INFO] WebSocket Request ID: 424, Method: device.dump.ui, Params: {"deviceId":"eus-qualification-pixel7-api35"}
2026/09/22 18:06:17.717214 [INFO] WebSocket Request ID: 425, Method: device.dump.ui, Params: {"deviceId":"eus-qualification-pixel7-api35"}
2026/09/22 18:06:17.880163 [INFO] WebSocket Request ID: 426, Method: device.dump.ui, Params: {"deviceId":"eus-qualification-pixel7-api35"}
2026/09/22 18:06:18.043046 [INFO] WebSocket Request ID: 427, Method: device.dump.ui, Params: {"deviceId":"eus-qualification-pixel7-api35"}
2026/09/22 18:06:18.210710 [INFO] WebSocket Request ID: 428, Method: device.dump.ui, Params: {"deviceId":"eus-qualification-pixel7-api35"}
2026/09/22 18:06:18.400203 [INFO] WebSocket Request ID: 429, Method: device.dump.ui, Params: {"deviceId":"eus-qualification-pixel7-api35"}
2026/09/22 18:06:18.561668 [INFO] WebSocket Request ID: 430, Method: device.dump.ui, Params: {"deviceId":"eus-qualification-pixel7-api35"}
2026/09/22 18:06:18.723932 [INFO] WebSocket Request ID: 431, Method: device.dump.ui, Params: {"deviceId":"eus-qualification-pixel7-api35"}
2026/09/22 18:06:18.889000 [INFO] WebSocket Request ID: 432, Method: device.dump.ui, Params: {"deviceId":"eus-qualification-pixel7-api35"}
2026/09/22 18:06:19.049094 [INFO] WebSocket Request ID: 433, Method: device.dump.ui, Params: {"deviceId":"eus-qualification-pixel7-api35"}
2026/09/22 18:06:19.210298 [INFO] WebSocket Request ID: 434, Method: device.dump.ui, Params: {"deviceId":"eus-qualification-pixel7-api35"}
2026/09/22 18:06:19.399143 [INFO] WebSocket Request ID: 435, Method: device.dump.ui, Params: {"deviceId":"eus-qualification-pixel7-api35"}
2026/09/22 18:06:19.560936 [INFO] WebSocket Request ID: 436, Method: device.dump.ui, Params: {"deviceId":"eus-qualification-pixel7-api35"}
2026/09/22 18:06:19.734005 [INFO] WebSocket Request ID: 437, Method: device.dump.ui, Params: {"deviceId":"eus-qualification-pixel7-api35"}
2026/09/22 18:06:19.897514 [INFO] WebSocket Request ID: 438, Method: device.dump.ui, Params: {"deviceId":"eus-qualification-pixel7-api35"}
2026/09/22 18:06:20.061561 [INFO] WebSocket Request ID: 439, Method: device.dump.ui, Params: {"deviceId":"eus-qualification-pixel7-api35"}
2026/09/22 18:06:20.226565 [INFO] WebSocket Request ID: 440, Method: device.dump.ui, Params: {"deviceId":"eus-qualification-pixel7-api35"}
2026/09/22 18:06:20.412049 [INFO] WebSocket Request ID: 441, Method: device.dump.ui, Params: {"deviceId":"eus-qualification-pixel7-api35"}
2026/09/22 18:06:20.571495 [INFO] WebSocket Request ID: 442, Method: device.dump.ui, Params: {"deviceId":"eus-qualification-pixel7-api35"}
2026/09/22 18:06:20.736322 [INFO] WebSocket Request ID: 443, Method: device.dump.ui, Params: {"deviceId":"eus-qualification-pixel7-api35"}
2026/09/22 18:06:20.902609 [INFO] WebSocket Request ID: 444, Method: device.dump.ui, Params: {"deviceId":"eus-qualification-pixel7-api35"}
2026/09/22 18:06:21.062382 [INFO] WebSocket Request ID: 445, Method: device.dump.ui, Params: {"deviceId":"eus-qualification-pixel7-api35"}
2026/09/22 18:06:21.234500 [INFO] WebSocket Request ID: 446, Method: device.dump.ui, Params: {"deviceId":"eus-qualification-pixel7-api35"}
2026/09/22 18:06:21.420646 [INFO] WebSocket Request ID: 447, Method: device.dump.ui, Params: {"deviceId":"eus-qualification-pixel7-api35"}
2026/09/22 18:06:21.582243 [INFO] WebSocket Request ID: 448, Method: device.dump.ui, Params: {"deviceId":"eus-qualification-pixel7-api35"}
2026/09/22 18:06:21.745492 [INFO] WebSocket Request ID: 449, Method: device.dump.ui, Params: {"deviceId":"eus-qualification-pixel7-api35"}
2026/09/22 18:06:21.908738 [INFO] WebSocket Request ID: 450, Method: device.dump.ui, Params: {"deviceId":"eus-qualification-pixel7-api35"}
2026/09/22 18:06:22.076669 [INFO] WebSocket Request ID: 451, Method: device.dump.ui, Params: {"deviceId":"eus-qualification-pixel7-api35"}
2026/09/22 18:06:22.239040 [INFO] WebSocket Request ID: 452, Method: device.dump.ui, Params: {"deviceId":"eus-qualification-pixel7-api35"}
2026/09/22 18:06:22.407015 [INFO] WebSocket Request ID: 453, Method: device.dump.ui, Params: {"deviceId":"eus-qualification-pixel7-api35"}
2026/09/22 18:06:22.596604 [INFO] WebSocket Request ID: 454, Method: device.dump.ui, Params: {"deviceId":"eus-qualification-pixel7-api35"}
2026/09/22 18:06:22.758406 [INFO] WebSocket Request ID: 455, Method: device.dump.ui, Params: {"deviceId":"eus-qualification-pixel7-api35"}
2026/09/22 18:06:22.920075 [INFO] WebSocket Request ID: 456, Method: device.dump.ui, Params: {"deviceId":"eus-qualification-pixel7-api35"}
2026/09/22 18:06:23.081268 [INFO] WebSocket Request ID: 457, Method: device.dump.ui, Params: {"deviceId":"eus-qualification-pixel7-api35"}
2026/09/22 18:06:23.241520 [INFO] WebSocket Request ID: 458, Method: device.dump.ui, Params: {"deviceId":"eus-qualification-pixel7-api35"}
2026/09/22 18:06:23.411409 [INFO] WebSocket Request ID: 459, Method: device.dump.ui, Params: {"deviceId":"eus-qualification-pixel7-api35"}
2026/09/22 18:06:23.598893 [INFO] WebSocket Request ID: 460, Method: device.dump.ui, Params: {"deviceId":"eus-qualification-pixel7-api35"}
2026/09/22 18:06:23.757624 [INFO] WebSocket Request ID: 461, Method: device.dump.ui, Params: {"deviceId":"eus-qualification-pixel7-api35"}
2026/09/22 18:06:23.922904 [INFO] WebSocket Request ID: 462, Method: device.dump.ui, Params: {"deviceId":"eus-qualification-pixel7-api35"}
2026/09/22 18:06:24.083864 [INFO] WebSocket Request ID: 463, Method: device.dump.ui, Params: {"deviceId":"eus-qualification-pixel7-api35"}
2026/09/22 18:06:24.245405 [INFO] WebSocket Request ID: 464, Method: device.dump.ui, Params: {"deviceId":"eus-qualification-pixel7-api35"}
2026/09/22 18:06:24.407847 [INFO] WebSocket Request ID: 465, Method: device.dump.ui, Params: {"deviceId":"eus-qualification-pixel7-api35"}
2026/09/22 18:06:24.595159 [INFO] WebSocket Request ID: 466, Method: device.dump.ui, Params: {"deviceId":"eus-qualification-pixel7-api35"}
2026/09/22 18:06:24.758378 [INFO] WebSocket Request ID: 467, Method: device.dump.ui, Params: {"deviceId":"eus-qualification-pixel7-api35"}
2026/09/22 18:06:24.921212 [INFO] WebSocket Request ID: 468, Method: device.dump.ui, Params: {"deviceId":"eus-qualification-pixel7-api35"}
2026/09/22 18:06:25.082296 [INFO] WebSocket Request ID: 469, Method: device.dump.ui, Params: {"deviceId":"eus-qualification-pixel7-api35"}
2026/09/22 18:06:25.243270 [INFO] WebSocket Request ID: 470, Method: device.dump.ui, Params: {"deviceId":"eus-qualification-pixel7-api35"}
2026/09/22 18:06:25.412552 [INFO] WebSocket Request ID: 471, Method: device.dump.ui, Params: {"deviceId":"eus-qualification-pixel7-api35"}
2026/09/22 18:06:25.600718 [INFO] WebSocket Request ID: 472, Method: device.dump.ui, Params: {"deviceId":"eus-qualification-pixel7-api35"}
2026/09/22 18:06:25.763970 [INFO] WebSocket Request ID: 473, Method: device.dump.ui, Params: {"deviceId":"eus-qualification-pixel7-api35"}
2026/09/22 18:06:25.929182 [INFO] WebSocket Request ID: 474, Method: device.dump.ui, Params: {"deviceId":"eus-qualification-pixel7-api35"}
2026/09/22 18:06:26.091020 [INFO] WebSocket Request ID: 475, Method: device.dump.ui, Params: {"deviceId":"eus-qualification-pixel7-api35"}
2026/09/22 18:06:26.254900 [INFO] WebSocket Request ID: 476, Method: device.dump.ui, Params: {"deviceId":"eus-qualification-pixel7-api35"}
2026/09/22 18:06:26.424716 [INFO] WebSocket Request ID: 477, Method: device.dump.ui, Params: {"deviceId":"eus-qualification-pixel7-api35"}
2026/09/22 18:06:26.619693 [INFO] WebSocket Request ID: 478, Method: device.dump.ui, Params: {"deviceId":"eus-qualification-pixel7-api35"}
2026/09/22 18:06:26.780395 [INFO] WebSocket Request ID: 479, Method: device.dump.ui, Params: {"deviceId":"eus-qualification-pixel7-api35"}
2026/09/22 18:06:26.940965 [INFO] WebSocket Request ID: 480, Method: device.dump.ui, Params: {"deviceId":"eus-qualification-pixel7-api35"}
2026/09/22 18:06:27.103751 [INFO] WebSocket Request ID: 481, Method: device.dump.ui, Params: {"deviceId":"eus-qualification-pixel7-api35"}
2026/09/22 18:06:27.267487 [INFO] WebSocket Request ID: 482, Method: device.dump.ui, Params: {"deviceId":"eus-qualification-pixel7-api35"}
2026/09/22 18:06:27.437853 [INFO] WebSocket Request ID: 483, Method: device.dump.ui, Params: {"deviceId":"eus-qualification-pixel7-api35"}
2026/09/22 18:06:27.628482 [INFO] WebSocket Request ID: 484, Method: device.dump.ui, Params: {"deviceId":"eus-qualification-pixel7-api35"}
2026/09/22 18:06:27.793591 [INFO] WebSocket Request ID: 485, Method: device.dump.ui, Params: {"deviceId":"eus-qualification-pixel7-api35"}
2026/09/22 18:06:27.954677 [INFO] WebSocket Request ID: 486, Method: device.dump.ui, Params: {"deviceId":"eus-qualification-pixel7-api35"}
2026/09/22 18:06:28.118294 [INFO] WebSocket Request ID: 487, Method: device.dump.ui, Params: {"deviceId":"eus-qualification-pixel7-api35"}
2026/09/22 18:06:28.278384 [INFO] WebSocket Request ID: 488, Method: device.dump.ui, Params: {"deviceId":"eus-qualification-pixel7-api35"}
2026/09/22 18:06:28.441510 [INFO] WebSocket Request ID: 489, Method: device.dump.ui, Params: {"deviceId":"eus-qualification-pixel7-api35"}
2026/09/22 18:06:28.628441 [INFO] WebSocket Request ID: 490, Method: device.dump.ui, Params: {"deviceId":"eus-qualification-pixel7-api35"}
2026/09/22 18:06:28.792014 [INFO] WebSocket Request ID: 491, Method: device.dump.ui, Params: {"deviceId":"eus-qualification-pixel7-api35"}
2026/09/22 18:06:28.958700 [INFO] WebSocket Request ID: 492, Method: device.dump.ui, Params: {"deviceId":"eus-qualification-pixel7-api35"}
2026/09/22 18:06:29.121555 [INFO] WebSocket Request ID: 493, Method: device.dump.ui, Params: {"deviceId":"eus-qualification-pixel7-api35"}
2026/09/22 18:06:29.285085 [INFO] WebSocket Request ID: 494, Method: device.dump.ui, Params: {"deviceId":"eus-qualification-pixel7-api35"}
2026/09/22 18:06:29.447189 [INFO] WebSocket Request ID: 495, Method: device.dump.ui, Params: {"deviceId":"eus-qualification-pixel7-api35"}
2026/09/22 18:06:29.634708 [INFO] WebSocket Request ID: 496, Method: device.dump.ui, Params: {"deviceId":"eus-qualification-pixel7-api35"}
2026/09/22 18:06:29.796897 [INFO] WebSocket Request ID: 497, Method: device.dump.ui, Params: {"deviceId":"eus-qualification-pixel7-api35"}
2026/09/22 18:06:29.959778 [INFO] WebSocket Request ID: 498, Method: device.dump.ui, Params: {"deviceId":"eus-qualification-pixel7-api35"}
2026/09/22 18:06:30.120080 [INFO] WebSocket Request ID: 499, Method: device.dump.ui, Params: {"deviceId":"eus-qualification-pixel7-api35"}
2026/09/22 18:06:30.284938 [INFO] WebSocket Request ID: 500, Method: device.dump.ui, Params: {"deviceId":"eus-qualification-pixel7-api35"}
2026/09/22 18:06:30.447615 [INFO] WebSocket Request ID: 501, Method: device.dump.ui, Params: {"deviceId":"eus-qualification-pixel7-api35"}
2026/09/22 18:06:30.638920 [INFO] WebSocket Request ID: 502, Method: device.dump.ui, Params: {"deviceId":"eus-qualification-pixel7-api35"}
2026/09/22 18:06:30.800046 [INFO] WebSocket Request ID: 503, Method: device.dump.ui, Params: {"deviceId":"eus-qualification-pixel7-api35"}
2026/09/22 18:06:30.961952 [INFO] WebSocket Request ID: 504, Method: device.dump.ui, Params: {"deviceId":"eus-qualification-pixel7-api35"}
2026/09/22 18:06:31.123853 [INFO] WebSocket Request ID: 505, Method: device.dump.ui, Params: {"deviceId":"eus-qualification-pixel7-api35"}
2026/09/22 18:06:31.287954 [INFO] WebSocket Request ID: 506, Method: device.dump.ui, Params: {"deviceId":"eus-qualification-pixel7-api35"}
2026/09/22 18:06:31.450512 [INFO] WebSocket Request ID: 507, Method: device.dump.ui, Params: {"deviceId":"eus-qualification-pixel7-api35"}
2026/09/22 18:06:31.639634 [INFO] WebSocket Request ID: 508, Method: device.dump.ui, Params: {"deviceId":"eus-qualification-pixel7-api35"}
2026/09/22 18:06:31.802053 [INFO] WebSocket Request ID: 509, Method: device.dump.ui, Params: {"deviceId":"eus-qualification-pixel7-api35"}
2026/09/22 18:06:31.968576 [INFO] WebSocket Request ID: 510, Method: device.dump.ui, Params: {"deviceId":"eus-qualification-pixel7-api35"}
2026/09/22 18:06:32.131634 [INFO] WebSocket Request ID: 511, Method: device.dump.ui, Params: {"deviceId":"eus-qualification-pixel7-api35"}
2026/09/22 18:06:32.298463 [INFO] WebSocket Request ID: 512, Method: device.dump.ui, Params: {"deviceId":"eus-qualification-pixel7-api35"}
2026/09/22 18:06:32.468212 [INFO] WebSocket Request ID: 513, Method: device.dump.ui, Params: {"deviceId":"eus-qualification-pixel7-api35"}
2026/09/22 18:06:32.659626 [INFO] WebSocket Request ID: 514, Method: device.dump.ui, Params: {"deviceId":"eus-qualification-pixel7-api35"}
2026/09/22 18:06:32.821819 [INFO] WebSocket Request ID: 515, Method: device.dump.ui, Params: {"deviceId":"eus-qualification-pixel7-api35"}
2026/09/22 18:06:32.983093 [INFO] WebSocket Request ID: 516, Method: device.dump.ui, Params: {"deviceId":"eus-qualification-pixel7-api35"}
2026/09/22 18:06:33.142279 [INFO] WebSocket Request ID: 517, Method: device.dump.ui, Params: {"deviceId":"eus-qualification-pixel7-api35"}
2026/09/22 18:06:33.315500 [INFO] WebSocket Request ID: 518, Method: device.dump.ui, Params: {"deviceId":"eus-qualification-pixel7-api35"}
2026/09/22 18:06:33.483433 [INFO] WebSocket Request ID: 519, Method: device.dump.ui, Params: {"deviceId":"eus-qualification-pixel7-api35"}
2026/09/22 18:06:33.671015 [INFO] WebSocket Request ID: 520, Method: device.dump.ui, Params: {"deviceId":"eus-qualification-pixel7-api35"}
2026/09/22 18:06:33.835571 [INFO] WebSocket Request ID: 521, Method: device.dump.ui, Params: {"deviceId":"eus-qualification-pixel7-api35"}
2026/09/22 18:06:33.998770 [INFO] WebSocket Request ID: 522, Method: device.dump.ui, Params: {"deviceId":"eus-qualification-pixel7-api35"}
2026/09/22 18:06:34.062976 [INFO] WebSocket Request ID: 523, Method: device.screenshot, Params: {"deviceId":"eus-qualification-pixel7-api35"}
2026/09/22 18:06:34.167592 [INFO] WebSocket Request ID: 524, Method: device.dump.ui, Params: {"deviceId":"eus-qualification-pixel7-api35"}
2026/09/22 18:06:34.596753 [VERBOSE] WebSocket connection closed: websocket: close 1005 (no status)
2026/09/22 18:06:34.596843 [INFO] Received signal terminated, shutting down gracefully...
2026/09/22 18:06:34.596931 [INFO] Server stopped
