2026-09-22T18:42:15.034Z mw:driver-mobilecli listing devices
2026-09-22T18:42:15.160Z mw:driver-mobilecli found 1 device(s)
2026/09/22 18:42:15.223075 [VERBOSE] no remote token: not logged in, run 'mobilecli auth login' first
2026/09/22 18:42:15.223685 [INFO] Starting server on http://localhost:12000...
2026-09-22T18:42:15.692Z mw:driver-mobilecli connecting to ws://localhost:12000/ws
2026/09/22 18:42:15.692423 [VERBOSE] WebSocket connection closed: websocket: close 1005 (no status)
2026-09-22T18:42:15.693Z mw:driver-mobilecli websocket connected
2026-09-22T18:42:15.694Z mw:driver-mobilecli listing devices
2026-09-22T18:42:15.757Z mw:driver-mobilecli found 1 device(s)
2026-09-22T18:42:15.757Z mw:driver-mobilecli resolved device F0E646EF-4792-4F36-B48B-EC89B3A6B73B (platform=ios, type=simulator)
2026-09-22T18:42:15.757Z mw:driver-mobilecli running: <host-path>/qualification/mobilewright/harness/node_modules/@mobilenext/mobilecli-darwin-arm64/mobilecli-darwin-arm64 agent status --device F0E646EF-4792-4F36-B48B-EC89B3A6B73B
2026-09-22T18:42:16.229Z mw:driver-mobilecli agent status output: {
  "status": "ok",
  "data": {
    "message": "Agent version 0.0.27 is installed on device",
    "agent": {
      "version": "0.0.27",
      "bundleId": "com.mobilenext.devicekit-iosUITests.xctrunner"
    }
  }
}
2026/09/22 18:42:16.231143 [INFO] WebSocket Request ID: 1, Method: device.apps.list, Params: {"deviceId":"F0E646EF-4792-4F36-B48B-EC89B3A6B73B"}
2026/09/22 18:42:16.657134 [INFO] WebSocket Request ID: 2, Method: device.apps.uninstall, Params: {"deviceId":"F0E646EF-4792-4F36-B48B-EC89B3A6B73B","bundleId":"com.omnipizza.app"}
2026/09/22 18:42:18.111396 [INFO] WebSocket Request ID: 3, Method: device.apps.list, Params: {"deviceId":"F0E646EF-4792-4F36-B48B-EC89B3A6B73B"}
2026-09-22T18:42:18.627Z mw:driver-mobilecli installing <host-path>/OmniPizza-Simulator.zip
2026/09/22 18:42:18.627480 [INFO] WebSocket Request ID: 4, Method: device.apps.install, Params: {"deviceId":"F0E646EF-4792-4F36-B48B-EC89B3A6B73B","path":"<host-path>/OmniPizza-Simulator.zip"}
2026-09-22T18:42:20.034Z mw:driver-mobilecli installed <host-path>/OmniPizza-Simulator.zip
2026/09/22 18:42:20.035222 [INFO] WebSocket Request ID: 5, Method: device.apps.list, Params: {"deviceId":"F0E646EF-4792-4F36-B48B-EC89B3A6B73B"}
2026-09-22T18:42:20.626Z mw:driver-mobilecli launching com.omnipizza.app
2026/09/22 18:42:20.627285 [INFO] WebSocket Request ID: 6, Method: device.apps.foreground, Params: {"deviceId":"F0E646EF-4792-4F36-B48B-EC89B3A6B73B"}
2026/09/22 18:42:21.241169 [INFO] WebSocket Request ID: 7, Method: device.apps.launch, Params: {"deviceId":"F0E646EF-4792-4F36-B48B-EC89B3A6B73B","bundleId":"com.omnipizza.app"}
2026-09-22T18:42:22.075Z mw:driver-mobilecli launched com.omnipizza.app
2026-09-22T18:42:22.075Z mw:device waiting for com.omnipizza.app to reach foreground
2026/09/22 18:42:22.076780 [INFO] WebSocket Request ID: 8, Method: device.apps.foreground, Params: {"deviceId":"F0E646EF-4792-4F36-B48B-EC89B3A6B73B"}
2026-09-22T18:42:23.762Z mw:device com.omnipizza.app is in foreground
2026/09/22 18:42:23.762641 [INFO] WebSocket Request ID: 9, Method: device.dump.ui, Params: {"deviceId":"F0E646EF-4792-4F36-B48B-EC89B3A6B73B"}
2026/09/22 18:42:25.483443 [INFO] WebSocket Request ID: 10, Method: device.dump.ui, Params: {"deviceId":"F0E646EF-4792-4F36-B48B-EC89B3A6B73B"}
2026/09/22 18:42:26.806788 [INFO] WebSocket Request ID: 11, Method: device.dump.ui, Params: {"deviceId":"F0E646EF-4792-4F36-B48B-EC89B3A6B73B"}
2026/09/22 18:42:28.004551 [INFO] WebSocket Request ID: 12, Method: device.io.tap, Params: {"deviceId":"F0E646EF-4792-4F36-B48B-EC89B3A6B73B","x":84,"y":584}
2026/09/22 18:42:28.519677 [INFO] WebSocket Request ID: 13, Method: device.dump.ui, Params: {"deviceId":"F0E646EF-4792-4F36-B48B-EC89B3A6B73B"}
2026/09/22 18:42:30.384562 [INFO] WebSocket Request ID: 14, Method: device.dump.ui, Params: {"deviceId":"F0E646EF-4792-4F36-B48B-EC89B3A6B73B"}
2026/09/22 18:42:31.877516 [INFO] WebSocket Request ID: 15, Method: device.io.tap, Params: {"deviceId":"F0E646EF-4792-4F36-B48B-EC89B3A6B73B","x":197,"y":499}
2026/09/22 18:42:32.864169 [INFO] WebSocket Request ID: 16, Method: device.io.keys, Params: {"deviceId":"F0E646EF-4792-4F36-B48B-EC89B3A6B73B","keys":["cmd+a","backspace"]}
2026/09/22 18:42:34.148384 [INFO] WebSocket Request ID: 17, Method: device.dump.ui, Params: {"deviceId":"F0E646EF-4792-4F36-B48B-EC89B3A6B73B"}
2026/09/22 18:42:35.616392 [INFO] WebSocket Request ID: 18, Method: device.io.text, Params: {"deviceId":"F0E646EF-4792-4F36-B48B-EC89B3A6B73B","text":"pizza123"}
2026/09/22 18:42:37.102827 [INFO] WebSocket Request ID: 19, Method: device.dump.ui, Params: {"deviceId":"F0E646EF-4792-4F36-B48B-EC89B3A6B73B"}
2026/09/22 18:42:38.744128 [INFO] WebSocket Request ID: 20, Method: device.dump.ui, Params: {"deviceId":"F0E646EF-4792-4F36-B48B-EC89B3A6B73B"}
2026/09/22 18:42:40.017707 [INFO] WebSocket Request ID: 21, Method: device.io.tap, Params: {"deviceId":"F0E646EF-4792-4F36-B48B-EC89B3A6B73B","x":197,"y":411}
2026/09/22 18:42:40.516732 [INFO] WebSocket Request ID: 22, Method: device.io.keys, Params: {"deviceId":"F0E646EF-4792-4F36-B48B-EC89B3A6B73B","keys":["cmd+a","backspace"]}
2026/09/22 18:42:41.684967 [INFO] WebSocket Request ID: 23, Method: device.dump.ui, Params: {"deviceId":"F0E646EF-4792-4F36-B48B-EC89B3A6B73B"}
2026/09/22 18:42:42.784826 [INFO] WebSocket Request ID: 24, Method: device.io.text, Params: {"deviceId":"F0E646EF-4792-4F36-B48B-EC89B3A6B73B","text":"standard_user"}
2026/09/22 18:42:44.415549 [INFO] WebSocket Request ID: 25, Method: device.dump.ui, Params: {"deviceId":"F0E646EF-4792-4F36-B48B-EC89B3A6B73B"}
2026/09/22 18:42:45.464873 [INFO] WebSocket Request ID: 26, Method: device.dump.ui, Params: {"deviceId":"F0E646EF-4792-4F36-B48B-EC89B3A6B73B"}
2026/09/22 18:42:46.519152 [INFO] WebSocket Request ID: 27, Method: device.dump.ui, Params: {"deviceId":"F0E646EF-4792-4F36-B48B-EC89B3A6B73B"}
2026/09/22 18:42:47.708579 [INFO] WebSocket Request ID: 28, Method: device.dump.ui, Params: {"deviceId":"F0E646EF-4792-4F36-B48B-EC89B3A6B73B"}
2026/09/22 18:42:49.082018 [INFO] WebSocket Request ID: 29, Method: device.dump.ui, Params: {"deviceId":"F0E646EF-4792-4F36-B48B-EC89B3A6B73B"}
2026/09/22 18:42:50.558061 [INFO] WebSocket Request ID: 30, Method: device.dump.ui, Params: {"deviceId":"F0E646EF-4792-4F36-B48B-EC89B3A6B73B"}
2026/09/22 18:42:51.783120 [INFO] WebSocket Request ID: 31, Method: device.io.tap, Params: {"deviceId":"F0E646EF-4792-4F36-B48B-EC89B3A6B73B","x":196,"y":288}
2026/09/22 18:42:52.293669 [INFO] WebSocket Request ID: 32, Method: device.info, Params: {"deviceId":"F0E646EF-4792-4F36-B48B-EC89B3A6B73B"}
2026/09/22 18:42:52.709762 [INFO] WebSocket Request ID: 33, Method: device.dump.ui, Params: {"deviceId":"F0E646EF-4792-4F36-B48B-EC89B3A6B73B"}
2026/09/22 18:42:53.822064 [INFO] WebSocket Request ID: 34, Method: device.dump.ui, Params: {"deviceId":"F0E646EF-4792-4F36-B48B-EC89B3A6B73B"}
2026/09/22 18:42:54.987238 [INFO] WebSocket Request ID: 35, Method: device.dump.ui, Params: {"deviceId":"F0E646EF-4792-4F36-B48B-EC89B3A6B73B"}
2026/09/22 18:42:56.158295 [INFO] WebSocket Request ID: 36, Method: device.io.tap, Params: {"deviceId":"F0E646EF-4792-4F36-B48B-EC89B3A6B73B","x":197,"y":654}
2026/09/22 18:42:56.772647 [INFO] WebSocket Request ID: 37, Method: device.dump.ui, Params: {"deviceId":"F0E646EF-4792-4F36-B48B-EC89B3A6B73B"}
2026/09/22 18:42:59.118054 [INFO] WebSocket Request ID: 38, Method: device.dump.ui, Params: {"deviceId":"F0E646EF-4792-4F36-B48B-EC89B3A6B73B"}
2026/09/22 18:43:00.478252 [INFO] WebSocket Request ID: 39, Method: device.screenshot, Params: {"deviceId":"F0E646EF-4792-4F36-B48B-EC89B3A6B73B"}
2026/09/22 18:43:00.798938 [INFO] WebSocket Request ID: 40, Method: device.dump.ui, Params: {"deviceId":"F0E646EF-4792-4F36-B48B-EC89B3A6B73B"}
2026/09/22 18:43:02.198726 [VERBOSE] WebSocket connection closed: websocket: close 1005 (no status)
2026/09/22 18:43:02.198926 [INFO] Received signal terminated, shutting down gracefully...
2026/09/22 18:43:02.199082 [INFO] Server stopped
