2026-09-22T19:10:27.147Z mw:driver-mobilecli listing devices
2026-09-22T19:10:27.233Z mw:driver-mobilecli found 1 device(s)
2026/09/22 19:10:27.281497 [VERBOSE] no remote token: not logged in, run 'mobilecli auth login' first
2026/09/22 19:10:27.282040 [INFO] Starting server on http://localhost:12000...
2026-09-22T19:10:27.761Z mw:driver-mobilecli connecting to ws://localhost:12000/ws
2026/09/22 19:10:27.761918 [VERBOSE] WebSocket connection closed: websocket: close 1005 (no status)
2026-09-22T19:10:27.763Z mw:driver-mobilecli websocket connected
2026-09-22T19:10:27.764Z mw:driver-mobilecli listing devices
2026-09-22T19:10:27.811Z mw:driver-mobilecli found 1 device(s)
2026-09-22T19:10:27.811Z mw:driver-mobilecli resolved device F0E646EF-4792-4F36-B48B-EC89B3A6B73B (platform=ios, type=simulator)
2026-09-22T19:10:27.812Z mw:driver-mobilecli running: <host-path>/qualification/mobilewright/harness/node_modules/@mobilenext/mobilecli-darwin-arm64/mobilecli-darwin-arm64 agent status --device F0E646EF-4792-4F36-B48B-EC89B3A6B73B
2026-09-22T19:10:28.396Z mw:driver-mobilecli agent status output: {
  "status": "ok",
  "data": {
    "message": "Agent version 0.0.27 is installed on device",
    "agent": {
      "version": "0.0.27",
      "bundleId": "com.mobilenext.devicekit-iosUITests.xctrunner"
    }
  }
}
2026/09/22 19:10:28.397880 [INFO] WebSocket Request ID: 1, Method: device.apps.list, Params: {"deviceId":"F0E646EF-4792-4F36-B48B-EC89B3A6B73B"}
2026/09/22 19:10:28.781043 [INFO] WebSocket Request ID: 2, Method: device.apps.uninstall, Params: {"deviceId":"F0E646EF-4792-4F36-B48B-EC89B3A6B73B","bundleId":"com.omnipizza.app"}
2026/09/22 19:10:29.863530 [INFO] WebSocket Request ID: 3, Method: device.apps.list, Params: {"deviceId":"F0E646EF-4792-4F36-B48B-EC89B3A6B73B"}
2026-09-22T19:10:30.337Z mw:driver-mobilecli installing <host-path>/OmniPizza-Simulator.zip
2026/09/22 19:10:30.338121 [INFO] WebSocket Request ID: 4, Method: device.apps.install, Params: {"deviceId":"F0E646EF-4792-4F36-B48B-EC89B3A6B73B","path":"<host-path>/OmniPizza-Simulator.zip"}
2026-09-22T19:10:31.913Z mw:driver-mobilecli installed <host-path>/OmniPizza-Simulator.zip
2026/09/22 19:10:31.913758 [INFO] WebSocket Request ID: 5, Method: device.apps.list, Params: {"deviceId":"F0E646EF-4792-4F36-B48B-EC89B3A6B73B"}
2026/09/22 19:10:32.481834 [INFO] WebSocket Request ID: 6, Method: device.url, Params: {"deviceId":"F0E646EF-4792-4F36-B48B-EC89B3A6B73B","url":"omnipizza://checkout?market=US&hydrateCart=true&accessToken=eyJhbGciOiJIUzI1NiIsInR5cCI6IkpXVCJ9.eyJzdWIiOiJzdGFuZGFyZF91c2VyIiwiYmVoYXZpb3IiOiJzdGFuZGFyZCIsInNpZCI6ImQ3Yjk3YWQ2ODAzNDQzYzJhMjdmMDg2Y…(339 bytes total)
2026/09/22 19:10:33.219616 [INFO] WebSocket Request ID: 7, Method: device.dump.ui, Params: {"deviceId":"F0E646EF-4792-4F36-B48B-EC89B3A6B73B"}
2026/09/22 19:10:36.696834 [INFO] WebSocket Request ID: 8, Method: device.dump.ui, Params: {"deviceId":"F0E646EF-4792-4F36-B48B-EC89B3A6B73B"}
2026/09/22 19:10:38.227528 [INFO] WebSocket Request ID: 9, Method: device.dump.ui, Params: {"deviceId":"F0E646EF-4792-4F36-B48B-EC89B3A6B73B"}
2026/09/22 19:10:39.702596 [INFO] WebSocket Request ID: 10, Method: device.dump.ui, Params: {"deviceId":"F0E646EF-4792-4F36-B48B-EC89B3A6B73B"}
2026/09/22 19:10:41.192782 [INFO] WebSocket Request ID: 11, Method: device.dump.ui, Params: {"deviceId":"F0E646EF-4792-4F36-B48B-EC89B3A6B73B"}
2026/09/22 19:10:42.827415 [INFO] WebSocket Request ID: 12, Method: device.dump.ui, Params: {"deviceId":"F0E646EF-4792-4F36-B48B-EC89B3A6B73B"}
2026/09/22 19:10:44.705779 [INFO] WebSocket Request ID: 13, Method: device.dump.ui, Params: {"deviceId":"F0E646EF-4792-4F36-B48B-EC89B3A6B73B"}
2026/09/22 19:10:46.422494 [INFO] WebSocket Request ID: 14, Method: device.dump.ui, Params: {"deviceId":"F0E646EF-4792-4F36-B48B-EC89B3A6B73B"}
2026/09/22 19:10:47.852228 [INFO] WebSocket Request ID: 15, Method: device.dump.ui, Params: {"deviceId":"F0E646EF-4792-4F36-B48B-EC89B3A6B73B"}
2026/09/22 19:10:49.349493 [INFO] WebSocket Request ID: 16, Method: device.dump.ui, Params: {"deviceId":"F0E646EF-4792-4F36-B48B-EC89B3A6B73B"}
2026/09/22 19:10:50.663863 [INFO] WebSocket Request ID: 17, Method: device.dump.ui, Params: {"deviceId":"F0E646EF-4792-4F36-B48B-EC89B3A6B73B"}
2026/09/22 19:10:52.031700 [INFO] WebSocket Request ID: 18, Method: device.dump.ui, Params: {"deviceId":"F0E646EF-4792-4F36-B48B-EC89B3A6B73B"}
2026/09/22 19:10:53.439314 [INFO] WebSocket Request ID: 19, Method: device.screenshot, Params: {"deviceId":"F0E646EF-4792-4F36-B48B-EC89B3A6B73B"}
2026/09/22 19:10:53.705351 [INFO] WebSocket Request ID: 20, Method: device.dump.ui, Params: {"deviceId":"F0E646EF-4792-4F36-B48B-EC89B3A6B73B"}
2026/09/22 19:10:55.220573 [VERBOSE] WebSocket connection closed: websocket: close 1005 (no status)
2026/09/22 19:10:55.221130 [INFO] Received signal terminated, shutting down gracefully...
2026/09/22 19:10:55.221265 [INFO] Server stopped
