2026-09-22T18:09:45.605Z mw:driver-mobilecli listing devices
2026-09-22T18:09:45.641Z mw:driver-mobilecli found 1 device(s)
2026/09/22 18:09:45.651577 [VERBOSE] no remote token: failed to get token from keyring: The name org.freedesktop.secrets was not provided by any .service files
2026/09/22 18:09:45.651850 [INFO] Starting server on http://localhost:12000...
2026-09-22T18:09:46.154Z mw:driver-mobilecli connecting to ws://localhost:12000/ws
2026/09/22 18:09:46.153992 [VERBOSE] WebSocket connection closed: websocket: close 1005 (no status)
2026-09-22T18:09:46.155Z mw:driver-mobilecli websocket connected
2026-09-22T18:09:46.156Z mw:driver-mobilecli listing devices
2026-09-22T18:09:46.192Z mw:driver-mobilecli found 1 device(s)
2026-09-22T18:09:46.192Z mw:driver-mobilecli resolved device eus-qualification-pixel7-api35 (platform=android, type=emulator)
2026-09-22T18:09:46.193Z mw:driver-mobilecli running: <host-path>/qualification/mobilewright/harness/node_modules/@mobilenext/mobilecli-linux-amd64/mobilecli-linux-amd64 agent status --device eus-qualification-pixel7-api35
2026-09-22T18:09:46.199Z mw:driver-mobilecli agent status output: {
  "status": "ok",
  "data": {
    "message": "no agent needed for android devices"
  }
}
2026/09/22 18:09:46.200882 [INFO] WebSocket Request ID: 1, Method: device.apps.list, Params: {"deviceId":"eus-qualification-pixel7-api35"}
2026/09/22 18:09:46.231017 [INFO] WebSocket Request ID: 2, Method: device.apps.uninstall, Params: {"deviceId":"eus-qualification-pixel7-api35","bundleId":"com.omnipizza.app"}
2026/09/22 18:09:46.516665 [INFO] WebSocket Request ID: 3, Method: device.apps.list, Params: {"deviceId":"eus-qualification-pixel7-api35"}
2026-09-22T18:09:47.016Z mw:driver-mobilecli installing <host-path>/omnipizza-release.apk
2026/09/22 18:09:47.019916 [INFO] WebSocket Request ID: 4, Method: device.apps.install, Params: {"deviceId":"eus-qualification-pixel7-api35","path":"<host-path>/omnipizza-release.apk"}
2026-09-22T18:09:49.554Z mw:driver-mobilecli installed <host-path>/omnipizza-release.apk
2026/09/22 18:09:49.555392 [INFO] WebSocket Request ID: 5, Method: device.apps.list, Params: {"deviceId":"eus-qualification-pixel7-api35"}
2026/09/22 18:09:49.618157 [INFO] WebSocket Request ID: 6, Method: device.url, Params: {"deviceId":"eus-qualification-pixel7-api35","url":"omnipizza://checkout?market=US&hydrateCart=true&accessToken=<redacted-token-fragment>…(333 bytes total)
2026/09/22 18:09:49.666712 [INFO] WebSocket Request ID: 7, Method: device.dump.ui, Params: {"deviceId":"eus-qualification-pixel7-api35"}
2026/09/22 18:09:50.744536 [INFO] WebSocket Request ID: 8, Method: device.dump.ui, Params: {"deviceId":"eus-qualification-pixel7-api35"}
2026/09/22 18:09:52.453427 [INFO] WebSocket Request ID: 9, Method: device.dump.ui, Params: {"deviceId":"eus-qualification-pixel7-api35"}
2026/09/22 18:09:52.624093 [INFO] WebSocket Request ID: 10, Method: device.dump.ui, Params: {"deviceId":"eus-qualification-pixel7-api35"}
2026/09/22 18:09:52.812814 [INFO] WebSocket Request ID: 11, Method: device.dump.ui, Params: {"deviceId":"eus-qualification-pixel7-api35"}
2026/09/22 18:09:52.977655 [INFO] WebSocket Request ID: 12, Method: device.dump.ui, Params: {"deviceId":"eus-qualification-pixel7-api35"}
2026/09/22 18:09:53.147584 [INFO] WebSocket Request ID: 13, Method: device.dump.ui, Params: {"deviceId":"eus-qualification-pixel7-api35"}
2026/09/22 18:09:53.311186 [INFO] WebSocket Request ID: 14, Method: device.dump.ui, Params: {"deviceId":"eus-qualification-pixel7-api35"}
2026/09/22 18:09:53.477251 [INFO] WebSocket Request ID: 15, Method: device.dump.ui, Params: {"deviceId":"eus-qualification-pixel7-api35"}
2026/09/22 18:09:53.640165 [INFO] WebSocket Request ID: 16, Method: device.dump.ui, Params: {"deviceId":"eus-qualification-pixel7-api35"}
2026/09/22 18:09:53.802416 [INFO] WebSocket Request ID: 17, Method: device.dump.ui, Params: {"deviceId":"eus-qualification-pixel7-api35"}
2026/09/22 18:09:53.965161 [INFO] WebSocket Request ID: 18, Method: device.dump.ui, Params: {"deviceId":"eus-qualification-pixel7-api35"}
2026/09/22 18:09:54.131445 [INFO] WebSocket Request ID: 19, Method: device.dump.ui, Params: {"deviceId":"eus-qualification-pixel7-api35"}
2026/09/22 18:09:54.319922 [INFO] WebSocket Request ID: 20, Method: device.dump.ui, Params: {"deviceId":"eus-qualification-pixel7-api35"}
2026/09/22 18:09:54.483963 [INFO] WebSocket Request ID: 21, Method: device.dump.ui, Params: {"deviceId":"eus-qualification-pixel7-api35"}
2026/09/22 18:09:54.646717 [INFO] WebSocket Request ID: 22, Method: device.dump.ui, Params: {"deviceId":"eus-qualification-pixel7-api35"}
2026/09/22 18:09:54.813161 [INFO] WebSocket Request ID: 23, Method: device.dump.ui, Params: {"deviceId":"eus-qualification-pixel7-api35"}
2026/09/22 18:09:54.977888 [INFO] WebSocket Request ID: 24, Method: device.dump.ui, Params: {"deviceId":"eus-qualification-pixel7-api35"}
2026/09/22 18:09:55.146346 [INFO] WebSocket Request ID: 25, Method: device.dump.ui, Params: {"deviceId":"eus-qualification-pixel7-api35"}
2026/09/22 18:09:55.310979 [INFO] WebSocket Request ID: 26, Method: device.dump.ui, Params: {"deviceId":"eus-qualification-pixel7-api35"}
2026/09/22 18:09:55.476315 [INFO] WebSocket Request ID: 27, Method: device.dump.ui, Params: {"deviceId":"eus-qualification-pixel7-api35"}
2026/09/22 18:09:55.650246 [INFO] WebSocket Request ID: 28, Method: device.dump.ui, Params: {"deviceId":"eus-qualification-pixel7-api35"}
2026/09/22 18:09:55.838741 [INFO] WebSocket Request ID: 29, Method: device.dump.ui, Params: {"deviceId":"eus-qualification-pixel7-api35"}
2026/09/22 18:09:56.008764 [INFO] WebSocket Request ID: 30, Method: device.dump.ui, Params: {"deviceId":"eus-qualification-pixel7-api35"}
2026/09/22 18:09:56.170453 [INFO] WebSocket Request ID: 31, Method: device.dump.ui, Params: {"deviceId":"eus-qualification-pixel7-api35"}
2026/09/22 18:09:56.336484 [INFO] WebSocket Request ID: 32, Method: device.dump.ui, Params: {"deviceId":"eus-qualification-pixel7-api35"}
2026/09/22 18:09:56.504966 [INFO] WebSocket Request ID: 33, Method: device.dump.ui, Params: {"deviceId":"eus-qualification-pixel7-api35"}
2026/09/22 18:09:56.665290 [INFO] WebSocket Request ID: 34, Method: device.dump.ui, Params: {"deviceId":"eus-qualification-pixel7-api35"}
2026/09/22 18:09:56.831329 [INFO] WebSocket Request ID: 35, Method: device.dump.ui, Params: {"deviceId":"eus-qualification-pixel7-api35"}
2026/09/22 18:09:57.003708 [INFO] WebSocket Request ID: 36, Method: device.dump.ui, Params: {"deviceId":"eus-qualification-pixel7-api35"}
2026/09/22 18:09:57.179069 [INFO] WebSocket Request ID: 37, Method: device.dump.ui, Params: {"deviceId":"eus-qualification-pixel7-api35"}
2026/09/22 18:09:57.369552 [INFO] WebSocket Request ID: 38, Method: device.dump.ui, Params: {"deviceId":"eus-qualification-pixel7-api35"}
2026/09/22 18:09:57.532453 [INFO] WebSocket Request ID: 39, Method: device.dump.ui, Params: {"deviceId":"eus-qualification-pixel7-api35"}
2026/09/22 18:09:57.693979 [INFO] WebSocket Request ID: 40, Method: device.dump.ui, Params: {"deviceId":"eus-qualification-pixel7-api35"}
2026/09/22 18:09:57.857434 [INFO] WebSocket Request ID: 41, Method: device.dump.ui, Params: {"deviceId":"eus-qualification-pixel7-api35"}
2026/09/22 18:09:58.019256 [INFO] WebSocket Request ID: 42, Method: device.dump.ui, Params: {"deviceId":"eus-qualification-pixel7-api35"}
2026/09/22 18:09:58.178486 [INFO] WebSocket Request ID: 43, Method: device.dump.ui, Params: {"deviceId":"eus-qualification-pixel7-api35"}
2026/09/22 18:09:58.340149 [INFO] WebSocket Request ID: 44, Method: device.dump.ui, Params: {"deviceId":"eus-qualification-pixel7-api35"}
2026/09/22 18:09:58.501512 [INFO] WebSocket Request ID: 45, Method: device.dump.ui, Params: {"deviceId":"eus-qualification-pixel7-api35"}
2026/09/22 18:09:58.678406 [INFO] WebSocket Request ID: 46, Method: device.dump.ui, Params: {"deviceId":"eus-qualification-pixel7-api35"}
2026/09/22 18:09:58.865641 [INFO] WebSocket Request ID: 47, Method: device.dump.ui, Params: {"deviceId":"eus-qualification-pixel7-api35"}
2026/09/22 18:09:59.030860 [INFO] WebSocket Request ID: 48, Method: device.dump.ui, Params: {"deviceId":"eus-qualification-pixel7-api35"}
2026/09/22 18:09:59.193210 [INFO] WebSocket Request ID: 49, Method: device.dump.ui, Params: {"deviceId":"eus-qualification-pixel7-api35"}
2026/09/22 18:09:59.354925 [INFO] WebSocket Request ID: 50, Method: device.dump.ui, Params: {"deviceId":"eus-qualification-pixel7-api35"}
2026/09/22 18:09:59.519123 [INFO] WebSocket Request ID: 51, Method: device.dump.ui, Params: {"deviceId":"eus-qualification-pixel7-api35"}
2026/09/22 18:09:59.684923 [INFO] WebSocket Request ID: 52, Method: device.dump.ui, Params: {"deviceId":"eus-qualification-pixel7-api35"}
2026/09/22 18:09:59.855716 [INFO] WebSocket Request ID: 53, Method: device.dump.ui, Params: {"deviceId":"eus-qualification-pixel7-api35"}
2026/09/22 18:10:00.016558 [INFO] WebSocket Request ID: 54, Method: device.dump.ui, Params: {"deviceId":"eus-qualification-pixel7-api35"}
2026/09/22 18:10:00.197608 [INFO] WebSocket Request ID: 55, Method: device.dump.ui, Params: {"deviceId":"eus-qualification-pixel7-api35"}
2026/09/22 18:10:00.388172 [INFO] WebSocket Request ID: 56, Method: device.dump.ui, Params: {"deviceId":"eus-qualification-pixel7-api35"}
2026/09/22 18:10:00.550395 [INFO] WebSocket Request ID: 57, Method: device.dump.ui, Params: {"deviceId":"eus-qualification-pixel7-api35"}
2026/09/22 18:10:00.768090 [INFO] WebSocket Request ID: 58, Method: device.dump.ui, Params: {"deviceId":"eus-qualification-pixel7-api35"}
2026/09/22 18:10:01.315286 [INFO] WebSocket Request ID: 59, Method: device.dump.ui, Params: {"deviceId":"eus-qualification-pixel7-api35"}
2026/09/22 18:10:01.481176 [INFO] WebSocket Request ID: 60, Method: device.dump.ui, Params: {"deviceId":"eus-qualification-pixel7-api35"}
2026/09/22 18:10:01.647279 [INFO] WebSocket Request ID: 61, Method: device.dump.ui, Params: {"deviceId":"eus-qualification-pixel7-api35"}
2026/09/22 18:10:01.809448 [INFO] WebSocket Request ID: 62, Method: device.dump.ui, Params: {"deviceId":"eus-qualification-pixel7-api35"}
2026/09/22 18:10:01.973216 [INFO] WebSocket Request ID: 63, Method: device.dump.ui, Params: {"deviceId":"eus-qualification-pixel7-api35"}
2026/09/22 18:10:02.152582 [INFO] WebSocket Request ID: 64, Method: device.dump.ui, Params: {"deviceId":"eus-qualification-pixel7-api35"}
2026/09/22 18:10:02.342399 [INFO] WebSocket Request ID: 65, Method: device.dump.ui, Params: {"deviceId":"eus-qualification-pixel7-api35"}
2026/09/22 18:10:02.504943 [INFO] WebSocket Request ID: 66, Method: device.dump.ui, Params: {"deviceId":"eus-qualification-pixel7-api35"}
2026/09/22 18:10:02.668191 [INFO] WebSocket Request ID: 67, Method: device.dump.ui, Params: {"deviceId":"eus-qualification-pixel7-api35"}
2026/09/22 18:10:02.831429 [INFO] WebSocket Request ID: 68, Method: device.dump.ui, Params: {"deviceId":"eus-qualification-pixel7-api35"}
2026/09/22 18:10:02.996060 [INFO] WebSocket Request ID: 69, Method: device.dump.ui, Params: {"deviceId":"eus-qualification-pixel7-api35"}
2026/09/22 18:10:03.162576 [INFO] WebSocket Request ID: 70, Method: device.dump.ui, Params: {"deviceId":"eus-qualification-pixel7-api35"}
2026/09/22 18:10:03.326603 [INFO] WebSocket Request ID: 71, Method: device.dump.ui, Params: {"deviceId":"eus-qualification-pixel7-api35"}
2026/09/22 18:10:03.489128 [INFO] WebSocket Request ID: 72, Method: device.dump.ui, Params: {"deviceId":"eus-qualification-pixel7-api35"}
2026/09/22 18:10:03.658839 [INFO] WebSocket Request ID: 73, Method: device.dump.ui, Params: {"deviceId":"eus-qualification-pixel7-api35"}
2026/09/22 18:10:03.847154 [INFO] WebSocket Request ID: 74, Method: device.dump.ui, Params: {"deviceId":"eus-qualification-pixel7-api35"}
2026/09/22 18:10:04.032165 [INFO] WebSocket Request ID: 75, Method: device.dump.ui, Params: {"deviceId":"eus-qualification-pixel7-api35"}
2026/09/22 18:10:04.195200 [INFO] WebSocket Request ID: 76, Method: device.dump.ui, Params: {"deviceId":"eus-qualification-pixel7-api35"}
2026/09/22 18:10:04.365061 [INFO] WebSocket Request ID: 77, Method: device.dump.ui, Params: {"deviceId":"eus-qualification-pixel7-api35"}
2026/09/22 18:10:04.526442 [INFO] WebSocket Request ID: 78, Method: device.dump.ui, Params: {"deviceId":"eus-qualification-pixel7-api35"}
2026/09/22 18:10:04.690890 [INFO] WebSocket Request ID: 79, Method: device.dump.ui, Params: {"deviceId":"eus-qualification-pixel7-api35"}
2026/09/22 18:10:04.853181 [INFO] WebSocket Request ID: 80, Method: device.dump.ui, Params: {"deviceId":"eus-qualification-pixel7-api35"}
2026/09/22 18:10:05.016056 [INFO] WebSocket Request ID: 81, Method: device.dump.ui, Params: {"deviceId":"eus-qualification-pixel7-api35"}
2026/09/22 18:10:05.204930 [INFO] WebSocket Request ID: 82, Method: device.dump.ui, Params: {"deviceId":"eus-qualification-pixel7-api35"}
2026/09/22 18:10:05.371018 [INFO] WebSocket Request ID: 83, Method: device.dump.ui, Params: {"deviceId":"eus-qualification-pixel7-api35"}
2026/09/22 18:10:05.535744 [INFO] WebSocket Request ID: 84, Method: device.dump.ui, Params: {"deviceId":"eus-qualification-pixel7-api35"}
2026/09/22 18:10:05.697585 [INFO] WebSocket Request ID: 85, Method: device.dump.ui, Params: {"deviceId":"eus-qualification-pixel7-api35"}
2026/09/22 18:10:05.859942 [INFO] WebSocket Request ID: 86, Method: device.dump.ui, Params: {"deviceId":"eus-qualification-pixel7-api35"}
2026/09/22 18:10:06.026916 [INFO] WebSocket Request ID: 87, Method: device.dump.ui, Params: {"deviceId":"eus-qualification-pixel7-api35"}
2026/09/22 18:10:06.190120 [INFO] WebSocket Request ID: 88, Method: device.dump.ui, Params: {"deviceId":"eus-qualification-pixel7-api35"}
2026/09/22 18:10:06.351640 [INFO] WebSocket Request ID: 89, Method: device.dump.ui, Params: {"deviceId":"eus-qualification-pixel7-api35"}
2026/09/22 18:10:06.543082 [INFO] WebSocket Request ID: 90, Method: device.dump.ui, Params: {"deviceId":"eus-qualification-pixel7-api35"}
2026/09/22 18:10:06.735304 [INFO] WebSocket Request ID: 91, Method: device.dump.ui, Params: {"deviceId":"eus-qualification-pixel7-api35"}
2026/09/22 18:10:06.897405 [INFO] WebSocket Request ID: 92, Method: device.dump.ui, Params: {"deviceId":"eus-qualification-pixel7-api35"}
2026/09/22 18:10:07.060661 [INFO] WebSocket Request ID: 93, Method: device.dump.ui, Params: {"deviceId":"eus-qualification-pixel7-api35"}
2026/09/22 18:10:07.222716 [INFO] WebSocket Request ID: 94, Method: device.dump.ui, Params: {"deviceId":"eus-qualification-pixel7-api35"}
2026/09/22 18:10:07.387985 [INFO] WebSocket Request ID: 95, Method: device.dump.ui, Params: {"deviceId":"eus-qualification-pixel7-api35"}
2026/09/22 18:10:07.550334 [INFO] WebSocket Request ID: 96, Method: device.dump.ui, Params: {"deviceId":"eus-qualification-pixel7-api35"}
2026/09/22 18:10:07.718332 [INFO] WebSocket Request ID: 97, Method: device.dump.ui, Params: {"deviceId":"eus-qualification-pixel7-api35"}
2026/09/22 18:10:07.880836 [INFO] WebSocket Request ID: 98, Method: device.dump.ui, Params: {"deviceId":"eus-qualification-pixel7-api35"}
2026/09/22 18:10:08.058485 [INFO] WebSocket Request ID: 99, Method: device.dump.ui, Params: {"deviceId":"eus-qualification-pixel7-api35"}
2026/09/22 18:10:08.246112 [INFO] WebSocket Request ID: 100, Method: device.dump.ui, Params: {"deviceId":"eus-qualification-pixel7-api35"}
2026/09/22 18:10:08.409454 [INFO] WebSocket Request ID: 101, Method: device.dump.ui, Params: {"deviceId":"eus-qualification-pixel7-api35"}
2026/09/22 18:10:08.571085 [INFO] WebSocket Request ID: 102, Method: device.dump.ui, Params: {"deviceId":"eus-qualification-pixel7-api35"}
2026/09/22 18:10:08.734377 [INFO] WebSocket Request ID: 103, Method: device.dump.ui, Params: {"deviceId":"eus-qualification-pixel7-api35"}
2026/09/22 18:10:08.898393 [INFO] WebSocket Request ID: 104, Method: device.dump.ui, Params: {"deviceId":"eus-qualification-pixel7-api35"}
2026/09/22 18:10:09.063475 [INFO] WebSocket Request ID: 105, Method: device.dump.ui, Params: {"deviceId":"eus-qualification-pixel7-api35"}
2026/09/22 18:10:09.228091 [INFO] WebSocket Request ID: 106, Method: device.dump.ui, Params: {"deviceId":"eus-qualification-pixel7-api35"}
2026/09/22 18:10:09.393659 [INFO] WebSocket Request ID: 107, Method: device.dump.ui, Params: {"deviceId":"eus-qualification-pixel7-api35"}
2026/09/22 18:10:09.574574 [INFO] WebSocket Request ID: 108, Method: device.dump.ui, Params: {"deviceId":"eus-qualification-pixel7-api35"}
2026/09/22 18:10:09.765849 [INFO] WebSocket Request ID: 109, Method: device.dump.ui, Params: {"deviceId":"eus-qualification-pixel7-api35"}
2026/09/22 18:10:09.930403 [INFO] WebSocket Request ID: 110, Method: device.dump.ui, Params: {"deviceId":"eus-qualification-pixel7-api35"}
2026/09/22 18:10:10.096159 [INFO] WebSocket Request ID: 111, Method: device.dump.ui, Params: {"deviceId":"eus-qualification-pixel7-api35"}
2026/09/22 18:10:10.263650 [INFO] WebSocket Request ID: 112, Method: device.dump.ui, Params: {"deviceId":"eus-qualification-pixel7-api35"}
2026/09/22 18:10:10.445861 [INFO] WebSocket Request ID: 113, Method: device.dump.ui, Params: {"deviceId":"eus-qualification-pixel7-api35"}
2026/09/22 18:10:10.611932 [INFO] WebSocket Request ID: 114, Method: device.dump.ui, Params: {"deviceId":"eus-qualification-pixel7-api35"}
2026/09/22 18:10:10.779365 [INFO] WebSocket Request ID: 115, Method: device.dump.ui, Params: {"deviceId":"eus-qualification-pixel7-api35"}
2026/09/22 18:10:10.942313 [INFO] WebSocket Request ID: 116, Method: device.dump.ui, Params: {"deviceId":"eus-qualification-pixel7-api35"}
2026/09/22 18:10:11.112927 [INFO] WebSocket Request ID: 117, Method: device.dump.ui, Params: {"deviceId":"eus-qualification-pixel7-api35"}
2026/09/22 18:10:11.300611 [INFO] WebSocket Request ID: 118, Method: device.dump.ui, Params: {"deviceId":"eus-qualification-pixel7-api35"}
2026/09/22 18:10:11.461502 [INFO] WebSocket Request ID: 119, Method: device.dump.ui, Params: {"deviceId":"eus-qualification-pixel7-api35"}
2026/09/22 18:10:11.621900 [INFO] WebSocket Request ID: 120, Method: device.dump.ui, Params: {"deviceId":"eus-qualification-pixel7-api35"}
2026/09/22 18:10:11.784032 [INFO] WebSocket Request ID: 121, Method: device.dump.ui, Params: {"deviceId":"eus-qualification-pixel7-api35"}
2026/09/22 18:10:11.945561 [INFO] WebSocket Request ID: 122, Method: device.dump.ui, Params: {"deviceId":"eus-qualification-pixel7-api35"}
2026/09/22 18:10:12.110291 [INFO] WebSocket Request ID: 123, Method: device.dump.ui, Params: {"deviceId":"eus-qualification-pixel7-api35"}
2026/09/22 18:10:12.273328 [INFO] WebSocket Request ID: 124, Method: device.dump.ui, Params: {"deviceId":"eus-qualification-pixel7-api35"}
2026/09/22 18:10:12.436711 [INFO] WebSocket Request ID: 125, Method: device.dump.ui, Params: {"deviceId":"eus-qualification-pixel7-api35"}
2026/09/22 18:10:12.602599 [INFO] WebSocket Request ID: 126, Method: device.dump.ui, Params: {"deviceId":"eus-qualification-pixel7-api35"}
2026/09/22 18:10:12.793758 [INFO] WebSocket Request ID: 127, Method: device.dump.ui, Params: {"deviceId":"eus-qualification-pixel7-api35"}
2026/09/22 18:10:12.954823 [INFO] WebSocket Request ID: 128, Method: device.dump.ui, Params: {"deviceId":"eus-qualification-pixel7-api35"}
2026/09/22 18:10:13.117369 [INFO] WebSocket Request ID: 129, Method: device.dump.ui, Params: {"deviceId":"eus-qualification-pixel7-api35"}
2026/09/22 18:10:13.282372 [INFO] WebSocket Request ID: 130, Method: device.dump.ui, Params: {"deviceId":"eus-qualification-pixel7-api35"}
2026/09/22 18:10:13.443710 [INFO] WebSocket Request ID: 131, Method: device.dump.ui, Params: {"deviceId":"eus-qualification-pixel7-api35"}
2026/09/22 18:10:13.610427 [INFO] WebSocket Request ID: 132, Method: device.dump.ui, Params: {"deviceId":"eus-qualification-pixel7-api35"}
2026/09/22 18:10:13.772610 [INFO] WebSocket Request ID: 133, Method: device.dump.ui, Params: {"deviceId":"eus-qualification-pixel7-api35"}
2026/09/22 18:10:13.937785 [INFO] WebSocket Request ID: 134, Method: device.dump.ui, Params: {"deviceId":"eus-qualification-pixel7-api35"}
2026/09/22 18:10:14.110130 [INFO] WebSocket Request ID: 135, Method: device.dump.ui, Params: {"deviceId":"eus-qualification-pixel7-api35"}
2026/09/22 18:10:14.298345 [INFO] WebSocket Request ID: 136, Method: device.dump.ui, Params: {"deviceId":"eus-qualification-pixel7-api35"}
2026/09/22 18:10:14.462608 [INFO] WebSocket Request ID: 137, Method: device.dump.ui, Params: {"deviceId":"eus-qualification-pixel7-api35"}
2026/09/22 18:10:14.625839 [INFO] WebSocket Request ID: 138, Method: device.dump.ui, Params: {"deviceId":"eus-qualification-pixel7-api35"}
2026/09/22 18:10:14.791881 [INFO] WebSocket Request ID: 139, Method: device.dump.ui, Params: {"deviceId":"eus-qualification-pixel7-api35"}
2026/09/22 18:10:14.954653 [INFO] WebSocket Request ID: 140, Method: device.dump.ui, Params: {"deviceId":"eus-qualification-pixel7-api35"}
2026/09/22 18:10:15.117456 [INFO] WebSocket Request ID: 141, Method: device.dump.ui, Params: {"deviceId":"eus-qualification-pixel7-api35"}
2026/09/22 18:10:15.282756 [INFO] WebSocket Request ID: 142, Method: device.dump.ui, Params: {"deviceId":"eus-qualification-pixel7-api35"}
2026/09/22 18:10:15.445078 [INFO] WebSocket Request ID: 143, Method: device.dump.ui, Params: {"deviceId":"eus-qualification-pixel7-api35"}
2026/09/22 18:10:15.607449 [INFO] WebSocket Request ID: 144, Method: device.dump.ui, Params: {"deviceId":"eus-qualification-pixel7-api35"}
2026/09/22 18:10:15.794560 [INFO] WebSocket Request ID: 145, Method: device.dump.ui, Params: {"deviceId":"eus-qualification-pixel7-api35"}
2026/09/22 18:10:15.958836 [INFO] WebSocket Request ID: 146, Method: device.dump.ui, Params: {"deviceId":"eus-qualification-pixel7-api35"}
2026/09/22 18:10:16.128845 [INFO] WebSocket Request ID: 147, Method: device.dump.ui, Params: {"deviceId":"eus-qualification-pixel7-api35"}
2026/09/22 18:10:16.293701 [INFO] WebSocket Request ID: 148, Method: device.dump.ui, Params: {"deviceId":"eus-qualification-pixel7-api35"}
2026/09/22 18:10:16.457927 [INFO] WebSocket Request ID: 149, Method: device.dump.ui, Params: {"deviceId":"eus-qualification-pixel7-api35"}
2026/09/22 18:10:16.627179 [INFO] WebSocket Request ID: 150, Method: device.dump.ui, Params: {"deviceId":"eus-qualification-pixel7-api35"}
2026/09/22 18:10:16.793031 [INFO] WebSocket Request ID: 151, Method: device.dump.ui, Params: {"deviceId":"eus-qualification-pixel7-api35"}
2026/09/22 18:10:16.954175 [INFO] WebSocket Request ID: 152, Method: device.dump.ui, Params: {"deviceId":"eus-qualification-pixel7-api35"}
2026/09/22 18:10:17.153835 [INFO] WebSocket Request ID: 153, Method: device.dump.ui, Params: {"deviceId":"eus-qualification-pixel7-api35"}
2026/09/22 18:10:17.342102 [INFO] WebSocket Request ID: 154, Method: device.dump.ui, Params: {"deviceId":"eus-qualification-pixel7-api35"}
2026/09/22 18:10:17.509286 [INFO] WebSocket Request ID: 155, Method: device.dump.ui, Params: {"deviceId":"eus-qualification-pixel7-api35"}
2026/09/22 18:10:17.669139 [INFO] WebSocket Request ID: 156, Method: device.dump.ui, Params: {"deviceId":"eus-qualification-pixel7-api35"}
2026/09/22 18:10:17.830077 [INFO] WebSocket Request ID: 157, Method: device.dump.ui, Params: {"deviceId":"eus-qualification-pixel7-api35"}
2026/09/22 18:10:17.995879 [INFO] WebSocket Request ID: 158, Method: device.dump.ui, Params: {"deviceId":"eus-qualification-pixel7-api35"}
2026/09/22 18:10:18.156973 [INFO] WebSocket Request ID: 159, Method: device.dump.ui, Params: {"deviceId":"eus-qualification-pixel7-api35"}
2026/09/22 18:10:18.319437 [INFO] WebSocket Request ID: 160, Method: device.dump.ui, Params: {"deviceId":"eus-qualification-pixel7-api35"}
2026/09/22 18:10:18.484137 [INFO] WebSocket Request ID: 161, Method: device.dump.ui, Params: {"deviceId":"eus-qualification-pixel7-api35"}
2026/09/22 18:10:18.655488 [INFO] WebSocket Request ID: 162, Method: device.dump.ui, Params: {"deviceId":"eus-qualification-pixel7-api35"}
2026/09/22 18:10:18.842635 [INFO] WebSocket Request ID: 163, Method: device.dump.ui, Params: {"deviceId":"eus-qualification-pixel7-api35"}
2026/09/22 18:10:19.004816 [INFO] WebSocket Request ID: 164, Method: device.dump.ui, Params: {"deviceId":"eus-qualification-pixel7-api35"}
2026/09/22 18:10:19.169176 [INFO] WebSocket Request ID: 165, Method: device.dump.ui, Params: {"deviceId":"eus-qualification-pixel7-api35"}
2026/09/22 18:10:19.342294 [INFO] WebSocket Request ID: 166, Method: device.dump.ui, Params: {"deviceId":"eus-qualification-pixel7-api35"}
2026/09/22 18:10:19.504201 [INFO] WebSocket Request ID: 167, Method: device.dump.ui, Params: {"deviceId":"eus-qualification-pixel7-api35"}
2026/09/22 18:10:19.665912 [INFO] WebSocket Request ID: 168, Method: device.dump.ui, Params: {"deviceId":"eus-qualification-pixel7-api35"}
2026/09/22 18:10:19.827289 [INFO] WebSocket Request ID: 169, Method: device.dump.ui, Params: {"deviceId":"eus-qualification-pixel7-api35"}
2026/09/22 18:10:19.989921 [INFO] WebSocket Request ID: 170, Method: device.dump.ui, Params: {"deviceId":"eus-qualification-pixel7-api35"}
2026/09/22 18:10:20.161825 [INFO] WebSocket Request ID: 171, Method: device.dump.ui, Params: {"deviceId":"eus-qualification-pixel7-api35"}
2026/09/22 18:10:20.348978 [INFO] WebSocket Request ID: 172, Method: device.dump.ui, Params: {"deviceId":"eus-qualification-pixel7-api35"}
2026/09/22 18:10:20.510920 [INFO] WebSocket Request ID: 173, Method: device.dump.ui, Params: {"deviceId":"eus-qualification-pixel7-api35"}
2026/09/22 18:10:20.675560 [INFO] WebSocket Request ID: 174, Method: device.dump.ui, Params: {"deviceId":"eus-qualification-pixel7-api35"}
2026/09/22 18:10:20.837076 [INFO] WebSocket Request ID: 175, Method: device.dump.ui, Params: {"deviceId":"eus-qualification-pixel7-api35"}
2026/09/22 18:10:21.001615 [INFO] WebSocket Request ID: 176, Method: device.dump.ui, Params: {"deviceId":"eus-qualification-pixel7-api35"}
2026/09/22 18:10:21.165378 [INFO] WebSocket Request ID: 177, Method: device.dump.ui, Params: {"deviceId":"eus-qualification-pixel7-api35"}
2026/09/22 18:10:21.332948 [INFO] WebSocket Request ID: 178, Method: device.dump.ui, Params: {"deviceId":"eus-qualification-pixel7-api35"}
2026/09/22 18:10:21.494847 [INFO] WebSocket Request ID: 179, Method: device.dump.ui, Params: {"deviceId":"eus-qualification-pixel7-api35"}
2026/09/22 18:10:21.659738 [INFO] WebSocket Request ID: 180, Method: device.dump.ui, Params: {"deviceId":"eus-qualification-pixel7-api35"}
2026/09/22 18:10:21.845980 [INFO] WebSocket Request ID: 181, Method: device.dump.ui, Params: {"deviceId":"eus-qualification-pixel7-api35"}
2026/09/22 18:10:22.009155 [INFO] WebSocket Request ID: 182, Method: device.dump.ui, Params: {"deviceId":"eus-qualification-pixel7-api35"}
2026/09/22 18:10:22.170488 [INFO] WebSocket Request ID: 183, Method: device.dump.ui, Params: {"deviceId":"eus-qualification-pixel7-api35"}
2026/09/22 18:10:22.346722 [INFO] WebSocket Request ID: 184, Method: device.dump.ui, Params: {"deviceId":"eus-qualification-pixel7-api35"}
2026/09/22 18:10:22.509852 [INFO] WebSocket Request ID: 185, Method: device.dump.ui, Params: {"deviceId":"eus-qualification-pixel7-api35"}
2026/09/22 18:10:22.671286 [INFO] WebSocket Request ID: 186, Method: device.dump.ui, Params: {"deviceId":"eus-qualification-pixel7-api35"}
2026/09/22 18:10:22.833529 [INFO] WebSocket Request ID: 187, Method: device.dump.ui, Params: {"deviceId":"eus-qualification-pixel7-api35"}
2026/09/22 18:10:22.996646 [INFO] WebSocket Request ID: 188, Method: device.dump.ui, Params: {"deviceId":"eus-qualification-pixel7-api35"}
2026/09/22 18:10:23.160741 [INFO] WebSocket Request ID: 189, Method: device.dump.ui, Params: {"deviceId":"eus-qualification-pixel7-api35"}
2026/09/22 18:10:23.349902 [INFO] WebSocket Request ID: 190, Method: device.dump.ui, Params: {"deviceId":"eus-qualification-pixel7-api35"}
2026/09/22 18:10:23.514244 [INFO] WebSocket Request ID: 191, Method: device.dump.ui, Params: {"deviceId":"eus-qualification-pixel7-api35"}
2026/09/22 18:10:23.697067 [INFO] WebSocket Request ID: 192, Method: device.dump.ui, Params: {"deviceId":"eus-qualification-pixel7-api35"}
2026/09/22 18:10:23.859604 [INFO] WebSocket Request ID: 193, Method: device.dump.ui, Params: {"deviceId":"eus-qualification-pixel7-api35"}
2026/09/22 18:10:24.021774 [INFO] WebSocket Request ID: 194, Method: device.dump.ui, Params: {"deviceId":"eus-qualification-pixel7-api35"}
2026/09/22 18:10:24.184066 [INFO] WebSocket Request ID: 195, Method: device.dump.ui, Params: {"deviceId":"eus-qualification-pixel7-api35"}
2026/09/22 18:10:24.346023 [INFO] WebSocket Request ID: 196, Method: device.dump.ui, Params: {"deviceId":"eus-qualification-pixel7-api35"}
2026/09/22 18:10:24.507546 [INFO] WebSocket Request ID: 197, Method: device.dump.ui, Params: {"deviceId":"eus-qualification-pixel7-api35"}
2026/09/22 18:10:24.678305 [INFO] WebSocket Request ID: 198, Method: device.dump.ui, Params: {"deviceId":"eus-qualification-pixel7-api35"}
2026/09/22 18:10:24.867428 [INFO] WebSocket Request ID: 199, Method: device.dump.ui, Params: {"deviceId":"eus-qualification-pixel7-api35"}
2026/09/22 18:10:25.032849 [INFO] WebSocket Request ID: 200, Method: device.dump.ui, Params: {"deviceId":"eus-qualification-pixel7-api35"}
2026/09/22 18:10:25.196125 [INFO] WebSocket Request ID: 201, Method: device.dump.ui, Params: {"deviceId":"eus-qualification-pixel7-api35"}
2026/09/22 18:10:25.359210 [INFO] WebSocket Request ID: 202, Method: device.dump.ui, Params: {"deviceId":"eus-qualification-pixel7-api35"}
2026/09/22 18:10:25.522288 [INFO] WebSocket Request ID: 203, Method: device.dump.ui, Params: {"deviceId":"eus-qualification-pixel7-api35"}
2026/09/22 18:10:25.683877 [INFO] WebSocket Request ID: 204, Method: device.dump.ui, Params: {"deviceId":"eus-qualification-pixel7-api35"}
2026/09/22 18:10:25.845827 [INFO] WebSocket Request ID: 205, Method: device.dump.ui, Params: {"deviceId":"eus-qualification-pixel7-api35"}
2026/09/22 18:10:26.009633 [INFO] WebSocket Request ID: 206, Method: device.dump.ui, Params: {"deviceId":"eus-qualification-pixel7-api35"}
2026/09/22 18:10:26.177374 [INFO] WebSocket Request ID: 207, Method: device.dump.ui, Params: {"deviceId":"eus-qualification-pixel7-api35"}
2026/09/22 18:10:26.365861 [INFO] WebSocket Request ID: 208, Method: device.dump.ui, Params: {"deviceId":"eus-qualification-pixel7-api35"}
2026/09/22 18:10:26.527871 [INFO] WebSocket Request ID: 209, Method: device.dump.ui, Params: {"deviceId":"eus-qualification-pixel7-api35"}
2026/09/22 18:10:26.689773 [INFO] WebSocket Request ID: 210, Method: device.dump.ui, Params: {"deviceId":"eus-qualification-pixel7-api35"}
2026/09/22 18:10:26.852149 [INFO] WebSocket Request ID: 211, Method: device.dump.ui, Params: {"deviceId":"eus-qualification-pixel7-api35"}
2026/09/22 18:10:27.015153 [INFO] WebSocket Request ID: 212, Method: device.dump.ui, Params: {"deviceId":"eus-qualification-pixel7-api35"}
2026/09/22 18:10:27.176294 [INFO] WebSocket Request ID: 213, Method: device.dump.ui, Params: {"deviceId":"eus-qualification-pixel7-api35"}
2026/09/22 18:10:27.343567 [INFO] WebSocket Request ID: 214, Method: device.dump.ui, Params: {"deviceId":"eus-qualification-pixel7-api35"}
2026/09/22 18:10:27.505842 [INFO] WebSocket Request ID: 215, Method: device.dump.ui, Params: {"deviceId":"eus-qualification-pixel7-api35"}
2026/09/22 18:10:27.686006 [INFO] WebSocket Request ID: 216, Method: device.dump.ui, Params: {"deviceId":"eus-qualification-pixel7-api35"}
2026/09/22 18:10:27.877509 [INFO] WebSocket Request ID: 217, Method: device.dump.ui, Params: {"deviceId":"eus-qualification-pixel7-api35"}
2026/09/22 18:10:28.042332 [INFO] WebSocket Request ID: 218, Method: device.dump.ui, Params: {"deviceId":"eus-qualification-pixel7-api35"}
2026/09/22 18:10:28.203675 [INFO] WebSocket Request ID: 219, Method: device.dump.ui, Params: {"deviceId":"eus-qualification-pixel7-api35"}
2026/09/22 18:10:28.366348 [INFO] WebSocket Request ID: 220, Method: device.dump.ui, Params: {"deviceId":"eus-qualification-pixel7-api35"}
2026/09/22 18:10:28.530403 [INFO] WebSocket Request ID: 221, Method: device.dump.ui, Params: {"deviceId":"eus-qualification-pixel7-api35"}
2026/09/22 18:10:28.693883 [INFO] WebSocket Request ID: 222, Method: device.dump.ui, Params: {"deviceId":"eus-qualification-pixel7-api35"}
2026/09/22 18:10:28.854193 [INFO] WebSocket Request ID: 223, Method: device.dump.ui, Params: {"deviceId":"eus-qualification-pixel7-api35"}
2026/09/22 18:10:29.015887 [INFO] WebSocket Request ID: 224, Method: device.dump.ui, Params: {"deviceId":"eus-qualification-pixel7-api35"}
2026/09/22 18:10:29.176714 [INFO] WebSocket Request ID: 225, Method: device.dump.ui, Params: {"deviceId":"eus-qualification-pixel7-api35"}
2026/09/22 18:10:29.364150 [INFO] WebSocket Request ID: 226, Method: device.dump.ui, Params: {"deviceId":"eus-qualification-pixel7-api35"}
2026/09/22 18:10:29.528294 [INFO] WebSocket Request ID: 227, Method: device.dump.ui, Params: {"deviceId":"eus-qualification-pixel7-api35"}
2026/09/22 18:10:29.692000 [INFO] WebSocket Request ID: 228, Method: device.dump.ui, Params: {"deviceId":"eus-qualification-pixel7-api35"}
2026/09/22 18:10:29.860707 [INFO] WebSocket Request ID: 229, Method: device.dump.ui, Params: {"deviceId":"eus-qualification-pixel7-api35"}
2026/09/22 18:10:30.023670 [INFO] WebSocket Request ID: 230, Method: device.dump.ui, Params: {"deviceId":"eus-qualification-pixel7-api35"}
2026/09/22 18:10:30.184793 [INFO] WebSocket Request ID: 231, Method: device.dump.ui, Params: {"deviceId":"eus-qualification-pixel7-api35"}
2026/09/22 18:10:30.355927 [INFO] WebSocket Request ID: 232, Method: device.dump.ui, Params: {"deviceId":"eus-qualification-pixel7-api35"}
2026/09/22 18:10:30.519738 [INFO] WebSocket Request ID: 233, Method: device.dump.ui, Params: {"deviceId":"eus-qualification-pixel7-api35"}
2026/09/22 18:10:30.688929 [INFO] WebSocket Request ID: 234, Method: device.dump.ui, Params: {"deviceId":"eus-qualification-pixel7-api35"}
2026/09/22 18:10:30.876083 [INFO] WebSocket Request ID: 235, Method: device.dump.ui, Params: {"deviceId":"eus-qualification-pixel7-api35"}
2026/09/22 18:10:31.038666 [INFO] WebSocket Request ID: 236, Method: device.dump.ui, Params: {"deviceId":"eus-qualification-pixel7-api35"}
2026/09/22 18:10:31.202281 [INFO] WebSocket Request ID: 237, Method: device.dump.ui, Params: {"deviceId":"eus-qualification-pixel7-api35"}
2026/09/22 18:10:31.375662 [INFO] WebSocket Request ID: 238, Method: device.dump.ui, Params: {"deviceId":"eus-qualification-pixel7-api35"}
2026/09/22 18:10:31.537467 [INFO] WebSocket Request ID: 239, Method: device.dump.ui, Params: {"deviceId":"eus-qualification-pixel7-api35"}
2026/09/22 18:10:31.701648 [INFO] WebSocket Request ID: 240, Method: device.dump.ui, Params: {"deviceId":"eus-qualification-pixel7-api35"}
2026/09/22 18:10:31.863981 [INFO] WebSocket Request ID: 241, Method: device.dump.ui, Params: {"deviceId":"eus-qualification-pixel7-api35"}
2026/09/22 18:10:32.026634 [INFO] WebSocket Request ID: 242, Method: device.dump.ui, Params: {"deviceId":"eus-qualification-pixel7-api35"}
2026/09/22 18:10:32.192054 [INFO] WebSocket Request ID: 243, Method: device.dump.ui, Params: {"deviceId":"eus-qualification-pixel7-api35"}
2026/09/22 18:10:32.381878 [INFO] WebSocket Request ID: 244, Method: device.dump.ui, Params: {"deviceId":"eus-qualification-pixel7-api35"}
2026/09/22 18:10:32.544695 [INFO] WebSocket Request ID: 245, Method: device.dump.ui, Params: {"deviceId":"eus-qualification-pixel7-api35"}
2026/09/22 18:10:32.703924 [INFO] WebSocket Request ID: 246, Method: device.dump.ui, Params: {"deviceId":"eus-qualification-pixel7-api35"}
2026/09/22 18:10:32.864857 [INFO] WebSocket Request ID: 247, Method: device.dump.ui, Params: {"deviceId":"eus-qualification-pixel7-api35"}
2026/09/22 18:10:33.026359 [INFO] WebSocket Request ID: 248, Method: device.dump.ui, Params: {"deviceId":"eus-qualification-pixel7-api35"}
2026/09/22 18:10:33.188878 [INFO] WebSocket Request ID: 249, Method: device.dump.ui, Params: {"deviceId":"eus-qualification-pixel7-api35"}
2026/09/22 18:10:33.349929 [INFO] WebSocket Request ID: 250, Method: device.dump.ui, Params: {"deviceId":"eus-qualification-pixel7-api35"}
2026/09/22 18:10:33.511939 [INFO] WebSocket Request ID: 251, Method: device.dump.ui, Params: {"deviceId":"eus-qualification-pixel7-api35"}
2026/09/22 18:10:33.680009 [INFO] WebSocket Request ID: 252, Method: device.dump.ui, Params: {"deviceId":"eus-qualification-pixel7-api35"}
2026/09/22 18:10:33.865430 [INFO] WebSocket Request ID: 253, Method: device.dump.ui, Params: {"deviceId":"eus-qualification-pixel7-api35"}
2026/09/22 18:10:34.025234 [INFO] WebSocket Request ID: 254, Method: device.dump.ui, Params: {"deviceId":"eus-qualification-pixel7-api35"}
2026/09/22 18:10:34.191387 [INFO] WebSocket Request ID: 255, Method: device.dump.ui, Params: {"deviceId":"eus-qualification-pixel7-api35"}
2026/09/22 18:10:34.353562 [INFO] WebSocket Request ID: 256, Method: device.dump.ui, Params: {"deviceId":"eus-qualification-pixel7-api35"}
2026/09/22 18:10:34.516476 [INFO] WebSocket Request ID: 257, Method: device.dump.ui, Params: {"deviceId":"eus-qualification-pixel7-api35"}
2026/09/22 18:10:34.680676 [INFO] WebSocket Request ID: 258, Method: device.dump.ui, Params: {"deviceId":"eus-qualification-pixel7-api35"}
2026/09/22 18:10:34.842825 [INFO] WebSocket Request ID: 259, Method: device.dump.ui, Params: {"deviceId":"eus-qualification-pixel7-api35"}
2026/09/22 18:10:35.004419 [INFO] WebSocket Request ID: 260, Method: device.dump.ui, Params: {"deviceId":"eus-qualification-pixel7-api35"}
2026/09/22 18:10:35.167155 [INFO] WebSocket Request ID: 261, Method: device.dump.ui, Params: {"deviceId":"eus-qualification-pixel7-api35"}
2026/09/22 18:10:35.339393 [INFO] WebSocket Request ID: 262, Method: device.dump.ui, Params: {"deviceId":"eus-qualification-pixel7-api35"}
2026/09/22 18:10:35.525490 [INFO] WebSocket Request ID: 263, Method: device.dump.ui, Params: {"deviceId":"eus-qualification-pixel7-api35"}
2026/09/22 18:10:35.687845 [INFO] WebSocket Request ID: 264, Method: device.dump.ui, Params: {"deviceId":"eus-qualification-pixel7-api35"}
2026/09/22 18:10:35.850148 [INFO] WebSocket Request ID: 265, Method: device.dump.ui, Params: {"deviceId":"eus-qualification-pixel7-api35"}
2026/09/22 18:10:36.011934 [INFO] WebSocket Request ID: 266, Method: device.dump.ui, Params: {"deviceId":"eus-qualification-pixel7-api35"}
2026/09/22 18:10:36.173553 [INFO] WebSocket Request ID: 267, Method: device.dump.ui, Params: {"deviceId":"eus-qualification-pixel7-api35"}
2026/09/22 18:10:36.333687 [INFO] WebSocket Request ID: 268, Method: device.dump.ui, Params: {"deviceId":"eus-qualification-pixel7-api35"}
2026/09/22 18:10:36.498781 [INFO] WebSocket Request ID: 269, Method: device.dump.ui, Params: {"deviceId":"eus-qualification-pixel7-api35"}
2026/09/22 18:10:36.664571 [INFO] WebSocket Request ID: 270, Method: device.dump.ui, Params: {"deviceId":"eus-qualification-pixel7-api35"}
2026/09/22 18:10:36.831789 [INFO] WebSocket Request ID: 271, Method: device.dump.ui, Params: {"deviceId":"eus-qualification-pixel7-api35"}
2026/09/22 18:10:37.037621 [INFO] WebSocket Request ID: 272, Method: device.dump.ui, Params: {"deviceId":"eus-qualification-pixel7-api35"}
2026/09/22 18:10:37.201975 [INFO] WebSocket Request ID: 273, Method: device.dump.ui, Params: {"deviceId":"eus-qualification-pixel7-api35"}
2026/09/22 18:10:37.364319 [INFO] WebSocket Request ID: 274, Method: device.dump.ui, Params: {"deviceId":"eus-qualification-pixel7-api35"}
2026/09/22 18:10:37.524925 [INFO] WebSocket Request ID: 275, Method: device.dump.ui, Params: {"deviceId":"eus-qualification-pixel7-api35"}
2026/09/22 18:10:37.685514 [INFO] WebSocket Request ID: 276, Method: device.dump.ui, Params: {"deviceId":"eus-qualification-pixel7-api35"}
2026/09/22 18:10:37.846128 [INFO] WebSocket Request ID: 277, Method: device.dump.ui, Params: {"deviceId":"eus-qualification-pixel7-api35"}
2026/09/22 18:10:38.010749 [INFO] WebSocket Request ID: 278, Method: device.dump.ui, Params: {"deviceId":"eus-qualification-pixel7-api35"}
2026/09/22 18:10:38.172016 [INFO] WebSocket Request ID: 279, Method: device.dump.ui, Params: {"deviceId":"eus-qualification-pixel7-api35"}
2026/09/22 18:10:38.337453 [INFO] WebSocket Request ID: 280, Method: device.dump.ui, Params: {"deviceId":"eus-qualification-pixel7-api35"}
2026/09/22 18:10:38.520258 [INFO] WebSocket Request ID: 281, Method: device.dump.ui, Params: {"deviceId":"eus-qualification-pixel7-api35"}
2026/09/22 18:10:38.684031 [INFO] WebSocket Request ID: 282, Method: device.dump.ui, Params: {"deviceId":"eus-qualification-pixel7-api35"}
2026/09/22 18:10:38.845696 [INFO] WebSocket Request ID: 283, Method: device.dump.ui, Params: {"deviceId":"eus-qualification-pixel7-api35"}
2026/09/22 18:10:39.010721 [INFO] WebSocket Request ID: 284, Method: device.dump.ui, Params: {"deviceId":"eus-qualification-pixel7-api35"}
2026/09/22 18:10:39.171966 [INFO] WebSocket Request ID: 285, Method: device.dump.ui, Params: {"deviceId":"eus-qualification-pixel7-api35"}
2026/09/22 18:10:39.332274 [INFO] WebSocket Request ID: 286, Method: device.dump.ui, Params: {"deviceId":"eus-qualification-pixel7-api35"}
2026/09/22 18:10:39.494064 [INFO] WebSocket Request ID: 287, Method: device.dump.ui, Params: {"deviceId":"eus-qualification-pixel7-api35"}
2026/09/22 18:10:39.656764 [INFO] WebSocket Request ID: 288, Method: device.dump.ui, Params: {"deviceId":"eus-qualification-pixel7-api35"}
2026/09/22 18:10:39.819729 [INFO] WebSocket Request ID: 289, Method: device.dump.ui, Params: {"deviceId":"eus-qualification-pixel7-api35"}
2026/09/22 18:10:39.988355 [INFO] WebSocket Request ID: 290, Method: device.dump.ui, Params: {"deviceId":"eus-qualification-pixel7-api35"}
2026/09/22 18:10:40.176781 [INFO] WebSocket Request ID: 291, Method: device.dump.ui, Params: {"deviceId":"eus-qualification-pixel7-api35"}
2026/09/22 18:10:40.339271 [INFO] WebSocket Request ID: 292, Method: device.dump.ui, Params: {"deviceId":"eus-qualification-pixel7-api35"}
2026/09/22 18:10:40.500308 [INFO] WebSocket Request ID: 293, Method: device.dump.ui, Params: {"deviceId":"eus-qualification-pixel7-api35"}
2026/09/22 18:10:40.666162 [INFO] WebSocket Request ID: 294, Method: device.dump.ui, Params: {"deviceId":"eus-qualification-pixel7-api35"}
2026/09/22 18:10:40.826084 [INFO] WebSocket Request ID: 295, Method: device.dump.ui, Params: {"deviceId":"eus-qualification-pixel7-api35"}
2026/09/22 18:10:40.989533 [INFO] WebSocket Request ID: 296, Method: device.dump.ui, Params: {"deviceId":"eus-qualification-pixel7-api35"}
2026/09/22 18:10:41.152369 [INFO] WebSocket Request ID: 297, Method: device.dump.ui, Params: {"deviceId":"eus-qualification-pixel7-api35"}
2026/09/22 18:10:41.313176 [INFO] WebSocket Request ID: 298, Method: device.dump.ui, Params: {"deviceId":"eus-qualification-pixel7-api35"}
2026/09/22 18:10:41.476399 [INFO] WebSocket Request ID: 299, Method: device.dump.ui, Params: {"deviceId":"eus-qualification-pixel7-api35"}
2026/09/22 18:10:41.658819 [INFO] WebSocket Request ID: 300, Method: device.dump.ui, Params: {"deviceId":"eus-qualification-pixel7-api35"}
2026/09/22 18:10:41.852385 [INFO] WebSocket Request ID: 301, Method: device.dump.ui, Params: {"deviceId":"eus-qualification-pixel7-api35"}
2026/09/22 18:10:42.015043 [INFO] WebSocket Request ID: 302, Method: device.dump.ui, Params: {"deviceId":"eus-qualification-pixel7-api35"}
2026/09/22 18:10:42.177005 [INFO] WebSocket Request ID: 303, Method: device.dump.ui, Params: {"deviceId":"eus-qualification-pixel7-api35"}
2026/09/22 18:10:42.340342 [INFO] WebSocket Request ID: 304, Method: device.dump.ui, Params: {"deviceId":"eus-qualification-pixel7-api35"}
2026/09/22 18:10:42.504025 [INFO] WebSocket Request ID: 305, Method: device.dump.ui, Params: {"deviceId":"eus-qualification-pixel7-api35"}
2026/09/22 18:10:42.665745 [INFO] WebSocket Request ID: 306, Method: device.dump.ui, Params: {"deviceId":"eus-qualification-pixel7-api35"}
2026/09/22 18:10:42.828866 [INFO] WebSocket Request ID: 307, Method: device.dump.ui, Params: {"deviceId":"eus-qualification-pixel7-api35"}
2026/09/22 18:10:42.989765 [INFO] WebSocket Request ID: 308, Method: device.dump.ui, Params: {"deviceId":"eus-qualification-pixel7-api35"}
2026/09/22 18:10:43.152481 [INFO] WebSocket Request ID: 309, Method: device.dump.ui, Params: {"deviceId":"eus-qualification-pixel7-api35"}
2026/09/22 18:10:43.324880 [INFO] WebSocket Request ID: 310, Method: device.dump.ui, Params: {"deviceId":"eus-qualification-pixel7-api35"}
2026/09/22 18:10:43.509768 [INFO] WebSocket Request ID: 311, Method: device.dump.ui, Params: {"deviceId":"eus-qualification-pixel7-api35"}
2026/09/22 18:10:43.685521 [INFO] WebSocket Request ID: 312, Method: device.dump.ui, Params: {"deviceId":"eus-qualification-pixel7-api35"}
2026/09/22 18:10:43.849918 [INFO] WebSocket Request ID: 313, Method: device.dump.ui, Params: {"deviceId":"eus-qualification-pixel7-api35"}
2026/09/22 18:10:44.012315 [INFO] WebSocket Request ID: 314, Method: device.dump.ui, Params: {"deviceId":"eus-qualification-pixel7-api35"}
2026/09/22 18:10:44.173878 [INFO] WebSocket Request ID: 315, Method: device.dump.ui, Params: {"deviceId":"eus-qualification-pixel7-api35"}
2026/09/22 18:10:44.333821 [INFO] WebSocket Request ID: 316, Method: device.dump.ui, Params: {"deviceId":"eus-qualification-pixel7-api35"}
2026/09/22 18:10:44.496408 [INFO] WebSocket Request ID: 317, Method: device.dump.ui, Params: {"deviceId":"eus-qualification-pixel7-api35"}
2026/09/22 18:10:44.656940 [INFO] WebSocket Request ID: 318, Method: device.dump.ui, Params: {"deviceId":"eus-qualification-pixel7-api35"}
2026/09/22 18:10:44.818105 [INFO] WebSocket Request ID: 319, Method: device.dump.ui, Params: {"deviceId":"eus-qualification-pixel7-api35"}
2026/09/22 18:10:44.998733 [INFO] WebSocket Request ID: 320, Method: device.dump.ui, Params: {"deviceId":"eus-qualification-pixel7-api35"}
2026/09/22 18:10:45.187061 [INFO] WebSocket Request ID: 321, Method: device.dump.ui, Params: {"deviceId":"eus-qualification-pixel7-api35"}
2026/09/22 18:10:45.348568 [INFO] WebSocket Request ID: 322, Method: device.dump.ui, Params: {"deviceId":"eus-qualification-pixel7-api35"}
2026/09/22 18:10:45.509544 [INFO] WebSocket Request ID: 323, Method: device.dump.ui, Params: {"deviceId":"eus-qualification-pixel7-api35"}
2026/09/22 18:10:45.671730 [INFO] WebSocket Request ID: 324, Method: device.dump.ui, Params: {"deviceId":"eus-qualification-pixel7-api35"}
2026/09/22 18:10:45.836834 [INFO] WebSocket Request ID: 325, Method: device.dump.ui, Params: {"deviceId":"eus-qualification-pixel7-api35"}
2026/09/22 18:10:45.997111 [INFO] WebSocket Request ID: 326, Method: device.dump.ui, Params: {"deviceId":"eus-qualification-pixel7-api35"}
2026/09/22 18:10:46.159407 [INFO] WebSocket Request ID: 327, Method: device.dump.ui, Params: {"deviceId":"eus-qualification-pixel7-api35"}
2026/09/22 18:10:46.321487 [INFO] WebSocket Request ID: 328, Method: device.dump.ui, Params: {"deviceId":"eus-qualification-pixel7-api35"}
2026/09/22 18:10:46.483680 [INFO] WebSocket Request ID: 329, Method: device.dump.ui, Params: {"deviceId":"eus-qualification-pixel7-api35"}
2026/09/22 18:10:46.665345 [INFO] WebSocket Request ID: 330, Method: device.dump.ui, Params: {"deviceId":"eus-qualification-pixel7-api35"}
2026/09/22 18:10:46.855964 [INFO] WebSocket Request ID: 331, Method: device.dump.ui, Params: {"deviceId":"eus-qualification-pixel7-api35"}
2026/09/22 18:10:47.019023 [INFO] WebSocket Request ID: 332, Method: device.dump.ui, Params: {"deviceId":"eus-qualification-pixel7-api35"}
2026/09/22 18:10:47.179714 [INFO] WebSocket Request ID: 333, Method: device.dump.ui, Params: {"deviceId":"eus-qualification-pixel7-api35"}
2026/09/22 18:10:47.340966 [INFO] WebSocket Request ID: 334, Method: device.dump.ui, Params: {"deviceId":"eus-qualification-pixel7-api35"}
2026/09/22 18:10:47.501769 [INFO] WebSocket Request ID: 335, Method: device.dump.ui, Params: {"deviceId":"eus-qualification-pixel7-api35"}
2026/09/22 18:10:47.668173 [INFO] WebSocket Request ID: 336, Method: device.dump.ui, Params: {"deviceId":"eus-qualification-pixel7-api35"}
2026/09/22 18:10:47.829768 [INFO] WebSocket Request ID: 337, Method: device.dump.ui, Params: {"deviceId":"eus-qualification-pixel7-api35"}
2026/09/22 18:10:47.990319 [INFO] WebSocket Request ID: 338, Method: device.dump.ui, Params: {"deviceId":"eus-qualification-pixel7-api35"}
2026/09/22 18:10:48.154097 [INFO] WebSocket Request ID: 339, Method: device.dump.ui, Params: {"deviceId":"eus-qualification-pixel7-api35"}
2026/09/22 18:10:48.323554 [INFO] WebSocket Request ID: 340, Method: device.dump.ui, Params: {"deviceId":"eus-qualification-pixel7-api35"}
2026/09/22 18:10:48.511614 [INFO] WebSocket Request ID: 341, Method: device.dump.ui, Params: {"deviceId":"eus-qualification-pixel7-api35"}
2026/09/22 18:10:48.675467 [INFO] WebSocket Request ID: 342, Method: device.dump.ui, Params: {"deviceId":"eus-qualification-pixel7-api35"}
2026/09/22 18:10:48.840301 [INFO] WebSocket Request ID: 343, Method: device.dump.ui, Params: {"deviceId":"eus-qualification-pixel7-api35"}
2026/09/22 18:10:49.001877 [INFO] WebSocket Request ID: 344, Method: device.dump.ui, Params: {"deviceId":"eus-qualification-pixel7-api35"}
2026/09/22 18:10:49.163347 [INFO] WebSocket Request ID: 345, Method: device.dump.ui, Params: {"deviceId":"eus-qualification-pixel7-api35"}
2026/09/22 18:10:49.328556 [INFO] WebSocket Request ID: 346, Method: device.dump.ui, Params: {"deviceId":"eus-qualification-pixel7-api35"}
2026/09/22 18:10:49.488406 [INFO] WebSocket Request ID: 347, Method: device.dump.ui, Params: {"deviceId":"eus-qualification-pixel7-api35"}
2026/09/22 18:10:49.650406 [INFO] WebSocket Request ID: 348, Method: device.dump.ui, Params: {"deviceId":"eus-qualification-pixel7-api35"}
2026/09/22 18:10:49.824589 [INFO] WebSocket Request ID: 349, Method: device.dump.ui, Params: {"deviceId":"eus-qualification-pixel7-api35"}
2026/09/22 18:10:50.009118 [INFO] WebSocket Request ID: 350, Method: device.dump.ui, Params: {"deviceId":"eus-qualification-pixel7-api35"}
2026/09/22 18:10:50.195119 [INFO] WebSocket Request ID: 351, Method: device.dump.ui, Params: {"deviceId":"eus-qualification-pixel7-api35"}
2026/09/22 18:10:50.378875 [INFO] WebSocket Request ID: 352, Method: device.dump.ui, Params: {"deviceId":"eus-qualification-pixel7-api35"}
2026/09/22 18:10:50.542446 [INFO] WebSocket Request ID: 353, Method: device.dump.ui, Params: {"deviceId":"eus-qualification-pixel7-api35"}
2026/09/22 18:10:50.705867 [INFO] WebSocket Request ID: 354, Method: device.dump.ui, Params: {"deviceId":"eus-qualification-pixel7-api35"}
2026/09/22 18:10:50.868114 [INFO] WebSocket Request ID: 355, Method: device.dump.ui, Params: {"deviceId":"eus-qualification-pixel7-api35"}
2026/09/22 18:10:51.030993 [INFO] WebSocket Request ID: 356, Method: device.dump.ui, Params: {"deviceId":"eus-qualification-pixel7-api35"}
2026/09/22 18:10:51.196481 [INFO] WebSocket Request ID: 357, Method: device.dump.ui, Params: {"deviceId":"eus-qualification-pixel7-api35"}
2026/09/22 18:10:51.360476 [INFO] WebSocket Request ID: 358, Method: device.dump.ui, Params: {"deviceId":"eus-qualification-pixel7-api35"}
2026/09/22 18:10:51.523005 [INFO] WebSocket Request ID: 359, Method: device.dump.ui, Params: {"deviceId":"eus-qualification-pixel7-api35"}
2026/09/22 18:10:51.696635 [INFO] WebSocket Request ID: 360, Method: device.dump.ui, Params: {"deviceId":"eus-qualification-pixel7-api35"}
2026/09/22 18:10:51.884068 [INFO] WebSocket Request ID: 361, Method: device.dump.ui, Params: {"deviceId":"eus-qualification-pixel7-api35"}
2026/09/22 18:10:52.044381 [INFO] WebSocket Request ID: 362, Method: device.dump.ui, Params: {"deviceId":"eus-qualification-pixel7-api35"}
2026/09/22 18:10:52.206037 [INFO] WebSocket Request ID: 363, Method: device.dump.ui, Params: {"deviceId":"eus-qualification-pixel7-api35"}
2026/09/22 18:10:52.368223 [INFO] WebSocket Request ID: 364, Method: device.dump.ui, Params: {"deviceId":"eus-qualification-pixel7-api35"}
2026/09/22 18:10:52.544783 [INFO] WebSocket Request ID: 365, Method: device.dump.ui, Params: {"deviceId":"eus-qualification-pixel7-api35"}
2026/09/22 18:10:52.706419 [INFO] WebSocket Request ID: 366, Method: device.dump.ui, Params: {"deviceId":"eus-qualification-pixel7-api35"}
2026/09/22 18:10:52.866380 [INFO] WebSocket Request ID: 367, Method: device.dump.ui, Params: {"deviceId":"eus-qualification-pixel7-api35"}
2026/09/22 18:10:53.028992 [INFO] WebSocket Request ID: 368, Method: device.dump.ui, Params: {"deviceId":"eus-qualification-pixel7-api35"}
2026/09/22 18:10:53.189557 [INFO] WebSocket Request ID: 369, Method: device.dump.ui, Params: {"deviceId":"eus-qualification-pixel7-api35"}
2026/09/22 18:10:53.361453 [INFO] WebSocket Request ID: 370, Method: device.dump.ui, Params: {"deviceId":"eus-qualification-pixel7-api35"}
2026/09/22 18:10:53.548670 [INFO] WebSocket Request ID: 371, Method: device.dump.ui, Params: {"deviceId":"eus-qualification-pixel7-api35"}
2026/09/22 18:10:53.707189 [INFO] WebSocket Request ID: 372, Method: device.dump.ui, Params: {"deviceId":"eus-qualification-pixel7-api35"}
2026/09/22 18:10:53.868638 [INFO] WebSocket Request ID: 373, Method: device.dump.ui, Params: {"deviceId":"eus-qualification-pixel7-api35"}
2026/09/22 18:10:54.028545 [INFO] WebSocket Request ID: 374, Method: device.dump.ui, Params: {"deviceId":"eus-qualification-pixel7-api35"}
2026/09/22 18:10:54.191749 [INFO] WebSocket Request ID: 375, Method: device.dump.ui, Params: {"deviceId":"eus-qualification-pixel7-api35"}
2026/09/22 18:10:54.354208 [INFO] WebSocket Request ID: 376, Method: device.dump.ui, Params: {"deviceId":"eus-qualification-pixel7-api35"}
2026/09/22 18:10:54.516715 [INFO] WebSocket Request ID: 377, Method: device.dump.ui, Params: {"deviceId":"eus-qualification-pixel7-api35"}
2026/09/22 18:10:54.680749 [INFO] WebSocket Request ID: 378, Method: device.dump.ui, Params: {"deviceId":"eus-qualification-pixel7-api35"}
2026/09/22 18:10:54.843323 [INFO] WebSocket Request ID: 379, Method: device.dump.ui, Params: {"deviceId":"eus-qualification-pixel7-api35"}
2026/09/22 18:10:55.021977 [INFO] WebSocket Request ID: 380, Method: device.dump.ui, Params: {"deviceId":"eus-qualification-pixel7-api35"}
2026/09/22 18:10:55.208140 [INFO] WebSocket Request ID: 381, Method: device.dump.ui, Params: {"deviceId":"eus-qualification-pixel7-api35"}
2026/09/22 18:10:55.372865 [INFO] WebSocket Request ID: 382, Method: device.dump.ui, Params: {"deviceId":"eus-qualification-pixel7-api35"}
2026/09/22 18:10:55.535139 [INFO] WebSocket Request ID: 383, Method: device.dump.ui, Params: {"deviceId":"eus-qualification-pixel7-api35"}
2026/09/22 18:10:55.696856 [INFO] WebSocket Request ID: 384, Method: device.dump.ui, Params: {"deviceId":"eus-qualification-pixel7-api35"}
2026/09/22 18:10:55.860546 [INFO] WebSocket Request ID: 385, Method: device.dump.ui, Params: {"deviceId":"eus-qualification-pixel7-api35"}
2026/09/22 18:10:56.029182 [INFO] WebSocket Request ID: 386, Method: device.dump.ui, Params: {"deviceId":"eus-qualification-pixel7-api35"}
2026/09/22 18:10:56.189983 [INFO] WebSocket Request ID: 387, Method: device.dump.ui, Params: {"deviceId":"eus-qualification-pixel7-api35"}
2026/09/22 18:10:56.352505 [INFO] WebSocket Request ID: 388, Method: device.dump.ui, Params: {"deviceId":"eus-qualification-pixel7-api35"}
2026/09/22 18:10:56.962091 [INFO] WebSocket Request ID: 389, Method: device.dump.ui, Params: {"deviceId":"eus-qualification-pixel7-api35"}
2026/09/22 18:10:57.131529 [INFO] WebSocket Request ID: 390, Method: device.dump.ui, Params: {"deviceId":"eus-qualification-pixel7-api35"}
2026/09/22 18:10:57.320401 [INFO] WebSocket Request ID: 391, Method: device.dump.ui, Params: {"deviceId":"eus-qualification-pixel7-api35"}
2026/09/22 18:10:57.489167 [INFO] WebSocket Request ID: 392, Method: device.dump.ui, Params: {"deviceId":"eus-qualification-pixel7-api35"}
2026/09/22 18:10:57.652223 [INFO] WebSocket Request ID: 393, Method: device.dump.ui, Params: {"deviceId":"eus-qualification-pixel7-api35"}
2026/09/22 18:10:57.815693 [INFO] WebSocket Request ID: 394, Method: device.dump.ui, Params: {"deviceId":"eus-qualification-pixel7-api35"}
2026/09/22 18:10:57.978323 [INFO] WebSocket Request ID: 395, Method: device.dump.ui, Params: {"deviceId":"eus-qualification-pixel7-api35"}
2026/09/22 18:10:58.142332 [INFO] WebSocket Request ID: 396, Method: device.dump.ui, Params: {"deviceId":"eus-qualification-pixel7-api35"}
2026/09/22 18:10:58.305721 [INFO] WebSocket Request ID: 397, Method: device.dump.ui, Params: {"deviceId":"eus-qualification-pixel7-api35"}
2026/09/22 18:10:58.467794 [INFO] WebSocket Request ID: 398, Method: device.dump.ui, Params: {"deviceId":"eus-qualification-pixel7-api35"}
2026/09/22 18:10:58.628620 [INFO] WebSocket Request ID: 399, Method: device.dump.ui, Params: {"deviceId":"eus-qualification-pixel7-api35"}
2026/09/22 18:10:58.807157 [INFO] WebSocket Request ID: 400, Method: device.dump.ui, Params: {"deviceId":"eus-qualification-pixel7-api35"}
2026/09/22 18:10:58.998401 [INFO] WebSocket Request ID: 401, Method: device.dump.ui, Params: {"deviceId":"eus-qualification-pixel7-api35"}
2026/09/22 18:10:59.160368 [INFO] WebSocket Request ID: 402, Method: device.dump.ui, Params: {"deviceId":"eus-qualification-pixel7-api35"}
2026/09/22 18:10:59.320962 [INFO] WebSocket Request ID: 403, Method: device.dump.ui, Params: {"deviceId":"eus-qualification-pixel7-api35"}
2026/09/22 18:10:59.484834 [INFO] WebSocket Request ID: 404, Method: device.dump.ui, Params: {"deviceId":"eus-qualification-pixel7-api35"}
2026/09/22 18:10:59.647891 [INFO] WebSocket Request ID: 405, Method: device.dump.ui, Params: {"deviceId":"eus-qualification-pixel7-api35"}
2026/09/22 18:10:59.810551 [INFO] WebSocket Request ID: 406, Method: device.dump.ui, Params: {"deviceId":"eus-qualification-pixel7-api35"}
2026/09/22 18:10:59.970729 [INFO] WebSocket Request ID: 407, Method: device.dump.ui, Params: {"deviceId":"eus-qualification-pixel7-api35"}
2026/09/22 18:11:00.132604 [INFO] WebSocket Request ID: 408, Method: device.dump.ui, Params: {"deviceId":"eus-qualification-pixel7-api35"}
2026/09/22 18:11:00.294754 [INFO] WebSocket Request ID: 409, Method: device.dump.ui, Params: {"deviceId":"eus-qualification-pixel7-api35"}
2026/09/22 18:11:00.467601 [INFO] WebSocket Request ID: 410, Method: device.dump.ui, Params: {"deviceId":"eus-qualification-pixel7-api35"}
2026/09/22 18:11:00.655372 [INFO] WebSocket Request ID: 411, Method: device.dump.ui, Params: {"deviceId":"eus-qualification-pixel7-api35"}
2026/09/22 18:11:01.302996 [INFO] WebSocket Request ID: 412, Method: device.dump.ui, Params: {"deviceId":"eus-qualification-pixel7-api35"}
2026/09/22 18:11:01.464528 [INFO] WebSocket Request ID: 413, Method: device.dump.ui, Params: {"deviceId":"eus-qualification-pixel7-api35"}
2026/09/22 18:11:01.626127 [INFO] WebSocket Request ID: 414, Method: device.dump.ui, Params: {"deviceId":"eus-qualification-pixel7-api35"}
2026/09/22 18:11:01.788522 [INFO] WebSocket Request ID: 415, Method: device.dump.ui, Params: {"deviceId":"eus-qualification-pixel7-api35"}
2026/09/22 18:11:01.950171 [INFO] WebSocket Request ID: 416, Method: device.dump.ui, Params: {"deviceId":"eus-qualification-pixel7-api35"}
2026/09/22 18:11:02.115068 [INFO] WebSocket Request ID: 417, Method: device.dump.ui, Params: {"deviceId":"eus-qualification-pixel7-api35"}
2026/09/22 18:11:02.281389 [INFO] WebSocket Request ID: 418, Method: device.dump.ui, Params: {"deviceId":"eus-qualification-pixel7-api35"}
2026/09/22 18:11:02.443972 [INFO] WebSocket Request ID: 419, Method: device.dump.ui, Params: {"deviceId":"eus-qualification-pixel7-api35"}
2026/09/22 18:11:02.614066 [INFO] WebSocket Request ID: 420, Method: device.dump.ui, Params: {"deviceId":"eus-qualification-pixel7-api35"}
2026/09/22 18:11:02.805493 [INFO] WebSocket Request ID: 421, Method: device.dump.ui, Params: {"deviceId":"eus-qualification-pixel7-api35"}
2026/09/22 18:11:02.970173 [INFO] WebSocket Request ID: 422, Method: device.dump.ui, Params: {"deviceId":"eus-qualification-pixel7-api35"}
2026/09/22 18:11:03.131774 [INFO] WebSocket Request ID: 423, Method: device.dump.ui, Params: {"deviceId":"eus-qualification-pixel7-api35"}
2026/09/22 18:11:03.295109 [INFO] WebSocket Request ID: 424, Method: device.dump.ui, Params: {"deviceId":"eus-qualification-pixel7-api35"}
2026/09/22 18:11:03.457556 [INFO] WebSocket Request ID: 425, Method: device.dump.ui, Params: {"deviceId":"eus-qualification-pixel7-api35"}
2026/09/22 18:11:03.618519 [INFO] WebSocket Request ID: 426, Method: device.dump.ui, Params: {"deviceId":"eus-qualification-pixel7-api35"}
2026/09/22 18:11:03.786178 [INFO] WebSocket Request ID: 427, Method: device.dump.ui, Params: {"deviceId":"eus-qualification-pixel7-api35"}
2026/09/22 18:11:03.949035 [INFO] WebSocket Request ID: 428, Method: device.dump.ui, Params: {"deviceId":"eus-qualification-pixel7-api35"}
2026/09/22 18:11:04.110024 [INFO] WebSocket Request ID: 429, Method: device.dump.ui, Params: {"deviceId":"eus-qualification-pixel7-api35"}
2026/09/22 18:11:04.292041 [INFO] WebSocket Request ID: 430, Method: device.dump.ui, Params: {"deviceId":"eus-qualification-pixel7-api35"}
2026/09/22 18:11:04.477941 [INFO] WebSocket Request ID: 431, Method: device.dump.ui, Params: {"deviceId":"eus-qualification-pixel7-api35"}
2026/09/22 18:11:04.651345 [INFO] WebSocket Request ID: 432, Method: device.dump.ui, Params: {"deviceId":"eus-qualification-pixel7-api35"}
2026/09/22 18:11:04.813625 [INFO] WebSocket Request ID: 433, Method: device.dump.ui, Params: {"deviceId":"eus-qualification-pixel7-api35"}
2026/09/22 18:11:04.974151 [INFO] WebSocket Request ID: 434, Method: device.dump.ui, Params: {"deviceId":"eus-qualification-pixel7-api35"}
2026/09/22 18:11:05.133504 [INFO] WebSocket Request ID: 435, Method: device.dump.ui, Params: {"deviceId":"eus-qualification-pixel7-api35"}
2026/09/22 18:11:05.297130 [INFO] WebSocket Request ID: 436, Method: device.dump.ui, Params: {"deviceId":"eus-qualification-pixel7-api35"}
2026/09/22 18:11:05.459018 [INFO] WebSocket Request ID: 437, Method: device.dump.ui, Params: {"deviceId":"eus-qualification-pixel7-api35"}
2026/09/22 18:11:05.625002 [INFO] WebSocket Request ID: 438, Method: device.dump.ui, Params: {"deviceId":"eus-qualification-pixel7-api35"}
2026/09/22 18:11:05.785446 [INFO] WebSocket Request ID: 439, Method: device.dump.ui, Params: {"deviceId":"eus-qualification-pixel7-api35"}
2026/09/22 18:11:05.954905 [INFO] WebSocket Request ID: 440, Method: device.dump.ui, Params: {"deviceId":"eus-qualification-pixel7-api35"}
2026/09/22 18:11:06.145885 [INFO] WebSocket Request ID: 441, Method: device.dump.ui, Params: {"deviceId":"eus-qualification-pixel7-api35"}
2026/09/22 18:11:06.306721 [INFO] WebSocket Request ID: 442, Method: device.dump.ui, Params: {"deviceId":"eus-qualification-pixel7-api35"}
2026/09/22 18:11:06.466474 [INFO] WebSocket Request ID: 443, Method: device.dump.ui, Params: {"deviceId":"eus-qualification-pixel7-api35"}
2026/09/22 18:11:06.628505 [INFO] WebSocket Request ID: 444, Method: device.dump.ui, Params: {"deviceId":"eus-qualification-pixel7-api35"}
2026/09/22 18:11:06.790763 [INFO] WebSocket Request ID: 445, Method: device.dump.ui, Params: {"deviceId":"eus-qualification-pixel7-api35"}
2026/09/22 18:11:06.953379 [INFO] WebSocket Request ID: 446, Method: device.dump.ui, Params: {"deviceId":"eus-qualification-pixel7-api35"}
2026/09/22 18:11:07.115517 [INFO] WebSocket Request ID: 447, Method: device.dump.ui, Params: {"deviceId":"eus-qualification-pixel7-api35"}
2026/09/22 18:11:07.279704 [INFO] WebSocket Request ID: 448, Method: device.dump.ui, Params: {"deviceId":"eus-qualification-pixel7-api35"}
2026/09/22 18:11:07.445695 [INFO] WebSocket Request ID: 449, Method: device.dump.ui, Params: {"deviceId":"eus-qualification-pixel7-api35"}
2026/09/22 18:11:07.631234 [INFO] WebSocket Request ID: 450, Method: device.dump.ui, Params: {"deviceId":"eus-qualification-pixel7-api35"}
2026/09/22 18:11:07.816443 [INFO] WebSocket Request ID: 451, Method: device.dump.ui, Params: {"deviceId":"eus-qualification-pixel7-api35"}
2026/09/22 18:11:07.981847 [INFO] WebSocket Request ID: 452, Method: device.dump.ui, Params: {"deviceId":"eus-qualification-pixel7-api35"}
2026/09/22 18:11:08.144360 [INFO] WebSocket Request ID: 453, Method: device.dump.ui, Params: {"deviceId":"eus-qualification-pixel7-api35"}
2026/09/22 18:11:08.304438 [INFO] WebSocket Request ID: 454, Method: device.dump.ui, Params: {"deviceId":"eus-qualification-pixel7-api35"}
2026/09/22 18:11:08.463997 [INFO] WebSocket Request ID: 455, Method: device.dump.ui, Params: {"deviceId":"eus-qualification-pixel7-api35"}
2026/09/22 18:11:08.624543 [INFO] WebSocket Request ID: 456, Method: device.dump.ui, Params: {"deviceId":"eus-qualification-pixel7-api35"}
2026/09/22 18:11:08.786672 [INFO] WebSocket Request ID: 457, Method: device.dump.ui, Params: {"deviceId":"eus-qualification-pixel7-api35"}
2026/09/22 18:11:08.950899 [INFO] WebSocket Request ID: 458, Method: device.dump.ui, Params: {"deviceId":"eus-qualification-pixel7-api35"}
2026/09/22 18:11:09.113004 [INFO] WebSocket Request ID: 459, Method: device.dump.ui, Params: {"deviceId":"eus-qualification-pixel7-api35"}
2026/09/22 18:11:09.302321 [INFO] WebSocket Request ID: 460, Method: device.dump.ui, Params: {"deviceId":"eus-qualification-pixel7-api35"}
2026/09/22 18:11:09.463690 [INFO] WebSocket Request ID: 461, Method: device.dump.ui, Params: {"deviceId":"eus-qualification-pixel7-api35"}
2026/09/22 18:11:09.624827 [INFO] WebSocket Request ID: 462, Method: device.dump.ui, Params: {"deviceId":"eus-qualification-pixel7-api35"}
2026/09/22 18:11:09.785394 [INFO] WebSocket Request ID: 463, Method: device.dump.ui, Params: {"deviceId":"eus-qualification-pixel7-api35"}
2026/09/22 18:11:09.944581 [INFO] WebSocket Request ID: 464, Method: device.dump.ui, Params: {"deviceId":"eus-qualification-pixel7-api35"}
2026/09/22 18:11:10.106494 [INFO] WebSocket Request ID: 465, Method: device.dump.ui, Params: {"deviceId":"eus-qualification-pixel7-api35"}
2026/09/22 18:11:10.269978 [INFO] WebSocket Request ID: 466, Method: device.dump.ui, Params: {"deviceId":"eus-qualification-pixel7-api35"}
2026/09/22 18:11:10.427388 [INFO] WebSocket Request ID: 467, Method: device.dump.ui, Params: {"deviceId":"eus-qualification-pixel7-api35"}
2026/09/22 18:11:10.591158 [INFO] WebSocket Request ID: 468, Method: device.dump.ui, Params: {"deviceId":"eus-qualification-pixel7-api35"}
2026/09/22 18:11:10.783232 [INFO] WebSocket Request ID: 469, Method: device.dump.ui, Params: {"deviceId":"eus-qualification-pixel7-api35"}
2026/09/22 18:11:10.944957 [INFO] WebSocket Request ID: 470, Method: device.dump.ui, Params: {"deviceId":"eus-qualification-pixel7-api35"}
2026/09/22 18:11:11.105830 [INFO] WebSocket Request ID: 471, Method: device.dump.ui, Params: {"deviceId":"eus-qualification-pixel7-api35"}
2026/09/22 18:11:11.265704 [INFO] WebSocket Request ID: 472, Method: device.dump.ui, Params: {"deviceId":"eus-qualification-pixel7-api35"}
2026/09/22 18:11:11.434919 [INFO] WebSocket Request ID: 473, Method: device.dump.ui, Params: {"deviceId":"eus-qualification-pixel7-api35"}
2026/09/22 18:11:11.600829 [INFO] WebSocket Request ID: 474, Method: device.dump.ui, Params: {"deviceId":"eus-qualification-pixel7-api35"}
2026/09/22 18:11:11.765752 [INFO] WebSocket Request ID: 475, Method: device.dump.ui, Params: {"deviceId":"eus-qualification-pixel7-api35"}
2026/09/22 18:11:11.930921 [INFO] WebSocket Request ID: 476, Method: device.dump.ui, Params: {"deviceId":"eus-qualification-pixel7-api35"}
2026/09/22 18:11:12.097774 [INFO] WebSocket Request ID: 477, Method: device.dump.ui, Params: {"deviceId":"eus-qualification-pixel7-api35"}
2026/09/22 18:11:12.286331 [INFO] WebSocket Request ID: 478, Method: device.dump.ui, Params: {"deviceId":"eus-qualification-pixel7-api35"}
2026/09/22 18:11:12.449692 [INFO] WebSocket Request ID: 479, Method: device.dump.ui, Params: {"deviceId":"eus-qualification-pixel7-api35"}
2026/09/22 18:11:12.612306 [INFO] WebSocket Request ID: 480, Method: device.dump.ui, Params: {"deviceId":"eus-qualification-pixel7-api35"}
2026/09/22 18:11:12.777790 [INFO] WebSocket Request ID: 481, Method: device.dump.ui, Params: {"deviceId":"eus-qualification-pixel7-api35"}
2026/09/22 18:11:12.945517 [INFO] WebSocket Request ID: 482, Method: device.dump.ui, Params: {"deviceId":"eus-qualification-pixel7-api35"}
2026/09/22 18:11:13.110538 [INFO] WebSocket Request ID: 483, Method: device.dump.ui, Params: {"deviceId":"eus-qualification-pixel7-api35"}
2026/09/22 18:11:13.274143 [INFO] WebSocket Request ID: 484, Method: device.dump.ui, Params: {"deviceId":"eus-qualification-pixel7-api35"}
2026/09/22 18:11:13.436504 [INFO] WebSocket Request ID: 485, Method: device.dump.ui, Params: {"deviceId":"eus-qualification-pixel7-api35"}
2026/09/22 18:11:13.601672 [INFO] WebSocket Request ID: 486, Method: device.dump.ui, Params: {"deviceId":"eus-qualification-pixel7-api35"}
2026/09/22 18:11:13.790044 [INFO] WebSocket Request ID: 487, Method: device.dump.ui, Params: {"deviceId":"eus-qualification-pixel7-api35"}
2026/09/22 18:11:13.952259 [INFO] WebSocket Request ID: 488, Method: device.dump.ui, Params: {"deviceId":"eus-qualification-pixel7-api35"}
2026/09/22 18:11:14.114466 [INFO] WebSocket Request ID: 489, Method: device.dump.ui, Params: {"deviceId":"eus-qualification-pixel7-api35"}
2026/09/22 18:11:14.276898 [INFO] WebSocket Request ID: 490, Method: device.dump.ui, Params: {"deviceId":"eus-qualification-pixel7-api35"}
2026/09/22 18:11:14.437496 [INFO] WebSocket Request ID: 491, Method: device.dump.ui, Params: {"deviceId":"eus-qualification-pixel7-api35"}
2026/09/22 18:11:14.599664 [INFO] WebSocket Request ID: 492, Method: device.dump.ui, Params: {"deviceId":"eus-qualification-pixel7-api35"}
2026/09/22 18:11:14.764741 [INFO] WebSocket Request ID: 493, Method: device.dump.ui, Params: {"deviceId":"eus-qualification-pixel7-api35"}
2026/09/22 18:11:14.928983 [INFO] WebSocket Request ID: 494, Method: device.dump.ui, Params: {"deviceId":"eus-qualification-pixel7-api35"}
2026/09/22 18:11:15.091671 [INFO] WebSocket Request ID: 495, Method: device.dump.ui, Params: {"deviceId":"eus-qualification-pixel7-api35"}
2026/09/22 18:11:15.282180 [INFO] WebSocket Request ID: 496, Method: device.dump.ui, Params: {"deviceId":"eus-qualification-pixel7-api35"}
2026/09/22 18:11:15.447272 [INFO] WebSocket Request ID: 497, Method: device.dump.ui, Params: {"deviceId":"eus-qualification-pixel7-api35"}
2026/09/22 18:11:15.611635 [INFO] WebSocket Request ID: 498, Method: device.dump.ui, Params: {"deviceId":"eus-qualification-pixel7-api35"}
2026/09/22 18:11:15.773722 [INFO] WebSocket Request ID: 499, Method: device.dump.ui, Params: {"deviceId":"eus-qualification-pixel7-api35"}
2026/09/22 18:11:15.939640 [INFO] WebSocket Request ID: 500, Method: device.dump.ui, Params: {"deviceId":"eus-qualification-pixel7-api35"}
2026/09/22 18:11:16.104142 [INFO] WebSocket Request ID: 501, Method: device.dump.ui, Params: {"deviceId":"eus-qualification-pixel7-api35"}
2026/09/22 18:11:16.267481 [INFO] WebSocket Request ID: 502, Method: device.dump.ui, Params: {"deviceId":"eus-qualification-pixel7-api35"}
2026/09/22 18:11:16.431325 [INFO] WebSocket Request ID: 503, Method: device.dump.ui, Params: {"deviceId":"eus-qualification-pixel7-api35"}
2026/09/22 18:11:16.594386 [INFO] WebSocket Request ID: 504, Method: device.dump.ui, Params: {"deviceId":"eus-qualification-pixel7-api35"}
2026/09/22 18:11:16.781117 [INFO] WebSocket Request ID: 505, Method: device.dump.ui, Params: {"deviceId":"eus-qualification-pixel7-api35"}
2026/09/22 18:11:16.944453 [INFO] WebSocket Request ID: 506, Method: device.dump.ui, Params: {"deviceId":"eus-qualification-pixel7-api35"}
2026/09/22 18:11:17.109737 [INFO] WebSocket Request ID: 507, Method: device.dump.ui, Params: {"deviceId":"eus-qualification-pixel7-api35"}
2026/09/22 18:11:17.270596 [INFO] WebSocket Request ID: 508, Method: device.dump.ui, Params: {"deviceId":"eus-qualification-pixel7-api35"}
2026/09/22 18:11:17.432751 [INFO] WebSocket Request ID: 509, Method: device.dump.ui, Params: {"deviceId":"eus-qualification-pixel7-api35"}
2026/09/22 18:11:17.597533 [INFO] WebSocket Request ID: 510, Method: device.dump.ui, Params: {"deviceId":"eus-qualification-pixel7-api35"}
2026/09/22 18:11:17.759741 [INFO] WebSocket Request ID: 511, Method: device.dump.ui, Params: {"deviceId":"eus-qualification-pixel7-api35"}
2026/09/22 18:11:17.923052 [INFO] WebSocket Request ID: 512, Method: device.dump.ui, Params: {"deviceId":"eus-qualification-pixel7-api35"}
2026/09/22 18:11:18.092902 [INFO] WebSocket Request ID: 513, Method: device.dump.ui, Params: {"deviceId":"eus-qualification-pixel7-api35"}
2026/09/22 18:11:18.281565 [INFO] WebSocket Request ID: 514, Method: device.dump.ui, Params: {"deviceId":"eus-qualification-pixel7-api35"}
2026/09/22 18:11:18.445708 [INFO] WebSocket Request ID: 515, Method: device.dump.ui, Params: {"deviceId":"eus-qualification-pixel7-api35"}
2026/09/22 18:11:18.608462 [INFO] WebSocket Request ID: 516, Method: device.dump.ui, Params: {"deviceId":"eus-qualification-pixel7-api35"}
2026/09/22 18:11:18.768863 [INFO] WebSocket Request ID: 517, Method: device.dump.ui, Params: {"deviceId":"eus-qualification-pixel7-api35"}
2026/09/22 18:11:18.933215 [INFO] WebSocket Request ID: 518, Method: device.dump.ui, Params: {"deviceId":"eus-qualification-pixel7-api35"}
2026/09/22 18:11:19.098194 [INFO] WebSocket Request ID: 519, Method: device.dump.ui, Params: {"deviceId":"eus-qualification-pixel7-api35"}
2026/09/22 18:11:19.260581 [INFO] WebSocket Request ID: 520, Method: device.dump.ui, Params: {"deviceId":"eus-qualification-pixel7-api35"}
2026/09/22 18:11:19.422988 [INFO] WebSocket Request ID: 521, Method: device.dump.ui, Params: {"deviceId":"eus-qualification-pixel7-api35"}
2026/09/22 18:11:19.584618 [INFO] WebSocket Request ID: 522, Method: device.dump.ui, Params: {"deviceId":"eus-qualification-pixel7-api35"}
2026/09/22 18:11:19.670470 [INFO] WebSocket Request ID: 523, Method: device.screenshot, Params: {"deviceId":"eus-qualification-pixel7-api35"}
2026/09/22 18:11:19.773361 [INFO] WebSocket Request ID: 524, Method: device.dump.ui, Params: {"deviceId":"eus-qualification-pixel7-api35"}
2026/09/22 18:11:20.155945 [VERBOSE] WebSocket connection closed: websocket: close 1005 (no status)
2026/09/22 18:11:20.156588 [INFO] Received signal terminated, shutting down gracefully...
2026/09/22 18:11:20.156682 [INFO] Server stopped
