2026-09-22T17:50:39.461Z mw:driver-mobilecli listing devices
2026-09-22T17:50:40.230Z mw:driver-mobilecli found 1 device(s)
2026/09/22 17:50:40.263017 [VERBOSE] no remote token: failed to get token from keyring: The name org.freedesktop.secrets was not provided by any .service files
2026/09/22 17:50:40.263420 [INFO] Starting server on http://localhost:12000...
2026-09-22T17:50:40.769Z mw:driver-mobilecli connecting to ws://localhost:12000/ws
2026/09/22 17:50:40.768911 [VERBOSE] WebSocket connection closed: websocket: close 1005 (no status)
2026-09-22T17:50:40.773Z mw:driver-mobilecli websocket connected
2026-09-22T17:50:40.774Z mw:driver-mobilecli listing devices
2026-09-22T17:50:41.015Z mw:driver-mobilecli found 1 device(s)
2026-09-22T17:50:41.015Z mw:driver-mobilecli resolved device eus-qualification-pixel7-api35 (platform=android, type=emulator)
2026-09-22T17:50:41.016Z mw:driver-mobilecli running: <host-path>/qualification/mobilewright/harness/node_modules/@mobilenext/mobilecli-linux-amd64/mobilecli-linux-amd64 agent status --device eus-qualification-pixel7-api35
2026-09-22T17:50:41.152Z mw:driver-mobilecli agent status output: {
  "status": "ok",
  "data": {
    "message": "no agent needed for android devices"
  }
}
2026/09/22 17:50:41.153528 [INFO] WebSocket Request ID: 1, Method: device.apps.list, Params: {"deviceId":"eus-qualification-pixel7-api35"}
2026-09-22T17:50:44.006Z mw:driver-mobilecli listing devices
2026-09-22T17:50:44.084Z mw:driver-mobilecli found 1 device(s)
2026/09/22 17:50:44.084710 [INFO] WebSocket Request ID: 2, Method: device.info, Params: {"deviceId":"eus-qualification-pixel7-api35"}
2026/09/22 17:50:44.167630 [INFO] WebSocket Request ID: 3, Method: device.apps.list, Params: {"deviceId":"eus-qualification-pixel7-api35"}
2026/09/22 17:50:44.291381 [INFO] WebSocket Request ID: 4, Method: device.screenshot, Params: {"deviceId":"eus-qualification-pixel7-api35"}
2026/09/22 17:50:47.147729 [VERBOSE] WebSocket connection closed: websocket: close 1005 (no status)
2026/09/22 17:50:47.148067 [INFO] Received signal terminated, shutting down gracefully...
2026/09/22 17:50:47.148156 [INFO] Server stopped
