2026-09-22T18:37:16.340Z mw:driver-mobilecli listing devices
2026-09-22T18:37:16.747Z mw:driver-mobilecli found 1 device(s)
2026/09/22 18:37:16.837739 [VERBOSE] no remote token: not logged in, run 'mobilecli auth login' first
2026/09/22 18:37:16.842402 [INFO] Starting server on http://localhost:12000...
2026-09-22T18:37:17.285Z mw:driver-mobilecli connecting to ws://localhost:12000/ws
2026/09/22 18:37:17.285810 [VERBOSE] WebSocket connection closed: websocket: close 1005 (no status)
2026-09-22T18:37:17.288Z mw:driver-mobilecli websocket connected
2026-09-22T18:37:17.288Z mw:driver-mobilecli listing devices
2026-09-22T18:37:17.351Z mw:driver-mobilecli found 1 device(s)
2026-09-22T18:37:17.351Z mw:driver-mobilecli resolved device F0E646EF-4792-4F36-B48B-EC89B3A6B73B (platform=ios, type=simulator)
2026-09-22T18:37:17.351Z mw:driver-mobilecli running: <host-path>/qualification/mobilewright/harness/node_modules/@mobilenext/mobilecli-darwin-arm64/mobilecli-darwin-arm64 agent status --device F0E646EF-4792-4F36-B48B-EC89B3A6B73B
2026-09-22T18:37:18.207Z mw:driver-mobilecli agent status output: {
  "status": "ok",
  "data": {
    "message": "Agent version 0.0.27 is installed on device",
    "agent": {
      "version": "0.0.27",
      "bundleId": "com.mobilenext.devicekit-iosUITests.xctrunner"
    }
  }
}
2026/09/22 18:37:18.209458 [INFO] WebSocket Request ID: 1, Method: device.apps.list, Params: {"deviceId":"F0E646EF-4792-4F36-B48B-EC89B3A6B73B"}
2026-09-22T18:37:18.915Z mw:driver-mobilecli listing devices
2026-09-22T18:37:18.988Z mw:driver-mobilecli found 1 device(s)
2026/09/22 18:37:18.988864 [INFO] WebSocket Request ID: 2, Method: device.info, Params: {"deviceId":"F0E646EF-4792-4F36-B48B-EC89B3A6B73B"}
2026/09/22 18:37:29.986676 [INFO] WebSocket Request ID: 3, Method: device.apps.list, Params: {"deviceId":"F0E646EF-4792-4F36-B48B-EC89B3A6B73B"}
2026/09/22 18:37:31.474953 [INFO] WebSocket Request ID: 4, Method: device.screenshot, Params: {"deviceId":"F0E646EF-4792-4F36-B48B-EC89B3A6B73B"}
2026/09/22 18:37:33.365828 [VERBOSE] WebSocket connection closed: websocket: close 1005 (no status)
2026/09/22 18:37:33.367845 [INFO] Received signal terminated, shutting down gracefully...
2026/09/22 18:37:33.369198 [INFO] Server stopped
