2026-09-22T17:57:24.174Z mw:driver-mobilecli listing devices
2026-09-22T17:57:24.212Z mw:driver-mobilecli found 1 device(s)
2026/09/22 17:57:24.222745 [VERBOSE] no remote token: failed to get token from keyring: The name org.freedesktop.secrets was not provided by any .service files
2026/09/22 17:57:24.223038 [INFO] Starting server on http://localhost:12000...
2026-09-22T17:57:24.724Z mw:driver-mobilecli connecting to ws://localhost:12000/ws
2026/09/22 17:57:24.724273 [VERBOSE] WebSocket connection closed: websocket: close 1005 (no status)
2026-09-22T17:57:24.726Z mw:driver-mobilecli websocket connected
2026-09-22T17:57:24.726Z mw:driver-mobilecli listing devices
2026-09-22T17:57:24.766Z mw:driver-mobilecli found 1 device(s)
2026-09-22T17:57:24.766Z mw:driver-mobilecli resolved device eus-qualification-pixel7-api35 (platform=android, type=emulator)
2026-09-22T17:57:24.766Z mw:driver-mobilecli running: <host-path>/qualification/mobilewright/harness/node_modules/@mobilenext/mobilecli-linux-amd64/mobilecli-linux-amd64 agent status --device eus-qualification-pixel7-api35
2026-09-22T17:57:24.773Z mw:driver-mobilecli agent status output: {
  "status": "ok",
  "data": {
    "message": "no agent needed for android devices"
  }
}
2026/09/22 17:57:24.774488 [INFO] WebSocket Request ID: 1, Method: device.apps.list, Params: {"deviceId":"eus-qualification-pixel7-api35"}
2026/09/22 17:57:24.832494 [INFO] WebSocket Request ID: 2, Method: device.apps.uninstall, Params: {"deviceId":"eus-qualification-pixel7-api35","bundleId":"com.omnipizza.app"}
2026/09/22 17:57:24.950440 [INFO] WebSocket Request ID: 3, Method: device.apps.list, Params: {"deviceId":"eus-qualification-pixel7-api35"}
2026-09-22T17:57:25.625Z mw:driver-mobilecli installing <host-path>/omnipizza-release.apk
2026/09/22 17:57:25.626999 [INFO] WebSocket Request ID: 4, Method: device.apps.install, Params: {"deviceId":"eus-qualification-pixel7-api35","path":"<host-path>/omnipizza-release.apk"}
2026-09-22T17:57:28.079Z mw:driver-mobilecli installed <host-path>/omnipizza-release.apk
2026/09/22 17:57:28.080261 [INFO] WebSocket Request ID: 5, Method: device.apps.list, Params: {"deviceId":"eus-qualification-pixel7-api35"}
2026-09-22T17:57:28.230Z mw:driver-mobilecli launching com.omnipizza.app
2026/09/22 17:57:28.231135 [INFO] WebSocket Request ID: 6, Method: device.apps.launch, Params: {"deviceId":"eus-qualification-pixel7-api35","bundleId":"com.omnipizza.app"}
2026-09-22T17:57:28.518Z mw:driver-mobilecli launched com.omnipizza.app
2026-09-22T17:57:28.518Z mw:device waiting for com.omnipizza.app to reach foreground
2026/09/22 17:57:28.519858 [INFO] WebSocket Request ID: 7, Method: device.apps.foreground, Params: {"deviceId":"eus-qualification-pixel7-api35"}
2026/09/22 17:57:29.268504 [INFO] WebSocket Request ID: 8, Method: device.apps.foreground, Params: {"deviceId":"eus-qualification-pixel7-api35"}
2026-09-22T17:57:30.255Z mw:device com.omnipizza.app is in foreground
2026/09/22 17:57:30.256845 [INFO] WebSocket Request ID: 9, Method: device.dump.ui, Params: {"deviceId":"eus-qualification-pixel7-api35"}
2026/09/22 17:57:31.254472 [INFO] WebSocket Request ID: 10, Method: device.dump.ui, Params: {"deviceId":"eus-qualification-pixel7-api35"}
2026/09/22 17:57:32.003019 [INFO] WebSocket Request ID: 11, Method: device.dump.ui, Params: {"deviceId":"eus-qualification-pixel7-api35"}
2026/09/22 17:57:32.472674 [INFO] WebSocket Request ID: 12, Method: device.io.tap, Params: {"deviceId":"eus-qualification-pixel7-api35","x":247,"y":1568}
2026/09/22 17:57:32.478265 [INFO] WebSocket Request ID: 13, Method: device.dump.ui, Params: {"deviceId":"eus-qualification-pixel7-api35"}
2026/09/22 17:57:32.645448 [INFO] WebSocket Request ID: 14, Method: device.dump.ui, Params: {"deviceId":"eus-qualification-pixel7-api35"}
2026/09/22 17:57:32.752324 [INFO] WebSocket Request ID: 15, Method: device.io.tap, Params: {"deviceId":"eus-qualification-pixel7-api35","x":540,"y":1344}
2026/09/22 17:57:32.762142 [INFO] WebSocket Request ID: 16, Method: device.io.keys, Params: {"deviceId":"eus-qualification-pixel7-api35","keys":["ctrl+a","backspace"]}
2026/09/22 17:57:33.422454 [INFO] WebSocket Request ID: 17, Method: device.dump.ui, Params: {"deviceId":"eus-qualification-pixel7-api35"}
2026/09/22 17:57:34.293607 [INFO] WebSocket Request ID: 18, Method: device.io.text, Params: {"deviceId":"eus-qualification-pixel7-api35","text":"pizza123"}
2026/09/22 17:57:34.733126 [INFO] WebSocket Request ID: 19, Method: device.dump.ui, Params: {"deviceId":"eus-qualification-pixel7-api35"}
2026/09/22 17:57:35.501765 [INFO] WebSocket Request ID: 20, Method: device.dump.ui, Params: {"deviceId":"eus-qualification-pixel7-api35"}
2026/09/22 17:57:35.601359 [INFO] WebSocket Request ID: 21, Method: device.io.tap, Params: {"deviceId":"eus-qualification-pixel7-api35","x":540,"y":1107}
2026/09/22 17:57:35.610404 [INFO] WebSocket Request ID: 22, Method: device.io.keys, Params: {"deviceId":"eus-qualification-pixel7-api35","keys":["ctrl+a","backspace"]}
2026/09/22 17:57:36.155777 [INFO] WebSocket Request ID: 23, Method: device.dump.ui, Params: {"deviceId":"eus-qualification-pixel7-api35"}
2026/09/22 17:57:36.898677 [INFO] WebSocket Request ID: 24, Method: device.io.text, Params: {"deviceId":"eus-qualification-pixel7-api35","text":"standard_user"}
2026/09/22 17:57:38.497268 [INFO] WebSocket Request ID: 25, Method: device.dump.ui, Params: {"deviceId":"eus-qualification-pixel7-api35"}
2026/09/22 17:57:38.918595 [INFO] WebSocket Request ID: 26, Method: device.dump.ui, Params: {"deviceId":"eus-qualification-pixel7-api35"}
2026/09/22 17:57:39.033001 [INFO] WebSocket Request ID: 27, Method: device.dump.ui, Params: {"deviceId":"eus-qualification-pixel7-api35"}
2026/09/22 17:57:39.131957 [INFO] WebSocket Request ID: 28, Method: device.dump.ui, Params: {"deviceId":"eus-qualification-pixel7-api35"}
2026/09/22 17:57:39.243396 [INFO] WebSocket Request ID: 29, Method: device.dump.ui, Params: {"deviceId":"eus-qualification-pixel7-api35"}
2026/09/22 17:57:39.391907 [INFO] WebSocket Request ID: 30, Method: device.dump.ui, Params: {"deviceId":"eus-qualification-pixel7-api35"}
2026/09/22 17:57:39.508278 [INFO] WebSocket Request ID: 31, Method: device.io.tap, Params: {"deviceId":"eus-qualification-pixel7-api35","x":540,"y":766}
2026/09/22 17:57:39.512985 [INFO] WebSocket Request ID: 32, Method: device.info, Params: {"deviceId":"eus-qualification-pixel7-api35"}
2026/09/22 17:57:39.529346 [INFO] WebSocket Request ID: 33, Method: device.dump.ui, Params: {"deviceId":"eus-qualification-pixel7-api35"}
2026/09/22 17:57:40.180866 [INFO] WebSocket Request ID: 34, Method: device.dump.ui, Params: {"deviceId":"eus-qualification-pixel7-api35"}
2026/09/22 17:57:40.339722 [INFO] WebSocket Request ID: 35, Method: device.dump.ui, Params: {"deviceId":"eus-qualification-pixel7-api35"}
2026/09/22 17:57:40.441624 [INFO] WebSocket Request ID: 36, Method: device.io.tap, Params: {"deviceId":"eus-qualification-pixel7-api35","x":540,"y":1752}
2026/09/22 17:57:40.446305 [INFO] WebSocket Request ID: 37, Method: device.dump.ui, Params: {"deviceId":"eus-qualification-pixel7-api35"}
2026/09/22 17:57:41.202339 [INFO] WebSocket Request ID: 38, Method: device.dump.ui, Params: {"deviceId":"eus-qualification-pixel7-api35"}
2026/09/22 17:57:42.406962 [INFO] WebSocket Request ID: 39, Method: device.dump.ui, Params: {"deviceId":"eus-qualification-pixel7-api35"}
2026/09/22 17:57:42.545264 [INFO] WebSocket Request ID: 40, Method: device.dump.ui, Params: {"deviceId":"eus-qualification-pixel7-api35"}
2026/09/22 17:57:42.682303 [INFO] WebSocket Request ID: 41, Method: device.info, Params: {"deviceId":"eus-qualification-pixel7-api35"}
2026/09/22 17:57:42.704628 [INFO] WebSocket Request ID: 42, Method: device.io.swipe, Params: {"deviceId":"eus-qualification-pixel7-api35","x1":540,"y1":1200,"x2":540,"y2":0}
2026/09/22 17:57:43.750211 [INFO] WebSocket Request ID: 43, Method: device.info, Params: {"deviceId":"eus-qualification-pixel7-api35"}
2026/09/22 17:57:43.855461 [INFO] WebSocket Request ID: 44, Method: device.dump.ui, Params: {"deviceId":"eus-qualification-pixel7-api35"}
2026/09/22 17:57:44.643893 [INFO] WebSocket Request ID: 45, Method: device.info, Params: {"deviceId":"eus-qualification-pixel7-api35"}
2026/09/22 17:57:44.659583 [INFO] WebSocket Request ID: 46, Method: device.io.swipe, Params: {"deviceId":"eus-qualification-pixel7-api35","x1":540,"y1":1200,"x2":540,"y2":0}
2026/09/22 17:57:45.887716 [INFO] WebSocket Request ID: 47, Method: device.dump.ui, Params: {"deviceId":"eus-qualification-pixel7-api35"}
2026/09/22 17:57:46.518599 [INFO] WebSocket Request ID: 48, Method: device.info, Params: {"deviceId":"eus-qualification-pixel7-api35"}
2026/09/22 17:57:46.535237 [INFO] WebSocket Request ID: 49, Method: device.io.swipe, Params: {"deviceId":"eus-qualification-pixel7-api35","x1":540,"y1":1200,"x2":540,"y2":0}
2026/09/22 17:57:47.831863 [INFO] WebSocket Request ID: 50, Method: device.dump.ui, Params: {"deviceId":"eus-qualification-pixel7-api35"}
2026/09/22 17:57:48.434380 [INFO] WebSocket Request ID: 51, Method: device.dump.ui, Params: {"deviceId":"eus-qualification-pixel7-api35"}
2026/09/22 17:57:48.607401 [INFO] WebSocket Request ID: 52, Method: device.dump.ui, Params: {"deviceId":"eus-qualification-pixel7-api35"}
2026/09/22 17:57:48.747094 [INFO] WebSocket Request ID: 53, Method: device.io.tap, Params: {"deviceId":"eus-qualification-pixel7-api35","x":941,"y":1867}
2026/09/22 17:57:48.752185 [INFO] WebSocket Request ID: 54, Method: device.dump.ui, Params: {"deviceId":"eus-qualification-pixel7-api35"}
2026/09/22 17:57:50.015887 [INFO] WebSocket Request ID: 55, Method: device.dump.ui, Params: {"deviceId":"eus-qualification-pixel7-api35"}
2026/09/22 17:57:50.300218 [INFO] WebSocket Request ID: 56, Method: device.dump.ui, Params: {"deviceId":"eus-qualification-pixel7-api35"}
2026/09/22 17:57:50.466600 [INFO] WebSocket Request ID: 57, Method: device.dump.ui, Params: {"deviceId":"eus-qualification-pixel7-api35"}
2026/09/22 17:57:50.921956 [INFO] WebSocket Request ID: 58, Method: device.io.tap, Params: {"deviceId":"eus-qualification-pixel7-api35","x":657,"y":1233}
2026/09/22 17:57:50.931343 [INFO] WebSocket Request ID: 59, Method: device.dump.ui, Params: {"deviceId":"eus-qualification-pixel7-api35"}
2026/09/22 17:57:51.608309 [INFO] WebSocket Request ID: 60, Method: device.screenshot, Params: {"deviceId":"eus-qualification-pixel7-api35"}
2026/09/22 17:57:51.840962 [INFO] WebSocket Request ID: 61, Method: device.dump.ui, Params: {"deviceId":"eus-qualification-pixel7-api35"}
2026/09/22 17:57:51.959323 [VERBOSE] WebSocket connection closed: websocket: close 1005 (no status)
2026/09/22 17:57:51.959510 [INFO] Received signal terminated, shutting down gracefully...
2026/09/22 17:57:51.959569 [INFO] Server stopped
